Copyright 1986-2018 Xilinx, Inc. All Rights Reserved.
----------------------------------------------------------------------------------------
| Tool Version : Vivado v.2018.3 (win64) Build 2405991 Thu Dec  6 23:38:27 MST 2018
| Date         : Sun May  5 20:46:11 2024
| Host         : LAPTOP-CCNJK6NK running 64-bit major release  (build 9200)
| Command      : report_control_sets -verbose -file top_sec_cnt_control_sets_placed.rpt
| Design       : top_sec_cnt
| Device       : xc7a35t
----------------------------------------------------------------------------------------

Control Set Information

Table of Contents
-----------------
1. Summary
2. Histogram
3. Flip-Flop Distribution
4. Detailed Control Set Information

1. Summary
----------

+----------------------------------------------------------+-------+
|                          Status                          | Count |
+----------------------------------------------------------+-------+
| Number of unique control sets                            |     4 |
| Unused register locations in slices containing registers |    15 |
+----------------------------------------------------------+-------+


2. Histogram
------------

+--------+--------------+
| Fanout | Control Sets |
+--------+--------------+
|      4 |            2 |
|    16+ |            2 |
+--------+--------------+


3. Flip-Flop Distribution
-------------------------

+--------------+-----------------------+------------------------+-----------------+--------------+
| Clock Enable | Synchronous Set/Reset | Asynchronous Set/Reset | Total Registers | Total Slices |
+--------------+-----------------------+------------------------+-----------------+--------------+
| No           | No                    | No                     |               0 |            0 |
| No           | No                    | Yes                    |              77 |           22 |
| No           | Yes                   | No                     |               0 |            0 |
| Yes          | No                    | No                     |               0 |            0 |
| Yes          | No                    | Yes                    |              36 |           11 |
| Yes          | Yes                   | No                     |               0 |            0 |
+--------------+-----------------------+------------------------+-----------------+--------------+


4. Detailed Control Set Information
-----------------------------------

+----------------+-----------------------+------------------------------+------------------+----------------+
|  Clock Signal  |     Enable Signal     |       Set/Reset Signal       | Slice Load Count | Bel Load Count |
+----------------+-----------------------+------------------------------+------------------+----------------+
|  clk_IBUF_BUFG | top_FSM/E[0]          | top_get_key/u_key_load/rst_n |                1 |              4 |
|  clk_IBUF_BUFG | top_FSM/load_reg_2[0] | top_get_key/u_key_load/rst_n |                2 |              4 |
|  clk_IBUF_BUFG | top_FSM/cnt_en        | top_get_key/u_key_load/rst_n |                8 |             28 |
|  clk_IBUF_BUFG |                       | top_get_key/u_key_load/rst_n |               22 |             77 |
+----------------+-----------------------+------------------------------+------------------+----------------+


