#-----------------------------------------------------------
# Vivado v2018.3 (64-bit)
# SW Build 2405991 on Thu Dec  6 23:38:27 MST 2018
# IP Build 2404404 on Fri Dec  7 01:43:56 MST 2018
# Start of session at: Sat Apr 13 20:19:58 2024
# Process ID: 11840
# Current directory: D:/my_homework/my_vivado_practice/project_practice_week8_on_class/second_pulse_generator
# Command line: vivado.exe -gui_launcher_event rodinguilauncherevent13680 D:\my_homework\my_vivado_practice\project_practice_week8_on_class\second_pulse_generator\second_pulse_generator.xpr
# Log file: D:/my_homework/my_vivado_practice/project_practice_week8_on_class/second_pulse_generator/vivado.log
# Journal file: D:/my_homework/my_vivado_practice/project_practice_week8_on_class/second_pulse_generator\vivado.jou
#-----------------------------------------------------------
start_gui
open_project D:/my_homework/my_vivado_practice/project_practice_week8_on_class/second_pulse_generator/second_pulse_generator.xpr
INFO: [ProjectBase 1-489] The host OS only allows 260 characters in a normal path. The project is stored in a path with more than 80 characters. If you experience issues with IP, Block Designs, or files not being found, please consider moving the project to a location with a shorter path. Alternately consider using the OS subst command to map part of the path to a drive letter.
Current project path is 'D:/my_homework/my_vivado_practice/project_practice_week8_on_class/second_pulse_generator'
Scanning sources...
Finished scanning sources
INFO: [IP_Flow 19-234] Refreshing IP repositories
INFO: [IP_Flow 19-1704] No user IP repositories specified
INFO: [IP_Flow 19-2313] Loaded Vivado IP repository 'D:/Xilinx/Vivado/2018.3/data/ip'.
update_compile_order -fileset sources_1
synth_design -rtl -name rtl_1
Command: synth_design -rtl -name rtl_1
Starting synth_design
Using part: xc7a35tcsg324-1
Top: second_pulse_generator
---------------------------------------------------------------------------------
Starting RTL Elaboration : Time (s): cpu = 00:00:02 ; elapsed = 00:00:02 . Memory (MB): peak = 807.211 ; gain = 54.621
---------------------------------------------------------------------------------
INFO: [Synth 8-6157] synthesizing module 'second_pulse_generator' [D:/my_homework/my_vivado_practice/project_practice_week8_on_class/second_pulse_generator/second_pulse_generator.srcs/sources_1/new/second_pulse_generator.v:23]
	Parameter period bound to: 27'b101111101011110000100000000 
WARNING: [Synth 8-6014] Unused sequential element cnt_reg was removed.  [D:/my_homework/my_vivado_practice/project_practice_week8_on_class/second_pulse_generator/second_pulse_generator.srcs/sources_1/new/second_pulse_generator.v:29]
INFO: [Synth 8-6155] done synthesizing module 'second_pulse_generator' (1#1) [D:/my_homework/my_vivado_practice/project_practice_week8_on_class/second_pulse_generator/second_pulse_generator.srcs/sources_1/new/second_pulse_generator.v:23]
---------------------------------------------------------------------------------
Finished RTL Elaboration : Time (s): cpu = 00:00:03 ; elapsed = 00:00:03 . Memory (MB): peak = 862.090 ; gain = 109.500
---------------------------------------------------------------------------------

Report Check Netlist: 
+------+------------------+-------+---------+-------+------------------+
|      |Item              |Errors |Warnings |Status |Description       |
+------+------------------+-------+---------+-------+------------------+
|1     |multi_driven_nets |      0|        0|Passed |Multi driven nets |
+------+------------------+-------+---------+-------+------------------+
---------------------------------------------------------------------------------
Start Handling Custom Attributes
---------------------------------------------------------------------------------
---------------------------------------------------------------------------------
Finished Handling Custom Attributes : Time (s): cpu = 00:00:03 ; elapsed = 00:00:03 . Memory (MB): peak = 862.090 ; gain = 109.500
---------------------------------------------------------------------------------
---------------------------------------------------------------------------------
Finished RTL Optimization Phase 1 : Time (s): cpu = 00:00:03 ; elapsed = 00:00:03 . Memory (MB): peak = 862.090 ; gain = 109.500
---------------------------------------------------------------------------------
INFO: [Device 21-403] Loading part xc7a35tcsg324-1
INFO: [Project 1-570] Preparing netlist for logic optimization

Processing XDC Constraints
Initializing timing engine
Completed Processing XDC Constraints

INFO: [Opt 31-138] Pushed 0 inverter(s) to 0 load pin(s).
Netlist sorting complete. Time (s): cpu = 00:00:00 ; elapsed = 00:00:00 . Memory (MB): peak = 1077.191 ; gain = 0.000
INFO: [Project 1-111] Unisim Transformation Summary:
No Unisim elements were transformed.

RTL Elaboration Complete:  : Time (s): cpu = 00:00:13 ; elapsed = 00:00:13 . Memory (MB): peak = 1213.031 ; gain = 460.441
6 Infos, 1 Warnings, 0 Critical Warnings and 0 Errors encountered.
synth_design completed successfully
synth_design: Time (s): cpu = 00:00:13 ; elapsed = 00:00:13 . Memory (MB): peak = 1213.031 ; gain = 460.441
file mkdir D:/my_homework/my_vivado_practice/project_practice_week8_on_class/second_pulse_generator/second_pulse_generator.srcs/sim_1/new
set_property SOURCE_SET sources_1 [get_filesets sim_1]
close [ open D:/my_homework/my_vivado_practice/project_practice_week8_on_class/second_pulse_generator/second_pulse_generator.srcs/sim_1/new/sim_sec_pule.v w ]
add_files -fileset sim_1 D:/my_homework/my_vivado_practice/project_practice_week8_on_class/second_pulse_generator/second_pulse_generator.srcs/sim_1/new/sim_sec_pule.v
update_compile_order -fileset sim_1
update_compile_order -fileset sim_1
launch_simulation
INFO: [Vivado 12-5682] Launching behavioral simulation in 'D:/my_homework/my_vivado_practice/project_practice_week8_on_class/second_pulse_generator/second_pulse_generator.sim/sim_1/behav/xsim'
INFO: [SIM-utils-51] Simulation object is 'sim_1'
INFO: [SIM-utils-54] Inspecting design source files for 'sim_sec_pule' in fileset 'sim_1'...
INFO: [USF-XSim-97] Finding global include files...
INFO: [USF-XSim-98] Fetching design files from 'sim_1'...
INFO: [USF-XSim-2] XSim::Compile design
INFO: [USF-XSim-61] Executing 'COMPILE and ANALYZE' step in 'D:/my_homework/my_vivado_practice/project_practice_week8_on_class/second_pulse_generator/second_pulse_generator.sim/sim_1/behav/xsim'
"xvlog --incr --relax -prj sim_sec_pule_vlog.prj"
INFO: [VRFC 10-2263] Analyzing Verilog file "D:/my_homework/my_vivado_practice/project_practice_week8_on_class/second_pulse_generator/second_pulse_generator.srcs/sources_1/new/second_pulse_generator.v" into library xil_defaultlib
INFO: [VRFC 10-311] analyzing module second_pulse_generator
INFO: [VRFC 10-2263] Analyzing Verilog file "D:/my_homework/my_vivado_practice/project_practice_week8_on_class/second_pulse_generator/second_pulse_generator.srcs/sim_1/new/sim_sec_pule.v" into library xil_defaultlib
INFO: [VRFC 10-311] analyzing module sim_sec_pule
INFO: [VRFC 10-2263] Analyzing Verilog file "D:/my_homework/my_vivado_practice/project_practice_week8_on_class/second_pulse_generator/second_pulse_generator.sim/sim_1/behav/xsim/glbl.v" into library xil_defaultlib
INFO: [VRFC 10-311] analyzing module glbl
INFO: [USF-XSim-69] 'compile' step finished in '1' seconds
INFO: [USF-XSim-3] XSim::Elaborate design
INFO: [USF-XSim-61] Executing 'ELABORATE' step in 'D:/my_homework/my_vivado_practice/project_practice_week8_on_class/second_pulse_generator/second_pulse_generator.sim/sim_1/behav/xsim'
Vivado Simulator 2018.3
Copyright 1986-1999, 2001-2018 Xilinx, Inc. All Rights Reserved.
Running: D:/Xilinx/Vivado/2018.3/bin/unwrapped/win64.o/xelab.exe -wto 299fb845052d42b98eac0ef3a2e3211f --incr --debug typical --relax --mt 2 -L xil_defaultlib -L unisims_ver -L unimacro_ver -L secureip --snapshot sim_sec_pule_behav xil_defaultlib.sim_sec_pule xil_defaultlib.glbl -log elaborate.log 
Using 2 slave threads.
Starting static elaboration
Completed static elaboration
Starting simulation data flow analysis
Completed simulation data flow analysis
Time Resolution for simulation is 1ps
Compiling module xil_defaultlib.second_pulse_generator
Compiling module xil_defaultlib.sim_sec_pule
Compiling module xil_defaultlib.glbl
Built simulation snapshot sim_sec_pule_behav

****** Webtalk v2018.3 (64-bit)
  **** SW Build 2405991 on Thu Dec  6 23:38:27 MST 2018
  **** IP Build 2404404 on Fri Dec  7 01:43:56 MST 2018
    ** Copyright 1986-2018 Xilinx, Inc. All Rights Reserved.

source D:/my_homework/my_vivado_practice/project_practice_week8_on_class/second_pulse_generator/second_pulse_generator.sim/sim_1/behav/xsim/xsim.dir/sim_sec_pule_behav/webtalk/xsim_webtalk.tcl -notrace
INFO: [Common 17-206] Exiting Webtalk at Sat Apr 13 20:31:19 2024...
INFO: [USF-XSim-69] 'elaborate' step finished in '3' seconds
INFO: [USF-XSim-4] XSim::Simulate design
INFO: [USF-XSim-61] Executing 'SIMULATE' step in 'D:/my_homework/my_vivado_practice/project_practice_week8_on_class/second_pulse_generator/second_pulse_generator.sim/sim_1/behav/xsim'
INFO: [USF-XSim-98] *** Running xsim
   with args "sim_sec_pule_behav -key {Behavioral:sim_1:Functional:sim_sec_pule} -tclbatch {sim_sec_pule.tcl} -log {simulate.log}"
INFO: [USF-XSim-8] Loading simulator feature
Vivado Simulator 2018.3
Time resolution is 1 ps
source sim_sec_pule.tcl
# set curr_wave [current_wave_config]
# if { [string length $curr_wave] == 0 } {
#   if { [llength [get_objects]] > 0} {
#     add_wave /
#     set_property needs_save false [current_wave_config]
#   } else {
#      send_msg_id Add_Wave-1 WARNING "No top level signals found. Simulator will start without a wave window. If you want to open a wave window go to 'File->New Waveform Configuration' or type 'create_wave_config' in the TCL console."
#   }
# }
# run 1000ns
INFO: [USF-XSim-96] XSim completed. Design snapshot 'sim_sec_pule_behav' loaded.
INFO: [USF-XSim-97] XSim simulation ran for 1000ns
launch_simulation: Time (s): cpu = 00:00:02 ; elapsed = 00:00:07 . Memory (MB): peak = 1282.723 ; gain = 14.945
run all
run: Time (s): cpu = 00:01:25 ; elapsed = 00:01:17 . Memory (MB): peak = 1289.270 ; gain = 0.000
relaunch_sim
INFO: [Vivado 12-5682] Launching behavioral simulation in 'D:/my_homework/my_vivado_practice/project_practice_week8_on_class/second_pulse_generator/second_pulse_generator.sim/sim_1/behav/xsim'
INFO: [SIM-utils-51] Simulation object is 'sim_1'
INFO: [SIM-utils-54] Inspecting design source files for 'sim_sec_pule' in fileset 'sim_1'...
INFO: [USF-XSim-97] Finding global include files...
INFO: [USF-XSim-98] Fetching design files from 'sim_1'...
INFO: [USF-XSim-2] XSim::Compile design
INFO: [USF-XSim-61] Executing 'COMPILE and ANALYZE' step in 'D:/my_homework/my_vivado_practice/project_practice_week8_on_class/second_pulse_generator/second_pulse_generator.sim/sim_1/behav/xsim'
"xvlog --incr --relax -prj sim_sec_pule_vlog.prj"
INFO: [USF-XSim-69] 'compile' step finished in '1' seconds
INFO: [Vivado 12-5682] Launching behavioral simulation in 'D:/my_homework/my_vivado_practice/project_practice_week8_on_class/second_pulse_generator/second_pulse_generator.sim/sim_1/behav/xsim'
INFO: [USF-XSim-3] XSim::Elaborate design
INFO: [USF-XSim-61] Executing 'ELABORATE' step in 'D:/my_homework/my_vivado_practice/project_practice_week8_on_class/second_pulse_generator/second_pulse_generator.sim/sim_1/behav/xsim'
Vivado Simulator 2018.3
Copyright 1986-1999, 2001-2018 Xilinx, Inc. All Rights Reserved.
Running: D:/Xilinx/Vivado/2018.3/bin/unwrapped/win64.o/xelab.exe -wto 299fb845052d42b98eac0ef3a2e3211f --incr --debug typical --relax --mt 2 -L xil_defaultlib -L unisims_ver -L unimacro_ver -L secureip --snapshot sim_sec_pule_behav xil_defaultlib.sim_sec_pule xil_defaultlib.glbl -log elaborate.log 
Using 2 slave threads.
Starting static elaboration
Completed static elaboration
INFO: [XSIM 43-4323] No Change in HDL. Linking previously generated obj files to create kernel
INFO: [USF-XSim-69] 'elaborate' step finished in '1' seconds
Vivado Simulator 2018.3
Time resolution is 1 ps
relaunch_sim: Time (s): cpu = 00:00:00 ; elapsed = 00:00:05 . Memory (MB): peak = 1289.270 ; gain = 0.000
run all
run: Time (s): cpu = 00:00:55 ; elapsed = 00:00:51 . Memory (MB): peak = 1289.270 ; gain = 0.000
run all
run: Time (s): cpu = 00:00:08 ; elapsed = 00:00:08 . Memory (MB): peak = 1289.270 ; gain = 0.000
relaunch_sim
INFO: [Vivado 12-5682] Launching behavioral simulation in 'D:/my_homework/my_vivado_practice/project_practice_week8_on_class/second_pulse_generator/second_pulse_generator.sim/sim_1/behav/xsim'
INFO: [SIM-utils-51] Simulation object is 'sim_1'
INFO: [SIM-utils-54] Inspecting design source files for 'sim_sec_pule' in fileset 'sim_1'...
INFO: [USF-XSim-97] Finding global include files...
INFO: [USF-XSim-98] Fetching design files from 'sim_1'...
INFO: [USF-XSim-2] XSim::Compile design
INFO: [USF-XSim-61] Executing 'COMPILE and ANALYZE' step in 'D:/my_homework/my_vivado_practice/project_practice_week8_on_class/second_pulse_generator/second_pulse_generator.sim/sim_1/behav/xsim'
"xvlog --incr --relax -prj sim_sec_pule_vlog.prj"
INFO: [VRFC 10-2263] Analyzing Verilog file "D:/my_homework/my_vivado_practice/project_practice_week8_on_class/second_pulse_generator/second_pulse_generator.srcs/sources_1/new/second_pulse_generator.v" into library xil_defaultlib
INFO: [VRFC 10-311] analyzing module second_pulse_generator
INFO: [VRFC 10-2263] Analyzing Verilog file "D:/my_homework/my_vivado_practice/project_practice_week8_on_class/second_pulse_generator/second_pulse_generator.srcs/sim_1/new/sim_sec_pule.v" into library xil_defaultlib
INFO: [VRFC 10-311] analyzing module sim_sec_pule
INFO: [USF-XSim-69] 'compile' step finished in '1' seconds
INFO: [Vivado 12-5682] Launching behavioral simulation in 'D:/my_homework/my_vivado_practice/project_practice_week8_on_class/second_pulse_generator/second_pulse_generator.sim/sim_1/behav/xsim'
INFO: [USF-XSim-3] XSim::Elaborate design
INFO: [USF-XSim-61] Executing 'ELABORATE' step in 'D:/my_homework/my_vivado_practice/project_practice_week8_on_class/second_pulse_generator/second_pulse_generator.sim/sim_1/behav/xsim'
Vivado Simulator 2018.3
Copyright 1986-1999, 2001-2018 Xilinx, Inc. All Rights Reserved.
Running: D:/Xilinx/Vivado/2018.3/bin/unwrapped/win64.o/xelab.exe -wto 299fb845052d42b98eac0ef3a2e3211f --incr --debug typical --relax --mt 2 -L xil_defaultlib -L unisims_ver -L unimacro_ver -L secureip --snapshot sim_sec_pule_behav xil_defaultlib.sim_sec_pule xil_defaultlib.glbl -log elaborate.log 
Using 2 slave threads.
Starting static elaboration
Completed static elaboration
Starting simulation data flow analysis
Completed simulation data flow analysis
Time Resolution for simulation is 1ps
Compiling module xil_defaultlib.second_pulse_generator
Compiling module xil_defaultlib.sim_sec_pule
Compiling module xil_defaultlib.glbl
Built simulation snapshot sim_sec_pule_behav
INFO: [USF-XSim-69] 'elaborate' step finished in '1' seconds
Vivado Simulator 2018.3
Time resolution is 1 ps
run all
run: Time (s): cpu = 00:00:07 ; elapsed = 00:00:07 . Memory (MB): peak = 1289.270 ; gain = 0.000
close_sim
INFO: [Simtcl 6-16] Simulation closed
launch_simulation
INFO: [Vivado 12-5682] Launching behavioral simulation in 'D:/my_homework/my_vivado_practice/project_practice_week8_on_class/second_pulse_generator/second_pulse_generator.sim/sim_1/behav/xsim'
INFO: [SIM-utils-51] Simulation object is 'sim_1'
INFO: [SIM-utils-54] Inspecting design source files for 'sim_sec_pule' in fileset 'sim_1'...
INFO: [USF-XSim-97] Finding global include files...
INFO: [USF-XSim-98] Fetching design files from 'sim_1'...
INFO: [USF-XSim-2] XSim::Compile design
INFO: [USF-XSim-61] Executing 'COMPILE and ANALYZE' step in 'D:/my_homework/my_vivado_practice/project_practice_week8_on_class/second_pulse_generator/second_pulse_generator.sim/sim_1/behav/xsim'
"xvlog --incr --relax -prj sim_sec_pule_vlog.prj"
INFO: [USF-XSim-69] 'compile' step finished in '1' seconds
INFO: [USF-XSim-3] XSim::Elaborate design
INFO: [USF-XSim-61] Executing 'ELABORATE' step in 'D:/my_homework/my_vivado_practice/project_practice_week8_on_class/second_pulse_generator/second_pulse_generator.sim/sim_1/behav/xsim'
Vivado Simulator 2018.3
Copyright 1986-1999, 2001-2018 Xilinx, Inc. All Rights Reserved.
Running: D:/Xilinx/Vivado/2018.3/bin/unwrapped/win64.o/xelab.exe -wto 299fb845052d42b98eac0ef3a2e3211f --incr --debug typical --relax --mt 2 -L xil_defaultlib -L unisims_ver -L unimacro_ver -L secureip --snapshot sim_sec_pule_behav xil_defaultlib.sim_sec_pule xil_defaultlib.glbl -log elaborate.log 
Using 2 slave threads.
Starting static elaboration
Completed static elaboration
INFO: [XSIM 43-4323] No Change in HDL. Linking previously generated obj files to create kernel
INFO: [USF-XSim-69] 'elaborate' step finished in '1' seconds
INFO: [USF-XSim-4] XSim::Simulate design
INFO: [USF-XSim-61] Executing 'SIMULATE' step in 'D:/my_homework/my_vivado_practice/project_practice_week8_on_class/second_pulse_generator/second_pulse_generator.sim/sim_1/behav/xsim'
INFO: [USF-XSim-98] *** Running xsim
   with args "sim_sec_pule_behav -key {Behavioral:sim_1:Functional:sim_sec_pule} -tclbatch {sim_sec_pule.tcl} -log {simulate.log}"
INFO: [USF-XSim-8] Loading simulator feature
Vivado Simulator 2018.3
Time resolution is 1 ps
source sim_sec_pule.tcl
# set curr_wave [current_wave_config]
# if { [string length $curr_wave] == 0 } {
#   if { [llength [get_objects]] > 0} {
#     add_wave /
#     set_property needs_save false [current_wave_config]
#   } else {
#      send_msg_id Add_Wave-1 WARNING "No top level signals found. Simulator will start without a wave window. If you want to open a wave window go to 'File->New Waveform Configuration' or type 'create_wave_config' in the TCL console."
#   }
# }
# run 1000ns
INFO: [USF-XSim-96] XSim completed. Design snapshot 'sim_sec_pule_behav' loaded.
INFO: [USF-XSim-97] XSim simulation ran for 1000ns
run all
run: Time (s): cpu = 00:00:09 ; elapsed = 00:00:09 . Memory (MB): peak = 1289.270 ; gain = 0.000
restart
INFO: [Simtcl 6-17] Simulation restarted
run 10 ns
run 100 ns
run 100 ns
close_sim
INFO: [Simtcl 6-16] Simulation closed
launch_simulation
INFO: [Vivado 12-5682] Launching behavioral simulation in 'D:/my_homework/my_vivado_practice/project_practice_week8_on_class/second_pulse_generator/second_pulse_generator.sim/sim_1/behav/xsim'
INFO: [SIM-utils-51] Simulation object is 'sim_1'
INFO: [SIM-utils-54] Inspecting design source files for 'sim_sec_pule' in fileset 'sim_1'...
INFO: [USF-XSim-97] Finding global include files...
INFO: [USF-XSim-98] Fetching design files from 'sim_1'...
INFO: [USF-XSim-2] XSim::Compile design
INFO: [USF-XSim-61] Executing 'COMPILE and ANALYZE' step in 'D:/my_homework/my_vivado_practice/project_practice_week8_on_class/second_pulse_generator/second_pulse_generator.sim/sim_1/behav/xsim'
"xvlog --incr --relax -prj sim_sec_pule_vlog.prj"
INFO: [VRFC 10-2263] Analyzing Verilog file "D:/my_homework/my_vivado_practice/project_practice_week8_on_class/second_pulse_generator/second_pulse_generator.srcs/sources_1/new/second_pulse_generator.v" into library xil_defaultlib
INFO: [VRFC 10-311] analyzing module second_pulse_generator
INFO: [VRFC 10-2263] Analyzing Verilog file "D:/my_homework/my_vivado_practice/project_practice_week8_on_class/second_pulse_generator/second_pulse_generator.srcs/sim_1/new/sim_sec_pule.v" into library xil_defaultlib
INFO: [VRFC 10-311] analyzing module sim_sec_pule
INFO: [USF-XSim-69] 'compile' step finished in '1' seconds
INFO: [USF-XSim-3] XSim::Elaborate design
INFO: [USF-XSim-61] Executing 'ELABORATE' step in 'D:/my_homework/my_vivado_practice/project_practice_week8_on_class/second_pulse_generator/second_pulse_generator.sim/sim_1/behav/xsim'
Vivado Simulator 2018.3
Copyright 1986-1999, 2001-2018 Xilinx, Inc. All Rights Reserved.
Running: D:/Xilinx/Vivado/2018.3/bin/unwrapped/win64.o/xelab.exe -wto 299fb845052d42b98eac0ef3a2e3211f --incr --debug typical --relax --mt 2 -L xil_defaultlib -L unisims_ver -L unimacro_ver -L secureip --snapshot sim_sec_pule_behav xil_defaultlib.sim_sec_pule xil_defaultlib.glbl -log elaborate.log 
Using 2 slave threads.
Starting static elaboration
Completed static elaboration
Starting simulation data flow analysis
Completed simulation data flow analysis
Time Resolution for simulation is 1ps
Compiling module xil_defaultlib.second_pulse_generator
Compiling module xil_defaultlib.sim_sec_pule
Compiling module xil_defaultlib.glbl
Built simulation snapshot sim_sec_pule_behav
INFO: [USF-XSim-69] 'elaborate' step finished in '1' seconds
INFO: [USF-XSim-4] XSim::Simulate design
INFO: [USF-XSim-61] Executing 'SIMULATE' step in 'D:/my_homework/my_vivado_practice/project_practice_week8_on_class/second_pulse_generator/second_pulse_generator.sim/sim_1/behav/xsim'
INFO: [USF-XSim-98] *** Running xsim
   with args "sim_sec_pule_behav -key {Behavioral:sim_1:Functional:sim_sec_pule} -tclbatch {sim_sec_pule.tcl} -log {simulate.log}"
INFO: [USF-XSim-8] Loading simulator feature
Vivado Simulator 2018.3
Time resolution is 1 ps
source sim_sec_pule.tcl
# set curr_wave [current_wave_config]
# if { [string length $curr_wave] == 0 } {
#   if { [llength [get_objects]] > 0} {
#     add_wave /
#     set_property needs_save false [current_wave_config]
#   } else {
#      send_msg_id Add_Wave-1 WARNING "No top level signals found. Simulator will start without a wave window. If you want to open a wave window go to 'File->New Waveform Configuration' or type 'create_wave_config' in the TCL console."
#   }
# }
# run 1000ns
INFO: [USF-XSim-96] XSim completed. Design snapshot 'sim_sec_pule_behav' loaded.
INFO: [USF-XSim-97] XSim simulation ran for 1000ns
run 100 ns
close_sim
INFO: [Simtcl 6-16] Simulation closed
launch_simulation
INFO: [Vivado 12-5682] Launching behavioral simulation in 'D:/my_homework/my_vivado_practice/project_practice_week8_on_class/second_pulse_generator/second_pulse_generator.sim/sim_1/behav/xsim'
INFO: [SIM-utils-51] Simulation object is 'sim_1'
INFO: [SIM-utils-54] Inspecting design source files for 'sim_sec_pule' in fileset 'sim_1'...
INFO: [USF-XSim-97] Finding global include files...
INFO: [USF-XSim-98] Fetching design files from 'sim_1'...
INFO: [USF-XSim-2] XSim::Compile design
INFO: [USF-XSim-61] Executing 'COMPILE and ANALYZE' step in 'D:/my_homework/my_vivado_practice/project_practice_week8_on_class/second_pulse_generator/second_pulse_generator.sim/sim_1/behav/xsim'
"xvlog --incr --relax -prj sim_sec_pule_vlog.prj"
INFO: [VRFC 10-2263] Analyzing Verilog file "D:/my_homework/my_vivado_practice/project_practice_week8_on_class/second_pulse_generator/second_pulse_generator.srcs/sources_1/new/second_pulse_generator.v" into library xil_defaultlib
INFO: [VRFC 10-311] analyzing module second_pulse_generator
INFO: [VRFC 10-2263] Analyzing Verilog file "D:/my_homework/my_vivado_practice/project_practice_week8_on_class/second_pulse_generator/second_pulse_generator.srcs/sim_1/new/sim_sec_pule.v" into library xil_defaultlib
INFO: [VRFC 10-311] analyzing module sim_sec_pule
INFO: [USF-XSim-69] 'compile' step finished in '1' seconds
INFO: [USF-XSim-3] XSim::Elaborate design
INFO: [USF-XSim-61] Executing 'ELABORATE' step in 'D:/my_homework/my_vivado_practice/project_practice_week8_on_class/second_pulse_generator/second_pulse_generator.sim/sim_1/behav/xsim'
Vivado Simulator 2018.3
Copyright 1986-1999, 2001-2018 Xilinx, Inc. All Rights Reserved.
Running: D:/Xilinx/Vivado/2018.3/bin/unwrapped/win64.o/xelab.exe -wto 299fb845052d42b98eac0ef3a2e3211f --incr --debug typical --relax --mt 2 -L xil_defaultlib -L unisims_ver -L unimacro_ver -L secureip --snapshot sim_sec_pule_behav xil_defaultlib.sim_sec_pule xil_defaultlib.glbl -log elaborate.log 
Using 2 slave threads.
Starting static elaboration
Completed static elaboration
Starting simulation data flow analysis
Completed simulation data flow analysis
Time Resolution for simulation is 1ps
Compiling module xil_defaultlib.second_pulse_generator
Compiling module xil_defaultlib.sim_sec_pule
Compiling module xil_defaultlib.glbl
Built simulation snapshot sim_sec_pule_behav
INFO: [USF-XSim-69] 'elaborate' step finished in '1' seconds
INFO: [USF-XSim-4] XSim::Simulate design
INFO: [USF-XSim-61] Executing 'SIMULATE' step in 'D:/my_homework/my_vivado_practice/project_practice_week8_on_class/second_pulse_generator/second_pulse_generator.sim/sim_1/behav/xsim'
INFO: [USF-XSim-98] *** Running xsim
   with args "sim_sec_pule_behav -key {Behavioral:sim_1:Functional:sim_sec_pule} -tclbatch {sim_sec_pule.tcl} -log {simulate.log}"
INFO: [USF-XSim-8] Loading simulator feature
Vivado Simulator 2018.3
Time resolution is 1 ps
source sim_sec_pule.tcl
# set curr_wave [current_wave_config]
# if { [string length $curr_wave] == 0 } {
#   if { [llength [get_objects]] > 0} {
#     add_wave /
#     set_property needs_save false [current_wave_config]
#   } else {
#      send_msg_id Add_Wave-1 WARNING "No top level signals found. Simulator will start without a wave window. If you want to open a wave window go to 'File->New Waveform Configuration' or type 'create_wave_config' in the TCL console."
#   }
# }
# run 1000ns
INFO: [USF-XSim-96] XSim completed. Design snapshot 'sim_sec_pule_behav' loaded.
INFO: [USF-XSim-97] XSim simulation ran for 1000ns
run 100 ns
run 100 ns
restart
INFO: [Simtcl 6-17] Simulation restarted
run 100 ns
run 1 us
restart
INFO: [Simtcl 6-17] Simulation restarted
run 1 us
close_sim
INFO: [Simtcl 6-16] Simulation closed
launch_simulation
INFO: [Vivado 12-5682] Launching behavioral simulation in 'D:/my_homework/my_vivado_practice/project_practice_week8_on_class/second_pulse_generator/second_pulse_generator.sim/sim_1/behav/xsim'
INFO: [SIM-utils-51] Simulation object is 'sim_1'
INFO: [SIM-utils-54] Inspecting design source files for 'sim_sec_pule' in fileset 'sim_1'...
INFO: [USF-XSim-97] Finding global include files...
INFO: [USF-XSim-98] Fetching design files from 'sim_1'...
INFO: [USF-XSim-2] XSim::Compile design
INFO: [USF-XSim-61] Executing 'COMPILE and ANALYZE' step in 'D:/my_homework/my_vivado_practice/project_practice_week8_on_class/second_pulse_generator/second_pulse_generator.sim/sim_1/behav/xsim'
"xvlog --incr --relax -prj sim_sec_pule_vlog.prj"
INFO: [VRFC 10-2263] Analyzing Verilog file "D:/my_homework/my_vivado_practice/project_practice_week8_on_class/second_pulse_generator/second_pulse_generator.srcs/sources_1/new/second_pulse_generator.v" into library xil_defaultlib
INFO: [VRFC 10-311] analyzing module second_pulse_generator
INFO: [VRFC 10-2263] Analyzing Verilog file "D:/my_homework/my_vivado_practice/project_practice_week8_on_class/second_pulse_generator/second_pulse_generator.srcs/sim_1/new/sim_sec_pule.v" into library xil_defaultlib
INFO: [VRFC 10-311] analyzing module sim_sec_pule
INFO: [USF-XSim-69] 'compile' step finished in '1' seconds
INFO: [USF-XSim-3] XSim::Elaborate design
INFO: [USF-XSim-61] Executing 'ELABORATE' step in 'D:/my_homework/my_vivado_practice/project_practice_week8_on_class/second_pulse_generator/second_pulse_generator.sim/sim_1/behav/xsim'
Vivado Simulator 2018.3
Copyright 1986-1999, 2001-2018 Xilinx, Inc. All Rights Reserved.
Running: D:/Xilinx/Vivado/2018.3/bin/unwrapped/win64.o/xelab.exe -wto 299fb845052d42b98eac0ef3a2e3211f --incr --debug typical --relax --mt 2 -L xil_defaultlib -L unisims_ver -L unimacro_ver -L secureip --snapshot sim_sec_pule_behav xil_defaultlib.sim_sec_pule xil_defaultlib.glbl -log elaborate.log 
Using 2 slave threads.
Starting static elaboration
Completed static elaboration
Starting simulation data flow analysis
Completed simulation data flow analysis
Time Resolution for simulation is 1ps
Compiling module xil_defaultlib.second_pulse_generator
Compiling module xil_defaultlib.sim_sec_pule
Compiling module xil_defaultlib.glbl
Built simulation snapshot sim_sec_pule_behav
INFO: [USF-XSim-69] 'elaborate' step finished in '1' seconds
INFO: [USF-XSim-4] XSim::Simulate design
INFO: [USF-XSim-61] Executing 'SIMULATE' step in 'D:/my_homework/my_vivado_practice/project_practice_week8_on_class/second_pulse_generator/second_pulse_generator.sim/sim_1/behav/xsim'
INFO: [USF-XSim-98] *** Running xsim
   with args "sim_sec_pule_behav -key {Behavioral:sim_1:Functional:sim_sec_pule} -tclbatch {sim_sec_pule.tcl} -log {simulate.log}"
INFO: [USF-XSim-8] Loading simulator feature
Vivado Simulator 2018.3
Time resolution is 1 ps
source sim_sec_pule.tcl
# set curr_wave [current_wave_config]
# if { [string length $curr_wave] == 0 } {
#   if { [llength [get_objects]] > 0} {
#     add_wave /
#     set_property needs_save false [current_wave_config]
#   } else {
#      send_msg_id Add_Wave-1 WARNING "No top level signals found. Simulator will start without a wave window. If you want to open a wave window go to 'File->New Waveform Configuration' or type 'create_wave_config' in the TCL console."
#   }
# }
# run 1000ns
INFO: [USF-XSim-96] XSim completed. Design snapshot 'sim_sec_pule_behav' loaded.
INFO: [USF-XSim-97] XSim simulation ran for 1000ns
run 1 us
restart
INFO: [Simtcl 6-17] Simulation restarted
run 1 us
restart
INFO: [Simtcl 6-17] Simulation restarted
run 1 us
restart
INFO: [Simtcl 6-17] Simulation restarted
run all
restart
INFO: [Simtcl 6-17] Simulation restarted
run 1 us
restart
INFO: [Simtcl 6-17] Simulation restarted
run 1 us
restart
INFO: [Simtcl 6-17] Simulation restarted
run 1 us
close_sim
INFO: [Simtcl 6-16] Simulation closed
launch_simulation
INFO: [Vivado 12-5682] Launching behavioral simulation in 'D:/my_homework/my_vivado_practice/project_practice_week8_on_class/second_pulse_generator/second_pulse_generator.sim/sim_1/behav/xsim'
INFO: [SIM-utils-51] Simulation object is 'sim_1'
INFO: [SIM-utils-54] Inspecting design source files for 'sim_sec_pule' in fileset 'sim_1'...
INFO: [USF-XSim-97] Finding global include files...
INFO: [USF-XSim-98] Fetching design files from 'sim_1'...
INFO: [USF-XSim-2] XSim::Compile design
INFO: [USF-XSim-61] Executing 'COMPILE and ANALYZE' step in 'D:/my_homework/my_vivado_practice/project_practice_week8_on_class/second_pulse_generator/second_pulse_generator.sim/sim_1/behav/xsim'
"xvlog --incr --relax -prj sim_sec_pule_vlog.prj"
INFO: [VRFC 10-2263] Analyzing Verilog file "D:/my_homework/my_vivado_practice/project_practice_week8_on_class/second_pulse_generator/second_pulse_generator.srcs/sources_1/new/second_pulse_generator.v" into library xil_defaultlib
INFO: [VRFC 10-311] analyzing module second_pulse_generator
INFO: [VRFC 10-2263] Analyzing Verilog file "D:/my_homework/my_vivado_practice/project_practice_week8_on_class/second_pulse_generator/second_pulse_generator.srcs/sim_1/new/sim_sec_pule.v" into library xil_defaultlib
INFO: [VRFC 10-311] analyzing module sim_sec_pule
INFO: [USF-XSim-69] 'compile' step finished in '1' seconds
INFO: [USF-XSim-3] XSim::Elaborate design
INFO: [USF-XSim-61] Executing 'ELABORATE' step in 'D:/my_homework/my_vivado_practice/project_practice_week8_on_class/second_pulse_generator/second_pulse_generator.sim/sim_1/behav/xsim'
Vivado Simulator 2018.3
Copyright 1986-1999, 2001-2018 Xilinx, Inc. All Rights Reserved.
Running: D:/Xilinx/Vivado/2018.3/bin/unwrapped/win64.o/xelab.exe -wto 299fb845052d42b98eac0ef3a2e3211f --incr --debug typical --relax --mt 2 -L xil_defaultlib -L unisims_ver -L unimacro_ver -L secureip --snapshot sim_sec_pule_behav xil_defaultlib.sim_sec_pule xil_defaultlib.glbl -log elaborate.log 
Using 2 slave threads.
Starting static elaboration
Completed static elaboration
Starting simulation data flow analysis
Completed simulation data flow analysis
Time Resolution for simulation is 1ps
Compiling module xil_defaultlib.second_pulse_generator
Compiling module xil_defaultlib.sim_sec_pule
Compiling module xil_defaultlib.glbl
Built simulation snapshot sim_sec_pule_behav
INFO: [USF-XSim-69] 'elaborate' step finished in '1' seconds
INFO: [USF-XSim-4] XSim::Simulate design
INFO: [USF-XSim-61] Executing 'SIMULATE' step in 'D:/my_homework/my_vivado_practice/project_practice_week8_on_class/second_pulse_generator/second_pulse_generator.sim/sim_1/behav/xsim'
INFO: [USF-XSim-98] *** Running xsim
   with args "sim_sec_pule_behav -key {Behavioral:sim_1:Functional:sim_sec_pule} -tclbatch {sim_sec_pule.tcl} -log {simulate.log}"
INFO: [USF-XSim-8] Loading simulator feature
Vivado Simulator 2018.3
Time resolution is 1 ps
source sim_sec_pule.tcl
# set curr_wave [current_wave_config]
# if { [string length $curr_wave] == 0 } {
#   if { [llength [get_objects]] > 0} {
#     add_wave /
#     set_property needs_save false [current_wave_config]
#   } else {
#      send_msg_id Add_Wave-1 WARNING "No top level signals found. Simulator will start without a wave window. If you want to open a wave window go to 'File->New Waveform Configuration' or type 'create_wave_config' in the TCL console."
#   }
# }
# run 1000ns
INFO: [USF-XSim-96] XSim completed. Design snapshot 'sim_sec_pule_behav' loaded.
INFO: [USF-XSim-97] XSim simulation ran for 1000ns
restart
INFO: [Simtcl 6-17] Simulation restarted
run 1 us
restart
INFO: [Simtcl 6-17] Simulation restarted
run 100 ns
close_sim
INFO: [Simtcl 6-16] Simulation closed
launch_simulation
INFO: [Vivado 12-5682] Launching behavioral simulation in 'D:/my_homework/my_vivado_practice/project_practice_week8_on_class/second_pulse_generator/second_pulse_generator.sim/sim_1/behav/xsim'
INFO: [SIM-utils-51] Simulation object is 'sim_1'
INFO: [SIM-utils-54] Inspecting design source files for 'sim_sec_pule' in fileset 'sim_1'...
INFO: [USF-XSim-97] Finding global include files...
INFO: [USF-XSim-98] Fetching design files from 'sim_1'...
INFO: [USF-XSim-2] XSim::Compile design
INFO: [USF-XSim-61] Executing 'COMPILE and ANALYZE' step in 'D:/my_homework/my_vivado_practice/project_practice_week8_on_class/second_pulse_generator/second_pulse_generator.sim/sim_1/behav/xsim'
"xvlog --incr --relax -prj sim_sec_pule_vlog.prj"
INFO: [VRFC 10-2263] Analyzing Verilog file "D:/my_homework/my_vivado_practice/project_practice_week8_on_class/second_pulse_generator/second_pulse_generator.srcs/sources_1/new/second_pulse_generator.v" into library xil_defaultlib
INFO: [VRFC 10-311] analyzing module second_pulse_generator
INFO: [VRFC 10-2263] Analyzing Verilog file "D:/my_homework/my_vivado_practice/project_practice_week8_on_class/second_pulse_generator/second_pulse_generator.srcs/sim_1/new/sim_sec_pule.v" into library xil_defaultlib
INFO: [VRFC 10-311] analyzing module sim_sec_pule
INFO: [USF-XSim-69] 'compile' step finished in '1' seconds
INFO: [USF-XSim-3] XSim::Elaborate design
INFO: [USF-XSim-61] Executing 'ELABORATE' step in 'D:/my_homework/my_vivado_practice/project_practice_week8_on_class/second_pulse_generator/second_pulse_generator.sim/sim_1/behav/xsim'
Vivado Simulator 2018.3
Copyright 1986-1999, 2001-2018 Xilinx, Inc. All Rights Reserved.
Running: D:/Xilinx/Vivado/2018.3/bin/unwrapped/win64.o/xelab.exe -wto 299fb845052d42b98eac0ef3a2e3211f --incr --debug typical --relax --mt 2 -L xil_defaultlib -L unisims_ver -L unimacro_ver -L secureip --snapshot sim_sec_pule_behav xil_defaultlib.sim_sec_pule xil_defaultlib.glbl -log elaborate.log 
Using 2 slave threads.
Starting static elaboration
Completed static elaboration
Starting simulation data flow analysis
Completed simulation data flow analysis
Time Resolution for simulation is 1ps
Compiling module xil_defaultlib.second_pulse_generator
Compiling module xil_defaultlib.sim_sec_pule
Compiling module xil_defaultlib.glbl
Built simulation snapshot sim_sec_pule_behav
INFO: [USF-XSim-69] 'elaborate' step finished in '1' seconds
INFO: [USF-XSim-4] XSim::Simulate design
INFO: [USF-XSim-61] Executing 'SIMULATE' step in 'D:/my_homework/my_vivado_practice/project_practice_week8_on_class/second_pulse_generator/second_pulse_generator.sim/sim_1/behav/xsim'
INFO: [USF-XSim-98] *** Running xsim
   with args "sim_sec_pule_behav -key {Behavioral:sim_1:Functional:sim_sec_pule} -tclbatch {sim_sec_pule.tcl} -log {simulate.log}"
INFO: [USF-XSim-8] Loading simulator feature
Vivado Simulator 2018.3
Time resolution is 1 ps
source sim_sec_pule.tcl
# set curr_wave [current_wave_config]
# if { [string length $curr_wave] == 0 } {
#   if { [llength [get_objects]] > 0} {
#     add_wave /
#     set_property needs_save false [current_wave_config]
#   } else {
#      send_msg_id Add_Wave-1 WARNING "No top level signals found. Simulator will start without a wave window. If you want to open a wave window go to 'File->New Waveform Configuration' or type 'create_wave_config' in the TCL console."
#   }
# }
# run 1000ns
INFO: [USF-XSim-96] XSim completed. Design snapshot 'sim_sec_pule_behav' loaded.
INFO: [USF-XSim-97] XSim simulation ran for 1000ns
run 100 ns
restart
INFO: [Simtcl 6-17] Simulation restarted
run 100 ns
restart
INFO: [Simtcl 6-17] Simulation restarted
run 100 ns
close_sim
INFO: [Simtcl 6-16] Simulation closed
launch_simulation
INFO: [Vivado 12-5682] Launching behavioral simulation in 'D:/my_homework/my_vivado_practice/project_practice_week8_on_class/second_pulse_generator/second_pulse_generator.sim/sim_1/behav/xsim'
INFO: [SIM-utils-51] Simulation object is 'sim_1'
INFO: [SIM-utils-54] Inspecting design source files for 'sim_sec_pule' in fileset 'sim_1'...
INFO: [USF-XSim-97] Finding global include files...
INFO: [USF-XSim-98] Fetching design files from 'sim_1'...
INFO: [USF-XSim-2] XSim::Compile design
INFO: [USF-XSim-61] Executing 'COMPILE and ANALYZE' step in 'D:/my_homework/my_vivado_practice/project_practice_week8_on_class/second_pulse_generator/second_pulse_generator.sim/sim_1/behav/xsim'
"xvlog --incr --relax -prj sim_sec_pule_vlog.prj"
INFO: [VRFC 10-2263] Analyzing Verilog file "D:/my_homework/my_vivado_practice/project_practice_week8_on_class/second_pulse_generator/second_pulse_generator.srcs/sources_1/new/second_pulse_generator.v" into library xil_defaultlib
INFO: [VRFC 10-311] analyzing module second_pulse_generator
INFO: [VRFC 10-2263] Analyzing Verilog file "D:/my_homework/my_vivado_practice/project_practice_week8_on_class/second_pulse_generator/second_pulse_generator.srcs/sim_1/new/sim_sec_pule.v" into library xil_defaultlib
INFO: [VRFC 10-311] analyzing module sim_sec_pule
INFO: [USF-XSim-69] 'compile' step finished in '1' seconds
INFO: [USF-XSim-3] XSim::Elaborate design
INFO: [USF-XSim-61] Executing 'ELABORATE' step in 'D:/my_homework/my_vivado_practice/project_practice_week8_on_class/second_pulse_generator/second_pulse_generator.sim/sim_1/behav/xsim'
Vivado Simulator 2018.3
Copyright 1986-1999, 2001-2018 Xilinx, Inc. All Rights Reserved.
Running: D:/Xilinx/Vivado/2018.3/bin/unwrapped/win64.o/xelab.exe -wto 299fb845052d42b98eac0ef3a2e3211f --incr --debug typical --relax --mt 2 -L xil_defaultlib -L unisims_ver -L unimacro_ver -L secureip --snapshot sim_sec_pule_behav xil_defaultlib.sim_sec_pule xil_defaultlib.glbl -log elaborate.log 
Using 2 slave threads.
Starting static elaboration
Completed static elaboration
Starting simulation data flow analysis
Completed simulation data flow analysis
Time Resolution for simulation is 1ps
Compiling module xil_defaultlib.second_pulse_generator
Compiling module xil_defaultlib.sim_sec_pule
Compiling module xil_defaultlib.glbl
Built simulation snapshot sim_sec_pule_behav
INFO: [USF-XSim-69] 'elaborate' step finished in '1' seconds
INFO: [USF-XSim-4] XSim::Simulate design
INFO: [USF-XSim-61] Executing 'SIMULATE' step in 'D:/my_homework/my_vivado_practice/project_practice_week8_on_class/second_pulse_generator/second_pulse_generator.sim/sim_1/behav/xsim'
INFO: [USF-XSim-98] *** Running xsim
   with args "sim_sec_pule_behav -key {Behavioral:sim_1:Functional:sim_sec_pule} -tclbatch {sim_sec_pule.tcl} -log {simulate.log}"
INFO: [USF-XSim-8] Loading simulator feature
Vivado Simulator 2018.3
Time resolution is 1 ps
source sim_sec_pule.tcl
# set curr_wave [current_wave_config]
# if { [string length $curr_wave] == 0 } {
#   if { [llength [get_objects]] > 0} {
#     add_wave /
#     set_property needs_save false [current_wave_config]
#   } else {
#      send_msg_id Add_Wave-1 WARNING "No top level signals found. Simulator will start without a wave window. If you want to open a wave window go to 'File->New Waveform Configuration' or type 'create_wave_config' in the TCL console."
#   }
# }
# run 1000ns
INFO: [USF-XSim-96] XSim completed. Design snapshot 'sim_sec_pule_behav' loaded.
INFO: [USF-XSim-97] XSim simulation ran for 1000ns
restart
INFO: [Simtcl 6-17] Simulation restarted
run 100 ns
restart
INFO: [Simtcl 6-17] Simulation restarted
run 100 ns
close_sim
INFO: [Simtcl 6-16] Simulation closed
launch_simulation
INFO: [Vivado 12-5682] Launching behavioral simulation in 'D:/my_homework/my_vivado_practice/project_practice_week8_on_class/second_pulse_generator/second_pulse_generator.sim/sim_1/behav/xsim'
INFO: [SIM-utils-51] Simulation object is 'sim_1'
INFO: [SIM-utils-54] Inspecting design source files for 'sim_sec_pule' in fileset 'sim_1'...
INFO: [USF-XSim-97] Finding global include files...
INFO: [USF-XSim-98] Fetching design files from 'sim_1'...
INFO: [USF-XSim-2] XSim::Compile design
INFO: [USF-XSim-61] Executing 'COMPILE and ANALYZE' step in 'D:/my_homework/my_vivado_practice/project_practice_week8_on_class/second_pulse_generator/second_pulse_generator.sim/sim_1/behav/xsim'
"xvlog --incr --relax -prj sim_sec_pule_vlog.prj"
INFO: [VRFC 10-2263] Analyzing Verilog file "D:/my_homework/my_vivado_practice/project_practice_week8_on_class/second_pulse_generator/second_pulse_generator.srcs/sources_1/new/second_pulse_generator.v" into library xil_defaultlib
INFO: [VRFC 10-311] analyzing module second_pulse_generator
INFO: [VRFC 10-2263] Analyzing Verilog file "D:/my_homework/my_vivado_practice/project_practice_week8_on_class/second_pulse_generator/second_pulse_generator.srcs/sim_1/new/sim_sec_pule.v" into library xil_defaultlib
INFO: [VRFC 10-311] analyzing module sim_sec_pule
INFO: [USF-XSim-69] 'compile' step finished in '1' seconds
INFO: [USF-XSim-3] XSim::Elaborate design
INFO: [USF-XSim-61] Executing 'ELABORATE' step in 'D:/my_homework/my_vivado_practice/project_practice_week8_on_class/second_pulse_generator/second_pulse_generator.sim/sim_1/behav/xsim'
Vivado Simulator 2018.3
Copyright 1986-1999, 2001-2018 Xilinx, Inc. All Rights Reserved.
Running: D:/Xilinx/Vivado/2018.3/bin/unwrapped/win64.o/xelab.exe -wto 299fb845052d42b98eac0ef3a2e3211f --incr --debug typical --relax --mt 2 -L xil_defaultlib -L unisims_ver -L unimacro_ver -L secureip --snapshot sim_sec_pule_behav xil_defaultlib.sim_sec_pule xil_defaultlib.glbl -log elaborate.log 
Using 2 slave threads.
Starting static elaboration
Completed static elaboration
Starting simulation data flow analysis
Completed simulation data flow analysis
Time Resolution for simulation is 1ps
Compiling module xil_defaultlib.second_pulse_generator
Compiling module xil_defaultlib.sim_sec_pule
Compiling module xil_defaultlib.glbl
Built simulation snapshot sim_sec_pule_behav
INFO: [USF-XSim-69] 'elaborate' step finished in '1' seconds
INFO: [USF-XSim-4] XSim::Simulate design
INFO: [USF-XSim-61] Executing 'SIMULATE' step in 'D:/my_homework/my_vivado_practice/project_practice_week8_on_class/second_pulse_generator/second_pulse_generator.sim/sim_1/behav/xsim'
INFO: [USF-XSim-98] *** Running xsim
   with args "sim_sec_pule_behav -key {Behavioral:sim_1:Functional:sim_sec_pule} -tclbatch {sim_sec_pule.tcl} -log {simulate.log}"
INFO: [USF-XSim-8] Loading simulator feature
Vivado Simulator 2018.3
Time resolution is 1 ps
source sim_sec_pule.tcl
# set curr_wave [current_wave_config]
# if { [string length $curr_wave] == 0 } {
#   if { [llength [get_objects]] > 0} {
#     add_wave /
#     set_property needs_save false [current_wave_config]
#   } else {
#      send_msg_id Add_Wave-1 WARNING "No top level signals found. Simulator will start without a wave window. If you want to open a wave window go to 'File->New Waveform Configuration' or type 'create_wave_config' in the TCL console."
#   }
# }
# run 1000ns
INFO: [USF-XSim-96] XSim completed. Design snapshot 'sim_sec_pule_behav' loaded.
INFO: [USF-XSim-97] XSim simulation ran for 1000ns
restart
INFO: [Simtcl 6-17] Simulation restarted
run 100 ns
close_sim
INFO: [Simtcl 6-16] Simulation closed
launch_simulation
INFO: [Vivado 12-5682] Launching behavioral simulation in 'D:/my_homework/my_vivado_practice/project_practice_week8_on_class/second_pulse_generator/second_pulse_generator.sim/sim_1/behav/xsim'
INFO: [SIM-utils-51] Simulation object is 'sim_1'
INFO: [SIM-utils-54] Inspecting design source files for 'sim_sec_pule' in fileset 'sim_1'...
INFO: [USF-XSim-97] Finding global include files...
INFO: [USF-XSim-98] Fetching design files from 'sim_1'...
INFO: [USF-XSim-2] XSim::Compile design
INFO: [USF-XSim-61] Executing 'COMPILE and ANALYZE' step in 'D:/my_homework/my_vivado_practice/project_practice_week8_on_class/second_pulse_generator/second_pulse_generator.sim/sim_1/behav/xsim'
"xvlog --incr --relax -prj sim_sec_pule_vlog.prj"
INFO: [VRFC 10-2263] Analyzing Verilog file "D:/my_homework/my_vivado_practice/project_practice_week8_on_class/second_pulse_generator/second_pulse_generator.srcs/sources_1/new/second_pulse_generator.v" into library xil_defaultlib
INFO: [VRFC 10-311] analyzing module second_pulse_generator
INFO: [VRFC 10-2263] Analyzing Verilog file "D:/my_homework/my_vivado_practice/project_practice_week8_on_class/second_pulse_generator/second_pulse_generator.srcs/sim_1/new/sim_sec_pule.v" into library xil_defaultlib
INFO: [VRFC 10-311] analyzing module sim_sec_pule
INFO: [USF-XSim-69] 'compile' step finished in '1' seconds
INFO: [USF-XSim-3] XSim::Elaborate design
INFO: [USF-XSim-61] Executing 'ELABORATE' step in 'D:/my_homework/my_vivado_practice/project_practice_week8_on_class/second_pulse_generator/second_pulse_generator.sim/sim_1/behav/xsim'
Vivado Simulator 2018.3
Copyright 1986-1999, 2001-2018 Xilinx, Inc. All Rights Reserved.
Running: D:/Xilinx/Vivado/2018.3/bin/unwrapped/win64.o/xelab.exe -wto 299fb845052d42b98eac0ef3a2e3211f --incr --debug typical --relax --mt 2 -L xil_defaultlib -L unisims_ver -L unimacro_ver -L secureip --snapshot sim_sec_pule_behav xil_defaultlib.sim_sec_pule xil_defaultlib.glbl -log elaborate.log 
Using 2 slave threads.
Starting static elaboration
Completed static elaboration
Starting simulation data flow analysis
Completed simulation data flow analysis
Time Resolution for simulation is 1ps
Compiling module xil_defaultlib.second_pulse_generator
Compiling module xil_defaultlib.sim_sec_pule
Compiling module xil_defaultlib.glbl
Built simulation snapshot sim_sec_pule_behav
INFO: [USF-XSim-69] 'elaborate' step finished in '1' seconds
INFO: [USF-XSim-4] XSim::Simulate design
INFO: [USF-XSim-61] Executing 'SIMULATE' step in 'D:/my_homework/my_vivado_practice/project_practice_week8_on_class/second_pulse_generator/second_pulse_generator.sim/sim_1/behav/xsim'
INFO: [USF-XSim-98] *** Running xsim
   with args "sim_sec_pule_behav -key {Behavioral:sim_1:Functional:sim_sec_pule} -tclbatch {sim_sec_pule.tcl} -log {simulate.log}"
INFO: [USF-XSim-8] Loading simulator feature
Vivado Simulator 2018.3
Time resolution is 1 ps
source sim_sec_pule.tcl
# set curr_wave [current_wave_config]
# if { [string length $curr_wave] == 0 } {
#   if { [llength [get_objects]] > 0} {
#     add_wave /
#     set_property needs_save false [current_wave_config]
#   } else {
#      send_msg_id Add_Wave-1 WARNING "No top level signals found. Simulator will start without a wave window. If you want to open a wave window go to 'File->New Waveform Configuration' or type 'create_wave_config' in the TCL console."
#   }
# }
# run 1000ns
INFO: [USF-XSim-96] XSim completed. Design snapshot 'sim_sec_pule_behav' loaded.
INFO: [USF-XSim-97] XSim simulation ran for 1000ns
restart
INFO: [Simtcl 6-17] Simulation restarted
run 100 ns
restart
INFO: [Simtcl 6-17] Simulation restarted
run 100 ns
run 100 ns
restart
INFO: [Simtcl 6-17] Simulation restarted
run 100 ns
close_sim
INFO: [Simtcl 6-16] Simulation closed
launch_simulation
INFO: [Vivado 12-5682] Launching behavioral simulation in 'D:/my_homework/my_vivado_practice/project_practice_week8_on_class/second_pulse_generator/second_pulse_generator.sim/sim_1/behav/xsim'
INFO: [SIM-utils-51] Simulation object is 'sim_1'
INFO: [SIM-utils-54] Inspecting design source files for 'sim_sec_pule' in fileset 'sim_1'...
INFO: [USF-XSim-97] Finding global include files...
INFO: [USF-XSim-98] Fetching design files from 'sim_1'...
INFO: [USF-XSim-2] XSim::Compile design
INFO: [USF-XSim-61] Executing 'COMPILE and ANALYZE' step in 'D:/my_homework/my_vivado_practice/project_practice_week8_on_class/second_pulse_generator/second_pulse_generator.sim/sim_1/behav/xsim'
"xvlog --incr --relax -prj sim_sec_pule_vlog.prj"
INFO: [USF-XSim-69] 'compile' step finished in '1' seconds
INFO: [USF-XSim-3] XSim::Elaborate design
INFO: [USF-XSim-61] Executing 'ELABORATE' step in 'D:/my_homework/my_vivado_practice/project_practice_week8_on_class/second_pulse_generator/second_pulse_generator.sim/sim_1/behav/xsim'
Vivado Simulator 2018.3
Copyright 1986-1999, 2001-2018 Xilinx, Inc. All Rights Reserved.
Running: D:/Xilinx/Vivado/2018.3/bin/unwrapped/win64.o/xelab.exe -wto 299fb845052d42b98eac0ef3a2e3211f --incr --debug typical --relax --mt 2 -L xil_defaultlib -L unisims_ver -L unimacro_ver -L secureip --snapshot sim_sec_pule_behav xil_defaultlib.sim_sec_pule xil_defaultlib.glbl -log elaborate.log 
Using 2 slave threads.
Starting static elaboration
Completed static elaboration
INFO: [XSIM 43-4323] No Change in HDL. Linking previously generated obj files to create kernel
INFO: [USF-XSim-69] 'elaborate' step finished in '1' seconds
INFO: [USF-XSim-4] XSim::Simulate design
INFO: [USF-XSim-61] Executing 'SIMULATE' step in 'D:/my_homework/my_vivado_practice/project_practice_week8_on_class/second_pulse_generator/second_pulse_generator.sim/sim_1/behav/xsim'
INFO: [USF-XSim-98] *** Running xsim
   with args "sim_sec_pule_behav -key {Behavioral:sim_1:Functional:sim_sec_pule} -tclbatch {sim_sec_pule.tcl} -log {simulate.log}"
INFO: [USF-XSim-8] Loading simulator feature
Vivado Simulator 2018.3
Time resolution is 1 ps
source sim_sec_pule.tcl
# set curr_wave [current_wave_config]
# if { [string length $curr_wave] == 0 } {
#   if { [llength [get_objects]] > 0} {
#     add_wave /
#     set_property needs_save false [current_wave_config]
#   } else {
#      send_msg_id Add_Wave-1 WARNING "No top level signals found. Simulator will start without a wave window. If you want to open a wave window go to 'File->New Waveform Configuration' or type 'create_wave_config' in the TCL console."
#   }
# }
# run 1000ns
INFO: [USF-XSim-96] XSim completed. Design snapshot 'sim_sec_pule_behav' loaded.
INFO: [USF-XSim-97] XSim simulation ran for 1000ns
restart
INFO: [Simtcl 6-17] Simulation restarted
run 100 ns
restart
INFO: [Simtcl 6-17] Simulation restarted
run 100 ns
restart
INFO: [Simtcl 6-17] Simulation restarted
run 100 ns
close_sim
INFO: [Simtcl 6-16] Simulation closed
launch_simulation
INFO: [Vivado 12-5682] Launching behavioral simulation in 'D:/my_homework/my_vivado_practice/project_practice_week8_on_class/second_pulse_generator/second_pulse_generator.sim/sim_1/behav/xsim'
INFO: [SIM-utils-51] Simulation object is 'sim_1'
INFO: [SIM-utils-54] Inspecting design source files for 'sim_sec_pule' in fileset 'sim_1'...
INFO: [USF-XSim-97] Finding global include files...
INFO: [USF-XSim-98] Fetching design files from 'sim_1'...
INFO: [USF-XSim-2] XSim::Compile design
INFO: [USF-XSim-61] Executing 'COMPILE and ANALYZE' step in 'D:/my_homework/my_vivado_practice/project_practice_week8_on_class/second_pulse_generator/second_pulse_generator.sim/sim_1/behav/xsim'
"xvlog --incr --relax -prj sim_sec_pule_vlog.prj"
INFO: [VRFC 10-2263] Analyzing Verilog file "D:/my_homework/my_vivado_practice/project_practice_week8_on_class/second_pulse_generator/second_pulse_generator.srcs/sources_1/new/second_pulse_generator.v" into library xil_defaultlib
INFO: [VRFC 10-311] analyzing module second_pulse_generator
INFO: [VRFC 10-2263] Analyzing Verilog file "D:/my_homework/my_vivado_practice/project_practice_week8_on_class/second_pulse_generator/second_pulse_generator.srcs/sim_1/new/sim_sec_pule.v" into library xil_defaultlib
INFO: [VRFC 10-311] analyzing module sim_sec_pule
INFO: [USF-XSim-69] 'compile' step finished in '1' seconds
INFO: [USF-XSim-3] XSim::Elaborate design
INFO: [USF-XSim-61] Executing 'ELABORATE' step in 'D:/my_homework/my_vivado_practice/project_practice_week8_on_class/second_pulse_generator/second_pulse_generator.sim/sim_1/behav/xsim'
Vivado Simulator 2018.3
Copyright 1986-1999, 2001-2018 Xilinx, Inc. All Rights Reserved.
Running: D:/Xilinx/Vivado/2018.3/bin/unwrapped/win64.o/xelab.exe -wto 299fb845052d42b98eac0ef3a2e3211f --incr --debug typical --relax --mt 2 -L xil_defaultlib -L unisims_ver -L unimacro_ver -L secureip --snapshot sim_sec_pule_behav xil_defaultlib.sim_sec_pule xil_defaultlib.glbl -log elaborate.log 
Using 2 slave threads.
Starting static elaboration
Completed static elaboration
Starting simulation data flow analysis
Completed simulation data flow analysis
Time Resolution for simulation is 1ps
Compiling module xil_defaultlib.second_pulse_generator
Compiling module xil_defaultlib.sim_sec_pule
Compiling module xil_defaultlib.glbl
Built simulation snapshot sim_sec_pule_behav
INFO: [USF-XSim-69] 'elaborate' step finished in '1' seconds
INFO: [USF-XSim-4] XSim::Simulate design
INFO: [USF-XSim-61] Executing 'SIMULATE' step in 'D:/my_homework/my_vivado_practice/project_practice_week8_on_class/second_pulse_generator/second_pulse_generator.sim/sim_1/behav/xsim'
INFO: [USF-XSim-98] *** Running xsim
   with args "sim_sec_pule_behav -key {Behavioral:sim_1:Functional:sim_sec_pule} -tclbatch {sim_sec_pule.tcl} -log {simulate.log}"
INFO: [USF-XSim-8] Loading simulator feature
Vivado Simulator 2018.3
Time resolution is 1 ps
source sim_sec_pule.tcl
# set curr_wave [current_wave_config]
# if { [string length $curr_wave] == 0 } {
#   if { [llength [get_objects]] > 0} {
#     add_wave /
#     set_property needs_save false [current_wave_config]
#   } else {
#      send_msg_id Add_Wave-1 WARNING "No top level signals found. Simulator will start without a wave window. If you want to open a wave window go to 'File->New Waveform Configuration' or type 'create_wave_config' in the TCL console."
#   }
# }
# run 1000ns
INFO: [USF-XSim-96] XSim completed. Design snapshot 'sim_sec_pule_behav' loaded.
INFO: [USF-XSim-97] XSim simulation ran for 1000ns
restart
INFO: [Simtcl 6-17] Simulation restarted
run 100 ns
restart
INFO: [Simtcl 6-17] Simulation restarted
run 100 ns
close_sim
INFO: [Simtcl 6-16] Simulation closed
launch_simulation
INFO: [Vivado 12-5682] Launching behavioral simulation in 'D:/my_homework/my_vivado_practice/project_practice_week8_on_class/second_pulse_generator/second_pulse_generator.sim/sim_1/behav/xsim'
INFO: [SIM-utils-51] Simulation object is 'sim_1'
INFO: [SIM-utils-54] Inspecting design source files for 'sim_sec_pule' in fileset 'sim_1'...
INFO: [USF-XSim-97] Finding global include files...
INFO: [USF-XSim-98] Fetching design files from 'sim_1'...
INFO: [USF-XSim-2] XSim::Compile design
INFO: [USF-XSim-61] Executing 'COMPILE and ANALYZE' step in 'D:/my_homework/my_vivado_practice/project_practice_week8_on_class/second_pulse_generator/second_pulse_generator.sim/sim_1/behav/xsim'
"xvlog --incr --relax -prj sim_sec_pule_vlog.prj"
INFO: [VRFC 10-2263] Analyzing Verilog file "D:/my_homework/my_vivado_practice/project_practice_week8_on_class/second_pulse_generator/second_pulse_generator.srcs/sources_1/new/second_pulse_generator.v" into library xil_defaultlib
INFO: [VRFC 10-311] analyzing module second_pulse_generator
INFO: [VRFC 10-2263] Analyzing Verilog file "D:/my_homework/my_vivado_practice/project_practice_week8_on_class/second_pulse_generator/second_pulse_generator.srcs/sim_1/new/sim_sec_pule.v" into library xil_defaultlib
INFO: [VRFC 10-311] analyzing module sim_sec_pule
INFO: [USF-XSim-69] 'compile' step finished in '1' seconds
INFO: [USF-XSim-3] XSim::Elaborate design
INFO: [USF-XSim-61] Executing 'ELABORATE' step in 'D:/my_homework/my_vivado_practice/project_practice_week8_on_class/second_pulse_generator/second_pulse_generator.sim/sim_1/behav/xsim'
Vivado Simulator 2018.3
Copyright 1986-1999, 2001-2018 Xilinx, Inc. All Rights Reserved.
Running: D:/Xilinx/Vivado/2018.3/bin/unwrapped/win64.o/xelab.exe -wto 299fb845052d42b98eac0ef3a2e3211f --incr --debug typical --relax --mt 2 -L xil_defaultlib -L unisims_ver -L unimacro_ver -L secureip --snapshot sim_sec_pule_behav xil_defaultlib.sim_sec_pule xil_defaultlib.glbl -log elaborate.log 
Using 2 slave threads.
Starting static elaboration
Completed static elaboration
Starting simulation data flow analysis
Completed simulation data flow analysis
Time Resolution for simulation is 1ps
Compiling module xil_defaultlib.second_pulse_generator
Compiling module xil_defaultlib.sim_sec_pule
Compiling module xil_defaultlib.glbl
Built simulation snapshot sim_sec_pule_behav
INFO: [USF-XSim-69] 'elaborate' step finished in '1' seconds
INFO: [USF-XSim-4] XSim::Simulate design
INFO: [USF-XSim-61] Executing 'SIMULATE' step in 'D:/my_homework/my_vivado_practice/project_practice_week8_on_class/second_pulse_generator/second_pulse_generator.sim/sim_1/behav/xsim'
INFO: [USF-XSim-98] *** Running xsim
   with args "sim_sec_pule_behav -key {Behavioral:sim_1:Functional:sim_sec_pule} -tclbatch {sim_sec_pule.tcl} -log {simulate.log}"
INFO: [USF-XSim-8] Loading simulator feature
Vivado Simulator 2018.3
Time resolution is 1 ps
source sim_sec_pule.tcl
# set curr_wave [current_wave_config]
# if { [string length $curr_wave] == 0 } {
#   if { [llength [get_objects]] > 0} {
#     add_wave /
#     set_property needs_save false [current_wave_config]
#   } else {
#      send_msg_id Add_Wave-1 WARNING "No top level signals found. Simulator will start without a wave window. If you want to open a wave window go to 'File->New Waveform Configuration' or type 'create_wave_config' in the TCL console."
#   }
# }
# run 1000ns
INFO: [USF-XSim-96] XSim completed. Design snapshot 'sim_sec_pule_behav' loaded.
INFO: [USF-XSim-97] XSim simulation ran for 1000ns
restart
INFO: [Simtcl 6-17] Simulation restarted
run 100 ns
restart
INFO: [Simtcl 6-17] Simulation restarted
run 100 ns
restart
INFO: [Simtcl 6-17] Simulation restarted
run 100 ns
run 400 ns
restart
INFO: [Simtcl 6-17] Simulation restarted
run 400 ns
restart
INFO: [Simtcl 6-17] Simulation restarted
run 400 ns
close_sim
INFO: [Simtcl 6-16] Simulation closed
launch_simulation
INFO: [Vivado 12-5682] Launching behavioral simulation in 'D:/my_homework/my_vivado_practice/project_practice_week8_on_class/second_pulse_generator/second_pulse_generator.sim/sim_1/behav/xsim'
INFO: [SIM-utils-51] Simulation object is 'sim_1'
INFO: [SIM-utils-54] Inspecting design source files for 'sim_sec_pule' in fileset 'sim_1'...
INFO: [USF-XSim-97] Finding global include files...
INFO: [USF-XSim-98] Fetching design files from 'sim_1'...
INFO: [USF-XSim-2] XSim::Compile design
INFO: [USF-XSim-61] Executing 'COMPILE and ANALYZE' step in 'D:/my_homework/my_vivado_practice/project_practice_week8_on_class/second_pulse_generator/second_pulse_generator.sim/sim_1/behav/xsim'
"xvlog --incr --relax -prj sim_sec_pule_vlog.prj"
INFO: [VRFC 10-2263] Analyzing Verilog file "D:/my_homework/my_vivado_practice/project_practice_week8_on_class/second_pulse_generator/second_pulse_generator.srcs/sources_1/new/second_pulse_generator.v" into library xil_defaultlib
INFO: [VRFC 10-311] analyzing module second_pulse_generator
INFO: [VRFC 10-2263] Analyzing Verilog file "D:/my_homework/my_vivado_practice/project_practice_week8_on_class/second_pulse_generator/second_pulse_generator.srcs/sim_1/new/sim_sec_pule.v" into library xil_defaultlib
INFO: [VRFC 10-311] analyzing module sim_sec_pule
INFO: [USF-XSim-69] 'compile' step finished in '1' seconds
INFO: [USF-XSim-3] XSim::Elaborate design
INFO: [USF-XSim-61] Executing 'ELABORATE' step in 'D:/my_homework/my_vivado_practice/project_practice_week8_on_class/second_pulse_generator/second_pulse_generator.sim/sim_1/behav/xsim'
Vivado Simulator 2018.3
Copyright 1986-1999, 2001-2018 Xilinx, Inc. All Rights Reserved.
Running: D:/Xilinx/Vivado/2018.3/bin/unwrapped/win64.o/xelab.exe -wto 299fb845052d42b98eac0ef3a2e3211f --incr --debug typical --relax --mt 2 -L xil_defaultlib -L unisims_ver -L unimacro_ver -L secureip --snapshot sim_sec_pule_behav xil_defaultlib.sim_sec_pule xil_defaultlib.glbl -log elaborate.log 
Using 2 slave threads.
Starting static elaboration
Completed static elaboration
Starting simulation data flow analysis
Completed simulation data flow analysis
Time Resolution for simulation is 1ps
Compiling module xil_defaultlib.second_pulse_generator
Compiling module xil_defaultlib.sim_sec_pule
Compiling module xil_defaultlib.glbl
Built simulation snapshot sim_sec_pule_behav
INFO: [USF-XSim-69] 'elaborate' step finished in '1' seconds
INFO: [USF-XSim-4] XSim::Simulate design
INFO: [USF-XSim-61] Executing 'SIMULATE' step in 'D:/my_homework/my_vivado_practice/project_practice_week8_on_class/second_pulse_generator/second_pulse_generator.sim/sim_1/behav/xsim'
INFO: [USF-XSim-98] *** Running xsim
   with args "sim_sec_pule_behav -key {Behavioral:sim_1:Functional:sim_sec_pule} -tclbatch {sim_sec_pule.tcl} -log {simulate.log}"
INFO: [USF-XSim-8] Loading simulator feature
Vivado Simulator 2018.3
Time resolution is 1 ps
source sim_sec_pule.tcl
# set curr_wave [current_wave_config]
# if { [string length $curr_wave] == 0 } {
#   if { [llength [get_objects]] > 0} {
#     add_wave /
#     set_property needs_save false [current_wave_config]
#   } else {
#      send_msg_id Add_Wave-1 WARNING "No top level signals found. Simulator will start without a wave window. If you want to open a wave window go to 'File->New Waveform Configuration' or type 'create_wave_config' in the TCL console."
#   }
# }
# run 1000ns
INFO: [USF-XSim-96] XSim completed. Design snapshot 'sim_sec_pule_behav' loaded.
INFO: [USF-XSim-97] XSim simulation ran for 1000ns
restart
INFO: [Simtcl 6-17] Simulation restarted
run 400 ns
restart
INFO: [Simtcl 6-17] Simulation restarted
run 400 ns
close_sim
INFO: [Simtcl 6-16] Simulation closed
launch_simulation
INFO: [Vivado 12-5682] Launching behavioral simulation in 'D:/my_homework/my_vivado_practice/project_practice_week8_on_class/second_pulse_generator/second_pulse_generator.sim/sim_1/behav/xsim'
INFO: [SIM-utils-51] Simulation object is 'sim_1'
INFO: [SIM-utils-54] Inspecting design source files for 'sim_sec_pule' in fileset 'sim_1'...
INFO: [USF-XSim-97] Finding global include files...
INFO: [USF-XSim-98] Fetching design files from 'sim_1'...
INFO: [USF-XSim-2] XSim::Compile design
INFO: [USF-XSim-61] Executing 'COMPILE and ANALYZE' step in 'D:/my_homework/my_vivado_practice/project_practice_week8_on_class/second_pulse_generator/second_pulse_generator.sim/sim_1/behav/xsim'
"xvlog --incr --relax -prj sim_sec_pule_vlog.prj"
INFO: [VRFC 10-2263] Analyzing Verilog file "D:/my_homework/my_vivado_practice/project_practice_week8_on_class/second_pulse_generator/second_pulse_generator.srcs/sources_1/new/second_pulse_generator.v" into library xil_defaultlib
INFO: [VRFC 10-311] analyzing module second_pulse_generator
INFO: [VRFC 10-2263] Analyzing Verilog file "D:/my_homework/my_vivado_practice/project_practice_week8_on_class/second_pulse_generator/second_pulse_generator.srcs/sim_1/new/sim_sec_pule.v" into library xil_defaultlib
INFO: [VRFC 10-311] analyzing module sim_sec_pule
INFO: [USF-XSim-69] 'compile' step finished in '1' seconds
INFO: [USF-XSim-3] XSim::Elaborate design
INFO: [USF-XSim-61] Executing 'ELABORATE' step in 'D:/my_homework/my_vivado_practice/project_practice_week8_on_class/second_pulse_generator/second_pulse_generator.sim/sim_1/behav/xsim'
Vivado Simulator 2018.3
Copyright 1986-1999, 2001-2018 Xilinx, Inc. All Rights Reserved.
Running: D:/Xilinx/Vivado/2018.3/bin/unwrapped/win64.o/xelab.exe -wto 299fb845052d42b98eac0ef3a2e3211f --incr --debug typical --relax --mt 2 -L xil_defaultlib -L unisims_ver -L unimacro_ver -L secureip --snapshot sim_sec_pule_behav xil_defaultlib.sim_sec_pule xil_defaultlib.glbl -log elaborate.log 
Using 2 slave threads.
Starting static elaboration
Completed static elaboration
Starting simulation data flow analysis
Completed simulation data flow analysis
Time Resolution for simulation is 1ps
Compiling module xil_defaultlib.second_pulse_generator
Compiling module xil_defaultlib.sim_sec_pule
Compiling module xil_defaultlib.glbl
Built simulation snapshot sim_sec_pule_behav
INFO: [USF-XSim-69] 'elaborate' step finished in '1' seconds
INFO: [USF-XSim-4] XSim::Simulate design
INFO: [USF-XSim-61] Executing 'SIMULATE' step in 'D:/my_homework/my_vivado_practice/project_practice_week8_on_class/second_pulse_generator/second_pulse_generator.sim/sim_1/behav/xsim'
INFO: [USF-XSim-98] *** Running xsim
   with args "sim_sec_pule_behav -key {Behavioral:sim_1:Functional:sim_sec_pule} -tclbatch {sim_sec_pule.tcl} -log {simulate.log}"
INFO: [USF-XSim-8] Loading simulator feature
Vivado Simulator 2018.3
Time resolution is 1 ps
source sim_sec_pule.tcl
# set curr_wave [current_wave_config]
# if { [string length $curr_wave] == 0 } {
#   if { [llength [get_objects]] > 0} {
#     add_wave /
#     set_property needs_save false [current_wave_config]
#   } else {
#      send_msg_id Add_Wave-1 WARNING "No top level signals found. Simulator will start without a wave window. If you want to open a wave window go to 'File->New Waveform Configuration' or type 'create_wave_config' in the TCL console."
#   }
# }
# run 1000ns
INFO: [USF-XSim-96] XSim completed. Design snapshot 'sim_sec_pule_behav' loaded.
INFO: [USF-XSim-97] XSim simulation ran for 1000ns
restart
INFO: [Simtcl 6-17] Simulation restarted
run 400 ns
restart
INFO: [Simtcl 6-17] Simulation restarted
run 400 ns
file mkdir D:/my_homework/my_vivado_practice/project_practice_week8_on_class/second_pulse_generator/second_pulse_generator.srcs/constrs_1
file mkdir D:/my_homework/my_vivado_practice/project_practice_week8_on_class/second_pulse_generator/second_pulse_generator.srcs/constrs_1/new
close [ open D:/my_homework/my_vivado_practice/project_practice_week8_on_class/second_pulse_generator/second_pulse_generator.srcs/constrs_1/new/sec_pule.xdc w ]
add_files -fileset constrs_1 D:/my_homework/my_vivado_practice/project_practice_week8_on_class/second_pulse_generator/second_pulse_generator.srcs/constrs_1/new/sec_pule.xdc
launch_runs impl_1 -jobs 4
[Sat Apr 13 21:51:49 2024] Launched synth_1...
Run output will be captured here: D:/my_homework/my_vivado_practice/project_practice_week8_on_class/second_pulse_generator/second_pulse_generator.runs/synth_1/runme.log
[Sat Apr 13 21:51:49 2024] Launched impl_1...
Run output will be captured here: D:/my_homework/my_vivado_practice/project_practice_week8_on_class/second_pulse_generator/second_pulse_generator.runs/impl_1/runme.log
open_run impl_1
INFO: [Netlist 29-17] Analyzing 7 Unisim elements for replacement
INFO: [Netlist 29-28] Unisim Transformation completed in 0 CPU seconds
INFO: [Project 1-479] Netlist was created with Vivado 2018.3
INFO: [Project 1-570] Preparing netlist for logic optimization
INFO: [Timing 38-478] Restoring timing data from binary archive.
INFO: [Timing 38-479] Binary timing data restore complete.
INFO: [Project 1-856] Restoring constraints from binary archive.
INFO: [Project 1-853] Binary constraint restore complete.
Reading XDEF placement.
Reading placer database...
Reading XDEF routing.
Read XDEF File: Time (s): cpu = 00:00:00 ; elapsed = 00:00:00.037 . Memory (MB): peak = 2094.996 ; gain = 0.000
Restored from archive | CPU: 0.000000 secs | Memory: 0.000000 MB |
Finished XDEF File Restore: Time (s): cpu = 00:00:00 ; elapsed = 00:00:00.037 . Memory (MB): peak = 2094.996 ; gain = 0.000
Netlist sorting complete. Time (s): cpu = 00:00:00 ; elapsed = 00:00:00 . Memory (MB): peak = 2094.996 ; gain = 0.000
INFO: [Project 1-111] Unisim Transformation Summary:
No Unisim elements were transformed.

open_run: Time (s): cpu = 00:00:12 ; elapsed = 00:00:11 . Memory (MB): peak = 2219.301 ; gain = 542.516
WARNING: [Timing 38-313] There are no user specified timing constraints. Timing constraints are needed for proper timing analysis.
report_utilization -name utilization_1
report_utilization -name utilization_2
launch_runs impl_1 -to_step write_bitstream -jobs 4
[Sat Apr 13 21:55:04 2024] Launched impl_1...
Run output will be captured here: D:/my_homework/my_vivado_practice/project_practice_week8_on_class/second_pulse_generator/second_pulse_generator.runs/impl_1/runme.log
open_hw
connect_hw_server
INFO: [Labtools 27-2285] Connecting to hw_server url TCP:localhost:3121
INFO: [Labtools 27-2222] Launching hw_server...
INFO: [Labtools 27-2221] Launch Output:

****** Xilinx hw_server v2018.3
  **** Build date : Dec  7 2018-00:40:27
    ** Copyright 1986-2018 Xilinx, Inc. All Rights Reserved.


open_hw_target
INFO: [Labtoolstcl 44-466] Opening hw_target localhost:3121/xilinx_tcf/Xilinx/1234-tulA
set_property PROGRAM.FILE {D:/my_homework/my_vivado_practice/project_practice_week8_on_class/second_pulse_generator/second_pulse_generator.runs/impl_1/second_pulse_generator.bit} [get_hw_devices xc7a35t_0]
current_hw_device [get_hw_devices xc7a35t_0]
refresh_hw_device -update_hw_probes false [lindex [get_hw_devices xc7a35t_0] 0]
INFO: [Labtools 27-1434] Device xc7a35t (JTAG device index = 0) is programmed with a design that has no supported debug core(s) in it.
set_property PROBES.FILE {} [get_hw_devices xc7a35t_0]
set_property FULL_PROBES.FILE {} [get_hw_devices xc7a35t_0]
set_property PROGRAM.FILE {D:/my_homework/my_vivado_practice/project_practice_week8_on_class/second_pulse_generator/second_pulse_generator.runs/impl_1/second_pulse_generator.bit} [get_hw_devices xc7a35t_0]
program_hw_devices [get_hw_devices xc7a35t_0]
INFO: [Labtools 27-3164] End of startup status: HIGH
refresh_hw_device [lindex [get_hw_devices xc7a35t_0] 0]
INFO: [Labtools 27-1434] Device xc7a35t (JTAG device index = 0) is programmed with a design that has no supported debug core(s) in it.
set_property PROBES.FILE {} [get_hw_devices xc7a35t_0]
set_property FULL_PROBES.FILE {} [get_hw_devices xc7a35t_0]
set_property PROGRAM.FILE {D:/my_homework/my_vivado_practice/project_practice_week8_on_class/second_pulse_generator/second_pulse_generator.runs/impl_1/second_pulse_generator.bit} [get_hw_devices xc7a35t_0]
program_hw_devices [get_hw_devices xc7a35t_0]
INFO: [Labtools 27-3164] End of startup status: HIGH
refresh_hw_device [lindex [get_hw_devices xc7a35t_0] 0]
INFO: [Labtools 27-1434] Device xc7a35t (JTAG device index = 0) is programmed with a design that has no supported debug core(s) in it.
set_property PROBES.FILE {} [get_hw_devices xc7a35t_0]
set_property FULL_PROBES.FILE {} [get_hw_devices xc7a35t_0]
set_property PROGRAM.FILE {D:/my_homework/my_vivado_practice/project_practice_week8_on_class/second_pulse_generator/second_pulse_generator.runs/impl_1/second_pulse_generator.bit} [get_hw_devices xc7a35t_0]
program_hw_devices [get_hw_devices xc7a35t_0]
INFO: [Labtools 27-3164] End of startup status: HIGH
refresh_hw_device [lindex [get_hw_devices xc7a35t_0] 0]
INFO: [Labtools 27-1434] Device xc7a35t (JTAG device index = 0) is programmed with a design that has no supported debug core(s) in it.
close_hw
export_ip_user_files -of_objects  [get_files D:/my_homework/my_vivado_practice/project_practice_week8_on_class/second_pulse_generator/second_pulse_generator.srcs/constrs_1/new/sec_pule.xdc] -no_script -reset -force -quiet
remove_files  -fileset constrs_1 D:/my_homework/my_vivado_practice/project_practice_week8_on_class/second_pulse_generator/second_pulse_generator.srcs/constrs_1/new/sec_pule.xdc
file delete -force D:/my_homework/my_vivado_practice/project_practice_week8_on_class/second_pulse_generator/second_pulse_generator.srcs/constrs_1/new/sec_pule.xdc
close [ open D:/my_homework/my_vivado_practice/project_practice_week8_on_class/second_pulse_generator/second_pulse_generator.srcs/constrs_1/new/sec_pule.xdc w ]
add_files -fileset constrs_1 D:/my_homework/my_vivado_practice/project_practice_week8_on_class/second_pulse_generator/second_pulse_generator.srcs/constrs_1/new/sec_pule.xdc
export_ip_user_files -of_objects  [get_files D:/my_homework/my_vivado_practice/project_practice_week8_on_class/second_pulse_generator/second_pulse_generator.srcs/constrs_1/new/sec_pule.xdc] -no_script -reset -force -quiet
remove_files  -fileset constrs_1 D:/my_homework/my_vivado_practice/project_practice_week8_on_class/second_pulse_generator/second_pulse_generator.srcs/constrs_1/new/sec_pule.xdc
file delete -force D:/my_homework/my_vivado_practice/project_practice_week8_on_class/second_pulse_generator/second_pulse_generator.srcs/constrs_1/new/sec_pule.xdc
close [ open D:/my_homework/my_vivado_practice/project_practice_week8_on_class/second_pulse_generator/second_pulse_generator.srcs/constrs_1/new/sec_pule.xdc w ]
add_files -fileset constrs_1 D:/my_homework/my_vivado_practice/project_practice_week8_on_class/second_pulse_generator/second_pulse_generator.srcs/constrs_1/new/sec_pule.xdc
reset_run synth_1
launch_runs impl_1 -to_step write_bitstream -jobs 4
[Sat Apr 13 22:06:05 2024] Launched synth_1...
Run output will be captured here: D:/my_homework/my_vivado_practice/project_practice_week8_on_class/second_pulse_generator/second_pulse_generator.runs/synth_1/runme.log
[Sat Apr 13 22:06:06 2024] Launched impl_1...
Run output will be captured here: D:/my_homework/my_vivado_practice/project_practice_week8_on_class/second_pulse_generator/second_pulse_generator.runs/impl_1/runme.log
close_design
open_hw
connect_hw_server
INFO: [Labtools 27-2285] Connecting to hw_server url TCP:localhost:3121
INFO: [Labtools 27-2222] Launching hw_server...
INFO: [Labtools 27-2221] Launch Output:

****** Xilinx hw_server v2018.3
  **** Build date : Dec  7 2018-00:40:27
    ** Copyright 1986-2018 Xilinx, Inc. All Rights Reserved.


open_hw_target
INFO: [Labtoolstcl 44-466] Opening hw_target localhost:3121/xilinx_tcf/Xilinx/1234-tulA
current_hw_device [get_hw_devices xc7a35t_0]
refresh_hw_device -update_hw_probes false [lindex [get_hw_devices xc7a35t_0] 0]
INFO: [Labtools 27-1434] Device xc7a35t (JTAG device index = 0) is programmed with a design that has no supported debug core(s) in it.
open_run impl_1
INFO: [Netlist 29-17] Analyzing 7 Unisim elements for replacement
INFO: [Netlist 29-28] Unisim Transformation completed in 0 CPU seconds
INFO: [Project 1-479] Netlist was created with Vivado 2018.3
INFO: [Project 1-570] Preparing netlist for logic optimization
INFO: [Timing 38-478] Restoring timing data from binary archive.
INFO: [Timing 38-479] Binary timing data restore complete.
INFO: [Project 1-856] Restoring constraints from binary archive.
INFO: [Project 1-853] Binary constraint restore complete.
Reading XDEF placement.
Reading placer database...
Reading XDEF routing.
Read XDEF File: Time (s): cpu = 00:00:00 ; elapsed = 00:00:00.027 . Memory (MB): peak = 3253.273 ; gain = 0.000
Restored from archive | CPU: 0.000000 secs | Memory: 0.000000 MB |
Finished XDEF File Restore: Time (s): cpu = 00:00:00 ; elapsed = 00:00:00.027 . Memory (MB): peak = 3253.273 ; gain = 0.000
Netlist sorting complete. Time (s): cpu = 00:00:00 ; elapsed = 00:00:00 . Memory (MB): peak = 3253.273 ; gain = 0.000
INFO: [Project 1-111] Unisim Transformation Summary:
No Unisim elements were transformed.

WARNING: [Timing 38-313] There are no user specified timing constraints. Timing constraints are needed for proper timing analysis.
reset_run impl_1 -prev_step 
launch_runs impl_1 -to_step write_bitstream -jobs 4
[Sat Apr 13 22:07:49 2024] Launched impl_1...
Run output will be captured here: D:/my_homework/my_vivado_practice/project_practice_week8_on_class/second_pulse_generator/second_pulse_generator.runs/impl_1/runme.log
set_property PROBES.FILE {} [get_hw_devices xc7a35t_0]
set_property FULL_PROBES.FILE {} [get_hw_devices xc7a35t_0]
set_property PROGRAM.FILE {D:/my_homework/my_vivado_practice/project_practice_week8_on_class/second_pulse_generator/second_pulse_generator.runs/impl_1/second_pulse_generator.bit} [get_hw_devices xc7a35t_0]
program_hw_devices [get_hw_devices xc7a35t_0]
INFO: [Labtools 27-3164] End of startup status: HIGH
refresh_hw_device [lindex [get_hw_devices xc7a35t_0] 0]
INFO: [Labtools 27-1434] Device xc7a35t (JTAG device index = 0) is programmed with a design that has no supported debug core(s) in it.
set_property PROBES.FILE {} [get_hw_devices xc7a35t_0]
set_property FULL_PROBES.FILE {} [get_hw_devices xc7a35t_0]
set_property PROGRAM.FILE {D:/my_homework/my_vivado_practice/project_practice_week8_on_class/second_pulse_generator/second_pulse_generator.runs/impl_1/second_pulse_generator.bit} [get_hw_devices xc7a35t_0]
program_hw_devices [get_hw_devices xc7a35t_0]
INFO: [Labtools 27-3164] End of startup status: HIGH
refresh_hw_device [lindex [get_hw_devices xc7a35t_0] 0]
INFO: [Labtools 27-1434] Device xc7a35t (JTAG device index = 0) is programmed with a design that has no supported debug core(s) in it.
set_property PROBES.FILE {} [get_hw_devices xc7a35t_0]
set_property FULL_PROBES.FILE {} [get_hw_devices xc7a35t_0]
set_property PROGRAM.FILE {D:/my_homework/my_vivado_practice/project_practice_week8_on_class/second_pulse_generator/second_pulse_generator.runs/impl_1/second_pulse_generator.bit} [get_hw_devices xc7a35t_0]
program_hw_devices [get_hw_devices xc7a35t_0]
INFO: [Labtools 27-3164] End of startup status: HIGH
refresh_hw_device [lindex [get_hw_devices xc7a35t_0] 0]
INFO: [Labtools 27-1434] Device xc7a35t (JTAG device index = 0) is programmed with a design that has no supported debug core(s) in it.
ERROR: [Labtoolstcl 44-513] HW Target shutdown. Closing target: localhost:3121/xilinx_tcf/Xilinx/1234-tulA
close_sim
INFO: [Simtcl 6-16] Simulation closed
exit
INFO: [Common 17-206] Exiting Vivado at Sat Apr 13 22:10:03 2024...
