
*** Running vivado
    with args -log top_XADC_voltage.vds -m64 -product Vivado -mode batch -messageDb vivado.pb -notrace -source top_XADC_voltage.tcl


****** Vivado v2018.3 (64-bit)
  **** SW Build 2405991 on Thu Dec  6 23:38:27 MST 2018
  **** IP Build 2404404 on Fri Dec  7 01:43:56 MST 2018
    ** Copyright 1986-2018 Xilinx, Inc. All Rights Reserved.

source top_XADC_voltage.tcl -notrace
Command: synth_design -top top_XADC_voltage -part xc7a35tcsg324-1
Starting synth_design
Attempting to get a license for feature 'Synthesis' and/or device 'xc7a35t'
INFO: [Common 17-349] Got license for feature 'Synthesis' and/or device 'xc7a35t'
INFO: Launching helper process for spawning children vivado processes
INFO: Helper process launched with PID 10816 
---------------------------------------------------------------------------------
Starting RTL Elaboration : Time (s): cpu = 00:00:02 ; elapsed = 00:00:02 . Memory (MB): peak = 392.227 ; gain = 99.246
---------------------------------------------------------------------------------
INFO: [Synth 8-6157] synthesizing module 'top_XADC_voltage' [D:/my_homework/my_vivado_practice/project_practice_week10_on_class/XADC/XADC.srcs/sources_1/new/top_XADC_voltage.v:23]
INFO: [Synth 8-6157] synthesizing module 'XADC_channel_1' [D:/my_homework/my_vivado_practice/project_practice_week10_on_class/XADC/XADC.srcs/sources_1/new/XADC_channel_1.v:23]
INFO: [Synth 8-6157] synthesizing module 'xadc_wiz_0' [D:/my_homework/my_vivado_practice/project_practice_week10_on_class/XADC/XADC.runs/synth_1/.Xil/Vivado-11224-LAPTOP-CCNJK6NK/realtime/xadc_wiz_0_stub.v:5]
INFO: [Synth 8-6155] done synthesizing module 'xadc_wiz_0' (1#1) [D:/my_homework/my_vivado_practice/project_practice_week10_on_class/XADC/XADC.runs/synth_1/.Xil/Vivado-11224-LAPTOP-CCNJK6NK/realtime/xadc_wiz_0_stub.v:5]
INFO: [Synth 8-6155] done synthesizing module 'XADC_channel_1' (2#1) [D:/my_homework/my_vivado_practice/project_practice_week10_on_class/XADC/XADC.srcs/sources_1/new/XADC_channel_1.v:23]
INFO: [Synth 8-6157] synthesizing module 'data_output' [D:/my_homework/my_vivado_practice/project_practice_week10_on_class/XADC/XADC.srcs/sources_1/new/data_output.v:23]
INFO: [Synth 8-6155] done synthesizing module 'data_output' (3#1) [D:/my_homework/my_vivado_practice/project_practice_week10_on_class/XADC/XADC.srcs/sources_1/new/data_output.v:23]
INFO: [Synth 8-6157] synthesizing module 'bin2BCD' [D:/my_homework/my_vivado_practice/project_practice_week10_on_class/XADC/XADC.srcs/sources_1/new/bin2BCD.v:23]
INFO: [Synth 8-6155] done synthesizing module 'bin2BCD' (4#1) [D:/my_homework/my_vivado_practice/project_practice_week10_on_class/XADC/XADC.srcs/sources_1/new/bin2BCD.v:23]
WARNING: [Synth 8-4446] all outputs are unconnected for this instance and logic may be removed [D:/my_homework/my_vivado_practice/project_practice_week10_on_class/XADC/XADC.srcs/sources_1/new/top_XADC_voltage.v:55]
INFO: [Synth 8-6157] synthesizing module 'show_high_low' [D:/my_homework/my_vivado_practice/project_practice_week10_on_class/XADC/XADC.srcs/sources_1/new/show_high_low.v:23]
INFO: [Synth 8-6157] synthesizing module 'show' [D:/my_homework/my_vivado_practice/project_practice_week10_on_class/XADC/XADC.srcs/sources_1/new/show.v:23]
INFO: [Synth 8-226] default block is never used [D:/my_homework/my_vivado_practice/project_practice_week10_on_class/XADC/XADC.srcs/sources_1/new/show.v:129]
INFO: [Synth 8-6155] done synthesizing module 'show' (5#1) [D:/my_homework/my_vivado_practice/project_practice_week10_on_class/XADC/XADC.srcs/sources_1/new/show.v:23]
WARNING: [Synth 8-6104] Input port 'a_to_g2' has an internal driver [D:/my_homework/my_vivado_practice/project_practice_week10_on_class/XADC/XADC.srcs/sources_1/new/show_high_low.v:36]
WARNING: [Synth 8-6104] Input port 'an2' has an internal driver [D:/my_homework/my_vivado_practice/project_practice_week10_on_class/XADC/XADC.srcs/sources_1/new/show_high_low.v:37]
WARNING: [Synth 8-6104] Input port 'a_to_g1' has an internal driver [D:/my_homework/my_vivado_practice/project_practice_week10_on_class/XADC/XADC.srcs/sources_1/new/show_high_low.v:43]
WARNING: [Synth 8-6104] Input port 'an1' has an internal driver [D:/my_homework/my_vivado_practice/project_practice_week10_on_class/XADC/XADC.srcs/sources_1/new/show_high_low.v:44]
INFO: [Synth 8-6155] done synthesizing module 'show_high_low' (6#1) [D:/my_homework/my_vivado_practice/project_practice_week10_on_class/XADC/XADC.srcs/sources_1/new/show_high_low.v:23]
WARNING: [Synth 8-3848] Net an1 in module/entity top_XADC_voltage does not have driver. [D:/my_homework/my_vivado_practice/project_practice_week10_on_class/XADC/XADC.srcs/sources_1/new/top_XADC_voltage.v:29]
WARNING: [Synth 8-3848] Net an2 in module/entity top_XADC_voltage does not have driver. [D:/my_homework/my_vivado_practice/project_practice_week10_on_class/XADC/XADC.srcs/sources_1/new/top_XADC_voltage.v:29]
WARNING: [Synth 8-3848] Net a_to_g1 in module/entity top_XADC_voltage does not have driver. [D:/my_homework/my_vivado_practice/project_practice_week10_on_class/XADC/XADC.srcs/sources_1/new/top_XADC_voltage.v:30]
WARNING: [Synth 8-3848] Net a_to_g2 in module/entity top_XADC_voltage does not have driver. [D:/my_homework/my_vivado_practice/project_practice_week10_on_class/XADC/XADC.srcs/sources_1/new/top_XADC_voltage.v:30]
INFO: [Synth 8-6155] done synthesizing module 'top_XADC_voltage' (7#1) [D:/my_homework/my_vivado_practice/project_practice_week10_on_class/XADC/XADC.srcs/sources_1/new/top_XADC_voltage.v:23]
WARNING: [Synth 8-3331] design data_output has unconnected port do_out[3]
WARNING: [Synth 8-3331] design data_output has unconnected port do_out[2]
WARNING: [Synth 8-3331] design data_output has unconnected port do_out[1]
WARNING: [Synth 8-3331] design data_output has unconnected port do_out[0]
---------------------------------------------------------------------------------
Finished RTL Elaboration : Time (s): cpu = 00:00:02 ; elapsed = 00:00:02 . Memory (MB): peak = 447.969 ; gain = 154.988
---------------------------------------------------------------------------------

Report Check Netlist: 
+------+------------------+-------+---------+-------+------------------+
|      |Item              |Errors |Warnings |Status |Description       |
+------+------------------+-------+---------+-------+------------------+
|1     |multi_driven_nets |      0|        0|Passed |Multi driven nets |
+------+------------------+-------+---------+-------+------------------+
WARNING: [Synth 8-3295] tying undriven pin top_show_high_low:an1[3] to constant 0 [D:/my_homework/my_vivado_practice/project_practice_week10_on_class/XADC/XADC.srcs/sources_1/new/top_XADC_voltage.v:55]
WARNING: [Synth 8-3295] tying undriven pin top_show_high_low:an1[2] to constant 0 [D:/my_homework/my_vivado_practice/project_practice_week10_on_class/XADC/XADC.srcs/sources_1/new/top_XADC_voltage.v:55]
WARNING: [Synth 8-3295] tying undriven pin top_show_high_low:an1[1] to constant 0 [D:/my_homework/my_vivado_practice/project_practice_week10_on_class/XADC/XADC.srcs/sources_1/new/top_XADC_voltage.v:55]
WARNING: [Synth 8-3295] tying undriven pin top_show_high_low:an1[0] to constant 0 [D:/my_homework/my_vivado_practice/project_practice_week10_on_class/XADC/XADC.srcs/sources_1/new/top_XADC_voltage.v:55]
WARNING: [Synth 8-3295] tying undriven pin top_show_high_low:an2[3] to constant 0 [D:/my_homework/my_vivado_practice/project_practice_week10_on_class/XADC/XADC.srcs/sources_1/new/top_XADC_voltage.v:55]
WARNING: [Synth 8-3295] tying undriven pin top_show_high_low:an2[2] to constant 0 [D:/my_homework/my_vivado_practice/project_practice_week10_on_class/XADC/XADC.srcs/sources_1/new/top_XADC_voltage.v:55]
WARNING: [Synth 8-3295] tying undriven pin top_show_high_low:an2[1] to constant 0 [D:/my_homework/my_vivado_practice/project_practice_week10_on_class/XADC/XADC.srcs/sources_1/new/top_XADC_voltage.v:55]
WARNING: [Synth 8-3295] tying undriven pin top_show_high_low:an2[0] to constant 0 [D:/my_homework/my_vivado_practice/project_practice_week10_on_class/XADC/XADC.srcs/sources_1/new/top_XADC_voltage.v:55]
WARNING: [Synth 8-3295] tying undriven pin top_show_high_low:a_to_g1[7] to constant 0 [D:/my_homework/my_vivado_practice/project_practice_week10_on_class/XADC/XADC.srcs/sources_1/new/top_XADC_voltage.v:55]
WARNING: [Synth 8-3295] tying undriven pin top_show_high_low:a_to_g1[6] to constant 0 [D:/my_homework/my_vivado_practice/project_practice_week10_on_class/XADC/XADC.srcs/sources_1/new/top_XADC_voltage.v:55]
WARNING: [Synth 8-3295] tying undriven pin top_show_high_low:a_to_g1[5] to constant 0 [D:/my_homework/my_vivado_practice/project_practice_week10_on_class/XADC/XADC.srcs/sources_1/new/top_XADC_voltage.v:55]
WARNING: [Synth 8-3295] tying undriven pin top_show_high_low:a_to_g1[4] to constant 0 [D:/my_homework/my_vivado_practice/project_practice_week10_on_class/XADC/XADC.srcs/sources_1/new/top_XADC_voltage.v:55]
WARNING: [Synth 8-3295] tying undriven pin top_show_high_low:a_to_g1[3] to constant 0 [D:/my_homework/my_vivado_practice/project_practice_week10_on_class/XADC/XADC.srcs/sources_1/new/top_XADC_voltage.v:55]
WARNING: [Synth 8-3295] tying undriven pin top_show_high_low:a_to_g1[2] to constant 0 [D:/my_homework/my_vivado_practice/project_practice_week10_on_class/XADC/XADC.srcs/sources_1/new/top_XADC_voltage.v:55]
WARNING: [Synth 8-3295] tying undriven pin top_show_high_low:a_to_g1[1] to constant 0 [D:/my_homework/my_vivado_practice/project_practice_week10_on_class/XADC/XADC.srcs/sources_1/new/top_XADC_voltage.v:55]
WARNING: [Synth 8-3295] tying undriven pin top_show_high_low:a_to_g1[0] to constant 0 [D:/my_homework/my_vivado_practice/project_practice_week10_on_class/XADC/XADC.srcs/sources_1/new/top_XADC_voltage.v:55]
WARNING: [Synth 8-3295] tying undriven pin top_show_high_low:a_to_g2[7] to constant 0 [D:/my_homework/my_vivado_practice/project_practice_week10_on_class/XADC/XADC.srcs/sources_1/new/top_XADC_voltage.v:55]
WARNING: [Synth 8-3295] tying undriven pin top_show_high_low:a_to_g2[6] to constant 0 [D:/my_homework/my_vivado_practice/project_practice_week10_on_class/XADC/XADC.srcs/sources_1/new/top_XADC_voltage.v:55]
WARNING: [Synth 8-3295] tying undriven pin top_show_high_low:a_to_g2[5] to constant 0 [D:/my_homework/my_vivado_practice/project_practice_week10_on_class/XADC/XADC.srcs/sources_1/new/top_XADC_voltage.v:55]
WARNING: [Synth 8-3295] tying undriven pin top_show_high_low:a_to_g2[4] to constant 0 [D:/my_homework/my_vivado_practice/project_practice_week10_on_class/XADC/XADC.srcs/sources_1/new/top_XADC_voltage.v:55]
WARNING: [Synth 8-3295] tying undriven pin top_show_high_low:a_to_g2[3] to constant 0 [D:/my_homework/my_vivado_practice/project_practice_week10_on_class/XADC/XADC.srcs/sources_1/new/top_XADC_voltage.v:55]
WARNING: [Synth 8-3295] tying undriven pin top_show_high_low:a_to_g2[2] to constant 0 [D:/my_homework/my_vivado_practice/project_practice_week10_on_class/XADC/XADC.srcs/sources_1/new/top_XADC_voltage.v:55]
WARNING: [Synth 8-3295] tying undriven pin top_show_high_low:a_to_g2[1] to constant 0 [D:/my_homework/my_vivado_practice/project_practice_week10_on_class/XADC/XADC.srcs/sources_1/new/top_XADC_voltage.v:55]
WARNING: [Synth 8-3295] tying undriven pin top_show_high_low:a_to_g2[0] to constant 0 [D:/my_homework/my_vivado_practice/project_practice_week10_on_class/XADC/XADC.srcs/sources_1/new/top_XADC_voltage.v:55]
---------------------------------------------------------------------------------
Start Handling Custom Attributes
---------------------------------------------------------------------------------
---------------------------------------------------------------------------------
Finished Handling Custom Attributes : Time (s): cpu = 00:00:02 ; elapsed = 00:00:02 . Memory (MB): peak = 447.969 ; gain = 154.988
---------------------------------------------------------------------------------
---------------------------------------------------------------------------------
Finished RTL Optimization Phase 1 : Time (s): cpu = 00:00:02 ; elapsed = 00:00:02 . Memory (MB): peak = 447.969 ; gain = 154.988
---------------------------------------------------------------------------------
INFO: [Device 21-403] Loading part xc7a35tcsg324-1
INFO: [Project 1-570] Preparing netlist for logic optimization

Processing XDC Constraints
Initializing timing engine
Parsing XDC File [d:/my_homework/my_vivado_practice/project_practice_week10_on_class/XADC/XADC.srcs/sources_1/ip/xadc_wiz_0/xadc_wiz_0/xadc_wiz_0_in_context.xdc] for cell 'top_xadc/u1'
Finished Parsing XDC File [d:/my_homework/my_vivado_practice/project_practice_week10_on_class/XADC/XADC.srcs/sources_1/ip/xadc_wiz_0/xadc_wiz_0/xadc_wiz_0_in_context.xdc] for cell 'top_xadc/u1'
Parsing XDC File [D:/my_homework/my_vivado_practice/project_practice_week10_on_class/XADC/XADC.srcs/constrs_1/new/XADC_voltage.xdc]
Finished Parsing XDC File [D:/my_homework/my_vivado_practice/project_practice_week10_on_class/XADC/XADC.srcs/constrs_1/new/XADC_voltage.xdc]
INFO: [Project 1-236] Implementation specific constraints were found while reading constraint file [D:/my_homework/my_vivado_practice/project_practice_week10_on_class/XADC/XADC.srcs/constrs_1/new/XADC_voltage.xdc]. These constraints will be ignored for synthesis but will be used in implementation. Impacted constraints are listed in the file [.Xil/top_XADC_voltage_propImpl.xdc].
Resolution: To avoid this warning, move constraints listed in [.Xil/top_XADC_voltage_propImpl.xdc] to another XDC file and exclude this new file from synthesis with the used_in_synthesis property (File Properties dialog in GUI) and re-run elaboration/synthesis.
Netlist sorting complete. Time (s): cpu = 00:00:00 ; elapsed = 00:00:00 . Memory (MB): peak = 766.309 ; gain = 0.000
Completed Processing XDC Constraints

Netlist sorting complete. Time (s): cpu = 00:00:00 ; elapsed = 00:00:00 . Memory (MB): peak = 766.309 ; gain = 0.000
INFO: [Project 1-111] Unisim Transformation Summary:
No Unisim elements were transformed.

Netlist sorting complete. Time (s): cpu = 00:00:00 ; elapsed = 00:00:00 . Memory (MB): peak = 766.309 ; gain = 0.000
Constraint Validation Runtime : Time (s): cpu = 00:00:00 ; elapsed = 00:00:00.002 . Memory (MB): peak = 766.309 ; gain = 0.000
---------------------------------------------------------------------------------
Finished Constraint Validation : Time (s): cpu = 00:00:08 ; elapsed = 00:00:09 . Memory (MB): peak = 766.309 ; gain = 473.328
---------------------------------------------------------------------------------
---------------------------------------------------------------------------------
Start Loading Part and Timing Information
---------------------------------------------------------------------------------
Loading part: xc7a35tcsg324-1
---------------------------------------------------------------------------------
Finished Loading Part and Timing Information : Time (s): cpu = 00:00:08 ; elapsed = 00:00:09 . Memory (MB): peak = 766.309 ; gain = 473.328
---------------------------------------------------------------------------------
---------------------------------------------------------------------------------
Start Applying 'set_property' XDC Constraints
---------------------------------------------------------------------------------
Applied set_property DONT_TOUCH = true for top_xadc/u1. (constraint file  auto generated constraint, line ).
---------------------------------------------------------------------------------
Finished applying 'set_property' XDC Constraints : Time (s): cpu = 00:00:08 ; elapsed = 00:00:09 . Memory (MB): peak = 766.309 ; gain = 473.328
---------------------------------------------------------------------------------
INFO: [Synth 8-5546] ROM "led" won't be mapped to RAM because it is too sparse
INFO: [Synth 8-5845] Not enough pipeline registers after wide multiplier. Recommended levels of pipeline registers is 2 [D:/my_homework/my_vivado_practice/project_practice_week10_on_class/XADC/XADC.srcs/sources_1/new/bin2BCD.v:29]
---------------------------------------------------------------------------------
Finished RTL Optimization Phase 2 : Time (s): cpu = 00:00:09 ; elapsed = 00:00:10 . Memory (MB): peak = 766.309 ; gain = 473.328
---------------------------------------------------------------------------------

Report RTL Partitions: 
+-+--------------+------------+----------+
| |RTL Partition |Replication |Instances |
+-+--------------+------------+----------+
+-+--------------+------------+----------+
---------------------------------------------------------------------------------
Start RTL Component Statistics 
---------------------------------------------------------------------------------
Detailed RTL Component Info : 
+---Adders : 
	   2 Input     21 Bit       Adders := 1     
+---Registers : 
	               21 Bit    Registers := 1     
	               12 Bit    Registers := 1     
	                4 Bit    Registers := 4     
+---Muxes : 
	   2 Input     21 Bit        Muxes := 1     
	  17 Input      8 Bit        Muxes := 2     
	   7 Input      4 Bit        Muxes := 1     
	   6 Input      4 Bit        Muxes := 1     
	   5 Input      4 Bit        Muxes := 1     
	   2 Input      4 Bit        Muxes := 6     
	   4 Input      4 Bit        Muxes := 4     
	   2 Input      1 Bit        Muxes := 2     
---------------------------------------------------------------------------------
Finished RTL Component Statistics 
---------------------------------------------------------------------------------
---------------------------------------------------------------------------------
Start RTL Hierarchical Component Statistics 
---------------------------------------------------------------------------------
Hierarchical RTL Component report 
Module data_output 
Detailed RTL Component Info : 
+---Adders : 
	   2 Input     21 Bit       Adders := 1     
+---Registers : 
	               21 Bit    Registers := 1     
	               12 Bit    Registers := 1     
+---Muxes : 
	   2 Input     21 Bit        Muxes := 1     
	   2 Input      1 Bit        Muxes := 2     
Module bin2BCD 
Detailed RTL Component Info : 
+---Muxes : 
	   7 Input      4 Bit        Muxes := 1     
	   6 Input      4 Bit        Muxes := 1     
	   5 Input      4 Bit        Muxes := 1     
	   2 Input      4 Bit        Muxes := 6     
Module show 
Detailed RTL Component Info : 
+---Registers : 
	                4 Bit    Registers := 2     
+---Muxes : 
	  17 Input      8 Bit        Muxes := 1     
	   4 Input      4 Bit        Muxes := 2     
---------------------------------------------------------------------------------
Finished RTL Hierarchical Component Statistics
---------------------------------------------------------------------------------
---------------------------------------------------------------------------------
Start Part Resource Summary
---------------------------------------------------------------------------------
Part Resources:
DSPs: 90 (col length:60)
BRAMs: 100 (col length: RAMB18 60 RAMB36 30)
---------------------------------------------------------------------------------
Finished Part Resource Summary
---------------------------------------------------------------------------------
---------------------------------------------------------------------------------
Start Cross Boundary and Area Optimization
---------------------------------------------------------------------------------
Warning: Parallel synthesis criteria is not met 
DSP Report: Generating DSP binary20, operation Mode is: (A:0xf4240)*B.
DSP Report: operator binary20 is absorbed into DSP binary20.
DSP Report: operator binary20 is absorbed into DSP binary20.
INFO: [Synth 8-5546] ROM "top_data_output/led" won't be mapped to RAM because it is too sparse
INFO: [Synth 8-3886] merging instance 'top_show_high_low/show_high/an_reg[0]' (FDC) to 'top_show_high_low/show_low/an_reg[0]'
INFO: [Synth 8-3886] merging instance 'top_show_high_low/show_high/an_reg[1]' (FDC) to 'top_show_high_low/show_low/an_reg[1]'
INFO: [Synth 8-3886] merging instance 'top_show_high_low/show_high/an_reg[2]' (FDC) to 'top_show_high_low/show_low/an_reg[2]'
INFO: [Synth 8-3886] merging instance 'top_show_high_low/show_high/an_reg[3]' (FDC) to 'top_show_high_low/show_low/an_reg[3]'
---------------------------------------------------------------------------------
Finished Cross Boundary and Area Optimization : Time (s): cpu = 00:00:15 ; elapsed = 00:00:16 . Memory (MB): peak = 766.309 ; gain = 473.328
---------------------------------------------------------------------------------
---------------------------------------------------------------------------------
Start ROM, RAM, DSP and Shift Register Reporting
---------------------------------------------------------------------------------

DSP: Preliminary Mapping  Report (see note below)
+------------+---------------+--------+--------+--------+--------+--------+------+------+------+------+-------+------+------+
|Module Name | DSP Mapping   | A Size | B Size | C Size | D Size | P Size | AREG | BREG | CREG | DREG | ADREG | MREG | PREG | 
+------------+---------------+--------+--------+--------+--------+--------+------+------+------+------+-------+------+------+
|bin2BCD     | (A:0xf4240)*B | 21     | 18     | -      | -      | 48     | 0    | 0    | -    | -    | -     | 0    | 0    | 
+------------+---------------+--------+--------+--------+--------+--------+------+------+------+------+-------+------+------+

Note: The table above is a preliminary report that shows the DSPs inferred at the current stage of the synthesis flow. Some DSP may be reimplemented as non DSP primitives later in the synthesis flow. Multiple instantiated DSPs are reported only once.
---------------------------------------------------------------------------------
Finished ROM, RAM, DSP and Shift Register Reporting
---------------------------------------------------------------------------------

Report RTL Partitions: 
+-+--------------+------------+----------+
| |RTL Partition |Replication |Instances |
+-+--------------+------------+----------+
+-+--------------+------------+----------+
---------------------------------------------------------------------------------
Start Applying XDC Timing Constraints
---------------------------------------------------------------------------------
---------------------------------------------------------------------------------
Finished Applying XDC Timing Constraints : Time (s): cpu = 00:00:26 ; elapsed = 00:00:28 . Memory (MB): peak = 818.012 ; gain = 525.031
---------------------------------------------------------------------------------
---------------------------------------------------------------------------------
Start Timing Optimization
---------------------------------------------------------------------------------
---------------------------------------------------------------------------------
Finished Timing Optimization : Time (s): cpu = 00:00:26 ; elapsed = 00:00:28 . Memory (MB): peak = 819.117 ; gain = 526.137
---------------------------------------------------------------------------------

Report RTL Partitions: 
+-+--------------+------------+----------+
| |RTL Partition |Replication |Instances |
+-+--------------+------------+----------+
+-+--------------+------------+----------+
---------------------------------------------------------------------------------
Start Technology Mapping
---------------------------------------------------------------------------------
INFO: [Synth 8-5844] Detected registers with asynchronous reset at DSP/BRAM block boundary. Consider using synchronous reset for optimal packing [D:/my_homework/my_vivado_practice/project_practice_week10_on_class/XADC/XADC.srcs/sources_1/new/data_output.v:45]
---------------------------------------------------------------------------------
Finished Technology Mapping : Time (s): cpu = 00:00:27 ; elapsed = 00:00:28 . Memory (MB): peak = 881.309 ; gain = 588.328
---------------------------------------------------------------------------------

Report RTL Partitions: 
+-+--------------+------------+----------+
| |RTL Partition |Replication |Instances |
+-+--------------+------------+----------+
+-+--------------+------------+----------+
---------------------------------------------------------------------------------
Start IO Insertion
---------------------------------------------------------------------------------
---------------------------------------------------------------------------------
Start Flattening Before IO Insertion
---------------------------------------------------------------------------------
---------------------------------------------------------------------------------
Finished Flattening Before IO Insertion
---------------------------------------------------------------------------------
---------------------------------------------------------------------------------
Start Final Netlist Cleanup
---------------------------------------------------------------------------------
---------------------------------------------------------------------------------
Finished Final Netlist Cleanup
---------------------------------------------------------------------------------
---------------------------------------------------------------------------------
Finished IO Insertion : Time (s): cpu = 00:00:28 ; elapsed = 00:00:29 . Memory (MB): peak = 881.309 ; gain = 588.328
---------------------------------------------------------------------------------

Report Check Netlist: 
+------+------------------+-------+---------+-------+------------------+
|      |Item              |Errors |Warnings |Status |Description       |
+------+------------------+-------+---------+-------+------------------+
|1     |multi_driven_nets |      0|        0|Passed |Multi driven nets |
+------+------------------+-------+---------+-------+------------------+
---------------------------------------------------------------------------------
Start Renaming Generated Instances
---------------------------------------------------------------------------------
---------------------------------------------------------------------------------
Finished Renaming Generated Instances : Time (s): cpu = 00:00:28 ; elapsed = 00:00:29 . Memory (MB): peak = 881.309 ; gain = 588.328
---------------------------------------------------------------------------------

Report RTL Partitions: 
+-+--------------+------------+----------+
| |RTL Partition |Replication |Instances |
+-+--------------+------------+----------+
+-+--------------+------------+----------+
---------------------------------------------------------------------------------
Start Rebuilding User Hierarchy
---------------------------------------------------------------------------------
---------------------------------------------------------------------------------
Finished Rebuilding User Hierarchy : Time (s): cpu = 00:00:28 ; elapsed = 00:00:29 . Memory (MB): peak = 881.309 ; gain = 588.328
---------------------------------------------------------------------------------
---------------------------------------------------------------------------------
Start Renaming Generated Ports
---------------------------------------------------------------------------------
---------------------------------------------------------------------------------
Finished Renaming Generated Ports : Time (s): cpu = 00:00:28 ; elapsed = 00:00:29 . Memory (MB): peak = 881.309 ; gain = 588.328
---------------------------------------------------------------------------------
---------------------------------------------------------------------------------
Start Handling Custom Attributes
---------------------------------------------------------------------------------
---------------------------------------------------------------------------------
Finished Handling Custom Attributes : Time (s): cpu = 00:00:28 ; elapsed = 00:00:29 . Memory (MB): peak = 881.309 ; gain = 588.328
---------------------------------------------------------------------------------
---------------------------------------------------------------------------------
Start Renaming Generated Nets
---------------------------------------------------------------------------------
---------------------------------------------------------------------------------
Finished Renaming Generated Nets : Time (s): cpu = 00:00:28 ; elapsed = 00:00:29 . Memory (MB): peak = 881.309 ; gain = 588.328
---------------------------------------------------------------------------------
---------------------------------------------------------------------------------
Start Writing Synthesis Report
---------------------------------------------------------------------------------

Report BlackBoxes: 
+------+--------------+----------+
|      |BlackBox name |Instances |
+------+--------------+----------+
|1     |xadc_wiz_0    |         1|
+------+--------------+----------+

Report Cell Usage: 
+------+-----------+------+
|      |Cell       |Count |
+------+-----------+------+
|1     |xadc_wiz_0 |     1|
|2     |BUFG       |     1|
|3     |CARRY4     |   190|
|4     |DSP48E1    |     1|
|5     |LUT1       |    41|
|6     |LUT2       |   204|
|7     |LUT3       |   182|
|8     |LUT4       |   123|
|9     |LUT5       |   241|
|10    |LUT6       |   326|
|11    |FDCE       |    66|
|12    |IBUF       |     4|
|13    |OBUF       |    36|
+------+-----------+------+

Report Instance Areas: 
+------+--------------------+---------------+------+
|      |Instance            |Module         |Cells |
+------+--------------------+---------------+------+
|1     |top                 |               |  1441|
|2     |  top_bin2BCD       |bin2BCD        |   743|
|3     |  top_data_output   |data_output    |    64|
|4     |  top_show_high_low |show_high_low  |   425|
|5     |    show_high       |show           |   223|
|6     |    show_low        |show_0         |   202|
|7     |  top_xadc          |XADC_channel_1 |    27|
+------+--------------------+---------------+------+
---------------------------------------------------------------------------------
Finished Writing Synthesis Report : Time (s): cpu = 00:00:28 ; elapsed = 00:00:29 . Memory (MB): peak = 881.309 ; gain = 588.328
---------------------------------------------------------------------------------
Synthesis finished with 0 errors, 0 critical warnings and 0 warnings.
Synthesis Optimization Runtime : Time (s): cpu = 00:00:22 ; elapsed = 00:00:24 . Memory (MB): peak = 881.309 ; gain = 269.988
Synthesis Optimization Complete : Time (s): cpu = 00:00:28 ; elapsed = 00:00:29 . Memory (MB): peak = 881.309 ; gain = 588.328
INFO: [Project 1-571] Translating synthesized netlist
INFO: [Netlist 29-17] Analyzing 191 Unisim elements for replacement
INFO: [Netlist 29-28] Unisim Transformation completed in 0 CPU seconds
INFO: [Project 1-570] Preparing netlist for logic optimization
INFO: [Opt 31-138] Pushed 0 inverter(s) to 0 load pin(s).
Netlist sorting complete. Time (s): cpu = 00:00:00 ; elapsed = 00:00:00.001 . Memory (MB): peak = 881.309 ; gain = 0.000
INFO: [Project 1-111] Unisim Transformation Summary:
No Unisim elements were transformed.

INFO: [Common 17-83] Releasing license: Synthesis
35 Infos, 37 Warnings, 0 Critical Warnings and 0 Errors encountered.
synth_design completed successfully
synth_design: Time (s): cpu = 00:00:30 ; elapsed = 00:00:31 . Memory (MB): peak = 881.309 ; gain = 599.805
Netlist sorting complete. Time (s): cpu = 00:00:00 ; elapsed = 00:00:00.001 . Memory (MB): peak = 881.309 ; gain = 0.000
WARNING: [Constraints 18-5210] No constraints selected for write.
Resolution: This message can indicate that there are no constraints for the design, or it can indicate that the used_in flags are set such that the constraints are ignored. This later case is used when running synth_design to not write synthesis constraints to the resulting checkpoint. Instead, project constraints are read when the synthesized design is opened.
INFO: [Common 17-1381] The checkpoint 'D:/my_homework/my_vivado_practice/project_practice_week10_on_class/XADC/XADC.runs/synth_1/top_XADC_voltage.dcp' has been generated.
INFO: [runtcl-4] Executing : report_utilization -file top_XADC_voltage_utilization_synth.rpt -pb top_XADC_voltage_utilization_synth.pb
INFO: [Common 17-206] Exiting Vivado at Sat May 25 18:40:25 2024...
