Copyright 1986-2018 Xilinx, Inc. All Rights Reserved.
------------------------------------------------------------------------------------
| Tool Version : Vivado v.2018.3 (win64) Build 2405991 Thu Dec  6 23:38:27 MST 2018
| Date         : Wed Jun  5 10:05:31 2024
| Host         : LAPTOP-CCNJK6NK running 64-bit major release  (build 9200)
| Command      : report_control_sets -verbose -file top_dds_control_sets_placed.rpt
| Design       : top_dds
| Device       : xc7a35t
------------------------------------------------------------------------------------

Control Set Information

Table of Contents
-----------------
1. Summary
2. Histogram
3. Flip-Flop Distribution
4. Detailed Control Set Information

1. Summary
----------

+----------------------------------------------------------+-------+
|                          Status                          | Count |
+----------------------------------------------------------+-------+
| Number of unique control sets                            |    80 |
| Unused register locations in slices containing registers |   489 |
+----------------------------------------------------------+-------+


2. Histogram
------------

+--------+--------------+
| Fanout | Control Sets |
+--------+--------------+
|      1 |           63 |
|      3 |            2 |
|      8 |            2 |
|     12 |            2 |
|     13 |            1 |
|    16+ |           10 |
+--------+--------------+


3. Flip-Flop Distribution
-------------------------

+--------------+-----------------------+------------------------+-----------------+--------------+
| Clock Enable | Synchronous Set/Reset | Asynchronous Set/Reset | Total Registers | Total Slices |
+--------------+-----------------------+------------------------+-----------------+--------------+
| No           | No                    | No                     |              16 |           11 |
| No           | No                    | Yes                    |             203 |           87 |
| No           | Yes                   | No                     |              22 |           22 |
| Yes          | No                    | No                     |               0 |            0 |
| Yes          | No                    | Yes                    |             198 |           83 |
| Yes          | Yes                   | No                     |               0 |            0 |
+--------------+-----------------------+------------------------+-----------------+--------------+


4. Detailed Control Set Information
-----------------------------------

+--------------------------------------------------------------------------------------------+-----------------------------------------------------+-------------------------------------------------------------------------------------------+------------------+----------------+
|                                        Clock Signal                                        |                    Enable Signal                    |                                      Set/Reset Signal                                     | Slice Load Count | Bel Load Count |
+--------------------------------------------------------------------------------------------+-----------------------------------------------------+-------------------------------------------------------------------------------------------+------------------+----------------+
|  uut_top_wave/uut_XADC_to_data/uut_show_high_low/uut_convert/data_show_reg[0]_LDC_i_1_n_0  |                                                     | uut_top_wave/uut_XADC_to_data/uut_show_high_low/uut_convert/data_show_reg[0]_LDC_i_2_n_0  |                1 |              1 |
|  uut_top_wave/uut_XADC_to_data/uut_show_high_low/uut_convert/data_show_reg[5]_LDC_i_1_n_0  |                                                     | uut_top_wave/uut_XADC_to_data/uut_show_high_low/uut_convert/data_show_reg[5]_LDC_i_2_n_0  |                1 |              1 |
|  uut_top_wave/uut_XADC_to_data/uut_show_high_low/uut_convert/data_show_reg[6]_LDC_i_1_n_0  |                                                     | uut_top_wave/uut_XADC_to_data/uut_show_high_low/uut_convert/data_show_reg[6]_LDC_i_2_n_0  |                1 |              1 |
|  uut_top_wave/uut_XADC_to_data/uut_show_high_low/uut_convert/data_show_reg[1]_LDC_i_1_n_0  |                                                     | uut_top_wave/uut_XADC_to_data/uut_show_high_low/uut_convert/data_show_reg[1]_LDC_i_2_n_0  |                1 |              1 |
|  uut_top_wave/uut_XADC_to_data/uut_show_high_low/uut_convert/data_show_reg[7]_LDC_i_1_n_0  |                                                     | uut_top_wave/uut_XADC_to_data/uut_show_high_low/uut_convert/data_show_reg[7]_LDC_i_2_n_0  |                1 |              1 |
|  uut_top_wave/uut_XADC_to_data/uut_show_high_low/uut_convert/data_show_reg[4]_LDC_i_1_n_0  |                                                     | uut_top_wave/uut_XADC_to_data/uut_show_high_low/uut_convert/data_show_reg[4]_LDC_i_2_n_0  |                1 |              1 |
|  uut_top_wave/uut_XADC_to_data/uut_show_high_low/uut_convert/data_show_reg[11]_LDC_i_2_n_0 |                                                     | uut_top_wave/uut_XADC_to_data/uut_show_high_low/uut_convert/data_show_reg[11]_LDC_i_1_n_0 |                1 |              1 |
|  uut_top_wave/uut_XADC_to_data/uut_show_high_low/uut_convert/data_show_reg[11]_LDC_i_1_n_0 |                                                     | uut_top_wave/uut_XADC_to_data/uut_show_high_low/uut_convert/data_show_reg[11]_LDC_i_2_n_0 |                1 |              1 |
|  uut_top_wave/uut_XADC_to_data/uut_show_high_low/uut_convert/data_show_reg[3]_LDC_i_1_n_0  |                                                     | uut_top_wave/uut_XADC_to_data/uut_show_high_low/uut_convert/data_show_reg[3]_LDC_i_2_n_0  |                1 |              1 |
|  uut_top_wave/uut_XADC_to_data/uut_show_high_low/uut_convert/data_show_reg[2]_LDC_i_1_n_0  |                                                     | uut_top_wave/uut_XADC_to_data/uut_show_high_low/uut_convert/data_show_reg[2]_LDC_i_2_n_0  |                1 |              1 |
|  uut_top_wave/uut_pulse/period_reg[0]_LDC_i_1_n_0                                          |                                                     | uut_top_wave/uut_pulse/period_reg[0]_LDC_i_2_n_0                                          |                1 |              1 |
|  uut_top_wave/uut_pulse/period_reg[11]_LDC_i_1_n_0                                         |                                                     | uut_top_wave/uut_pulse/period_reg[11]_LDC_i_2_n_0                                         |                1 |              1 |
|  uut_top_wave/uut_pulse/period_reg[10]_LDC_i_1_n_0                                         |                                                     | uut_top_wave/uut_pulse/period_reg[10]_LDC_i_2_n_0                                         |                1 |              1 |
|  uut_top_wave/uut_pulse/period_reg[1]_LDC_i_1_n_0                                          |                                                     | uut_top_wave/uut_pulse/period_reg[1]_LDC_i_2_n_0                                          |                1 |              1 |
|  uut_top_wave/uut_pulse/period_reg[2]_LDC_i_1_n_0                                          |                                                     | uut_top_wave/uut_pulse/period_reg[2]_LDC_i_2_n_0                                          |                1 |              1 |
|  uut_top_wave/uut_pulse/period_reg[3]_LDC_i_1_n_0                                          |                                                     | uut_top_wave/uut_pulse/period_reg[3]_LDC_i_2_n_0                                          |                1 |              1 |
|  uut_top_wave/uut_pulse/period_reg[4]_LDC_i_1_n_0                                          |                                                     | uut_top_wave/uut_pulse/period_reg[4]_LDC_i_2_n_0                                          |                1 |              1 |
|  uut_top_wave/uut_pulse/period_reg[5]_LDC_i_1_n_0                                          |                                                     | uut_top_wave/uut_pulse/period_reg[5]_LDC_i_2_n_0                                          |                1 |              1 |
|  uut_top_wave/uut_pulse/period_reg[6]_LDC_i_1_n_0                                          |                                                     | uut_top_wave/uut_pulse/period_reg[6]_LDC_i_2_n_0                                          |                1 |              1 |
|  uut_top_wave/uut_pulse/period_reg[7]_LDC_i_1_n_0                                          |                                                     | uut_top_wave/uut_pulse/period_reg[7]_LDC_i_2_n_0                                          |                1 |              1 |
|  uut_top_wave/uut_pulse/period_reg[8]_LDC_i_1_n_0                                          |                                                     | uut_top_wave/uut_pulse/period_reg[8]_LDC_i_2_n_0                                          |                1 |              1 |
|  uut_top_wave/uut_pulse/period_reg[9]_LDC_i_1_n_0                                          |                                                     | uut_top_wave/uut_pulse/period_reg[9]_LDC_i_2_n_0                                          |                1 |              1 |
|  clk_IBUF_BUFG                                                                             | uut_top_key_and_FSM/uut_FSM_5key/data_show0         | uut_top_wave/uut_XADC_to_data/uut_show_high_low/uut_convert/data_show_reg[3]_LDC_i_1_n_0  |                1 |              1 |
|  clk_IBUF_BUFG                                                                             |                                                     | uut_top_wave/uut_XADC_to_data/uut_show_high_low/uut_convert/data_show_reg[0]_LDC_i_2_n_0  |                1 |              1 |
|  clk_IBUF_BUFG                                                                             |                                                     | uut_top_wave/uut_XADC_to_data/uut_show_high_low/uut_convert/data_show_reg[6]_LDC_i_2_n_0  |                1 |              1 |
|  clk_IBUF_BUFG                                                                             |                                                     | uut_top_wave/uut_XADC_to_data/uut_show_high_low/uut_convert/data_show_reg[7]_LDC_i_2_n_0  |                1 |              1 |
|  clk_IBUF_BUFG                                                                             | uut_top_key_and_FSM/uut_FSM_5key/data_show0         | uut_top_wave/uut_XADC_to_data/uut_show_high_low/uut_convert/data_show_reg[2]_LDC_i_1_n_0  |                1 |              1 |
|  clk_IBUF_BUFG                                                                             |                                                     | uut_top_wave/uut_XADC_to_data/uut_show_high_low/uut_convert/data_show_reg[11]_LDC_i_1_n_0 |                1 |              1 |
|  clk_IBUF_BUFG                                                                             |                                                     | uut_top_wave/uut_XADC_to_data/uut_show_high_low/uut_convert/data_show_reg[5]_LDC_i_2_n_0  |                1 |              1 |
|  clk_IBUF_BUFG                                                                             |                                                     | uut_top_wave/uut_XADC_to_data/uut_show_high_low/uut_convert/data_show_reg[3]_LDC_i_2_n_0  |                1 |              1 |
|  clk_IBUF_BUFG                                                                             |                                                     | uut_top_wave/uut_XADC_to_data/uut_show_high_low/uut_convert/data_show_reg[1]_LDC_i_2_n_0  |                1 |              1 |
|  clk_IBUF_BUFG                                                                             |                                                     | uut_top_wave/uut_XADC_to_data/uut_show_high_low/uut_convert/data_show_reg[2]_LDC_i_2_n_0  |                1 |              1 |
|  clk_IBUF_BUFG                                                                             |                                                     | uut_top_wave/uut_XADC_to_data/uut_show_high_low/uut_convert/data_show_reg[4]_LDC_i_2_n_0  |                1 |              1 |
|  clk_IBUF_BUFG                                                                             |                                                     | uut_top_wave/uut_pulse/period_reg[0]_LDC_i_2_n_0                                          |                1 |              1 |
|  clk_IBUF_BUFG                                                                             |                                                     | uut_top_wave/uut_pulse/period_reg[10]_LDC_i_2_n_0                                         |                1 |              1 |
|  clk_IBUF_BUFG                                                                             |                                                     | uut_top_wave/uut_pulse/period_reg[11]_LDC_i_2_n_0                                         |                1 |              1 |
|  clk_IBUF_BUFG                                                                             |                                                     | uut_top_wave/uut_pulse/period_reg[1]_LDC_i_2_n_0                                          |                1 |              1 |
|  clk_IBUF_BUFG                                                                             |                                                     | uut_top_wave/uut_pulse/period_reg[2]_LDC_i_2_n_0                                          |                1 |              1 |
|  clk_IBUF_BUFG                                                                             |                                                     | uut_top_wave/uut_pulse/period_reg[3]_LDC_i_2_n_0                                          |                1 |              1 |
|  clk_IBUF_BUFG                                                                             |                                                     | uut_top_wave/uut_pulse/period_reg[4]_LDC_i_2_n_0                                          |                1 |              1 |
|  clk_IBUF_BUFG                                                                             |                                                     | uut_top_wave/uut_pulse/period_reg[5]_LDC_i_2_n_0                                          |                1 |              1 |
|  clk_IBUF_BUFG                                                                             |                                                     | uut_top_wave/uut_pulse/period_reg[7]_LDC_i_2_n_0                                          |                1 |              1 |
|  clk_IBUF_BUFG                                                                             |                                                     | uut_top_wave/uut_pulse/period_reg[6]_LDC_i_2_n_0                                          |                1 |              1 |
|  clk_IBUF_BUFG                                                                             |                                                     | uut_top_wave/uut_pulse/period_reg[9]_LDC_i_2_n_0                                          |                1 |              1 |
|  clk_IBUF_BUFG                                                                             |                                                     | uut_top_wave/uut_pulse/period_reg[8]_LDC_i_2_n_0                                          |                1 |              1 |
|  clk_IBUF_BUFG                                                                             | uut_top_key_and_FSM/uut_FSM_5key/frequence_reg_0    | uut_top_wave/uut_pulse/period_reg[0]_LDC_i_1_n_0                                          |                1 |              1 |
|  clk_IBUF_BUFG                                                                             | uut_top_key_and_FSM/uut_FSM_5key/frequence_reg_0    | uut_top_wave/uut_pulse/period_reg[11]_LDC_i_1_n_0                                         |                1 |              1 |
|  clk_IBUF_BUFG                                                                             | uut_top_key_and_FSM/uut_FSM_5key/frequence_reg_0    | uut_top_wave/uut_pulse/period_reg[10]_LDC_i_1_n_0                                         |                1 |              1 |
|  clk_IBUF_BUFG                                                                             | uut_top_key_and_FSM/uut_FSM_5key/frequence_reg_0    | uut_top_wave/uut_pulse/period_reg[1]_LDC_i_1_n_0                                          |                1 |              1 |
|  clk_IBUF_BUFG                                                                             | uut_top_key_and_FSM/uut_FSM_5key/frequence_reg_0    | uut_top_wave/uut_pulse/period_reg[2]_LDC_i_1_n_0                                          |                1 |              1 |
|  clk_IBUF_BUFG                                                                             | uut_top_key_and_FSM/uut_FSM_5key/frequence_reg_0    | uut_top_wave/uut_pulse/period_reg[3]_LDC_i_1_n_0                                          |                1 |              1 |
|  clk_IBUF_BUFG                                                                             | uut_top_key_and_FSM/uut_FSM_5key/frequence_reg_0    | uut_top_wave/uut_pulse/period_reg[4]_LDC_i_1_n_0                                          |                1 |              1 |
|  clk_IBUF_BUFG                                                                             | uut_top_key_and_FSM/uut_FSM_5key/frequence_reg_0    | uut_top_wave/uut_pulse/period_reg[5]_LDC_i_1_n_0                                          |                1 |              1 |
|  clk_IBUF_BUFG                                                                             | uut_top_key_and_FSM/uut_FSM_5key/frequence_reg_0    | uut_top_wave/uut_pulse/period_reg[6]_LDC_i_1_n_0                                          |                1 |              1 |
|  clk_IBUF_BUFG                                                                             | uut_top_key_and_FSM/uut_FSM_5key/frequence_reg_0    | uut_top_wave/uut_pulse/period_reg[7]_LDC_i_1_n_0                                          |                1 |              1 |
|  clk_IBUF_BUFG                                                                             | uut_top_key_and_FSM/uut_FSM_5key/frequence_reg_0    | uut_top_wave/uut_pulse/period_reg[8]_LDC_i_1_n_0                                          |                1 |              1 |
|  clk_IBUF_BUFG                                                                             | uut_top_key_and_FSM/uut_FSM_5key/frequence_reg_0    | uut_top_wave/uut_pulse/period_reg[9]_LDC_i_1_n_0                                          |                1 |              1 |
|  clk_IBUF_BUFG                                                                             | uut_top_key_and_FSM/uut_FSM_5key/data_show0         | uut_top_wave/uut_XADC_to_data/uut_show_high_low/uut_convert/data_show_reg[0]_LDC_i_1_n_0  |                1 |              1 |
|  clk_IBUF_BUFG                                                                             | uut_top_key_and_FSM/uut_FSM_5key/data_show0         | uut_top_wave/uut_XADC_to_data/uut_show_high_low/uut_convert/data_show_reg[5]_LDC_i_1_n_0  |                1 |              1 |
|  clk_IBUF_BUFG                                                                             | uut_top_key_and_FSM/uut_FSM_5key/data_show0         | uut_top_wave/uut_XADC_to_data/uut_show_high_low/uut_convert/data_show_reg[6]_LDC_i_1_n_0  |                1 |              1 |
|  clk_IBUF_BUFG                                                                             | uut_top_key_and_FSM/uut_FSM_5key/data_show0         | uut_top_wave/uut_XADC_to_data/uut_show_high_low/uut_convert/data_show_reg[1]_LDC_i_1_n_0  |                1 |              1 |
|  clk_IBUF_BUFG                                                                             | uut_top_key_and_FSM/uut_FSM_5key/data_show0         | uut_top_wave/uut_XADC_to_data/uut_show_high_low/uut_convert/data_show_reg[4]_LDC_i_1_n_0  |                1 |              1 |
|  clk_IBUF_BUFG                                                                             | uut_top_key_and_FSM/uut_FSM_5key/data_show0         | uut_top_wave/uut_XADC_to_data/uut_show_high_low/uut_convert/data_show_reg[11]_LDC_i_2_n_0 |                1 |              1 |
|  clk_IBUF_BUFG                                                                             |                                                     | uut_top_wave/uut_XADC_to_data/uut_show_high_low/uut_convert/data_show_reg[11]_LDC_i_2_n_0 |                1 |              3 |
|  clk_IBUF_BUFG                                                                             | uut_top_key_and_FSM/uut_FSM_5key/data_show0         | uut_top_wave/uut_XADC_to_data/uut_show_high_low/uut_convert/data_show_reg[11]_LDC_i_1_n_0 |                2 |              3 |
|  clk_IBUF_BUFG                                                                             |                                                     | uut_top_wave/uut_wave/rst_n_1                                                             |                4 |              8 |
|  clk_IBUF_BUFG                                                                             | uut_top_key_and_FSM/uut_FSM_5key/addr0              | uut_top_wave/uut_wave/rst_n                                                               |                2 |              8 |
|  clk_IBUF_BUFG                                                                             | uut_top_key_and_FSM/uut_FSM_5key/frequence_reg_0    | uut_top_wave/uut_wave/rst_n_1                                                             |                4 |             12 |
|  clk_IBUF_BUFG                                                                             | uut_top_wave/uut_XADC_to_data/uut_data_output/led   | uut_top_wave/uut_wave/a_to_g2_OBUF[0]                                                     |                2 |             12 |
|  clk_IBUF_BUFG                                                                             | uut_top_key_and_FSM/uut_FSM_5key/duty_reg_0         | uut_top_wave/uut_wave/rst_n_1                                                             |                6 |             13 |
|  clk_IBUF_BUFG                                                                             |                                                     |                                                                                           |               11 |             16 |
|  clk_IBUF_BUFG                                                                             | uut_top_wave/uut_XADC_to_data/uut_data_output/cnt_0 | uut_top_wave/uut_wave/a_to_g2_OBUF[0]                                                     |                4 |             16 |
|  clk_IBUF_BUFG                                                                             | uut_top_key_and_FSM/uut_FSM_5key/E[0]               | uut_top_wave/uut_wave/rst_n                                                               |                5 |             17 |
|  clk_IBUF_BUFG                                                                             | uut_top_wave/uut_pulse/sam_pulse_reg_0              | uut_top_wave/uut_wave/rst_n                                                               |                6 |             17 |
|  clk_IBUF_BUFG                                                                             | uut_top_key_and_FSM/uut_FSM_5key/data_show0         | uut_top_wave/uut_wave/a_to_g2_OBUF[0]                                                     |                5 |             19 |
|  clk_IBUF_BUFG                                                                             |                                                     | uut_top_wave/uut_wave/a_to_g2_OBUF[0]                                                     |                6 |             21 |
|  clk_IBUF_BUFG                                                                             | uut_top_key_and_FSM/uut_FSM_5key/offset_reg_0       | uut_top_wave/uut_wave/rst_n_1                                                             |                9 |             24 |
|  clk_IBUF_BUFG                                                                             |                                                     | uut_top_wave/uut_wave/rst_n                                                               |               11 |             31 |
|  clk_IBUF_BUFG                                                                             | uut_top_key_and_FSM/uut_FSM_5key/amplitude_reg_0    | uut_top_wave/uut_wave/rst_n_1                                                             |               18 |             37 |
|  clk_IBUF_BUFG                                                                             |                                                     | uut_top_wave/uut_wave/rst_n_0                                                             |               44 |            119 |
+--------------------------------------------------------------------------------------------+-----------------------------------------------------+-------------------------------------------------------------------------------------------+------------------+----------------+


