#-----------------------------------------------------------
# Vivado v2018.3 (64-bit)
# SW Build 2405991 on Thu Dec  6 23:38:27 MST 2018
# IP Build 2404404 on Fri Dec  7 01:43:56 MST 2018
# Start of session at: Sun May 26 09:49:36 2024
# Process ID: 13772
# Current directory: D:/my_homework/my_vivado_practice/DDSwave_geneator/dds_wave_generator
# Command line: vivado.exe -gui_launcher_event rodinguilauncherevent10648 D:\my_homework\my_vivado_practice\DDSwave_geneator\dds_wave_generator\dds_wave_generator.xpr
# Log file: D:/my_homework/my_vivado_practice/DDSwave_geneator/dds_wave_generator/vivado.log
# Journal file: D:/my_homework/my_vivado_practice/DDSwave_geneator/dds_wave_generator\vivado.jou
#-----------------------------------------------------------
start_gui
open_project D:/my_homework/my_vivado_practice/DDSwave_geneator/dds_wave_generator/dds_wave_generator.xpr
CRITICAL WARNING: [Project 1-19] Could not find the file 'D:/my_homework/my_vivado_practice/DDSwave_geneator/Sin_Wave_Rom.coe'.
Scanning sources...
Finished scanning sources
INFO: [IP_Flow 19-234] Refreshing IP repositories
INFO: [IP_Flow 19-1704] No user IP repositories specified
INFO: [IP_Flow 19-2313] Loaded Vivado IP repository 'D:/Xilinx/Vivado/2018.3/data/ip'.
open_project: Time (s): cpu = 00:00:10 ; elapsed = 00:00:09 . Memory (MB): peak = 764.652 ; gain = 153.320
update_compile_order -fileset sources_1
set_property -dict [list CONFIG.coefficient_file {D:/my_homework/my_vivado_practice/DDSwave_geneator/Sin_Wave_Rom.coe}] [get_ips dist_mem_gen_0]
INFO: [IP_Flow 19-3484] Absolute path of file 'd:/my_homework/my_vivado_practice/DDSwave_geneator/Sin_Wave_Rom.coe' provided. It will be converted relative to IP Instance files '../../../../../Sin_Wave_Rom.coe'
export_ip_user_files -of_objects  [get_files D:/my_homework/my_vivado_practice/DDSwave_geneator/dds_wave_generator/dds_wave_generator.srcs/sources_1/ip/dds_compiler_0/dds_compiler_0.xci] -no_script -reset -force -quiet
remove_files  D:/my_homework/my_vivado_practice/DDSwave_geneator/dds_wave_generator/dds_wave_generator.srcs/sources_1/ip/dds_compiler_0/dds_compiler_0.xci
file delete -force D:/my_homework/my_vivado_practice/DDSwave_geneator/dds_wave_generator/dds_wave_generator.srcs/sources_1/ip/dds_compiler_0
update_compile_order -fileset sources_1
update_compile_order -fileset sources_1
close [ open D:/my_homework/my_vivado_practice/DDSwave_geneator/dds_wave_generator/dds_wave_generator.srcs/sources_1/new/top_dds.v w ]
add_files D:/my_homework/my_vivado_practice/DDSwave_geneator/dds_wave_generator/dds_wave_generator.srcs/sources_1/new/top_dds.v
update_compile_order -fileset sources_1
update_compile_order -fileset sources_1
update_compile_order -fileset sources_1
synth_design -rtl -name rtl_1
Command: synth_design -rtl -name rtl_1
Starting synth_design
Using part: xc7a35tcsg324-1
Top: top_dds
---------------------------------------------------------------------------------
Starting RTL Elaboration : Time (s): cpu = 00:00:02 ; elapsed = 00:00:02 . Memory (MB): peak = 990.582 ; gain = 0.000
---------------------------------------------------------------------------------
INFO: [Synth 8-6157] synthesizing module 'top_dds' [D:/my_homework/my_vivado_practice/DDSwave_geneator/dds_wave_generator/dds_wave_generator.srcs/sources_1/new/top_dds.v:23]
INFO: [Synth 8-6157] synthesizing module 'top_wave' [D:/my_homework/my_vivado_practice/DDSwave_geneator/dds_wave_generator/dds_wave_generator.srcs/sources_1/new/top_square.v:23]
WARNING: [Synth 8-6104] Input port 'ILE' has an internal driver [D:/my_homework/my_vivado_practice/DDSwave_geneator/dds_wave_generator/dds_wave_generator.srcs/sources_1/new/top_square.v:49]
WARNING: [Synth 8-6104] Input port 'CS_n' has an internal driver [D:/my_homework/my_vivado_practice/DDSwave_geneator/dds_wave_generator/dds_wave_generator.srcs/sources_1/new/top_square.v:50]
WARNING: [Synth 8-6104] Input port 'WR1_n' has an internal driver [D:/my_homework/my_vivado_practice/DDSwave_geneator/dds_wave_generator/dds_wave_generator.srcs/sources_1/new/top_square.v:51]
WARNING: [Synth 8-6104] Input port 'WR2_n' has an internal driver [D:/my_homework/my_vivado_practice/DDSwave_geneator/dds_wave_generator/dds_wave_generator.srcs/sources_1/new/top_square.v:52]
WARNING: [Synth 8-6104] Input port 'XFER_n' has an internal driver [D:/my_homework/my_vivado_practice/DDSwave_geneator/dds_wave_generator/dds_wave_generator.srcs/sources_1/new/top_square.v:53]
INFO: [Synth 8-6157] synthesizing module 'XADC_to_data' [D:/my_homework/my_vivado_practice/DDSwave_geneator/dds_wave_generator/dds_wave_generator.srcs/sources_1/new/XADC_to_data.v:23]
INFO: [Synth 8-6157] synthesizing module 'XADC_channel_1' [D:/my_homework/my_vivado_practice/DDSwave_geneator/dds_wave_generator/dds_wave_generator.srcs/sources_1/new/XADC_channel_1.v:23]
INFO: [Synth 8-6157] synthesizing module 'xadc_wiz_0' [D:/my_homework/my_vivado_practice/DDSwave_geneator/dds_wave_generator/.Xil/Vivado-13772-LAPTOP-CCNJK6NK/realtime/xadc_wiz_0_stub.v:5]
INFO: [Synth 8-6155] done synthesizing module 'xadc_wiz_0' (1#1) [D:/my_homework/my_vivado_practice/DDSwave_geneator/dds_wave_generator/.Xil/Vivado-13772-LAPTOP-CCNJK6NK/realtime/xadc_wiz_0_stub.v:5]
INFO: [Synth 8-6155] done synthesizing module 'XADC_channel_1' (2#1) [D:/my_homework/my_vivado_practice/DDSwave_geneator/dds_wave_generator/dds_wave_generator.srcs/sources_1/new/XADC_channel_1.v:23]
INFO: [Synth 8-6157] synthesizing module 'data_output' [D:/my_homework/my_vivado_practice/DDSwave_geneator/dds_wave_generator/dds_wave_generator.srcs/sources_1/new/data_output.v:23]
INFO: [Synth 8-6155] done synthesizing module 'data_output' (3#1) [D:/my_homework/my_vivado_practice/DDSwave_geneator/dds_wave_generator/dds_wave_generator.srcs/sources_1/new/data_output.v:23]
INFO: [Synth 8-6157] synthesizing module 'bin2BCD' [D:/my_homework/my_vivado_practice/DDSwave_geneator/dds_wave_generator/dds_wave_generator.srcs/sources_1/new/bin2BCD.v:23]
INFO: [Synth 8-6155] done synthesizing module 'bin2BCD' (4#1) [D:/my_homework/my_vivado_practice/DDSwave_geneator/dds_wave_generator/dds_wave_generator.srcs/sources_1/new/bin2BCD.v:23]
INFO: [Synth 8-6157] synthesizing module 'show' [D:/my_homework/my_vivado_practice/DDSwave_geneator/dds_wave_generator/dds_wave_generator.srcs/sources_1/new/show.v:23]
INFO: [Synth 8-226] default block is never used [D:/my_homework/my_vivado_practice/DDSwave_geneator/dds_wave_generator/dds_wave_generator.srcs/sources_1/new/show.v:129]
INFO: [Synth 8-6155] done synthesizing module 'show' (5#1) [D:/my_homework/my_vivado_practice/DDSwave_geneator/dds_wave_generator/dds_wave_generator.srcs/sources_1/new/show.v:23]
INFO: [Synth 8-6155] done synthesizing module 'XADC_to_data' (6#1) [D:/my_homework/my_vivado_practice/DDSwave_geneator/dds_wave_generator/dds_wave_generator.srcs/sources_1/new/XADC_to_data.v:23]
INFO: [Synth 8-6157] synthesizing module 'pulse' [D:/my_homework/my_vivado_practice/DDSwave_geneator/dds_wave_generator/dds_wave_generator.srcs/sources_1/new/pulse.v:23]
	Parameter total bound to: 100000000 - type: integer 
	Parameter sam_freq bound to: 256 - type: integer 
WARNING: [Synth 8-5788] Register period_reg in module pulse is has both Set and reset with same priority. This may cause simulation mismatches. Consider rewriting code  [D:/my_homework/my_vivado_practice/DDSwave_geneator/dds_wave_generator/dds_wave_generator.srcs/sources_1/new/pulse.v:38]
INFO: [Synth 8-6155] done synthesizing module 'pulse' (7#1) [D:/my_homework/my_vivado_practice/DDSwave_geneator/dds_wave_generator/dds_wave_generator.srcs/sources_1/new/pulse.v:23]
INFO: [Synth 8-6157] synthesizing module 'wave' [D:/my_homework/my_vivado_practice/DDSwave_geneator/dds_wave_generator/dds_wave_generator.srcs/sources_1/new/wave.v:23]
INFO: [Synth 8-6157] synthesizing module 'square_wave' [D:/my_homework/my_vivado_practice/DDSwave_geneator/dds_wave_generator/dds_wave_generator.srcs/sources_1/new/square_wave.v:23]
INFO: [Synth 8-6155] done synthesizing module 'square_wave' (8#1) [D:/my_homework/my_vivado_practice/DDSwave_geneator/dds_wave_generator/dds_wave_generator.srcs/sources_1/new/square_wave.v:23]
INFO: [Synth 8-6157] synthesizing module 'sine_wave' [D:/my_homework/my_vivado_practice/DDSwave_geneator/dds_wave_generator/dds_wave_generator.srcs/sources_1/new/sin_wave.v:23]
INFO: [Synth 8-6157] synthesizing module 'dist_mem_gen_0' [D:/my_homework/my_vivado_practice/DDSwave_geneator/dds_wave_generator/.Xil/Vivado-13772-LAPTOP-CCNJK6NK/realtime/dist_mem_gen_0_stub.v:6]
INFO: [Synth 8-6155] done synthesizing module 'dist_mem_gen_0' (9#1) [D:/my_homework/my_vivado_practice/DDSwave_geneator/dds_wave_generator/.Xil/Vivado-13772-LAPTOP-CCNJK6NK/realtime/dist_mem_gen_0_stub.v:6]
INFO: [Synth 8-6155] done synthesizing module 'sine_wave' (10#1) [D:/my_homework/my_vivado_practice/DDSwave_geneator/dds_wave_generator/dds_wave_generator.srcs/sources_1/new/sin_wave.v:23]
INFO: [Synth 8-6157] synthesizing module 'triangle_wave' [D:/my_homework/my_vivado_practice/DDSwave_geneator/dds_wave_generator/dds_wave_generator.srcs/sources_1/new/triangle_wave.v:23]
INFO: [Synth 8-6155] done synthesizing module 'triangle_wave' (11#1) [D:/my_homework/my_vivado_practice/DDSwave_geneator/dds_wave_generator/dds_wave_generator.srcs/sources_1/new/triangle_wave.v:23]
INFO: [Synth 8-6157] synthesizing module 'select_wave' [D:/my_homework/my_vivado_practice/DDSwave_geneator/dds_wave_generator/dds_wave_generator.srcs/sources_1/new/select_wave.v:23]
INFO: [Synth 8-6155] done synthesizing module 'select_wave' (12#1) [D:/my_homework/my_vivado_practice/DDSwave_geneator/dds_wave_generator/dds_wave_generator.srcs/sources_1/new/select_wave.v:23]
INFO: [Synth 8-6155] done synthesizing module 'wave' (13#1) [D:/my_homework/my_vivado_practice/DDSwave_geneator/dds_wave_generator/dds_wave_generator.srcs/sources_1/new/wave.v:23]
INFO: [Synth 8-6155] done synthesizing module 'top_wave' (14#1) [D:/my_homework/my_vivado_practice/DDSwave_geneator/dds_wave_generator/dds_wave_generator.srcs/sources_1/new/top_square.v:23]
INFO: [Synth 8-6157] synthesizing module 'top_dds_wave_generator' [D:/my_homework/my_vivado_practice/DDSwave_geneator/dds_wave_generator/dds_wave_generator.srcs/sources_1/new/top_dds_wave_generator.v:23]
INFO: [Synth 8-6157] synthesizing module 'get_key' [D:/my_homework/my_vivado_practice/DDSwave_geneator/dds_wave_generator/dds_wave_generator.srcs/sources_1/new/get_key.v:23]
INFO: [Synth 8-6157] synthesizing module 'key_debounce' [D:/my_homework/my_vivado_practice/DDSwave_geneator/dds_wave_generator/dds_wave_generator.srcs/sources_1/new/key_debounce.v:23]
	Parameter DELAY_YIME bound to: 21'b101101110001101100000 
WARNING: [Synth 8-6014] Unused sequential element key_value_reg was removed.  [D:/my_homework/my_vivado_practice/DDSwave_geneator/dds_wave_generator/dds_wave_generator.srcs/sources_1/new/key_debounce.v:50]
WARNING: [Synth 8-6014] Unused sequential element key_n_flag_reg was removed.  [D:/my_homework/my_vivado_practice/DDSwave_geneator/dds_wave_generator/dds_wave_generator.srcs/sources_1/new/key_debounce.v:62]
INFO: [Synth 8-6155] done synthesizing module 'key_debounce' (15#1) [D:/my_homework/my_vivado_practice/DDSwave_geneator/dds_wave_generator/dds_wave_generator.srcs/sources_1/new/key_debounce.v:23]
INFO: [Synth 8-6155] done synthesizing module 'get_key' (16#1) [D:/my_homework/my_vivado_practice/DDSwave_geneator/dds_wave_generator/dds_wave_generator.srcs/sources_1/new/get_key.v:23]
INFO: [Synth 8-6157] synthesizing module 'FSM' [D:/my_homework/my_vivado_practice/DDSwave_geneator/dds_wave_generator/dds_wave_generator.srcs/sources_1/new/FSM.v:23]
	Parameter SQUARE bound to: 4'b0000 
	Parameter SQUARE_FREQUENCE bound to: 4'b0001 
	Parameter SQUARE_OFFSET bound to: 4'b0010 
	Parameter SQUARE_AMPLITUDE bound to: 4'b0011 
	Parameter SQUARE_DUTY bound to: 4'b0100 
	Parameter SINE bound to: 4'b0101 
	Parameter SINE_FREQUENCE bound to: 4'b0110 
	Parameter SINE_OFFSET bound to: 4'b0111 
	Parameter SINE_AMPLITUDE bound to: 4'b1000 
	Parameter TRIANGLE bound to: 4'b1001 
	Parameter TRIANGLE_FREQUENCE bound to: 4'b1010 
	Parameter TRIANGLE_OFFSET bound to: 4'b1011 
	Parameter TRIANGLE_AMPLITUDE bound to: 4'b1100 
INFO: [Synth 8-6155] done synthesizing module 'FSM' (17#1) [D:/my_homework/my_vivado_practice/DDSwave_geneator/dds_wave_generator/dds_wave_generator.srcs/sources_1/new/FSM.v:23]
INFO: [Synth 8-6155] done synthesizing module 'top_dds_wave_generator' (18#1) [D:/my_homework/my_vivado_practice/DDSwave_geneator/dds_wave_generator/dds_wave_generator.srcs/sources_1/new/top_dds_wave_generator.v:23]
INFO: [Synth 8-6155] done synthesizing module 'top_dds' (19#1) [D:/my_homework/my_vivado_practice/DDSwave_geneator/dds_wave_generator/dds_wave_generator.srcs/sources_1/new/top_dds.v:23]
WARNING: [Synth 8-3331] design data_output has unconnected port do_out[3]
WARNING: [Synth 8-3331] design data_output has unconnected port do_out[2]
WARNING: [Synth 8-3331] design data_output has unconnected port do_out[1]
WARNING: [Synth 8-3331] design data_output has unconnected port do_out[0]
WARNING: [Synth 8-3331] design top_wave has unconnected port ILE
WARNING: [Synth 8-3331] design top_wave has unconnected port CS_n
WARNING: [Synth 8-3331] design top_wave has unconnected port WR1_n
WARNING: [Synth 8-3331] design top_wave has unconnected port WR2_n
WARNING: [Synth 8-3331] design top_wave has unconnected port XFER_n
WARNING: [Synth 8-3331] design top_wave has unconnected port offset_valid
WARNING: [Synth 8-3331] design top_wave has unconnected port amplitude_valid
WARNING: [Synth 8-3331] design top_wave has unconnected port duty_valid
WARNING: [Synth 8-3331] design top_dds has unconnected port vauxn1
WARNING: [Synth 8-3331] design top_dds has unconnected port WR1_n
---------------------------------------------------------------------------------
Finished RTL Elaboration : Time (s): cpu = 00:00:03 ; elapsed = 00:00:02 . Memory (MB): peak = 990.582 ; gain = 0.000
---------------------------------------------------------------------------------

Report Check Netlist: 
+------+------------------+-------+---------+-------+------------------+
|      |Item              |Errors |Warnings |Status |Description       |
+------+------------------+-------+---------+-------+------------------+
|1     |multi_driven_nets |      0|        0|Passed |Multi driven nets |
+------+------------------+-------+---------+-------+------------------+
---------------------------------------------------------------------------------
Start Handling Custom Attributes
---------------------------------------------------------------------------------
---------------------------------------------------------------------------------
Finished Handling Custom Attributes : Time (s): cpu = 00:00:03 ; elapsed = 00:00:02 . Memory (MB): peak = 990.582 ; gain = 0.000
---------------------------------------------------------------------------------
---------------------------------------------------------------------------------
Finished RTL Optimization Phase 1 : Time (s): cpu = 00:00:03 ; elapsed = 00:00:02 . Memory (MB): peak = 990.582 ; gain = 0.000
---------------------------------------------------------------------------------
INFO: [Project 1-454] Reading design checkpoint 'd:/my_homework/my_vivado_practice/DDSwave_geneator/dds_wave_generator/dds_wave_generator.srcs/sources_1/ip/xadc_wiz_0/xadc_wiz_0.dcp' for cell 'uut_top_wave/uut_XADC_to_data/uut_XADC_channel_1/u1'
INFO: [Project 1-454] Reading design checkpoint 'd:/my_homework/my_vivado_practice/DDSwave_geneator/dds_wave_generator/dds_wave_generator.srcs/sources_1/ip/dist_mem_gen_0/dist_mem_gen_0.dcp' for cell 'uut_top_wave/uut_wave/uut_sine_wave/u_sin_wave'
INFO: [Netlist 29-17] Analyzing 17 Unisim elements for replacement
INFO: [Netlist 29-28] Unisim Transformation completed in 0 CPU seconds
INFO: [Project 1-479] Netlist was created with Vivado 2018.3
INFO: [Device 21-403] Loading part xc7a35tcsg324-1
INFO: [Project 1-570] Preparing netlist for logic optimization
INFO: [Opt 31-140] Inserted 2 IBUFs to IO ports without IO buffers.
CRITICAL WARNING: [Shape Builder 18-119] Failed to create SYSMON shape for instance uut_top_wave/uut_XADC_to_data/uut_XADC_channel_1/u1/inst. Failed to add instance vauxp1_IBUF_inst to a new Sysmon shape. The instance already belongs to a shape and its new location conflicts with the one in the existing shape.

Processing XDC Constraints
Initializing timing engine
Parsing XDC File [d:/my_homework/my_vivado_practice/DDSwave_geneator/dds_wave_generator/dds_wave_generator.srcs/sources_1/ip/xadc_wiz_0/xadc_wiz_0.xdc] for cell 'uut_top_wave/uut_XADC_to_data/uut_XADC_channel_1/u1/inst'
Finished Parsing XDC File [d:/my_homework/my_vivado_practice/DDSwave_geneator/dds_wave_generator/dds_wave_generator.srcs/sources_1/ip/xadc_wiz_0/xadc_wiz_0.xdc] for cell 'uut_top_wave/uut_XADC_to_data/uut_XADC_channel_1/u1/inst'
Parsing XDC File [D:/my_homework/my_vivado_practice/DDSwave_geneator/dds_wave_generator/dds_wave_generator.srcs/constrs_1/new/XADC_voltage.xdc]
Finished Parsing XDC File [D:/my_homework/my_vivado_practice/DDSwave_geneator/dds_wave_generator/dds_wave_generator.srcs/constrs_1/new/XADC_voltage.xdc]
Completed Processing XDC Constraints

INFO: [Opt 31-138] Pushed 0 inverter(s) to 0 load pin(s).
Netlist sorting complete. Time (s): cpu = 00:00:00 ; elapsed = 00:00:00.001 . Memory (MB): peak = 1319.188 ; gain = 0.000
INFO: [Project 1-111] Unisim Transformation Summary:
No Unisim elements were transformed.

RTL Elaboration Complete:  : Time (s): cpu = 00:00:11 ; elapsed = 00:00:11 . Memory (MB): peak = 1347.426 ; gain = 356.844
49 Infos, 22 Warnings, 1 Critical Warnings and 0 Errors encountered.
synth_design completed successfully
synth_design: Time (s): cpu = 00:00:11 ; elapsed = 00:00:11 . Memory (MB): peak = 1347.426 ; gain = 356.844
close_design
synth_design -rtl -name rtl_1
Command: synth_design -rtl -name rtl_1
Starting synth_design
Using part: xc7a35tcsg324-1
Top: top_dds
---------------------------------------------------------------------------------
Starting RTL Elaboration : Time (s): cpu = 00:00:02 ; elapsed = 00:00:02 . Memory (MB): peak = 1401.289 ; gain = 0.000
---------------------------------------------------------------------------------
INFO: [Synth 8-6157] synthesizing module 'top_dds' [D:/my_homework/my_vivado_practice/DDSwave_geneator/dds_wave_generator/dds_wave_generator.srcs/sources_1/new/top_dds.v:23]
INFO: [Synth 8-6157] synthesizing module 'top_wave' [D:/my_homework/my_vivado_practice/DDSwave_geneator/dds_wave_generator/dds_wave_generator.srcs/sources_1/new/top_square.v:23]
WARNING: [Synth 8-6104] Input port 'ILE' has an internal driver [D:/my_homework/my_vivado_practice/DDSwave_geneator/dds_wave_generator/dds_wave_generator.srcs/sources_1/new/top_square.v:49]
WARNING: [Synth 8-6104] Input port 'CS_n' has an internal driver [D:/my_homework/my_vivado_practice/DDSwave_geneator/dds_wave_generator/dds_wave_generator.srcs/sources_1/new/top_square.v:50]
WARNING: [Synth 8-6104] Input port 'WR1_n' has an internal driver [D:/my_homework/my_vivado_practice/DDSwave_geneator/dds_wave_generator/dds_wave_generator.srcs/sources_1/new/top_square.v:51]
WARNING: [Synth 8-6104] Input port 'WR2_n' has an internal driver [D:/my_homework/my_vivado_practice/DDSwave_geneator/dds_wave_generator/dds_wave_generator.srcs/sources_1/new/top_square.v:52]
WARNING: [Synth 8-6104] Input port 'XFER_n' has an internal driver [D:/my_homework/my_vivado_practice/DDSwave_geneator/dds_wave_generator/dds_wave_generator.srcs/sources_1/new/top_square.v:53]
INFO: [Synth 8-6157] synthesizing module 'XADC_to_data' [D:/my_homework/my_vivado_practice/DDSwave_geneator/dds_wave_generator/dds_wave_generator.srcs/sources_1/new/XADC_to_data.v:23]
INFO: [Synth 8-6157] synthesizing module 'XADC_channel_1' [D:/my_homework/my_vivado_practice/DDSwave_geneator/dds_wave_generator/dds_wave_generator.srcs/sources_1/new/XADC_channel_1.v:23]
INFO: [Synth 8-6157] synthesizing module 'xadc_wiz_0' [D:/my_homework/my_vivado_practice/DDSwave_geneator/dds_wave_generator/.Xil/Vivado-13772-LAPTOP-CCNJK6NK/realtime/xadc_wiz_0_stub.v:5]
INFO: [Synth 8-6155] done synthesizing module 'xadc_wiz_0' (1#1) [D:/my_homework/my_vivado_practice/DDSwave_geneator/dds_wave_generator/.Xil/Vivado-13772-LAPTOP-CCNJK6NK/realtime/xadc_wiz_0_stub.v:5]
INFO: [Synth 8-6155] done synthesizing module 'XADC_channel_1' (2#1) [D:/my_homework/my_vivado_practice/DDSwave_geneator/dds_wave_generator/dds_wave_generator.srcs/sources_1/new/XADC_channel_1.v:23]
INFO: [Synth 8-6157] synthesizing module 'data_output' [D:/my_homework/my_vivado_practice/DDSwave_geneator/dds_wave_generator/dds_wave_generator.srcs/sources_1/new/data_output.v:23]
INFO: [Synth 8-6155] done synthesizing module 'data_output' (3#1) [D:/my_homework/my_vivado_practice/DDSwave_geneator/dds_wave_generator/dds_wave_generator.srcs/sources_1/new/data_output.v:23]
INFO: [Synth 8-6157] synthesizing module 'bin2BCD' [D:/my_homework/my_vivado_practice/DDSwave_geneator/dds_wave_generator/dds_wave_generator.srcs/sources_1/new/bin2BCD.v:23]
INFO: [Synth 8-6155] done synthesizing module 'bin2BCD' (4#1) [D:/my_homework/my_vivado_practice/DDSwave_geneator/dds_wave_generator/dds_wave_generator.srcs/sources_1/new/bin2BCD.v:23]
INFO: [Synth 8-6157] synthesizing module 'show' [D:/my_homework/my_vivado_practice/DDSwave_geneator/dds_wave_generator/dds_wave_generator.srcs/sources_1/new/show.v:23]
INFO: [Synth 8-226] default block is never used [D:/my_homework/my_vivado_practice/DDSwave_geneator/dds_wave_generator/dds_wave_generator.srcs/sources_1/new/show.v:129]
INFO: [Synth 8-6155] done synthesizing module 'show' (5#1) [D:/my_homework/my_vivado_practice/DDSwave_geneator/dds_wave_generator/dds_wave_generator.srcs/sources_1/new/show.v:23]
INFO: [Synth 8-6155] done synthesizing module 'XADC_to_data' (6#1) [D:/my_homework/my_vivado_practice/DDSwave_geneator/dds_wave_generator/dds_wave_generator.srcs/sources_1/new/XADC_to_data.v:23]
INFO: [Synth 8-6157] synthesizing module 'pulse' [D:/my_homework/my_vivado_practice/DDSwave_geneator/dds_wave_generator/dds_wave_generator.srcs/sources_1/new/pulse.v:23]
	Parameter total bound to: 100000000 - type: integer 
	Parameter sam_freq bound to: 256 - type: integer 
WARNING: [Synth 8-5788] Register period_reg in module pulse is has both Set and reset with same priority. This may cause simulation mismatches. Consider rewriting code  [D:/my_homework/my_vivado_practice/DDSwave_geneator/dds_wave_generator/dds_wave_generator.srcs/sources_1/new/pulse.v:38]
INFO: [Synth 8-6155] done synthesizing module 'pulse' (7#1) [D:/my_homework/my_vivado_practice/DDSwave_geneator/dds_wave_generator/dds_wave_generator.srcs/sources_1/new/pulse.v:23]
INFO: [Synth 8-6157] synthesizing module 'wave' [D:/my_homework/my_vivado_practice/DDSwave_geneator/dds_wave_generator/dds_wave_generator.srcs/sources_1/new/wave.v:23]
INFO: [Synth 8-6157] synthesizing module 'square_wave' [D:/my_homework/my_vivado_practice/DDSwave_geneator/dds_wave_generator/dds_wave_generator.srcs/sources_1/new/square_wave.v:23]
INFO: [Synth 8-6155] done synthesizing module 'square_wave' (8#1) [D:/my_homework/my_vivado_practice/DDSwave_geneator/dds_wave_generator/dds_wave_generator.srcs/sources_1/new/square_wave.v:23]
INFO: [Synth 8-6157] synthesizing module 'sine_wave' [D:/my_homework/my_vivado_practice/DDSwave_geneator/dds_wave_generator/dds_wave_generator.srcs/sources_1/new/sin_wave.v:23]
INFO: [Synth 8-6157] synthesizing module 'dist_mem_gen_0' [D:/my_homework/my_vivado_practice/DDSwave_geneator/dds_wave_generator/.Xil/Vivado-13772-LAPTOP-CCNJK6NK/realtime/dist_mem_gen_0_stub.v:6]
INFO: [Synth 8-6155] done synthesizing module 'dist_mem_gen_0' (9#1) [D:/my_homework/my_vivado_practice/DDSwave_geneator/dds_wave_generator/.Xil/Vivado-13772-LAPTOP-CCNJK6NK/realtime/dist_mem_gen_0_stub.v:6]
INFO: [Synth 8-6155] done synthesizing module 'sine_wave' (10#1) [D:/my_homework/my_vivado_practice/DDSwave_geneator/dds_wave_generator/dds_wave_generator.srcs/sources_1/new/sin_wave.v:23]
INFO: [Synth 8-6157] synthesizing module 'triangle_wave' [D:/my_homework/my_vivado_practice/DDSwave_geneator/dds_wave_generator/dds_wave_generator.srcs/sources_1/new/triangle_wave.v:23]
INFO: [Synth 8-6155] done synthesizing module 'triangle_wave' (11#1) [D:/my_homework/my_vivado_practice/DDSwave_geneator/dds_wave_generator/dds_wave_generator.srcs/sources_1/new/triangle_wave.v:23]
INFO: [Synth 8-6157] synthesizing module 'select_wave' [D:/my_homework/my_vivado_practice/DDSwave_geneator/dds_wave_generator/dds_wave_generator.srcs/sources_1/new/select_wave.v:23]
INFO: [Synth 8-6155] done synthesizing module 'select_wave' (12#1) [D:/my_homework/my_vivado_practice/DDSwave_geneator/dds_wave_generator/dds_wave_generator.srcs/sources_1/new/select_wave.v:23]
INFO: [Synth 8-6155] done synthesizing module 'wave' (13#1) [D:/my_homework/my_vivado_practice/DDSwave_geneator/dds_wave_generator/dds_wave_generator.srcs/sources_1/new/wave.v:23]
INFO: [Synth 8-6155] done synthesizing module 'top_wave' (14#1) [D:/my_homework/my_vivado_practice/DDSwave_geneator/dds_wave_generator/dds_wave_generator.srcs/sources_1/new/top_square.v:23]
INFO: [Synth 8-6157] synthesizing module 'top_dds_wave_generator' [D:/my_homework/my_vivado_practice/DDSwave_geneator/dds_wave_generator/dds_wave_generator.srcs/sources_1/new/top_dds_wave_generator.v:23]
INFO: [Synth 8-6157] synthesizing module 'get_key' [D:/my_homework/my_vivado_practice/DDSwave_geneator/dds_wave_generator/dds_wave_generator.srcs/sources_1/new/get_key.v:23]
INFO: [Synth 8-6157] synthesizing module 'key_debounce' [D:/my_homework/my_vivado_practice/DDSwave_geneator/dds_wave_generator/dds_wave_generator.srcs/sources_1/new/key_debounce.v:23]
	Parameter DELAY_YIME bound to: 21'b101101110001101100000 
WARNING: [Synth 8-6014] Unused sequential element key_value_reg was removed.  [D:/my_homework/my_vivado_practice/DDSwave_geneator/dds_wave_generator/dds_wave_generator.srcs/sources_1/new/key_debounce.v:50]
WARNING: [Synth 8-6014] Unused sequential element key_n_flag_reg was removed.  [D:/my_homework/my_vivado_practice/DDSwave_geneator/dds_wave_generator/dds_wave_generator.srcs/sources_1/new/key_debounce.v:62]
INFO: [Synth 8-6155] done synthesizing module 'key_debounce' (15#1) [D:/my_homework/my_vivado_practice/DDSwave_geneator/dds_wave_generator/dds_wave_generator.srcs/sources_1/new/key_debounce.v:23]
INFO: [Synth 8-6155] done synthesizing module 'get_key' (16#1) [D:/my_homework/my_vivado_practice/DDSwave_geneator/dds_wave_generator/dds_wave_generator.srcs/sources_1/new/get_key.v:23]
INFO: [Synth 8-6157] synthesizing module 'FSM' [D:/my_homework/my_vivado_practice/DDSwave_geneator/dds_wave_generator/dds_wave_generator.srcs/sources_1/new/FSM.v:23]
	Parameter SQUARE bound to: 4'b0000 
	Parameter SQUARE_FREQUENCE bound to: 4'b0001 
	Parameter SQUARE_OFFSET bound to: 4'b0010 
	Parameter SQUARE_AMPLITUDE bound to: 4'b0011 
	Parameter SQUARE_DUTY bound to: 4'b0100 
	Parameter SINE bound to: 4'b0101 
	Parameter SINE_FREQUENCE bound to: 4'b0110 
	Parameter SINE_OFFSET bound to: 4'b0111 
	Parameter SINE_AMPLITUDE bound to: 4'b1000 
	Parameter TRIANGLE bound to: 4'b1001 
	Parameter TRIANGLE_FREQUENCE bound to: 4'b1010 
	Parameter TRIANGLE_OFFSET bound to: 4'b1011 
	Parameter TRIANGLE_AMPLITUDE bound to: 4'b1100 
INFO: [Synth 8-6155] done synthesizing module 'FSM' (17#1) [D:/my_homework/my_vivado_practice/DDSwave_geneator/dds_wave_generator/dds_wave_generator.srcs/sources_1/new/FSM.v:23]
INFO: [Synth 8-6155] done synthesizing module 'top_dds_wave_generator' (18#1) [D:/my_homework/my_vivado_practice/DDSwave_geneator/dds_wave_generator/dds_wave_generator.srcs/sources_1/new/top_dds_wave_generator.v:23]
INFO: [Synth 8-6155] done synthesizing module 'top_dds' (19#1) [D:/my_homework/my_vivado_practice/DDSwave_geneator/dds_wave_generator/dds_wave_generator.srcs/sources_1/new/top_dds.v:23]
WARNING: [Synth 8-3331] design data_output has unconnected port do_out[3]
WARNING: [Synth 8-3331] design data_output has unconnected port do_out[2]
WARNING: [Synth 8-3331] design data_output has unconnected port do_out[1]
WARNING: [Synth 8-3331] design data_output has unconnected port do_out[0]
WARNING: [Synth 8-3331] design top_wave has unconnected port ILE
WARNING: [Synth 8-3331] design top_wave has unconnected port CS_n
WARNING: [Synth 8-3331] design top_wave has unconnected port WR1_n
WARNING: [Synth 8-3331] design top_wave has unconnected port WR2_n
WARNING: [Synth 8-3331] design top_wave has unconnected port XFER_n
WARNING: [Synth 8-3331] design top_wave has unconnected port offset_valid
WARNING: [Synth 8-3331] design top_wave has unconnected port amplitude_valid
WARNING: [Synth 8-3331] design top_wave has unconnected port duty_valid
WARNING: [Synth 8-3331] design top_dds has unconnected port vauxn1
WARNING: [Synth 8-3331] design top_dds has unconnected port WR1_n
---------------------------------------------------------------------------------
Finished RTL Elaboration : Time (s): cpu = 00:00:02 ; elapsed = 00:00:02 . Memory (MB): peak = 1401.289 ; gain = 0.000
---------------------------------------------------------------------------------

Report Check Netlist: 
+------+------------------+-------+---------+-------+------------------+
|      |Item              |Errors |Warnings |Status |Description       |
+------+------------------+-------+---------+-------+------------------+
|1     |multi_driven_nets |      0|        0|Passed |Multi driven nets |
+------+------------------+-------+---------+-------+------------------+
---------------------------------------------------------------------------------
Start Handling Custom Attributes
---------------------------------------------------------------------------------
---------------------------------------------------------------------------------
Finished Handling Custom Attributes : Time (s): cpu = 00:00:02 ; elapsed = 00:00:02 . Memory (MB): peak = 1401.289 ; gain = 0.000
---------------------------------------------------------------------------------
---------------------------------------------------------------------------------
Finished RTL Optimization Phase 1 : Time (s): cpu = 00:00:02 ; elapsed = 00:00:02 . Memory (MB): peak = 1401.289 ; gain = 0.000
---------------------------------------------------------------------------------
INFO: [Project 1-454] Reading design checkpoint 'd:/my_homework/my_vivado_practice/DDSwave_geneator/dds_wave_generator/dds_wave_generator.srcs/sources_1/ip/xadc_wiz_0/xadc_wiz_0.dcp' for cell 'uut_top_wave/uut_XADC_to_data/uut_XADC_channel_1/u1'
INFO: [Project 1-454] Reading design checkpoint 'd:/my_homework/my_vivado_practice/DDSwave_geneator/dds_wave_generator/dds_wave_generator.srcs/sources_1/ip/dist_mem_gen_0/dist_mem_gen_0.dcp' for cell 'uut_top_wave/uut_wave/uut_sine_wave/u_sin_wave'
INFO: [Netlist 29-17] Analyzing 17 Unisim elements for replacement
INFO: [Netlist 29-28] Unisim Transformation completed in 0 CPU seconds
INFO: [Project 1-479] Netlist was created with Vivado 2018.3
INFO: [Project 1-570] Preparing netlist for logic optimization
INFO: [Opt 31-140] Inserted 2 IBUFs to IO ports without IO buffers.
CRITICAL WARNING: [Shape Builder 18-119] Failed to create SYSMON shape for instance uut_top_wave/uut_XADC_to_data/uut_XADC_channel_1/u1/inst. Failed to add instance vauxp1_IBUF_inst to a new Sysmon shape. The instance already belongs to a shape and its new location conflicts with the one in the existing shape.

Processing XDC Constraints
Initializing timing engine
Parsing XDC File [d:/my_homework/my_vivado_practice/DDSwave_geneator/dds_wave_generator/dds_wave_generator.srcs/sources_1/ip/xadc_wiz_0/xadc_wiz_0.xdc] for cell 'uut_top_wave/uut_XADC_to_data/uut_XADC_channel_1/u1/inst'
Finished Parsing XDC File [d:/my_homework/my_vivado_practice/DDSwave_geneator/dds_wave_generator/dds_wave_generator.srcs/sources_1/ip/xadc_wiz_0/xadc_wiz_0.xdc] for cell 'uut_top_wave/uut_XADC_to_data/uut_XADC_channel_1/u1/inst'
Parsing XDC File [D:/my_homework/my_vivado_practice/DDSwave_geneator/dds_wave_generator/dds_wave_generator.srcs/constrs_1/new/XADC_voltage.xdc]
Finished Parsing XDC File [D:/my_homework/my_vivado_practice/DDSwave_geneator/dds_wave_generator/dds_wave_generator.srcs/constrs_1/new/XADC_voltage.xdc]
Completed Processing XDC Constraints

INFO: [Opt 31-138] Pushed 0 inverter(s) to 0 load pin(s).
Netlist sorting complete. Time (s): cpu = 00:00:00 ; elapsed = 00:00:00 . Memory (MB): peak = 1495.945 ; gain = 0.000
INFO: [Project 1-111] Unisim Transformation Summary:
No Unisim elements were transformed.

RTL Elaboration Complete:  : Time (s): cpu = 00:00:05 ; elapsed = 00:00:04 . Memory (MB): peak = 1495.945 ; gain = 94.656
48 Infos, 22 Warnings, 1 Critical Warnings and 0 Errors encountered.
synth_design completed successfully
close_design
synth_design -rtl -name rtl_1
Command: synth_design -rtl -name rtl_1
Starting synth_design
Using part: xc7a35tcsg324-1
Top: top_dds
---------------------------------------------------------------------------------
Starting RTL Elaboration : Time (s): cpu = 00:00:02 ; elapsed = 00:00:02 . Memory (MB): peak = 1755.926 ; gain = 0.000
---------------------------------------------------------------------------------
INFO: [Synth 8-6157] synthesizing module 'top_dds' [D:/my_homework/my_vivado_practice/DDSwave_geneator/dds_wave_generator/dds_wave_generator.srcs/sources_1/new/top_dds.v:23]
INFO: [Synth 8-6157] synthesizing module 'top_wave' [D:/my_homework/my_vivado_practice/DDSwave_geneator/dds_wave_generator/dds_wave_generator.srcs/sources_1/new/top_square.v:23]
WARNING: [Synth 8-6104] Input port 'ILE' has an internal driver [D:/my_homework/my_vivado_practice/DDSwave_geneator/dds_wave_generator/dds_wave_generator.srcs/sources_1/new/top_square.v:49]
WARNING: [Synth 8-6104] Input port 'CS_n' has an internal driver [D:/my_homework/my_vivado_practice/DDSwave_geneator/dds_wave_generator/dds_wave_generator.srcs/sources_1/new/top_square.v:50]
WARNING: [Synth 8-6104] Input port 'WR1_n' has an internal driver [D:/my_homework/my_vivado_practice/DDSwave_geneator/dds_wave_generator/dds_wave_generator.srcs/sources_1/new/top_square.v:51]
WARNING: [Synth 8-6104] Input port 'WR2_n' has an internal driver [D:/my_homework/my_vivado_practice/DDSwave_geneator/dds_wave_generator/dds_wave_generator.srcs/sources_1/new/top_square.v:52]
WARNING: [Synth 8-6104] Input port 'XFER_n' has an internal driver [D:/my_homework/my_vivado_practice/DDSwave_geneator/dds_wave_generator/dds_wave_generator.srcs/sources_1/new/top_square.v:53]
INFO: [Synth 8-6157] synthesizing module 'XADC_to_data' [D:/my_homework/my_vivado_practice/DDSwave_geneator/dds_wave_generator/dds_wave_generator.srcs/sources_1/new/XADC_to_data.v:23]
INFO: [Synth 8-6157] synthesizing module 'XADC_channel_1' [D:/my_homework/my_vivado_practice/DDSwave_geneator/dds_wave_generator/dds_wave_generator.srcs/sources_1/new/XADC_channel_1.v:23]
INFO: [Synth 8-6157] synthesizing module 'xadc_wiz_0' [D:/my_homework/my_vivado_practice/DDSwave_geneator/dds_wave_generator/.Xil/Vivado-13772-LAPTOP-CCNJK6NK/realtime/xadc_wiz_0_stub.v:5]
INFO: [Synth 8-6155] done synthesizing module 'xadc_wiz_0' (1#1) [D:/my_homework/my_vivado_practice/DDSwave_geneator/dds_wave_generator/.Xil/Vivado-13772-LAPTOP-CCNJK6NK/realtime/xadc_wiz_0_stub.v:5]
INFO: [Synth 8-6155] done synthesizing module 'XADC_channel_1' (2#1) [D:/my_homework/my_vivado_practice/DDSwave_geneator/dds_wave_generator/dds_wave_generator.srcs/sources_1/new/XADC_channel_1.v:23]
INFO: [Synth 8-6157] synthesizing module 'data_output' [D:/my_homework/my_vivado_practice/DDSwave_geneator/dds_wave_generator/dds_wave_generator.srcs/sources_1/new/data_output.v:23]
INFO: [Synth 8-6155] done synthesizing module 'data_output' (3#1) [D:/my_homework/my_vivado_practice/DDSwave_geneator/dds_wave_generator/dds_wave_generator.srcs/sources_1/new/data_output.v:23]
INFO: [Synth 8-6157] synthesizing module 'bin2BCD' [D:/my_homework/my_vivado_practice/DDSwave_geneator/dds_wave_generator/dds_wave_generator.srcs/sources_1/new/bin2BCD.v:23]
INFO: [Synth 8-6155] done synthesizing module 'bin2BCD' (4#1) [D:/my_homework/my_vivado_practice/DDSwave_geneator/dds_wave_generator/dds_wave_generator.srcs/sources_1/new/bin2BCD.v:23]
INFO: [Synth 8-6157] synthesizing module 'show' [D:/my_homework/my_vivado_practice/DDSwave_geneator/dds_wave_generator/dds_wave_generator.srcs/sources_1/new/show.v:23]
INFO: [Synth 8-226] default block is never used [D:/my_homework/my_vivado_practice/DDSwave_geneator/dds_wave_generator/dds_wave_generator.srcs/sources_1/new/show.v:129]
INFO: [Synth 8-6155] done synthesizing module 'show' (5#1) [D:/my_homework/my_vivado_practice/DDSwave_geneator/dds_wave_generator/dds_wave_generator.srcs/sources_1/new/show.v:23]
INFO: [Synth 8-6155] done synthesizing module 'XADC_to_data' (6#1) [D:/my_homework/my_vivado_practice/DDSwave_geneator/dds_wave_generator/dds_wave_generator.srcs/sources_1/new/XADC_to_data.v:23]
INFO: [Synth 8-6157] synthesizing module 'pulse' [D:/my_homework/my_vivado_practice/DDSwave_geneator/dds_wave_generator/dds_wave_generator.srcs/sources_1/new/pulse.v:23]
	Parameter total bound to: 100000000 - type: integer 
	Parameter sam_freq bound to: 256 - type: integer 
WARNING: [Synth 8-5788] Register period_reg in module pulse is has both Set and reset with same priority. This may cause simulation mismatches. Consider rewriting code  [D:/my_homework/my_vivado_practice/DDSwave_geneator/dds_wave_generator/dds_wave_generator.srcs/sources_1/new/pulse.v:38]
INFO: [Synth 8-6155] done synthesizing module 'pulse' (7#1) [D:/my_homework/my_vivado_practice/DDSwave_geneator/dds_wave_generator/dds_wave_generator.srcs/sources_1/new/pulse.v:23]
INFO: [Synth 8-6157] synthesizing module 'wave' [D:/my_homework/my_vivado_practice/DDSwave_geneator/dds_wave_generator/dds_wave_generator.srcs/sources_1/new/wave.v:23]
INFO: [Synth 8-6157] synthesizing module 'square_wave' [D:/my_homework/my_vivado_practice/DDSwave_geneator/dds_wave_generator/dds_wave_generator.srcs/sources_1/new/square_wave.v:23]
INFO: [Synth 8-6155] done synthesizing module 'square_wave' (8#1) [D:/my_homework/my_vivado_practice/DDSwave_geneator/dds_wave_generator/dds_wave_generator.srcs/sources_1/new/square_wave.v:23]
INFO: [Synth 8-6157] synthesizing module 'sine_wave' [D:/my_homework/my_vivado_practice/DDSwave_geneator/dds_wave_generator/dds_wave_generator.srcs/sources_1/new/sin_wave.v:23]
INFO: [Synth 8-6157] synthesizing module 'dist_mem_gen_0' [D:/my_homework/my_vivado_practice/DDSwave_geneator/dds_wave_generator/.Xil/Vivado-13772-LAPTOP-CCNJK6NK/realtime/dist_mem_gen_0_stub.v:6]
INFO: [Synth 8-6155] done synthesizing module 'dist_mem_gen_0' (9#1) [D:/my_homework/my_vivado_practice/DDSwave_geneator/dds_wave_generator/.Xil/Vivado-13772-LAPTOP-CCNJK6NK/realtime/dist_mem_gen_0_stub.v:6]
INFO: [Synth 8-6155] done synthesizing module 'sine_wave' (10#1) [D:/my_homework/my_vivado_practice/DDSwave_geneator/dds_wave_generator/dds_wave_generator.srcs/sources_1/new/sin_wave.v:23]
INFO: [Synth 8-6157] synthesizing module 'triangle_wave' [D:/my_homework/my_vivado_practice/DDSwave_geneator/dds_wave_generator/dds_wave_generator.srcs/sources_1/new/triangle_wave.v:23]
INFO: [Synth 8-6155] done synthesizing module 'triangle_wave' (11#1) [D:/my_homework/my_vivado_practice/DDSwave_geneator/dds_wave_generator/dds_wave_generator.srcs/sources_1/new/triangle_wave.v:23]
INFO: [Synth 8-6157] synthesizing module 'select_wave' [D:/my_homework/my_vivado_practice/DDSwave_geneator/dds_wave_generator/dds_wave_generator.srcs/sources_1/new/select_wave.v:23]
INFO: [Synth 8-6155] done synthesizing module 'select_wave' (12#1) [D:/my_homework/my_vivado_practice/DDSwave_geneator/dds_wave_generator/dds_wave_generator.srcs/sources_1/new/select_wave.v:23]
INFO: [Synth 8-6155] done synthesizing module 'wave' (13#1) [D:/my_homework/my_vivado_practice/DDSwave_geneator/dds_wave_generator/dds_wave_generator.srcs/sources_1/new/wave.v:23]
INFO: [Synth 8-6155] done synthesizing module 'top_wave' (14#1) [D:/my_homework/my_vivado_practice/DDSwave_geneator/dds_wave_generator/dds_wave_generator.srcs/sources_1/new/top_square.v:23]
INFO: [Synth 8-6157] synthesizing module 'top_dds_wave_generator' [D:/my_homework/my_vivado_practice/DDSwave_geneator/dds_wave_generator/dds_wave_generator.srcs/sources_1/new/top_dds_wave_generator.v:23]
INFO: [Synth 8-6157] synthesizing module 'get_key' [D:/my_homework/my_vivado_practice/DDSwave_geneator/dds_wave_generator/dds_wave_generator.srcs/sources_1/new/get_key.v:23]
INFO: [Synth 8-6157] synthesizing module 'key_debounce' [D:/my_homework/my_vivado_practice/DDSwave_geneator/dds_wave_generator/dds_wave_generator.srcs/sources_1/new/key_debounce.v:23]
	Parameter DELAY_YIME bound to: 21'b101101110001101100000 
WARNING: [Synth 8-6014] Unused sequential element key_value_reg was removed.  [D:/my_homework/my_vivado_practice/DDSwave_geneator/dds_wave_generator/dds_wave_generator.srcs/sources_1/new/key_debounce.v:50]
WARNING: [Synth 8-6014] Unused sequential element key_n_flag_reg was removed.  [D:/my_homework/my_vivado_practice/DDSwave_geneator/dds_wave_generator/dds_wave_generator.srcs/sources_1/new/key_debounce.v:62]
INFO: [Synth 8-6155] done synthesizing module 'key_debounce' (15#1) [D:/my_homework/my_vivado_practice/DDSwave_geneator/dds_wave_generator/dds_wave_generator.srcs/sources_1/new/key_debounce.v:23]
INFO: [Synth 8-6155] done synthesizing module 'get_key' (16#1) [D:/my_homework/my_vivado_practice/DDSwave_geneator/dds_wave_generator/dds_wave_generator.srcs/sources_1/new/get_key.v:23]
INFO: [Synth 8-6157] synthesizing module 'FSM' [D:/my_homework/my_vivado_practice/DDSwave_geneator/dds_wave_generator/dds_wave_generator.srcs/sources_1/new/FSM.v:23]
	Parameter SQUARE bound to: 4'b0000 
	Parameter SQUARE_FREQUENCE bound to: 4'b0001 
	Parameter SQUARE_OFFSET bound to: 4'b0010 
	Parameter SQUARE_AMPLITUDE bound to: 4'b0011 
	Parameter SQUARE_DUTY bound to: 4'b0100 
	Parameter SINE bound to: 4'b0101 
	Parameter SINE_FREQUENCE bound to: 4'b0110 
	Parameter SINE_OFFSET bound to: 4'b0111 
	Parameter SINE_AMPLITUDE bound to: 4'b1000 
	Parameter TRIANGLE bound to: 4'b1001 
	Parameter TRIANGLE_FREQUENCE bound to: 4'b1010 
	Parameter TRIANGLE_OFFSET bound to: 4'b1011 
	Parameter TRIANGLE_AMPLITUDE bound to: 4'b1100 
INFO: [Synth 8-6155] done synthesizing module 'FSM' (17#1) [D:/my_homework/my_vivado_practice/DDSwave_geneator/dds_wave_generator/dds_wave_generator.srcs/sources_1/new/FSM.v:23]
INFO: [Synth 8-6155] done synthesizing module 'top_dds_wave_generator' (18#1) [D:/my_homework/my_vivado_practice/DDSwave_geneator/dds_wave_generator/dds_wave_generator.srcs/sources_1/new/top_dds_wave_generator.v:23]
INFO: [Synth 8-6155] done synthesizing module 'top_dds' (19#1) [D:/my_homework/my_vivado_practice/DDSwave_geneator/dds_wave_generator/dds_wave_generator.srcs/sources_1/new/top_dds.v:23]
WARNING: [Synth 8-3331] design data_output has unconnected port do_out[3]
WARNING: [Synth 8-3331] design data_output has unconnected port do_out[2]
WARNING: [Synth 8-3331] design data_output has unconnected port do_out[1]
WARNING: [Synth 8-3331] design data_output has unconnected port do_out[0]
WARNING: [Synth 8-3331] design top_wave has unconnected port ILE
WARNING: [Synth 8-3331] design top_wave has unconnected port CS_n
WARNING: [Synth 8-3331] design top_wave has unconnected port WR1_n
WARNING: [Synth 8-3331] design top_wave has unconnected port WR2_n
WARNING: [Synth 8-3331] design top_wave has unconnected port XFER_n
WARNING: [Synth 8-3331] design top_wave has unconnected port offset_valid
WARNING: [Synth 8-3331] design top_wave has unconnected port amplitude_valid
WARNING: [Synth 8-3331] design top_wave has unconnected port duty_valid
WARNING: [Synth 8-3331] design top_dds has unconnected port WR1_n
---------------------------------------------------------------------------------
Finished RTL Elaboration : Time (s): cpu = 00:00:02 ; elapsed = 00:00:02 . Memory (MB): peak = 1755.926 ; gain = 0.000
---------------------------------------------------------------------------------

Report Check Netlist: 
+------+------------------+-------+---------+-------+------------------+
|      |Item              |Errors |Warnings |Status |Description       |
+------+------------------+-------+---------+-------+------------------+
|1     |multi_driven_nets |      0|        0|Passed |Multi driven nets |
+------+------------------+-------+---------+-------+------------------+
---------------------------------------------------------------------------------
Start Handling Custom Attributes
---------------------------------------------------------------------------------
---------------------------------------------------------------------------------
Finished Handling Custom Attributes : Time (s): cpu = 00:00:02 ; elapsed = 00:00:02 . Memory (MB): peak = 1755.926 ; gain = 0.000
---------------------------------------------------------------------------------
---------------------------------------------------------------------------------
Finished RTL Optimization Phase 1 : Time (s): cpu = 00:00:02 ; elapsed = 00:00:02 . Memory (MB): peak = 1755.926 ; gain = 0.000
---------------------------------------------------------------------------------
INFO: [Project 1-454] Reading design checkpoint 'd:/my_homework/my_vivado_practice/DDSwave_geneator/dds_wave_generator/dds_wave_generator.srcs/sources_1/ip/xadc_wiz_0/xadc_wiz_0.dcp' for cell 'uut_top_wave/uut_XADC_to_data/uut_XADC_channel_1/u1'
INFO: [Project 1-454] Reading design checkpoint 'd:/my_homework/my_vivado_practice/DDSwave_geneator/dds_wave_generator/dds_wave_generator.srcs/sources_1/ip/dist_mem_gen_0/dist_mem_gen_0.dcp' for cell 'uut_top_wave/uut_wave/uut_sine_wave/u_sin_wave'
INFO: [Netlist 29-17] Analyzing 17 Unisim elements for replacement
INFO: [Netlist 29-28] Unisim Transformation completed in 0 CPU seconds
INFO: [Project 1-479] Netlist was created with Vivado 2018.3
INFO: [Project 1-570] Preparing netlist for logic optimization
INFO: [Opt 31-140] Inserted 3 IBUFs to IO ports without IO buffers.

Processing XDC Constraints
Initializing timing engine
Parsing XDC File [d:/my_homework/my_vivado_practice/DDSwave_geneator/dds_wave_generator/dds_wave_generator.srcs/sources_1/ip/xadc_wiz_0/xadc_wiz_0.xdc] for cell 'uut_top_wave/uut_XADC_to_data/uut_XADC_channel_1/u1/inst'
Finished Parsing XDC File [d:/my_homework/my_vivado_practice/DDSwave_geneator/dds_wave_generator/dds_wave_generator.srcs/sources_1/ip/xadc_wiz_0/xadc_wiz_0.xdc] for cell 'uut_top_wave/uut_XADC_to_data/uut_XADC_channel_1/u1/inst'
Parsing XDC File [D:/my_homework/my_vivado_practice/DDSwave_geneator/dds_wave_generator/dds_wave_generator.srcs/constrs_1/new/XADC_voltage.xdc]
Finished Parsing XDC File [D:/my_homework/my_vivado_practice/DDSwave_geneator/dds_wave_generator/dds_wave_generator.srcs/constrs_1/new/XADC_voltage.xdc]
Completed Processing XDC Constraints

INFO: [Opt 31-138] Pushed 0 inverter(s) to 0 load pin(s).
Netlist sorting complete. Time (s): cpu = 00:00:00 ; elapsed = 00:00:00.001 . Memory (MB): peak = 1755.926 ; gain = 0.000
INFO: [Project 1-111] Unisim Transformation Summary:
No Unisim elements were transformed.

RTL Elaboration Complete:  : Time (s): cpu = 00:00:05 ; elapsed = 00:00:04 . Memory (MB): peak = 1755.926 ; gain = 0.000
48 Infos, 21 Warnings, 0 Critical Warnings and 0 Errors encountered.
synth_design completed successfully
reset_run synth_1
launch_runs impl_1 -to_step write_bitstream -jobs 4
INFO: [Vivado 12-4149] The synthesis checkpoint for IP 'D:/my_homework/my_vivado_practice/DDSwave_geneator/dds_wave_generator/dds_wave_generator.srcs/sources_1/ip/dist_mem_gen_0/dist_mem_gen_0.xci' is already up-to-date
INFO: [Vivado 12-4149] The synthesis checkpoint for IP 'D:/my_homework/my_vivado_practice/DDSwave_geneator/dds_wave_generator/dds_wave_generator.srcs/sources_1/ip/xadc_wiz_0/xadc_wiz_0.xci' is already up-to-date
[Sun May 26 10:22:00 2024] Launched synth_1...
Run output will be captured here: D:/my_homework/my_vivado_practice/DDSwave_geneator/dds_wave_generator/dds_wave_generator.runs/synth_1/runme.log
[Sun May 26 10:22:00 2024] Launched impl_1...
Run output will be captured here: D:/my_homework/my_vivado_practice/DDSwave_geneator/dds_wave_generator/dds_wave_generator.runs/impl_1/runme.log
open_hw
connect_hw_server
INFO: [Labtools 27-2285] Connecting to hw_server url TCP:localhost:3121
INFO: [Labtools 27-2222] Launching hw_server...
INFO: [Labtools 27-2221] Launch Output:

****** Xilinx hw_server v2018.3
  **** Build date : Dec  7 2018-00:40:27
    ** Copyright 1986-2018 Xilinx, Inc. All Rights Reserved.


open_hw_target
INFO: [Labtoolstcl 44-466] Opening hw_target localhost:3121/xilinx_tcf/Xilinx/1234-tulA
set_property PROGRAM.FILE {D:/my_homework/my_vivado_practice/DDSwave_geneator/dds_wave_generator/dds_wave_generator.runs/impl_1/top_dds.bit} [get_hw_devices xc7a35t_0]
current_hw_device [get_hw_devices xc7a35t_0]
refresh_hw_device -update_hw_probes false [lindex [get_hw_devices xc7a35t_0] 0]
INFO: [Labtools 27-1434] Device xc7a35t (JTAG device index = 0) is programmed with a design that has no supported debug core(s) in it.
set_property PROBES.FILE {} [get_hw_devices xc7a35t_0]
set_property FULL_PROBES.FILE {} [get_hw_devices xc7a35t_0]
set_property PROGRAM.FILE {D:/my_homework/my_vivado_practice/DDSwave_geneator/dds_wave_generator/dds_wave_generator.runs/impl_1/top_dds.bit} [get_hw_devices xc7a35t_0]
program_hw_devices [get_hw_devices xc7a35t_0]
INFO: [Labtools 27-3164] End of startup status: HIGH
refresh_hw_device [lindex [get_hw_devices xc7a35t_0] 0]
INFO: [Labtools 27-1434] Device xc7a35t (JTAG device index = 0) is programmed with a design that has no supported debug core(s) in it.
set_property PROBES.FILE {} [get_hw_devices xc7a35t_0]
set_property FULL_PROBES.FILE {} [get_hw_devices xc7a35t_0]
set_property PROGRAM.FILE {D:/my_homework/my_vivado_practice/DDSwave_geneator/dds_wave_generator/dds_wave_generator.runs/impl_1/top_dds.bit} [get_hw_devices xc7a35t_0]
program_hw_devices [get_hw_devices xc7a35t_0]
INFO: [Labtools 27-3164] End of startup status: HIGH
refresh_hw_device [lindex [get_hw_devices xc7a35t_0] 0]
INFO: [Labtools 27-1434] Device xc7a35t (JTAG device index = 0) is programmed with a design that has no supported debug core(s) in it.
close_hw
close_design
set_property top top_wave [current_fileset]
update_compile_order -fileset sources_1
reset_run synth_1
launch_runs impl_1 -to_step write_bitstream -jobs 4
INFO: [Vivado 12-4149] The synthesis checkpoint for IP 'D:/my_homework/my_vivado_practice/DDSwave_geneator/dds_wave_generator/dds_wave_generator.srcs/sources_1/ip/dist_mem_gen_0/dist_mem_gen_0.xci' is already up-to-date
INFO: [Vivado 12-4149] The synthesis checkpoint for IP 'D:/my_homework/my_vivado_practice/DDSwave_geneator/dds_wave_generator/dds_wave_generator.srcs/sources_1/ip/xadc_wiz_0/xadc_wiz_0.xci' is already up-to-date
[Sun May 26 10:35:14 2024] Launched synth_1...
Run output will be captured here: D:/my_homework/my_vivado_practice/DDSwave_geneator/dds_wave_generator/dds_wave_generator.runs/synth_1/runme.log
[Sun May 26 10:35:14 2024] Launched impl_1...
Run output will be captured here: D:/my_homework/my_vivado_practice/DDSwave_geneator/dds_wave_generator/dds_wave_generator.runs/impl_1/runme.log
reset_run synth_1
launch_runs impl_1 -to_step write_bitstream -jobs 4
INFO: [Vivado 12-4149] The synthesis checkpoint for IP 'D:/my_homework/my_vivado_practice/DDSwave_geneator/dds_wave_generator/dds_wave_generator.srcs/sources_1/ip/dist_mem_gen_0/dist_mem_gen_0.xci' is already up-to-date
INFO: [Vivado 12-4149] The synthesis checkpoint for IP 'D:/my_homework/my_vivado_practice/DDSwave_geneator/dds_wave_generator/dds_wave_generator.srcs/sources_1/ip/xadc_wiz_0/xadc_wiz_0.xci' is already up-to-date
[Sun May 26 10:37:41 2024] Launched synth_1...
Run output will be captured here: D:/my_homework/my_vivado_practice/DDSwave_geneator/dds_wave_generator/dds_wave_generator.runs/synth_1/runme.log
[Sun May 26 10:37:41 2024] Launched impl_1...
Run output will be captured here: D:/my_homework/my_vivado_practice/DDSwave_geneator/dds_wave_generator/dds_wave_generator.runs/impl_1/runme.log
open_hw
connect_hw_server
INFO: [Labtools 27-2285] Connecting to hw_server url TCP:localhost:3121
INFO: [Labtools 27-2222] Launching hw_server...
INFO: [Labtools 27-2221] Launch Output:

****** Xilinx hw_server v2018.3
  **** Build date : Dec  7 2018-00:40:27
    ** Copyright 1986-2018 Xilinx, Inc. All Rights Reserved.


open_hw_target
INFO: [Labtoolstcl 44-466] Opening hw_target localhost:3121/xilinx_tcf/Xilinx/1234-tulA
set_property PROGRAM.FILE {D:/my_homework/my_vivado_practice/DDSwave_geneator/dds_wave_generator/dds_wave_generator.runs/impl_1/top_wave.bit} [get_hw_devices xc7a35t_0]
current_hw_device [get_hw_devices xc7a35t_0]
refresh_hw_device -update_hw_probes false [lindex [get_hw_devices xc7a35t_0] 0]
INFO: [Labtools 27-1434] Device xc7a35t (JTAG device index = 0) is programmed with a design that has no supported debug core(s) in it.
set_property PROBES.FILE {} [get_hw_devices xc7a35t_0]
set_property FULL_PROBES.FILE {} [get_hw_devices xc7a35t_0]
set_property PROGRAM.FILE {D:/my_homework/my_vivado_practice/DDSwave_geneator/dds_wave_generator/dds_wave_generator.runs/impl_1/top_wave.bit} [get_hw_devices xc7a35t_0]
program_hw_devices [get_hw_devices xc7a35t_0]
INFO: [Labtools 27-3164] End of startup status: HIGH
refresh_hw_device [lindex [get_hw_devices xc7a35t_0] 0]
INFO: [Labtools 27-1434] Device xc7a35t (JTAG device index = 0) is programmed with a design that has no supported debug core(s) in it.
close_hw
set_property SOURCE_SET sources_1 [get_filesets sim_1]
add_files -fileset sim_1 -norecurse D:/my_homework/my_vivado_practice/DDSwave_geneator/dds_wave_generator/dds_wave_generator.srcs/sim_1/new/sim_square.v
update_compile_order -fileset sim_1
set_property top sim_square [get_filesets sim_1]
set_property top_lib xil_defaultlib [get_filesets sim_1]
update_compile_order -fileset sim_1
launch_simulation
INFO: [Vivado 12-5698] Checking validity of IPs in the design for the 'XSim' simulator...
INFO: [Vivado 12-5682] Launching behavioral simulation in 'D:/my_homework/my_vivado_practice/DDSwave_geneator/dds_wave_generator/dds_wave_generator.sim/sim_1/behav/xsim'
INFO: [Vivado 12-4795] Using compiled simulation libraries for IPs
INFO: [SIM-utils-51] Simulation object is 'sim_1'
INFO: [USF-XSim-7] Finding pre-compiled libraries...
INFO: [USF-XSim-11] File 'D:/Xilinx/Vivado/2018.3/data/xsim/xsim.ini' copied to run dir:'D:/my_homework/my_vivado_practice/DDSwave_geneator/dds_wave_generator/dds_wave_generator.sim/sim_1/behav/xsim'
INFO: [SIM-utils-54] Inspecting design source files for 'sim_square' in fileset 'sim_1'...
INFO: [SIM-utils-43] Exported 'D:/my_homework/my_vivado_practice/DDSwave_geneator/dds_wave_generator/dds_wave_generator.sim/sim_1/behav/xsim/dist_mem_gen_0.mif'
INFO: [SIM-utils-43] Exported 'D:/my_homework/my_vivado_practice/DDSwave_geneator/dds_wave_generator/dds_wave_generator.sim/sim_1/behav/xsim/Sin_Wave_Rom.coe'
INFO: [USF-XSim-97] Finding global include files...
INFO: [USF-XSim-98] Fetching design files from 'sim_1'...
INFO: [USF-XSim-2] XSim::Compile design
INFO: [USF-XSim-61] Executing 'COMPILE and ANALYZE' step in 'D:/my_homework/my_vivado_practice/DDSwave_geneator/dds_wave_generator/dds_wave_generator.sim/sim_1/behav/xsim'
"xvlog --incr --relax -prj sim_square_vlog.prj"
INFO: [VRFC 10-2263] Analyzing Verilog file "D:/my_homework/my_vivado_practice/DDSwave_geneator/dds_wave_generator/dds_wave_generator.srcs/sources_1/new/square_wave.v" into library xil_defaultlib
INFO: [VRFC 10-311] analyzing module square_wave
INFO: [VRFC 10-2263] Analyzing Verilog file "D:/my_homework/my_vivado_practice/DDSwave_geneator/dds_wave_generator/dds_wave_generator.srcs/sim_1/new/sim_square.v" into library xil_defaultlib
INFO: [VRFC 10-311] analyzing module sim_square
INFO: [USF-XSim-69] 'compile' step finished in '1' seconds
INFO: [USF-XSim-3] XSim::Elaborate design
INFO: [USF-XSim-61] Executing 'ELABORATE' step in 'D:/my_homework/my_vivado_practice/DDSwave_geneator/dds_wave_generator/dds_wave_generator.sim/sim_1/behav/xsim'
Vivado Simulator 2018.3
Copyright 1986-1999, 2001-2018 Xilinx, Inc. All Rights Reserved.
Running: D:/Xilinx/Vivado/2018.3/bin/unwrapped/win64.o/xelab.exe -wto 4aca77ce3d2d49d58408731be0b505e7 --incr --debug typical --relax --mt 2 -L xil_defaultlib -L unisims_ver -L unimacro_ver -L secureip -L xpm --snapshot sim_square_behav xil_defaultlib.sim_square xil_defaultlib.glbl -log elaborate.log 
Using 2 slave threads.
Starting static elaboration
Completed static elaboration
Starting simulation data flow analysis
Completed simulation data flow analysis
Time Resolution for simulation is 1ps
Compiling module xil_defaultlib.square_wave
Compiling module xil_defaultlib.sim_square
Compiling module xil_defaultlib.glbl
Built simulation snapshot sim_square_behav

****** Webtalk v2018.3 (64-bit)
  **** SW Build 2405991 on Thu Dec  6 23:38:27 MST 2018
  **** IP Build 2404404 on Fri Dec  7 01:43:56 MST 2018
    ** Copyright 1986-2018 Xilinx, Inc. All Rights Reserved.

source D:/my_homework/my_vivado_practice/DDSwave_geneator/dds_wave_generator/dds_wave_generator.sim/sim_1/behav/xsim/xsim.dir/sim_square_behav/webtalk/xsim_webtalk.tcl -notrace
INFO: [Common 17-206] Exiting Webtalk at Sun May 26 10:45:21 2024...
INFO: [USF-XSim-69] 'elaborate' step finished in '2' seconds
INFO: [USF-XSim-4] XSim::Simulate design
INFO: [USF-XSim-61] Executing 'SIMULATE' step in 'D:/my_homework/my_vivado_practice/DDSwave_geneator/dds_wave_generator/dds_wave_generator.sim/sim_1/behav/xsim'
INFO: [USF-XSim-98] *** Running xsim
   with args "sim_square_behav -key {Behavioral:sim_1:Functional:sim_square} -tclbatch {sim_square.tcl} -log {simulate.log}"
INFO: [USF-XSim-8] Loading simulator feature
Vivado Simulator 2018.3
Time resolution is 1 ps
source sim_square.tcl
# set curr_wave [current_wave_config]
# if { [string length $curr_wave] == 0 } {
#   if { [llength [get_objects]] > 0} {
#     add_wave /
#     set_property needs_save false [current_wave_config]
#   } else {
#      send_msg_id Add_Wave-1 WARNING "No top level signals found. Simulator will start without a wave window. If you want to open a wave window go to 'File->New Waveform Configuration' or type 'create_wave_config' in the TCL console."
#   }
# }
# run 1000ns
INFO: [USF-XSim-96] XSim completed. Design snapshot 'sim_square_behav' loaded.
INFO: [USF-XSim-97] XSim simulation ran for 1000ns
launch_simulation: Time (s): cpu = 00:00:00 ; elapsed = 00:00:06 . Memory (MB): peak = 3542.359 ; gain = 0.000
restart
INFO: [Simtcl 6-17] Simulation restarted
run 10 us
restart
INFO: [Simtcl 6-17] Simulation restarted
run 10 us
close_sim
INFO: [Simtcl 6-16] Simulation closed
export_ip_user_files -of_objects  [get_files D:/my_homework/my_vivado_practice/DDSwave_geneator/dds_wave_generator/dds_wave_generator.srcs/constrs_1/new/XADC_voltage.xdc] -no_script -reset -force -quiet
remove_files  -fileset constrs_1 D:/my_homework/my_vivado_practice/DDSwave_geneator/dds_wave_generator/dds_wave_generator.srcs/constrs_1/new/XADC_voltage.xdc
add_files -fileset constrs_1 -norecurse D:/my_homework/my_vivado_practice/DDSwave_geneator/dds_wave_generator/dds_wave_generator.srcs/constrs_1/new/dds_wave_generator.xdc
set_property top top_dds_wave_generator [current_fileset]
update_compile_order -fileset sources_1
reset_run synth_1
launch_runs impl_1 -to_step write_bitstream -jobs 4
[Sun May 26 10:48:07 2024] Launched synth_1...
Run output will be captured here: D:/my_homework/my_vivado_practice/DDSwave_geneator/dds_wave_generator/dds_wave_generator.runs/synth_1/runme.log
[Sun May 26 10:48:07 2024] Launched impl_1...
Run output will be captured here: D:/my_homework/my_vivado_practice/DDSwave_geneator/dds_wave_generator/dds_wave_generator.runs/impl_1/runme.log
open_hw
connect_hw_server
INFO: [Labtools 27-2285] Connecting to hw_server url TCP:localhost:3121
INFO: [Labtools 27-2222] Launching hw_server...
INFO: [Labtools 27-2221] Launch Output:

****** Xilinx hw_server v2018.3
  **** Build date : Dec  7 2018-00:40:27
    ** Copyright 1986-2018 Xilinx, Inc. All Rights Reserved.


open_hw_target
INFO: [Labtoolstcl 44-466] Opening hw_target localhost:3121/xilinx_tcf/Xilinx/1234-tulA
set_property PROGRAM.FILE {D:/my_homework/my_vivado_practice/DDSwave_geneator/dds_wave_generator/dds_wave_generator.runs/impl_1/top_dds_wave_generator.bit} [get_hw_devices xc7a35t_0]
current_hw_device [get_hw_devices xc7a35t_0]
refresh_hw_device -update_hw_probes false [lindex [get_hw_devices xc7a35t_0] 0]
INFO: [Labtools 27-1434] Device xc7a35t (JTAG device index = 0) is programmed with a design that has no supported debug core(s) in it.
set_property PROBES.FILE {} [get_hw_devices xc7a35t_0]
set_property FULL_PROBES.FILE {} [get_hw_devices xc7a35t_0]
set_property PROGRAM.FILE {D:/my_homework/my_vivado_practice/DDSwave_geneator/dds_wave_generator/dds_wave_generator.runs/impl_1/top_dds_wave_generator.bit} [get_hw_devices xc7a35t_0]
program_hw_devices [get_hw_devices xc7a35t_0]
INFO: [Labtools 27-3164] End of startup status: HIGH
refresh_hw_device [lindex [get_hw_devices xc7a35t_0] 0]
INFO: [Labtools 27-1434] Device xc7a35t (JTAG device index = 0) is programmed with a design that has no supported debug core(s) in it.
close_hw
export_ip_user_files -of_objects  [get_files D:/my_homework/my_vivado_practice/DDSwave_geneator/dds_wave_generator/dds_wave_generator.srcs/constrs_1/new/dds_wave_generator.xdc] -no_script -reset -force -quiet
remove_files  -fileset constrs_1 D:/my_homework/my_vivado_practice/DDSwave_geneator/dds_wave_generator/dds_wave_generator.srcs/constrs_1/new/dds_wave_generator.xdc
add_files -fileset constrs_1 -norecurse D:/my_homework/my_vivado_practice/DDSwave_geneator/dds_wave_generator/dds_wave_generator.srcs/constrs_1/new/XADC_voltage.xdc
set_property top top_dds [current_fileset]
update_compile_order -fileset sources_1
reset_run synth_1
launch_runs impl_1 -to_step write_bitstream -jobs 4
INFO: [Vivado 12-4149] The synthesis checkpoint for IP 'D:/my_homework/my_vivado_practice/DDSwave_geneator/dds_wave_generator/dds_wave_generator.srcs/sources_1/ip/dist_mem_gen_0/dist_mem_gen_0.xci' is already up-to-date
INFO: [Vivado 12-4149] The synthesis checkpoint for IP 'D:/my_homework/my_vivado_practice/DDSwave_geneator/dds_wave_generator/dds_wave_generator.srcs/sources_1/ip/xadc_wiz_0/xadc_wiz_0.xci' is already up-to-date
[Sun May 26 10:54:20 2024] Launched synth_1...
Run output will be captured here: D:/my_homework/my_vivado_practice/DDSwave_geneator/dds_wave_generator/dds_wave_generator.runs/synth_1/runme.log
[Sun May 26 10:54:20 2024] Launched impl_1...
Run output will be captured here: D:/my_homework/my_vivado_practice/DDSwave_geneator/dds_wave_generator/dds_wave_generator.runs/impl_1/runme.log
reset_run synth_1
launch_runs impl_1 -to_step write_bitstream -jobs 4
INFO: [Vivado 12-4149] The synthesis checkpoint for IP 'D:/my_homework/my_vivado_practice/DDSwave_geneator/dds_wave_generator/dds_wave_generator.srcs/sources_1/ip/dist_mem_gen_0/dist_mem_gen_0.xci' is already up-to-date
INFO: [Vivado 12-4149] The synthesis checkpoint for IP 'D:/my_homework/my_vivado_practice/DDSwave_geneator/dds_wave_generator/dds_wave_generator.srcs/sources_1/ip/xadc_wiz_0/xadc_wiz_0.xci' is already up-to-date
[Sun May 26 10:55:12 2024] Launched synth_1...
Run output will be captured here: D:/my_homework/my_vivado_practice/DDSwave_geneator/dds_wave_generator/dds_wave_generator.runs/synth_1/runme.log
[Sun May 26 10:55:12 2024] Launched impl_1...
Run output will be captured here: D:/my_homework/my_vivado_practice/DDSwave_geneator/dds_wave_generator/dds_wave_generator.runs/impl_1/runme.log
open_hw
connect_hw_server
INFO: [Labtools 27-2285] Connecting to hw_server url TCP:localhost:3121
INFO: [Labtools 27-2222] Launching hw_server...
INFO: [Labtools 27-2221] Launch Output:

****** Xilinx hw_server v2018.3
  **** Build date : Dec  7 2018-00:40:27
    ** Copyright 1986-2018 Xilinx, Inc. All Rights Reserved.


open_hw_target
INFO: [Labtoolstcl 44-466] Opening hw_target localhost:3121/xilinx_tcf/Xilinx/1234-tulA
set_property PROGRAM.FILE {D:/my_homework/my_vivado_practice/DDSwave_geneator/dds_wave_generator/dds_wave_generator.runs/impl_1/top_dds.bit} [get_hw_devices xc7a35t_0]
current_hw_device [get_hw_devices xc7a35t_0]
refresh_hw_device -update_hw_probes false [lindex [get_hw_devices xc7a35t_0] 0]
INFO: [Labtools 27-1434] Device xc7a35t (JTAG device index = 0) is programmed with a design that has no supported debug core(s) in it.
set_property PROBES.FILE {} [get_hw_devices xc7a35t_0]
set_property FULL_PROBES.FILE {} [get_hw_devices xc7a35t_0]
set_property PROGRAM.FILE {D:/my_homework/my_vivado_practice/DDSwave_geneator/dds_wave_generator/dds_wave_generator.runs/impl_1/top_dds.bit} [get_hw_devices xc7a35t_0]
program_hw_devices [get_hw_devices xc7a35t_0]
INFO: [Labtools 27-3164] End of startup status: HIGH
refresh_hw_device [lindex [get_hw_devices xc7a35t_0] 0]
INFO: [Labtools 27-1434] Device xc7a35t (JTAG device index = 0) is programmed with a design that has no supported debug core(s) in it.
reset_run synth_1
launch_runs impl_1 -to_step write_bitstream -jobs 4
INFO: [Vivado 12-4149] The synthesis checkpoint for IP 'D:/my_homework/my_vivado_practice/DDSwave_geneator/dds_wave_generator/dds_wave_generator.srcs/sources_1/ip/dist_mem_gen_0/dist_mem_gen_0.xci' is already up-to-date
INFO: [Vivado 12-4149] The synthesis checkpoint for IP 'D:/my_homework/my_vivado_practice/DDSwave_geneator/dds_wave_generator/dds_wave_generator.srcs/sources_1/ip/xadc_wiz_0/xadc_wiz_0.xci' is already up-to-date
[Sun May 26 11:00:08 2024] Launched synth_1...
Run output will be captured here: D:/my_homework/my_vivado_practice/DDSwave_geneator/dds_wave_generator/dds_wave_generator.runs/synth_1/runme.log
[Sun May 26 11:00:08 2024] Launched impl_1...
Run output will be captured here: D:/my_homework/my_vivado_practice/DDSwave_geneator/dds_wave_generator/dds_wave_generator.runs/impl_1/runme.log
set_property PROBES.FILE {} [get_hw_devices xc7a35t_0]
set_property FULL_PROBES.FILE {} [get_hw_devices xc7a35t_0]
set_property PROGRAM.FILE {D:/my_homework/my_vivado_practice/DDSwave_geneator/dds_wave_generator/dds_wave_generator.runs/impl_1/top_dds.bit} [get_hw_devices xc7a35t_0]
program_hw_devices [get_hw_devices xc7a35t_0]
INFO: [Labtools 27-3164] End of startup status: HIGH
refresh_hw_device [lindex [get_hw_devices xc7a35t_0] 0]
INFO: [Labtools 27-1434] Device xc7a35t (JTAG device index = 0) is programmed with a design that has no supported debug core(s) in it.
reset_run synth_1
launch_runs impl_1 -to_step write_bitstream -jobs 4
INFO: [Vivado 12-4149] The synthesis checkpoint for IP 'D:/my_homework/my_vivado_practice/DDSwave_geneator/dds_wave_generator/dds_wave_generator.srcs/sources_1/ip/dist_mem_gen_0/dist_mem_gen_0.xci' is already up-to-date
INFO: [Vivado 12-4149] The synthesis checkpoint for IP 'D:/my_homework/my_vivado_practice/DDSwave_geneator/dds_wave_generator/dds_wave_generator.srcs/sources_1/ip/xadc_wiz_0/xadc_wiz_0.xci' is already up-to-date
[Sun May 26 11:08:04 2024] Launched synth_1...
Run output will be captured here: D:/my_homework/my_vivado_practice/DDSwave_geneator/dds_wave_generator/dds_wave_generator.runs/synth_1/runme.log
[Sun May 26 11:08:04 2024] Launched impl_1...
Run output will be captured here: D:/my_homework/my_vivado_practice/DDSwave_geneator/dds_wave_generator/dds_wave_generator.runs/impl_1/runme.log
reset_run synth_1
launch_runs impl_1 -to_step write_bitstream -jobs 4
INFO: [Vivado 12-4149] The synthesis checkpoint for IP 'D:/my_homework/my_vivado_practice/DDSwave_geneator/dds_wave_generator/dds_wave_generator.srcs/sources_1/ip/dist_mem_gen_0/dist_mem_gen_0.xci' is already up-to-date
INFO: [Vivado 12-4149] The synthesis checkpoint for IP 'D:/my_homework/my_vivado_practice/DDSwave_geneator/dds_wave_generator/dds_wave_generator.srcs/sources_1/ip/xadc_wiz_0/xadc_wiz_0.xci' is already up-to-date
[Sun May 26 11:11:42 2024] Launched synth_1...
Run output will be captured here: D:/my_homework/my_vivado_practice/DDSwave_geneator/dds_wave_generator/dds_wave_generator.runs/synth_1/runme.log
[Sun May 26 11:11:42 2024] Launched impl_1...
Run output will be captured here: D:/my_homework/my_vivado_practice/DDSwave_geneator/dds_wave_generator/dds_wave_generator.runs/impl_1/runme.log
set_property PROBES.FILE {} [get_hw_devices xc7a35t_0]
set_property FULL_PROBES.FILE {} [get_hw_devices xc7a35t_0]
set_property PROGRAM.FILE {D:/my_homework/my_vivado_practice/DDSwave_geneator/dds_wave_generator/dds_wave_generator.runs/impl_1/top_dds.bit} [get_hw_devices xc7a35t_0]
program_hw_devices [get_hw_devices xc7a35t_0]
INFO: [Labtools 27-3164] End of startup status: HIGH
refresh_hw_device [lindex [get_hw_devices xc7a35t_0] 0]
INFO: [Labtools 27-1434] Device xc7a35t (JTAG device index = 0) is programmed with a design that has no supported debug core(s) in it.
close_hw
exit
INFO: [Common 17-206] Exiting Vivado at Sun May 26 11:17:46 2024...
