#-----------------------------------------------------------
# Vivado v2018.3 (64-bit)
# SW Build 2405991 on Thu Dec  6 23:38:27 MST 2018
# IP Build 2404404 on Fri Dec  7 01:43:56 MST 2018
# Start of session at: Mon May 27 10:23:19 2024
# Process ID: 2916
# Current directory: D:/my_homework/my_vivado_practice/DDSwave_geneator/dds_wave_generator
# Command line: vivado.exe -gui_launcher_event rodinguilauncherevent15048 D:\my_homework\my_vivado_practice\DDSwave_geneator\dds_wave_generator\dds_wave_generator.xpr
# Log file: D:/my_homework/my_vivado_practice/DDSwave_geneator/dds_wave_generator/vivado.log
# Journal file: D:/my_homework/my_vivado_practice/DDSwave_geneator/dds_wave_generator\vivado.jou
#-----------------------------------------------------------
start_gui
open_project D:/my_homework/my_vivado_practice/DDSwave_geneator/dds_wave_generator/dds_wave_generator.xpr
Scanning sources...
Finished scanning sources
INFO: [IP_Flow 19-234] Refreshing IP repositories
INFO: [IP_Flow 19-1704] No user IP repositories specified
INFO: [IP_Flow 19-2313] Loaded Vivado IP repository 'D:/Xilinx/Vivado/2018.3/data/ip'.
open_project: Time (s): cpu = 00:00:08 ; elapsed = 00:00:09 . Memory (MB): peak = 742.988 ; gain = 129.773
update_compile_order -fileset sources_1
open_hw
connect_hw_server
INFO: [Labtools 27-2285] Connecting to hw_server url TCP:localhost:3121
INFO: [Labtools 27-2222] Launching hw_server...
INFO: [Labtools 27-2221] Launch Output:

****** Xilinx hw_server v2018.3
  **** Build date : Dec  7 2018-00:40:27
    ** Copyright 1986-2018 Xilinx, Inc. All Rights Reserved.


open_hw_target
INFO: [Labtoolstcl 44-466] Opening hw_target localhost:3121/xilinx_tcf/Xilinx/1234-tulA
set_property PROGRAM.FILE {D:/my_homework/my_vivado_practice/DDSwave_geneator/dds_wave_generator/dds_wave_generator.runs/impl_1/top_dds.bit} [get_hw_devices xc7a35t_0]
current_hw_device [get_hw_devices xc7a35t_0]
refresh_hw_device -update_hw_probes false [lindex [get_hw_devices xc7a35t_0] 0]
INFO: [Labtools 27-1434] Device xc7a35t (JTAG device index = 0) is programmed with a design that has no supported debug core(s) in it.
set_property PROBES.FILE {} [get_hw_devices xc7a35t_0]
set_property FULL_PROBES.FILE {} [get_hw_devices xc7a35t_0]
set_property PROGRAM.FILE {D:/my_homework/my_vivado_practice/DDSwave_geneator/dds_wave_generator/dds_wave_generator.runs/impl_1/top_dds.bit} [get_hw_devices xc7a35t_0]
program_hw_devices [get_hw_devices xc7a35t_0]
INFO: [Labtools 27-3164] End of startup status: HIGH
refresh_hw_device [lindex [get_hw_devices xc7a35t_0] 0]
INFO: [Labtools 27-1434] Device xc7a35t (JTAG device index = 0) is programmed with a design that has no supported debug core(s) in it.
close_hw
launch_simulation
INFO: [Vivado 12-5698] Checking validity of IPs in the design for the 'XSim' simulator...
INFO: [Vivado 12-5682] Launching behavioral simulation in 'D:/my_homework/my_vivado_practice/DDSwave_geneator/dds_wave_generator/dds_wave_generator.sim/sim_1/behav/xsim'
INFO: [Vivado 12-4795] Using compiled simulation libraries for IPs
INFO: [SIM-utils-51] Simulation object is 'sim_1'
INFO: [USF-XSim-7] Finding pre-compiled libraries...
INFO: [USF-XSim-11] File 'D:/Xilinx/Vivado/2018.3/data/xsim/xsim.ini' copied to run dir:'D:/my_homework/my_vivado_practice/DDSwave_geneator/dds_wave_generator/dds_wave_generator.sim/sim_1/behav/xsim'
INFO: [SIM-utils-54] Inspecting design source files for 'sim_square' in fileset 'sim_1'...
INFO: [SIM-utils-43] Exported 'D:/my_homework/my_vivado_practice/DDSwave_geneator/dds_wave_generator/dds_wave_generator.sim/sim_1/behav/xsim/dist_mem_gen_0.mif'
INFO: [SIM-utils-43] Exported 'D:/my_homework/my_vivado_practice/DDSwave_geneator/dds_wave_generator/dds_wave_generator.sim/sim_1/behav/xsim/Sin_Wave_Rom.coe'
INFO: [USF-XSim-97] Finding global include files...
INFO: [USF-XSim-98] Fetching design files from 'sim_1'...
INFO: [USF-XSim-2] XSim::Compile design
INFO: [USF-XSim-61] Executing 'COMPILE and ANALYZE' step in 'D:/my_homework/my_vivado_practice/DDSwave_geneator/dds_wave_generator/dds_wave_generator.sim/sim_1/behav/xsim'
"xvlog --incr --relax -prj sim_square_vlog.prj"
INFO: [USF-XSim-69] 'compile' step finished in '1' seconds
INFO: [USF-XSim-3] XSim::Elaborate design
INFO: [USF-XSim-61] Executing 'ELABORATE' step in 'D:/my_homework/my_vivado_practice/DDSwave_geneator/dds_wave_generator/dds_wave_generator.sim/sim_1/behav/xsim'
Vivado Simulator 2018.3
Copyright 1986-1999, 2001-2018 Xilinx, Inc. All Rights Reserved.
Running: D:/Xilinx/Vivado/2018.3/bin/unwrapped/win64.o/xelab.exe -wto 4aca77ce3d2d49d58408731be0b505e7 --incr --debug typical --relax --mt 2 -L xil_defaultlib -L unisims_ver -L unimacro_ver -L secureip -L xpm --snapshot sim_square_behav xil_defaultlib.sim_square xil_defaultlib.glbl -log elaborate.log 
Using 2 slave threads.
Starting static elaboration
Completed static elaboration
INFO: [XSIM 43-4323] No Change in HDL. Linking previously generated obj files to create kernel
INFO: [USF-XSim-69] 'elaborate' step finished in '1' seconds
INFO: [USF-XSim-4] XSim::Simulate design
INFO: [USF-XSim-61] Executing 'SIMULATE' step in 'D:/my_homework/my_vivado_practice/DDSwave_geneator/dds_wave_generator/dds_wave_generator.sim/sim_1/behav/xsim'
INFO: [USF-XSim-98] *** Running xsim
   with args "sim_square_behav -key {Behavioral:sim_1:Functional:sim_square} -tclbatch {sim_square.tcl} -log {simulate.log}"
INFO: [USF-XSim-8] Loading simulator feature
Vivado Simulator 2018.3
Time resolution is 1 ps
source sim_square.tcl
# set curr_wave [current_wave_config]
# if { [string length $curr_wave] == 0 } {
#   if { [llength [get_objects]] > 0} {
#     add_wave /
#     set_property needs_save false [current_wave_config]
#   } else {
#      send_msg_id Add_Wave-1 WARNING "No top level signals found. Simulator will start without a wave window. If you want to open a wave window go to 'File->New Waveform Configuration' or type 'create_wave_config' in the TCL console."
#   }
# }
# run 1000ns
INFO: [USF-XSim-96] XSim completed. Design snapshot 'sim_square_behav' loaded.
INFO: [USF-XSim-97] XSim simulation ran for 1000ns
launch_simulation: Time (s): cpu = 00:00:02 ; elapsed = 00:00:06 . Memory (MB): peak = 1776.691 ; gain = 16.762
restart
INFO: [Simtcl 6-17] Simulation restarted
run 10 us
restart
INFO: [Simtcl 6-17] Simulation restarted
run 10 us
close_sim
INFO: [Simtcl 6-16] Simulation closed
reset_run synth_1
launch_runs impl_1 -to_step write_bitstream -jobs 4
INFO: [Vivado 12-4149] The synthesis checkpoint for IP 'D:/my_homework/my_vivado_practice/DDSwave_geneator/dds_wave_generator/dds_wave_generator.srcs/sources_1/ip/dist_mem_gen_0/dist_mem_gen_0.xci' is already up-to-date
INFO: [Vivado 12-4149] The synthesis checkpoint for IP 'D:/my_homework/my_vivado_practice/DDSwave_geneator/dds_wave_generator/dds_wave_generator.srcs/sources_1/ip/xadc_wiz_0/xadc_wiz_0.xci' is already up-to-date
[Mon May 27 10:42:22 2024] Launched synth_1...
Run output will be captured here: D:/my_homework/my_vivado_practice/DDSwave_geneator/dds_wave_generator/dds_wave_generator.runs/synth_1/runme.log
[Mon May 27 10:42:22 2024] Launched impl_1...
Run output will be captured here: D:/my_homework/my_vivado_practice/DDSwave_geneator/dds_wave_generator/dds_wave_generator.runs/impl_1/runme.log
open_hw
connect_hw_server
INFO: [Labtools 27-2285] Connecting to hw_server url TCP:localhost:3121
INFO: [Labtools 27-2222] Launching hw_server...
INFO: [Labtools 27-2221] Launch Output:

****** Xilinx hw_server v2018.3
  **** Build date : Dec  7 2018-00:40:27
    ** Copyright 1986-2018 Xilinx, Inc. All Rights Reserved.


open_hw_target
INFO: [Labtoolstcl 44-466] Opening hw_target localhost:3121/xilinx_tcf/Xilinx/1234-tulA
set_property PROGRAM.FILE {D:/my_homework/my_vivado_practice/DDSwave_geneator/dds_wave_generator/dds_wave_generator.runs/impl_1/top_dds.bit} [get_hw_devices xc7a35t_0]
current_hw_device [get_hw_devices xc7a35t_0]
refresh_hw_device -update_hw_probes false [lindex [get_hw_devices xc7a35t_0] 0]
INFO: [Labtools 27-1434] Device xc7a35t (JTAG device index = 0) is programmed with a design that has no supported debug core(s) in it.
set_property PROBES.FILE {} [get_hw_devices xc7a35t_0]
set_property FULL_PROBES.FILE {} [get_hw_devices xc7a35t_0]
set_property PROGRAM.FILE {D:/my_homework/my_vivado_practice/DDSwave_geneator/dds_wave_generator/dds_wave_generator.runs/impl_1/top_dds.bit} [get_hw_devices xc7a35t_0]
program_hw_devices [get_hw_devices xc7a35t_0]
INFO: [Labtools 27-3164] End of startup status: HIGH
refresh_hw_device [lindex [get_hw_devices xc7a35t_0] 0]
INFO: [Labtools 27-1434] Device xc7a35t (JTAG device index = 0) is programmed with a design that has no supported debug core(s) in it.
reset_run synth_1
launch_runs impl_1 -to_step write_bitstream -jobs 4
INFO: [Vivado 12-4149] The synthesis checkpoint for IP 'D:/my_homework/my_vivado_practice/DDSwave_geneator/dds_wave_generator/dds_wave_generator.srcs/sources_1/ip/dist_mem_gen_0/dist_mem_gen_0.xci' is already up-to-date
INFO: [Vivado 12-4149] The synthesis checkpoint for IP 'D:/my_homework/my_vivado_practice/DDSwave_geneator/dds_wave_generator/dds_wave_generator.srcs/sources_1/ip/xadc_wiz_0/xadc_wiz_0.xci' is already up-to-date
[Mon May 27 10:46:48 2024] Launched synth_1...
Run output will be captured here: D:/my_homework/my_vivado_practice/DDSwave_geneator/dds_wave_generator/dds_wave_generator.runs/synth_1/runme.log
[Mon May 27 10:46:48 2024] Launched impl_1...
Run output will be captured here: D:/my_homework/my_vivado_practice/DDSwave_geneator/dds_wave_generator/dds_wave_generator.runs/impl_1/runme.log
set_property PROBES.FILE {} [get_hw_devices xc7a35t_0]
set_property FULL_PROBES.FILE {} [get_hw_devices xc7a35t_0]
set_property PROGRAM.FILE {D:/my_homework/my_vivado_practice/DDSwave_geneator/dds_wave_generator/dds_wave_generator.runs/impl_1/top_dds.bit} [get_hw_devices xc7a35t_0]
program_hw_devices [get_hw_devices xc7a35t_0]
INFO: [Labtools 27-3164] End of startup status: HIGH
refresh_hw_device [lindex [get_hw_devices xc7a35t_0] 0]
INFO: [Labtools 27-1434] Device xc7a35t (JTAG device index = 0) is programmed with a design that has no supported debug core(s) in it.
reset_run synth_1
launch_runs impl_1 -to_step write_bitstream -jobs 4
INFO: [Vivado 12-4149] The synthesis checkpoint for IP 'D:/my_homework/my_vivado_practice/DDSwave_geneator/dds_wave_generator/dds_wave_generator.srcs/sources_1/ip/dist_mem_gen_0/dist_mem_gen_0.xci' is already up-to-date
INFO: [Vivado 12-4149] The synthesis checkpoint for IP 'D:/my_homework/my_vivado_practice/DDSwave_geneator/dds_wave_generator/dds_wave_generator.srcs/sources_1/ip/xadc_wiz_0/xadc_wiz_0.xci' is already up-to-date
[Mon May 27 10:50:16 2024] Launched synth_1...
Run output will be captured here: D:/my_homework/my_vivado_practice/DDSwave_geneator/dds_wave_generator/dds_wave_generator.runs/synth_1/runme.log
[Mon May 27 10:50:16 2024] Launched impl_1...
Run output will be captured here: D:/my_homework/my_vivado_practice/DDSwave_geneator/dds_wave_generator/dds_wave_generator.runs/impl_1/runme.log
set_property PROBES.FILE {} [get_hw_devices xc7a35t_0]
set_property FULL_PROBES.FILE {} [get_hw_devices xc7a35t_0]
set_property PROGRAM.FILE {D:/my_homework/my_vivado_practice/DDSwave_geneator/dds_wave_generator/dds_wave_generator.runs/impl_1/top_dds.bit} [get_hw_devices xc7a35t_0]
program_hw_devices [get_hw_devices xc7a35t_0]
INFO: [Labtools 27-3164] End of startup status: HIGH
refresh_hw_device [lindex [get_hw_devices xc7a35t_0] 0]
INFO: [Labtools 27-1434] Device xc7a35t (JTAG device index = 0) is programmed with a design that has no supported debug core(s) in it.
close_hw
reset_run synth_1
launch_runs impl_1 -to_step write_bitstream -jobs 4
INFO: [Vivado 12-4149] The synthesis checkpoint for IP 'D:/my_homework/my_vivado_practice/DDSwave_geneator/dds_wave_generator/dds_wave_generator.srcs/sources_1/ip/dist_mem_gen_0/dist_mem_gen_0.xci' is already up-to-date
INFO: [Vivado 12-4149] The synthesis checkpoint for IP 'D:/my_homework/my_vivado_practice/DDSwave_geneator/dds_wave_generator/dds_wave_generator.srcs/sources_1/ip/xadc_wiz_0/xadc_wiz_0.xci' is already up-to-date
[Mon May 27 11:14:49 2024] Launched synth_1...
Run output will be captured here: D:/my_homework/my_vivado_practice/DDSwave_geneator/dds_wave_generator/dds_wave_generator.runs/synth_1/runme.log
[Mon May 27 11:14:49 2024] Launched impl_1...
Run output will be captured here: D:/my_homework/my_vivado_practice/DDSwave_geneator/dds_wave_generator/dds_wave_generator.runs/impl_1/runme.log
reset_run synth_1
launch_runs impl_1 -to_step write_bitstream -jobs 4
INFO: [Vivado 12-4149] The synthesis checkpoint for IP 'D:/my_homework/my_vivado_practice/DDSwave_geneator/dds_wave_generator/dds_wave_generator.srcs/sources_1/ip/dist_mem_gen_0/dist_mem_gen_0.xci' is already up-to-date
INFO: [Vivado 12-4149] The synthesis checkpoint for IP 'D:/my_homework/my_vivado_practice/DDSwave_geneator/dds_wave_generator/dds_wave_generator.srcs/sources_1/ip/xadc_wiz_0/xadc_wiz_0.xci' is already up-to-date
[Mon May 27 11:17:39 2024] Launched synth_1...
Run output will be captured here: D:/my_homework/my_vivado_practice/DDSwave_geneator/dds_wave_generator/dds_wave_generator.runs/synth_1/runme.log
[Mon May 27 11:17:39 2024] Launched impl_1...
Run output will be captured here: D:/my_homework/my_vivado_practice/DDSwave_geneator/dds_wave_generator/dds_wave_generator.runs/impl_1/runme.log
open_hw
connect_hw_server
INFO: [Labtools 27-2285] Connecting to hw_server url TCP:localhost:3121
INFO: [Labtools 27-2222] Launching hw_server...
INFO: [Labtools 27-2221] Launch Output:

****** Xilinx hw_server v2018.3
  **** Build date : Dec  7 2018-00:40:27
    ** Copyright 1986-2018 Xilinx, Inc. All Rights Reserved.


open_hw_target
INFO: [Labtoolstcl 44-466] Opening hw_target localhost:3121/xilinx_tcf/Xilinx/1234-tulA
set_property PROGRAM.FILE {D:/my_homework/my_vivado_practice/DDSwave_geneator/dds_wave_generator/dds_wave_generator.runs/impl_1/top_dds.bit} [get_hw_devices xc7a35t_0]
current_hw_device [get_hw_devices xc7a35t_0]
refresh_hw_device -update_hw_probes false [lindex [get_hw_devices xc7a35t_0] 0]
INFO: [Labtools 27-1434] Device xc7a35t (JTAG device index = 0) is programmed with a design that has no supported debug core(s) in it.
set_property PROBES.FILE {} [get_hw_devices xc7a35t_0]
set_property FULL_PROBES.FILE {} [get_hw_devices xc7a35t_0]
set_property PROGRAM.FILE {D:/my_homework/my_vivado_practice/DDSwave_geneator/dds_wave_generator/dds_wave_generator.runs/impl_1/top_dds.bit} [get_hw_devices xc7a35t_0]
program_hw_devices [get_hw_devices xc7a35t_0]
INFO: [Labtools 27-3164] End of startup status: HIGH
refresh_hw_device [lindex [get_hw_devices xc7a35t_0] 0]
INFO: [Labtools 27-1434] Device xc7a35t (JTAG device index = 0) is programmed with a design that has no supported debug core(s) in it.
close_hw
launch_simulation
INFO: [Vivado 12-5698] Checking validity of IPs in the design for the 'XSim' simulator...
INFO: [Vivado 12-5682] Launching behavioral simulation in 'D:/my_homework/my_vivado_practice/DDSwave_geneator/dds_wave_generator/dds_wave_generator.sim/sim_1/behav/xsim'
INFO: [Vivado 12-4795] Using compiled simulation libraries for IPs
INFO: [SIM-utils-51] Simulation object is 'sim_1'
INFO: [USF-XSim-7] Finding pre-compiled libraries...
INFO: [USF-XSim-11] File 'D:/Xilinx/Vivado/2018.3/data/xsim/xsim.ini' copied to run dir:'D:/my_homework/my_vivado_practice/DDSwave_geneator/dds_wave_generator/dds_wave_generator.sim/sim_1/behav/xsim'
INFO: [SIM-utils-54] Inspecting design source files for 'sim_square' in fileset 'sim_1'...
INFO: [SIM-utils-43] Exported 'D:/my_homework/my_vivado_practice/DDSwave_geneator/dds_wave_generator/dds_wave_generator.sim/sim_1/behav/xsim/dist_mem_gen_0.mif'
INFO: [SIM-utils-43] Exported 'D:/my_homework/my_vivado_practice/DDSwave_geneator/dds_wave_generator/dds_wave_generator.sim/sim_1/behav/xsim/Sin_Wave_Rom.coe'
INFO: [USF-XSim-97] Finding global include files...
INFO: [USF-XSim-98] Fetching design files from 'sim_1'...
INFO: [USF-XSim-2] XSim::Compile design
INFO: [USF-XSim-61] Executing 'COMPILE and ANALYZE' step in 'D:/my_homework/my_vivado_practice/DDSwave_geneator/dds_wave_generator/dds_wave_generator.sim/sim_1/behav/xsim'
"xvlog --incr --relax -prj sim_square_vlog.prj"
INFO: [VRFC 10-2263] Analyzing Verilog file "D:/my_homework/my_vivado_practice/DDSwave_geneator/dds_wave_generator/dds_wave_generator.srcs/sources_1/new/square_wave.v" into library xil_defaultlib
INFO: [VRFC 10-311] analyzing module square_wave
INFO: [VRFC 10-2263] Analyzing Verilog file "D:/my_homework/my_vivado_practice/DDSwave_geneator/dds_wave_generator/dds_wave_generator.srcs/sim_1/new/sim_square.v" into library xil_defaultlib
INFO: [VRFC 10-311] analyzing module sim_square
INFO: [USF-XSim-69] 'compile' step finished in '1' seconds
INFO: [USF-XSim-3] XSim::Elaborate design
INFO: [USF-XSim-61] Executing 'ELABORATE' step in 'D:/my_homework/my_vivado_practice/DDSwave_geneator/dds_wave_generator/dds_wave_generator.sim/sim_1/behav/xsim'
Vivado Simulator 2018.3
Copyright 1986-1999, 2001-2018 Xilinx, Inc. All Rights Reserved.
Running: D:/Xilinx/Vivado/2018.3/bin/unwrapped/win64.o/xelab.exe -wto 4aca77ce3d2d49d58408731be0b505e7 --incr --debug typical --relax --mt 2 -L xil_defaultlib -L unisims_ver -L unimacro_ver -L secureip -L xpm --snapshot sim_square_behav xil_defaultlib.sim_square xil_defaultlib.glbl -log elaborate.log 
Using 2 slave threads.
Starting static elaboration
WARNING: [VRFC 10-3091] actual bit length 32 differs from formal bit length 1 for port 'duty_valid' [D:/my_homework/my_vivado_practice/DDSwave_geneator/dds_wave_generator/dds_wave_generator.srcs/sim_1/new/sim_square.v:48]
Completed static elaboration
Starting simulation data flow analysis
Completed simulation data flow analysis
Time Resolution for simulation is 1ps
Compiling module xil_defaultlib.square_wave
Compiling module xil_defaultlib.sim_square
Compiling module xil_defaultlib.glbl
Built simulation snapshot sim_square_behav

****** Webtalk v2018.3 (64-bit)
  **** SW Build 2405991 on Thu Dec  6 23:38:27 MST 2018
  **** IP Build 2404404 on Fri Dec  7 01:43:56 MST 2018
    ** Copyright 1986-2018 Xilinx, Inc. All Rights Reserved.

source D:/my_homework/my_vivado_practice/DDSwave_geneator/dds_wave_generator/dds_wave_generator.sim/sim_1/behav/xsim/xsim.dir/sim_square_behav/webtalk/xsim_webtalk.tcl -notrace
INFO: [Common 17-206] Exiting Webtalk at Mon May 27 11:27:32 2024...
INFO: [USF-XSim-69] 'elaborate' step finished in '3' seconds
INFO: [USF-XSim-4] XSim::Simulate design
INFO: [USF-XSim-61] Executing 'SIMULATE' step in 'D:/my_homework/my_vivado_practice/DDSwave_geneator/dds_wave_generator/dds_wave_generator.sim/sim_1/behav/xsim'
INFO: [USF-XSim-98] *** Running xsim
   with args "sim_square_behav -key {Behavioral:sim_1:Functional:sim_square} -tclbatch {sim_square.tcl} -log {simulate.log}"
INFO: [USF-XSim-8] Loading simulator feature
Vivado Simulator 2018.3
Time resolution is 1 ps
source sim_square.tcl
# set curr_wave [current_wave_config]
# if { [string length $curr_wave] == 0 } {
#   if { [llength [get_objects]] > 0} {
#     add_wave /
#     set_property needs_save false [current_wave_config]
#   } else {
#      send_msg_id Add_Wave-1 WARNING "No top level signals found. Simulator will start without a wave window. If you want to open a wave window go to 'File->New Waveform Configuration' or type 'create_wave_config' in the TCL console."
#   }
# }
# run 1000ns
INFO: [USF-XSim-96] XSim completed. Design snapshot 'sim_square_behav' loaded.
INFO: [USF-XSim-97] XSim simulation ran for 1000ns
launch_simulation: Time (s): cpu = 00:00:01 ; elapsed = 00:00:06 . Memory (MB): peak = 1970.977 ; gain = 4.426
restart
INFO: [Simtcl 6-17] Simulation restarted
run 10 us
restart
INFO: [Simtcl 6-17] Simulation restarted
run 10 us
restart
INFO: [Simtcl 6-17] Simulation restarted
run 10 us
restart
INFO: [Simtcl 6-17] Simulation restarted
run 10 us
restart
INFO: [Simtcl 6-17] Simulation restarted
run 10 us
restart
INFO: [Simtcl 6-17] Simulation restarted
run 10 us
restart
INFO: [Simtcl 6-17] Simulation restarted
run 10 us
reset_run synth_1
WARNING: [Vivado 12-1017] Problems encountered:
1. Failed to delete one or more files in run directory D:/my_homework/my_vivado_practice/DDSwave_geneator/dds_wave_generator/dds_wave_generator.runs/synth_1

launch_runs impl_1 -to_step write_bitstream -jobs 4
INFO: [Vivado 12-4149] The synthesis checkpoint for IP 'D:/my_homework/my_vivado_practice/DDSwave_geneator/dds_wave_generator/dds_wave_generator.srcs/sources_1/ip/dist_mem_gen_0/dist_mem_gen_0.xci' is already up-to-date
INFO: [Vivado 12-4149] The synthesis checkpoint for IP 'D:/my_homework/my_vivado_practice/DDSwave_geneator/dds_wave_generator/dds_wave_generator.srcs/sources_1/ip/xadc_wiz_0/xadc_wiz_0.xci' is already up-to-date
[Mon May 27 11:33:34 2024] Launched synth_1...
Run output will be captured here: D:/my_homework/my_vivado_practice/DDSwave_geneator/dds_wave_generator/dds_wave_generator.runs/synth_1/runme.log
[Mon May 27 11:33:34 2024] Launched impl_1...
Run output will be captured here: D:/my_homework/my_vivado_practice/DDSwave_geneator/dds_wave_generator/dds_wave_generator.runs/impl_1/runme.log
open_hw
connect_hw_server
INFO: [Labtools 27-2285] Connecting to hw_server url TCP:localhost:3121
INFO: [Labtools 27-2222] Launching hw_server...
INFO: [Labtools 27-2221] Launch Output:

****** Xilinx hw_server v2018.3
  **** Build date : Dec  7 2018-00:40:27
    ** Copyright 1986-2018 Xilinx, Inc. All Rights Reserved.


open_hw_target
INFO: [Labtoolstcl 44-466] Opening hw_target localhost:3121/xilinx_tcf/Xilinx/1234-tulA
set_property PROGRAM.FILE {D:/my_homework/my_vivado_practice/DDSwave_geneator/dds_wave_generator/dds_wave_generator.runs/impl_1/top_dds.bit} [get_hw_devices xc7a35t_0]
current_hw_device [get_hw_devices xc7a35t_0]
refresh_hw_device -update_hw_probes false [lindex [get_hw_devices xc7a35t_0] 0]
INFO: [Labtools 27-1434] Device xc7a35t (JTAG device index = 0) is programmed with a design that has no supported debug core(s) in it.
set_property PROBES.FILE {} [get_hw_devices xc7a35t_0]
set_property FULL_PROBES.FILE {} [get_hw_devices xc7a35t_0]
set_property PROGRAM.FILE {D:/my_homework/my_vivado_practice/DDSwave_geneator/dds_wave_generator/dds_wave_generator.runs/impl_1/top_dds.bit} [get_hw_devices xc7a35t_0]
program_hw_devices [get_hw_devices xc7a35t_0]
INFO: [Labtools 27-3164] End of startup status: HIGH
refresh_hw_device [lindex [get_hw_devices xc7a35t_0] 0]
INFO: [Labtools 27-1434] Device xc7a35t (JTAG device index = 0) is programmed with a design that has no supported debug core(s) in it.
reset_run synth_1
WARNING: [Vivado 12-1017] Problems encountered:
1. Failed to delete one or more files in run directory D:/my_homework/my_vivado_practice/DDSwave_geneator/dds_wave_generator/dds_wave_generator.runs/synth_1

launch_runs impl_1 -to_step write_bitstream -jobs 4
INFO: [Vivado 12-4149] The synthesis checkpoint for IP 'D:/my_homework/my_vivado_practice/DDSwave_geneator/dds_wave_generator/dds_wave_generator.srcs/sources_1/ip/dist_mem_gen_0/dist_mem_gen_0.xci' is already up-to-date
INFO: [Vivado 12-4149] The synthesis checkpoint for IP 'D:/my_homework/my_vivado_practice/DDSwave_geneator/dds_wave_generator/dds_wave_generator.srcs/sources_1/ip/xadc_wiz_0/xadc_wiz_0.xci' is already up-to-date
[Mon May 27 11:38:15 2024] Launched synth_1...
Run output will be captured here: D:/my_homework/my_vivado_practice/DDSwave_geneator/dds_wave_generator/dds_wave_generator.runs/synth_1/runme.log
[Mon May 27 11:38:15 2024] Launched impl_1...
Run output will be captured here: D:/my_homework/my_vivado_practice/DDSwave_geneator/dds_wave_generator/dds_wave_generator.runs/impl_1/runme.log
set_property PROBES.FILE {} [get_hw_devices xc7a35t_0]
set_property FULL_PROBES.FILE {} [get_hw_devices xc7a35t_0]
set_property PROGRAM.FILE {D:/my_homework/my_vivado_practice/DDSwave_geneator/dds_wave_generator/dds_wave_generator.runs/impl_1/top_dds.bit} [get_hw_devices xc7a35t_0]
program_hw_devices [get_hw_devices xc7a35t_0]
INFO: [Labtools 27-3164] End of startup status: HIGH
refresh_hw_device [lindex [get_hw_devices xc7a35t_0] 0]
INFO: [Labtools 27-1434] Device xc7a35t (JTAG device index = 0) is programmed with a design that has no supported debug core(s) in it.
reset_run synth_1
WARNING: [Vivado 12-1017] Problems encountered:
1. Failed to delete one or more files in run directory D:/my_homework/my_vivado_practice/DDSwave_geneator/dds_wave_generator/dds_wave_generator.runs/synth_1

launch_runs impl_1 -to_step write_bitstream -jobs 4
INFO: [Vivado 12-4149] The synthesis checkpoint for IP 'D:/my_homework/my_vivado_practice/DDSwave_geneator/dds_wave_generator/dds_wave_generator.srcs/sources_1/ip/dist_mem_gen_0/dist_mem_gen_0.xci' is already up-to-date
INFO: [Vivado 12-4149] The synthesis checkpoint for IP 'D:/my_homework/my_vivado_practice/DDSwave_geneator/dds_wave_generator/dds_wave_generator.srcs/sources_1/ip/xadc_wiz_0/xadc_wiz_0.xci' is already up-to-date
[Mon May 27 11:43:00 2024] Launched synth_1...
Run output will be captured here: D:/my_homework/my_vivado_practice/DDSwave_geneator/dds_wave_generator/dds_wave_generator.runs/synth_1/runme.log
[Mon May 27 11:43:00 2024] Launched impl_1...
Run output will be captured here: D:/my_homework/my_vivado_practice/DDSwave_geneator/dds_wave_generator/dds_wave_generator.runs/impl_1/runme.log
set_property PROBES.FILE {} [get_hw_devices xc7a35t_0]
set_property FULL_PROBES.FILE {} [get_hw_devices xc7a35t_0]
set_property PROGRAM.FILE {D:/my_homework/my_vivado_practice/DDSwave_geneator/dds_wave_generator/dds_wave_generator.runs/impl_1/top_dds.bit} [get_hw_devices xc7a35t_0]
program_hw_devices [get_hw_devices xc7a35t_0]
INFO: [Labtools 27-3164] End of startup status: HIGH
refresh_hw_device [lindex [get_hw_devices xc7a35t_0] 0]
INFO: [Labtools 27-1434] Device xc7a35t (JTAG device index = 0) is programmed with a design that has no supported debug core(s) in it.
reset_run synth_1
WARNING: [Vivado 12-1017] Problems encountered:
1. Failed to delete one or more files in run directory D:/my_homework/my_vivado_practice/DDSwave_geneator/dds_wave_generator/dds_wave_generator.runs/synth_1

launch_runs impl_1 -to_step write_bitstream -jobs 4
INFO: [Vivado 12-4149] The synthesis checkpoint for IP 'D:/my_homework/my_vivado_practice/DDSwave_geneator/dds_wave_generator/dds_wave_generator.srcs/sources_1/ip/dist_mem_gen_0/dist_mem_gen_0.xci' is already up-to-date
INFO: [Vivado 12-4149] The synthesis checkpoint for IP 'D:/my_homework/my_vivado_practice/DDSwave_geneator/dds_wave_generator/dds_wave_generator.srcs/sources_1/ip/xadc_wiz_0/xadc_wiz_0.xci' is already up-to-date
[Mon May 27 11:51:59 2024] Launched synth_1...
Run output will be captured here: D:/my_homework/my_vivado_practice/DDSwave_geneator/dds_wave_generator/dds_wave_generator.runs/synth_1/runme.log
[Mon May 27 11:51:59 2024] Launched impl_1...
Run output will be captured here: D:/my_homework/my_vivado_practice/DDSwave_geneator/dds_wave_generator/dds_wave_generator.runs/impl_1/runme.log
set_property PROBES.FILE {} [get_hw_devices xc7a35t_0]
set_property FULL_PROBES.FILE {} [get_hw_devices xc7a35t_0]
set_property PROGRAM.FILE {D:/my_homework/my_vivado_practice/DDSwave_geneator/dds_wave_generator/dds_wave_generator.runs/impl_1/top_dds.bit} [get_hw_devices xc7a35t_0]
program_hw_devices [get_hw_devices xc7a35t_0]
INFO: [Labtools 27-3164] End of startup status: HIGH
refresh_hw_device [lindex [get_hw_devices xc7a35t_0] 0]
INFO: [Labtools 27-1434] Device xc7a35t (JTAG device index = 0) is programmed with a design that has no supported debug core(s) in it.
close_hw
close_sim
INFO: [Simtcl 6-16] Simulation closed
reset_run synth_1
launch_runs impl_1 -to_step write_bitstream -jobs 4
INFO: [Vivado 12-4149] The synthesis checkpoint for IP 'D:/my_homework/my_vivado_practice/DDSwave_geneator/dds_wave_generator/dds_wave_generator.srcs/sources_1/ip/dist_mem_gen_0/dist_mem_gen_0.xci' is already up-to-date
INFO: [Vivado 12-4149] The synthesis checkpoint for IP 'D:/my_homework/my_vivado_practice/DDSwave_geneator/dds_wave_generator/dds_wave_generator.srcs/sources_1/ip/xadc_wiz_0/xadc_wiz_0.xci' is already up-to-date
[Mon May 27 11:58:22 2024] Launched synth_1...
Run output will be captured here: D:/my_homework/my_vivado_practice/DDSwave_geneator/dds_wave_generator/dds_wave_generator.runs/synth_1/runme.log
[Mon May 27 11:58:22 2024] Launched impl_1...
Run output will be captured here: D:/my_homework/my_vivado_practice/DDSwave_geneator/dds_wave_generator/dds_wave_generator.runs/impl_1/runme.log
open_hw
connect_hw_server
INFO: [Labtools 27-2285] Connecting to hw_server url TCP:localhost:3121
INFO: [Labtools 27-2222] Launching hw_server...
INFO: [Labtools 27-2221] Launch Output:

****** Xilinx hw_server v2018.3
  **** Build date : Dec  7 2018-00:40:27
    ** Copyright 1986-2018 Xilinx, Inc. All Rights Reserved.


open_hw_target
INFO: [Labtoolstcl 44-466] Opening hw_target localhost:3121/xilinx_tcf/Xilinx/1234-tulA
set_property PROGRAM.FILE {D:/my_homework/my_vivado_practice/DDSwave_geneator/dds_wave_generator/dds_wave_generator.runs/impl_1/top_dds.bit} [get_hw_devices xc7a35t_0]
current_hw_device [get_hw_devices xc7a35t_0]
refresh_hw_device -update_hw_probes false [lindex [get_hw_devices xc7a35t_0] 0]
INFO: [Labtools 27-1434] Device xc7a35t (JTAG device index = 0) is programmed with a design that has no supported debug core(s) in it.
set_property PROBES.FILE {} [get_hw_devices xc7a35t_0]
set_property FULL_PROBES.FILE {} [get_hw_devices xc7a35t_0]
set_property PROGRAM.FILE {D:/my_homework/my_vivado_practice/DDSwave_geneator/dds_wave_generator/dds_wave_generator.runs/impl_1/top_dds.bit} [get_hw_devices xc7a35t_0]
program_hw_devices [get_hw_devices xc7a35t_0]
INFO: [Labtools 27-3164] End of startup status: HIGH
refresh_hw_device [lindex [get_hw_devices xc7a35t_0] 0]
INFO: [Labtools 27-1434] Device xc7a35t (JTAG device index = 0) is programmed with a design that has no supported debug core(s) in it.
close_hw
exit
INFO: [Common 17-206] Exiting Vivado at Mon May 27 12:05:39 2024...
