#-----------------------------------------------------------
# Vivado v2018.3 (64-bit)
# SW Build 2405991 on Thu Dec  6 23:38:27 MST 2018
# IP Build 2404404 on Fri Dec  7 01:43:56 MST 2018
# Start of session at: Sun Mar 31 20:40:53 2024
# Process ID: 16536
# Current directory: D:/my_homework/my_vivado_practice/project_my
# Command line: vivado.exe -gui_launcher_event rodinguilauncherevent13876 D:\my_homework\my_vivado_practice\project_my\project_my.xpr
# Log file: D:/my_homework/my_vivado_practice/project_my/vivado.log
# Journal file: D:/my_homework/my_vivado_practice/project_my\vivado.jou
#-----------------------------------------------------------
start_gui
open_project D:/my_homework/my_vivado_practice/project_my/project_my.xpr
Scanning sources...
Finished scanning sources
INFO: [IP_Flow 19-234] Refreshing IP repositories
INFO: [IP_Flow 19-1704] No user IP repositories specified
INFO: [IP_Flow 19-2313] Loaded Vivado IP repository 'D:/Xilinx/Vivado/2018.3/data/ip'.
update_compile_order -fileset sources_1
exit
INFO: [Common 17-206] Exiting Vivado at Sun Mar 31 20:41:30 2024...
