#-----------------------------------------------------------
# Vivado v2018.3 (64-bit)
# SW Build 2405991 on Thu Dec  6 23:38:27 MST 2018
# IP Build 2404404 on Fri Dec  7 01:43:56 MST 2018
# Start of session at: Mon Apr 29 10:38:18 2024
# Process ID: 21272
# Current directory: D:/my_homework/my_vivado_practice/project_practice_week9_on_class/FSM
# Command line: vivado.exe -gui_launcher_event rodinguilauncherevent14600 D:\my_homework\my_vivado_practice\project_practice_week9_on_class\FSM\FSM.xpr
# Log file: D:/my_homework/my_vivado_practice/project_practice_week9_on_class/FSM/vivado.log
# Journal file: D:/my_homework/my_vivado_practice/project_practice_week9_on_class/FSM\vivado.jou
#-----------------------------------------------------------
start_gui
open_project D:/my_homework/my_vivado_practice/project_practice_week9_on_class/FSM/FSM.xpr
Scanning sources...
Finished scanning sources
INFO: [IP_Flow 19-234] Refreshing IP repositories
INFO: [IP_Flow 19-1704] No user IP repositories specified
INFO: [IP_Flow 19-2313] Loaded Vivado IP repository 'D:/Xilinx/Vivado/2018.3/data/ip'.
open_project: Time (s): cpu = 00:00:08 ; elapsed = 00:00:10 . Memory (MB): peak = 683.527 ; gain = 84.031
update_compile_order -fileset sources_1
add_files -norecurse {D:/my_homework/my_vivado_practice/project_practice_week8_on_class/BCD_add_cnt/BCD_add_cnt.srcs/sources_1/new/sec_pule.v D:/my_homework/my_vivado_practice/project_practice_week8_on_class/BCD_add_cnt/BCD_add_cnt.srcs/sources_1/new/key_debounce.v D:/my_homework/my_vivado_practice/project_practice_week8_on_class/BCD_add_cnt/BCD_add_cnt.srcs/sources_1/new/show.v D:/my_homework/my_vivado_practice/project_practice_week8_on_class/BCD_add_cnt/BCD_add_cnt.srcs/sources_1/new/cnt60.v}
update_compile_order -fileset sources_1
close [ open D:/my_homework/my_vivado_practice/project_practice_week9_on_class/FSM/FSM.srcs/sources_1/new/get_key.v w ]
add_files D:/my_homework/my_vivado_practice/project_practice_week9_on_class/FSM/FSM.srcs/sources_1/new/get_key.v
update_compile_order -fileset sources_1
ERROR: [Common 17-180] Spawn failed: No error
ERROR: [Common 17-180] Spawn failed: No error
update_compile_order -fileset sources_1
close [ open D:/my_homework/my_vivado_practice/project_practice_week9_on_class/FSM/FSM.srcs/sources_1/new/cntdown.v w ]
add_files D:/my_homework/my_vivado_practice/project_practice_week9_on_class/FSM/FSM.srcs/sources_1/new/cntdown.v
update_compile_order -fileset sources_1
WARNING: [filemgmt 56-199] Attempt to get parsing info during refresh. "On-the-fly" syntax checking information may be incorrect. [D:/my_homework/my_vivado_practice/project_practice_week8_on_class/BCD_add_cnt/BCD_add_cnt.srcs/sources_1/new/key_debounce.v:]
WARNING: [filemgmt 56-199] Attempt to get parsing info during refresh. "On-the-fly" syntax checking information may be incorrect. [D:/my_homework/my_vivado_practice/project_practice_week9_on_class/FSM/FSM.srcs/sources_1/new/cntdown.v:]
WARNING: [filemgmt 56-199] Attempt to get parsing info during refresh. "On-the-fly" syntax checking information may be incorrect. [D:/my_homework/my_vivado_practice/project_practice_week8_on_class/BCD_add_cnt/BCD_add_cnt.srcs/sources_1/new/cnt60.v:]
WARNING: [filemgmt 56-199] Attempt to get parsing info during refresh. "On-the-fly" syntax checking information may be incorrect. [D:/my_homework/my_vivado_practice/project_practice_week9_on_class/FSM/FSM.srcs/sources_1/new/FSM.v:]
WARNING: [filemgmt 56-199] Attempt to get parsing info during refresh. "On-the-fly" syntax checking information may be incorrect. [D:/my_homework/my_vivado_practice/project_practice_week8_on_class/BCD_add_cnt/BCD_add_cnt.srcs/sources_1/new/sec_pule.v:]
ERROR: [Common 17-180] Spawn failed: No error
close [ open D:/my_homework/my_vivado_practice/project_practice_week9_on_class/FSM/FSM.srcs/sources_1/new/top_sec_cnt.v w ]
add_files D:/my_homework/my_vivado_practice/project_practice_week9_on_class/FSM/FSM.srcs/sources_1/new/top_sec_cnt.v
update_compile_order -fileset sources_1
update_compile_order -fileset sources_1
add_files -fileset constrs_1 -norecurse D:/my_homework/my_vivado_practice/project_practice_week8_on_class/BCD_add_cnt/BCD_add_cnt.srcs/constrs_1/new/BCD_cnt60_digit.xdc
synth_design -rtl -name rtl_1
Command: synth_design -rtl -name rtl_1
Starting synth_design
Using part: xc7a35tcsg324-1
Top: top_sec_cnt
---------------------------------------------------------------------------------
Starting RTL Elaboration : Time (s): cpu = 00:00:03 ; elapsed = 00:00:03 . Memory (MB): peak = 938.953 ; gain = 74.801
---------------------------------------------------------------------------------
INFO: [Synth 8-6157] synthesizing module 'top_sec_cnt' [D:/my_homework/my_vivado_practice/project_practice_week9_on_class/FSM/FSM.srcs/sources_1/new/top_sec_cnt.v:23]
INFO: [Synth 8-6157] synthesizing module 'get_key' [D:/my_homework/my_vivado_practice/project_practice_week9_on_class/FSM/FSM.srcs/sources_1/new/get_key.v:23]
INFO: [Synth 8-6157] synthesizing module 'key_debounce' [D:/my_homework/my_vivado_practice/project_practice_week8_on_class/BCD_add_cnt/BCD_add_cnt.srcs/sources_1/new/key_debounce.v:23]
	Parameter DELAY_YIME bound to: 21'b101101110001101100000 
WARNING: [Synth 8-6014] Unused sequential element key_value_reg was removed.  [D:/my_homework/my_vivado_practice/project_practice_week8_on_class/BCD_add_cnt/BCD_add_cnt.srcs/sources_1/new/key_debounce.v:50]
WARNING: [Synth 8-6014] Unused sequential element key_n_flag_reg was removed.  [D:/my_homework/my_vivado_practice/project_practice_week8_on_class/BCD_add_cnt/BCD_add_cnt.srcs/sources_1/new/key_debounce.v:62]
INFO: [Synth 8-6155] done synthesizing module 'key_debounce' (1#1) [D:/my_homework/my_vivado_practice/project_practice_week8_on_class/BCD_add_cnt/BCD_add_cnt.srcs/sources_1/new/key_debounce.v:23]
INFO: [Synth 8-6155] done synthesizing module 'get_key' (2#1) [D:/my_homework/my_vivado_practice/project_practice_week9_on_class/FSM/FSM.srcs/sources_1/new/get_key.v:23]
INFO: [Synth 8-6157] synthesizing module 'FSM' [D:/my_homework/my_vivado_practice/project_practice_week9_on_class/FSM/FSM.srcs/sources_1/new/FSM.v:23]
	Parameter WORK_INIT bound to: 2'b00 
	Parameter COUNT bound to: 2'b01 
	Parameter PAUSE bound to: 2'b11 
INFO: [Synth 8-6155] done synthesizing module 'FSM' (3#1) [D:/my_homework/my_vivado_practice/project_practice_week9_on_class/FSM/FSM.srcs/sources_1/new/FSM.v:23]
INFO: [Synth 8-6157] synthesizing module 'cntdown' [D:/my_homework/my_vivado_practice/project_practice_week9_on_class/FSM/FSM.srcs/sources_1/new/cntdown.v:23]
WARNING: [Synth 8-4446] all outputs are unconnected for this instance and logic may be removed [D:/my_homework/my_vivado_practice/project_practice_week9_on_class/FSM/FSM.srcs/sources_1/new/cntdown.v:31]
INFO: [Synth 8-6157] synthesizing module 'sec_pulse' [D:/my_homework/my_vivado_practice/project_practice_week8_on_class/BCD_add_cnt/BCD_add_cnt.srcs/sources_1/new/sec_pule.v:23]
	Parameter period bound to: 100000000 - type: integer 
INFO: [Synth 8-6155] done synthesizing module 'sec_pulse' (4#1) [D:/my_homework/my_vivado_practice/project_practice_week8_on_class/BCD_add_cnt/BCD_add_cnt.srcs/sources_1/new/sec_pule.v:23]
ERROR: [Synth 8-448] named port connection 'sec_pule' does not exist for instance 'u_sec_pulse' of module 'sec_pulse' [D:/my_homework/my_vivado_practice/project_practice_week9_on_class/FSM/FSM.srcs/sources_1/new/cntdown.v:35]
INFO: [Synth 8-6157] synthesizing module 'cnt60' [D:/my_homework/my_vivado_practice/project_practice_week8_on_class/BCD_add_cnt/BCD_add_cnt.srcs/sources_1/new/cnt60.v:23]
ERROR: [Synth 8-6156] failed synthesizing module 'cnt60' [D:/my_homework/my_vivado_practice/project_practice_week8_on_class/BCD_add_cnt/BCD_add_cnt.srcs/sources_1/new/cnt60.v:23]
ERROR: [Synth 8-6156] failed synthesizing module 'cntdown' [D:/my_homework/my_vivado_practice/project_practice_week9_on_class/FSM/FSM.srcs/sources_1/new/cntdown.v:23]
ERROR: [Synth 8-6156] failed synthesizing module 'top_sec_cnt' [D:/my_homework/my_vivado_practice/project_practice_week9_on_class/FSM/FSM.srcs/sources_1/new/top_sec_cnt.v:23]
---------------------------------------------------------------------------------
Finished RTL Elaboration : Time (s): cpu = 00:00:03 ; elapsed = 00:00:04 . Memory (MB): peak = 995.223 ; gain = 131.070
---------------------------------------------------------------------------------
RTL Elaboration failed
11 Infos, 3 Warnings, 0 Critical Warnings and 5 Errors encountered.
synth_design failed
ERROR: [Vivado_Tcl 4-5] Elaboration failed - please see the console for details
synth_design -rtl -name rtl_1
Command: synth_design -rtl -name rtl_1
Starting synth_design
Using part: xc7a35tcsg324-1
Top: top_sec_cnt
---------------------------------------------------------------------------------
Starting RTL Elaboration : Time (s): cpu = 00:00:02 ; elapsed = 00:00:03 . Memory (MB): peak = 995.223 ; gain = 0.000
---------------------------------------------------------------------------------
INFO: [Synth 8-6157] synthesizing module 'top_sec_cnt' [D:/my_homework/my_vivado_practice/project_practice_week9_on_class/FSM/FSM.srcs/sources_1/new/top_sec_cnt.v:23]
INFO: [Synth 8-6157] synthesizing module 'get_key' [D:/my_homework/my_vivado_practice/project_practice_week9_on_class/FSM/FSM.srcs/sources_1/new/get_key.v:23]
INFO: [Synth 8-6157] synthesizing module 'key_debounce' [D:/my_homework/my_vivado_practice/project_practice_week8_on_class/BCD_add_cnt/BCD_add_cnt.srcs/sources_1/new/key_debounce.v:23]
	Parameter DELAY_YIME bound to: 21'b101101110001101100000 
WARNING: [Synth 8-6014] Unused sequential element key_value_reg was removed.  [D:/my_homework/my_vivado_practice/project_practice_week8_on_class/BCD_add_cnt/BCD_add_cnt.srcs/sources_1/new/key_debounce.v:50]
WARNING: [Synth 8-6014] Unused sequential element key_n_flag_reg was removed.  [D:/my_homework/my_vivado_practice/project_practice_week8_on_class/BCD_add_cnt/BCD_add_cnt.srcs/sources_1/new/key_debounce.v:62]
INFO: [Synth 8-6155] done synthesizing module 'key_debounce' (1#1) [D:/my_homework/my_vivado_practice/project_practice_week8_on_class/BCD_add_cnt/BCD_add_cnt.srcs/sources_1/new/key_debounce.v:23]
INFO: [Synth 8-6155] done synthesizing module 'get_key' (2#1) [D:/my_homework/my_vivado_practice/project_practice_week9_on_class/FSM/FSM.srcs/sources_1/new/get_key.v:23]
INFO: [Synth 8-6157] synthesizing module 'FSM' [D:/my_homework/my_vivado_practice/project_practice_week9_on_class/FSM/FSM.srcs/sources_1/new/FSM.v:23]
	Parameter WORK_INIT bound to: 2'b00 
	Parameter COUNT bound to: 2'b01 
	Parameter PAUSE bound to: 2'b11 
INFO: [Synth 8-6155] done synthesizing module 'FSM' (3#1) [D:/my_homework/my_vivado_practice/project_practice_week9_on_class/FSM/FSM.srcs/sources_1/new/FSM.v:23]
INFO: [Synth 8-6157] synthesizing module 'cntdown' [D:/my_homework/my_vivado_practice/project_practice_week9_on_class/FSM/FSM.srcs/sources_1/new/cntdown.v:23]
INFO: [Synth 8-6157] synthesizing module 'sec_pulse' [D:/my_homework/my_vivado_practice/project_practice_week8_on_class/BCD_add_cnt/BCD_add_cnt.srcs/sources_1/new/sec_pule.v:23]
	Parameter period bound to: 100000000 - type: integer 
INFO: [Synth 8-6155] done synthesizing module 'sec_pulse' (4#1) [D:/my_homework/my_vivado_practice/project_practice_week8_on_class/BCD_add_cnt/BCD_add_cnt.srcs/sources_1/new/sec_pule.v:23]
INFO: [Synth 8-6157] synthesizing module 'cnt60' [D:/my_homework/my_vivado_practice/project_practice_week8_on_class/BCD_add_cnt/BCD_add_cnt.srcs/sources_1/new/cnt60.v:23]
INFO: [Synth 8-6155] done synthesizing module 'cnt60' (5#1) [D:/my_homework/my_vivado_practice/project_practice_week8_on_class/BCD_add_cnt/BCD_add_cnt.srcs/sources_1/new/cnt60.v:23]
INFO: [Synth 8-6155] done synthesizing module 'cntdown' (6#1) [D:/my_homework/my_vivado_practice/project_practice_week9_on_class/FSM/FSM.srcs/sources_1/new/cntdown.v:23]
INFO: [Synth 8-6157] synthesizing module 'show' [D:/my_homework/my_vivado_practice/project_practice_week8_on_class/BCD_add_cnt/BCD_add_cnt.srcs/sources_1/new/show.v:23]
ERROR: [Synth 8-524] part-select [11:8] out of range of prefix 'x' [D:/my_homework/my_vivado_practice/project_practice_week8_on_class/BCD_add_cnt/BCD_add_cnt.srcs/sources_1/new/show.v:59]
ERROR: [Synth 8-6156] failed synthesizing module 'show' [D:/my_homework/my_vivado_practice/project_practice_week8_on_class/BCD_add_cnt/BCD_add_cnt.srcs/sources_1/new/show.v:23]
ERROR: [Synth 8-6156] failed synthesizing module 'top_sec_cnt' [D:/my_homework/my_vivado_practice/project_practice_week9_on_class/FSM/FSM.srcs/sources_1/new/top_sec_cnt.v:23]
---------------------------------------------------------------------------------
Finished RTL Elaboration : Time (s): cpu = 00:00:03 ; elapsed = 00:00:03 . Memory (MB): peak = 995.223 ; gain = 0.000
---------------------------------------------------------------------------------
RTL Elaboration failed
14 Infos, 2 Warnings, 0 Critical Warnings and 4 Errors encountered.
synth_design failed
ERROR: [Vivado_Tcl 4-5] Elaboration failed - please see the console for details
synth_design -rtl -name rtl_1
Command: synth_design -rtl -name rtl_1
Starting synth_design
Using part: xc7a35tcsg324-1
Top: top_sec_cnt
---------------------------------------------------------------------------------
Starting RTL Elaboration : Time (s): cpu = 00:00:02 ; elapsed = 00:00:03 . Memory (MB): peak = 995.223 ; gain = 0.000
---------------------------------------------------------------------------------
INFO: [Synth 8-6157] synthesizing module 'top_sec_cnt' [D:/my_homework/my_vivado_practice/project_practice_week9_on_class/FSM/FSM.srcs/sources_1/new/top_sec_cnt.v:23]
INFO: [Synth 8-6157] synthesizing module 'get_key' [D:/my_homework/my_vivado_practice/project_practice_week9_on_class/FSM/FSM.srcs/sources_1/new/get_key.v:23]
INFO: [Synth 8-6157] synthesizing module 'key_debounce' [D:/my_homework/my_vivado_practice/project_practice_week8_on_class/BCD_add_cnt/BCD_add_cnt.srcs/sources_1/new/key_debounce.v:23]
	Parameter DELAY_YIME bound to: 21'b101101110001101100000 
WARNING: [Synth 8-6014] Unused sequential element key_value_reg was removed.  [D:/my_homework/my_vivado_practice/project_practice_week8_on_class/BCD_add_cnt/BCD_add_cnt.srcs/sources_1/new/key_debounce.v:50]
WARNING: [Synth 8-6014] Unused sequential element key_n_flag_reg was removed.  [D:/my_homework/my_vivado_practice/project_practice_week8_on_class/BCD_add_cnt/BCD_add_cnt.srcs/sources_1/new/key_debounce.v:62]
INFO: [Synth 8-6155] done synthesizing module 'key_debounce' (1#1) [D:/my_homework/my_vivado_practice/project_practice_week8_on_class/BCD_add_cnt/BCD_add_cnt.srcs/sources_1/new/key_debounce.v:23]
INFO: [Synth 8-6155] done synthesizing module 'get_key' (2#1) [D:/my_homework/my_vivado_practice/project_practice_week9_on_class/FSM/FSM.srcs/sources_1/new/get_key.v:23]
INFO: [Synth 8-6157] synthesizing module 'FSM' [D:/my_homework/my_vivado_practice/project_practice_week9_on_class/FSM/FSM.srcs/sources_1/new/FSM.v:23]
	Parameter WORK_INIT bound to: 2'b00 
	Parameter COUNT bound to: 2'b01 
	Parameter PAUSE bound to: 2'b11 
INFO: [Synth 8-6155] done synthesizing module 'FSM' (3#1) [D:/my_homework/my_vivado_practice/project_practice_week9_on_class/FSM/FSM.srcs/sources_1/new/FSM.v:23]
INFO: [Synth 8-6157] synthesizing module 'cntdown' [D:/my_homework/my_vivado_practice/project_practice_week9_on_class/FSM/FSM.srcs/sources_1/new/cntdown.v:23]
INFO: [Synth 8-6157] synthesizing module 'sec_pulse' [D:/my_homework/my_vivado_practice/project_practice_week8_on_class/BCD_add_cnt/BCD_add_cnt.srcs/sources_1/new/sec_pule.v:23]
	Parameter period bound to: 100000000 - type: integer 
INFO: [Synth 8-6155] done synthesizing module 'sec_pulse' (4#1) [D:/my_homework/my_vivado_practice/project_practice_week8_on_class/BCD_add_cnt/BCD_add_cnt.srcs/sources_1/new/sec_pule.v:23]
INFO: [Synth 8-6157] synthesizing module 'cnt60' [D:/my_homework/my_vivado_practice/project_practice_week8_on_class/BCD_add_cnt/BCD_add_cnt.srcs/sources_1/new/cnt60.v:23]
INFO: [Synth 8-6155] done synthesizing module 'cnt60' (5#1) [D:/my_homework/my_vivado_practice/project_practice_week8_on_class/BCD_add_cnt/BCD_add_cnt.srcs/sources_1/new/cnt60.v:23]
INFO: [Synth 8-6155] done synthesizing module 'cntdown' (6#1) [D:/my_homework/my_vivado_practice/project_practice_week9_on_class/FSM/FSM.srcs/sources_1/new/cntdown.v:23]
INFO: [Synth 8-6157] synthesizing module 'show' [D:/my_homework/my_vivado_practice/project_practice_week8_on_class/BCD_add_cnt/BCD_add_cnt.srcs/sources_1/new/show.v:23]
INFO: [Synth 8-155] case statement is not full and has no default [D:/my_homework/my_vivado_practice/project_practice_week8_on_class/BCD_add_cnt/BCD_add_cnt.srcs/sources_1/new/show.v:56]
INFO: [Synth 8-226] default block is never used [D:/my_homework/my_vivado_practice/project_practice_week8_on_class/BCD_add_cnt/BCD_add_cnt.srcs/sources_1/new/show.v:67]
INFO: [Synth 8-226] default block is never used [D:/my_homework/my_vivado_practice/project_practice_week8_on_class/BCD_add_cnt/BCD_add_cnt.srcs/sources_1/new/show.v:89]
INFO: [Synth 8-226] default block is never used [D:/my_homework/my_vivado_practice/project_practice_week8_on_class/BCD_add_cnt/BCD_add_cnt.srcs/sources_1/new/show.v:110]
INFO: [Synth 8-6155] done synthesizing module 'show' (7#1) [D:/my_homework/my_vivado_practice/project_practice_week8_on_class/BCD_add_cnt/BCD_add_cnt.srcs/sources_1/new/show.v:23]
INFO: [Synth 8-6155] done synthesizing module 'top_sec_cnt' (8#1) [D:/my_homework/my_vivado_practice/project_practice_week9_on_class/FSM/FSM.srcs/sources_1/new/top_sec_cnt.v:23]
---------------------------------------------------------------------------------
Finished RTL Elaboration : Time (s): cpu = 00:00:02 ; elapsed = 00:00:03 . Memory (MB): peak = 995.340 ; gain = 0.117
---------------------------------------------------------------------------------

Report Check Netlist: 
+------+------------------+-------+---------+-------+------------------+
|      |Item              |Errors |Warnings |Status |Description       |
+------+------------------+-------+---------+-------+------------------+
|1     |multi_driven_nets |      0|        0|Passed |Multi driven nets |
+------+------------------+-------+---------+-------+------------------+
---------------------------------------------------------------------------------
Start Handling Custom Attributes
---------------------------------------------------------------------------------
---------------------------------------------------------------------------------
Finished Handling Custom Attributes : Time (s): cpu = 00:00:03 ; elapsed = 00:00:04 . Memory (MB): peak = 995.340 ; gain = 0.117
---------------------------------------------------------------------------------
---------------------------------------------------------------------------------
Finished RTL Optimization Phase 1 : Time (s): cpu = 00:00:03 ; elapsed = 00:00:04 . Memory (MB): peak = 995.340 ; gain = 0.117
---------------------------------------------------------------------------------
INFO: [Device 21-403] Loading part xc7a35tcsg324-1
INFO: [Project 1-570] Preparing netlist for logic optimization

Processing XDC Constraints
Initializing timing engine
Parsing XDC File [D:/my_homework/my_vivado_practice/project_practice_week8_on_class/BCD_add_cnt/BCD_add_cnt.srcs/constrs_1/new/BCD_cnt60_digit.xdc]
WARNING: [Vivado 12-584] No ports matched 'key'. [D:/my_homework/my_vivado_practice/project_practice_week8_on_class/BCD_add_cnt/BCD_add_cnt.srcs/constrs_1/new/BCD_cnt60_digit.xdc:15]
CRITICAL WARNING: [Common 17-55] 'set_property' expects at least one object. [D:/my_homework/my_vivado_practice/project_practice_week8_on_class/BCD_add_cnt/BCD_add_cnt.srcs/constrs_1/new/BCD_cnt60_digit.xdc:15]
Resolution: If [get_<value>] was used to populate the object, check to make sure this command returns at least one valid object.
WARNING: [Vivado 12-584] No ports matched 'key_r'. [D:/my_homework/my_vivado_practice/project_practice_week8_on_class/BCD_add_cnt/BCD_add_cnt.srcs/constrs_1/new/BCD_cnt60_digit.xdc:16]
CRITICAL WARNING: [Common 17-55] 'set_property' expects at least one object. [D:/my_homework/my_vivado_practice/project_practice_week8_on_class/BCD_add_cnt/BCD_add_cnt.srcs/constrs_1/new/BCD_cnt60_digit.xdc:16]
Resolution: If [get_<value>] was used to populate the object, check to make sure this command returns at least one valid object.
Finished Parsing XDC File [D:/my_homework/my_vivado_practice/project_practice_week8_on_class/BCD_add_cnt/BCD_add_cnt.srcs/constrs_1/new/BCD_cnt60_digit.xdc]
Completed Processing XDC Constraints

INFO: [Opt 31-138] Pushed 0 inverter(s) to 0 load pin(s).
Netlist sorting complete. Time (s): cpu = 00:00:00 ; elapsed = 00:00:00 . Memory (MB): peak = 1319.762 ; gain = 0.000
INFO: [Project 1-111] Unisim Transformation Summary:
No Unisim elements were transformed.

RTL Elaboration Complete:  : Time (s): cpu = 00:00:16 ; elapsed = 00:00:16 . Memory (MB): peak = 1339.449 ; gain = 344.227
24 Infos, 4 Warnings, 2 Critical Warnings and 0 Errors encountered.
synth_design completed successfully
synth_design: Time (s): cpu = 00:00:16 ; elapsed = 00:00:16 . Memory (MB): peak = 1339.449 ; gain = 344.227
refresh_design
INFO: [Project 1-570] Preparing netlist for logic optimization

Processing XDC Constraints
Initializing timing engine
Parsing XDC File [D:/my_homework/my_vivado_practice/project_practice_week8_on_class/BCD_add_cnt/BCD_add_cnt.srcs/constrs_1/new/BCD_cnt60_digit.xdc]
Finished Parsing XDC File [D:/my_homework/my_vivado_practice/project_practice_week8_on_class/BCD_add_cnt/BCD_add_cnt.srcs/constrs_1/new/BCD_cnt60_digit.xdc]
Completed Processing XDC Constraints

INFO: [Opt 31-138] Pushed 0 inverter(s) to 0 load pin(s).
refresh_design: Time (s): cpu = 00:00:06 ; elapsed = 00:00:08 . Memory (MB): peak = 1408.227 ; gain = 68.777
launch_runs synth_1 -jobs 4
[Mon Apr 29 11:47:00 2024] Launched synth_1...
Run output will be captured here: D:/my_homework/my_vivado_practice/project_practice_week9_on_class/FSM/FSM.runs/synth_1/runme.log
launch_runs impl_1 -jobs 4
[Mon Apr 29 11:47:41 2024] Launched impl_1...
Run output will be captured here: D:/my_homework/my_vivado_practice/project_practice_week9_on_class/FSM/FSM.runs/impl_1/runme.log
launch_runs impl_1 -to_step write_bitstream -jobs 4
[Mon Apr 29 11:49:00 2024] Launched impl_1...
Run output will be captured here: D:/my_homework/my_vivado_practice/project_practice_week9_on_class/FSM/FSM.runs/impl_1/runme.log
open_hw
connect_hw_server
INFO: [Labtools 27-2285] Connecting to hw_server url TCP:localhost:3121
INFO: [Labtools 27-2222] Launching hw_server...
INFO: [Labtools 27-2221] Launch Output:

****** Xilinx hw_server v2018.3
  **** Build date : Dec  7 2018-00:40:27
    ** Copyright 1986-2018 Xilinx, Inc. All Rights Reserved.


open_hw_target
INFO: [Labtoolstcl 44-466] Opening hw_target localhost:3121/xilinx_tcf/Xilinx/1234-tulA
set_property PROGRAM.FILE {D:/my_homework/my_vivado_practice/project_practice_week9_on_class/FSM/FSM.runs/impl_1/top_sec_cnt.bit} [get_hw_devices xc7a35t_0]
current_hw_device [get_hw_devices xc7a35t_0]
refresh_hw_device -update_hw_probes false [lindex [get_hw_devices xc7a35t_0] 0]
INFO: [Labtools 27-1434] Device xc7a35t (JTAG device index = 0) is programmed with a design that has no supported debug core(s) in it.
set_property PROBES.FILE {} [get_hw_devices xc7a35t_0]
set_property FULL_PROBES.FILE {} [get_hw_devices xc7a35t_0]
set_property PROGRAM.FILE {D:/my_homework/my_vivado_practice/project_practice_week9_on_class/FSM/FSM.runs/impl_1/top_sec_cnt.bit} [get_hw_devices xc7a35t_0]
program_hw_devices [get_hw_devices xc7a35t_0]
INFO: [Labtools 27-3164] End of startup status: HIGH
refresh_hw_device [lindex [get_hw_devices xc7a35t_0] 0]
INFO: [Labtools 27-1434] Device xc7a35t (JTAG device index = 0) is programmed with a design that has no supported debug core(s) in it.
close_hw
refresh_design
---------------------------------------------------------------------------------
Starting RTL Elaboration : Time (s): cpu = 00:00:02 ; elapsed = 00:00:03 . Memory (MB): peak = 2506.262 ; gain = 0.000
---------------------------------------------------------------------------------
INFO: [Synth 8-6157] synthesizing module 'top_sec_cnt' [D:/my_homework/my_vivado_practice/project_practice_week9_on_class/FSM/FSM.srcs/sources_1/new/top_sec_cnt.v:23]
INFO: [Synth 8-6157] synthesizing module 'get_key' [D:/my_homework/my_vivado_practice/project_practice_week9_on_class/FSM/FSM.srcs/sources_1/new/get_key.v:23]
INFO: [Synth 8-6157] synthesizing module 'key_debounce' [D:/my_homework/my_vivado_practice/project_practice_week8_on_class/BCD_add_cnt/BCD_add_cnt.srcs/sources_1/new/key_debounce.v:23]
	Parameter DELAY_YIME bound to: 21'b101101110001101100000 
WARNING: [Synth 8-6014] Unused sequential element key_value_reg was removed.  [D:/my_homework/my_vivado_practice/project_practice_week8_on_class/BCD_add_cnt/BCD_add_cnt.srcs/sources_1/new/key_debounce.v:50]
WARNING: [Synth 8-6014] Unused sequential element key_n_flag_reg was removed.  [D:/my_homework/my_vivado_practice/project_practice_week8_on_class/BCD_add_cnt/BCD_add_cnt.srcs/sources_1/new/key_debounce.v:62]
INFO: [Synth 8-6155] done synthesizing module 'key_debounce' (1#1) [D:/my_homework/my_vivado_practice/project_practice_week8_on_class/BCD_add_cnt/BCD_add_cnt.srcs/sources_1/new/key_debounce.v:23]
INFO: [Synth 8-6155] done synthesizing module 'get_key' (2#1) [D:/my_homework/my_vivado_practice/project_practice_week9_on_class/FSM/FSM.srcs/sources_1/new/get_key.v:23]
INFO: [Synth 8-6157] synthesizing module 'FSM' [D:/my_homework/my_vivado_practice/project_practice_week9_on_class/FSM/FSM.srcs/sources_1/new/FSM.v:23]
	Parameter WORK_INIT bound to: 2'b00 
	Parameter COUNT bound to: 2'b01 
	Parameter PAUSE bound to: 2'b11 
INFO: [Synth 8-6155] done synthesizing module 'FSM' (3#1) [D:/my_homework/my_vivado_practice/project_practice_week9_on_class/FSM/FSM.srcs/sources_1/new/FSM.v:23]
INFO: [Synth 8-6157] synthesizing module 'cntdown' [D:/my_homework/my_vivado_practice/project_practice_week9_on_class/FSM/FSM.srcs/sources_1/new/cntdown.v:23]
INFO: [Synth 8-6157] synthesizing module 'sec_pulse' [D:/my_homework/my_vivado_practice/project_practice_week8_on_class/BCD_add_cnt/BCD_add_cnt.srcs/sources_1/new/sec_pule.v:23]
	Parameter period bound to: 100000000 - type: integer 
INFO: [Synth 8-6155] done synthesizing module 'sec_pulse' (4#1) [D:/my_homework/my_vivado_practice/project_practice_week8_on_class/BCD_add_cnt/BCD_add_cnt.srcs/sources_1/new/sec_pule.v:23]
INFO: [Synth 8-6157] synthesizing module 'cnt60' [D:/my_homework/my_vivado_practice/project_practice_week8_on_class/BCD_add_cnt/BCD_add_cnt.srcs/sources_1/new/cnt60.v:23]
INFO: [Synth 8-6155] done synthesizing module 'cnt60' (5#1) [D:/my_homework/my_vivado_practice/project_practice_week8_on_class/BCD_add_cnt/BCD_add_cnt.srcs/sources_1/new/cnt60.v:23]
INFO: [Synth 8-6155] done synthesizing module 'cntdown' (6#1) [D:/my_homework/my_vivado_practice/project_practice_week9_on_class/FSM/FSM.srcs/sources_1/new/cntdown.v:23]
INFO: [Synth 8-6157] synthesizing module 'show' [D:/my_homework/my_vivado_practice/project_practice_week8_on_class/BCD_add_cnt/BCD_add_cnt.srcs/sources_1/new/show.v:23]
INFO: [Synth 8-155] case statement is not full and has no default [D:/my_homework/my_vivado_practice/project_practice_week8_on_class/BCD_add_cnt/BCD_add_cnt.srcs/sources_1/new/show.v:56]
INFO: [Synth 8-226] default block is never used [D:/my_homework/my_vivado_practice/project_practice_week8_on_class/BCD_add_cnt/BCD_add_cnt.srcs/sources_1/new/show.v:67]
INFO: [Synth 8-226] default block is never used [D:/my_homework/my_vivado_practice/project_practice_week8_on_class/BCD_add_cnt/BCD_add_cnt.srcs/sources_1/new/show.v:89]
INFO: [Synth 8-226] default block is never used [D:/my_homework/my_vivado_practice/project_practice_week8_on_class/BCD_add_cnt/BCD_add_cnt.srcs/sources_1/new/show.v:110]
INFO: [Synth 8-6155] done synthesizing module 'show' (7#1) [D:/my_homework/my_vivado_practice/project_practice_week8_on_class/BCD_add_cnt/BCD_add_cnt.srcs/sources_1/new/show.v:23]
INFO: [Synth 8-6155] done synthesizing module 'top_sec_cnt' (8#1) [D:/my_homework/my_vivado_practice/project_practice_week9_on_class/FSM/FSM.srcs/sources_1/new/top_sec_cnt.v:23]
---------------------------------------------------------------------------------
Finished RTL Elaboration : Time (s): cpu = 00:00:03 ; elapsed = 00:00:03 . Memory (MB): peak = 2506.262 ; gain = 0.000
---------------------------------------------------------------------------------

Report Check Netlist: 
+------+------------------+-------+---------+-------+------------------+
|      |Item              |Errors |Warnings |Status |Description       |
+------+------------------+-------+---------+-------+------------------+
|1     |multi_driven_nets |      0|        0|Passed |Multi driven nets |
+------+------------------+-------+---------+-------+------------------+
---------------------------------------------------------------------------------
Start Handling Custom Attributes
---------------------------------------------------------------------------------
---------------------------------------------------------------------------------
Finished Handling Custom Attributes : Time (s): cpu = 00:00:03 ; elapsed = 00:00:04 . Memory (MB): peak = 2506.262 ; gain = 0.000
---------------------------------------------------------------------------------
---------------------------------------------------------------------------------
Finished RTL Optimization Phase 1 : Time (s): cpu = 00:00:03 ; elapsed = 00:00:04 . Memory (MB): peak = 2506.262 ; gain = 0.000
---------------------------------------------------------------------------------
INFO: [Project 1-570] Preparing netlist for logic optimization

Processing XDC Constraints
Initializing timing engine
Parsing XDC File [D:/my_homework/my_vivado_practice/project_practice_week8_on_class/BCD_add_cnt/BCD_add_cnt.srcs/constrs_1/new/BCD_cnt60_digit.xdc]
Finished Parsing XDC File [D:/my_homework/my_vivado_practice/project_practice_week8_on_class/BCD_add_cnt/BCD_add_cnt.srcs/constrs_1/new/BCD_cnt60_digit.xdc]
Completed Processing XDC Constraints

INFO: [Opt 31-138] Pushed 0 inverter(s) to 0 load pin(s).
refresh_design: Time (s): cpu = 00:00:09 ; elapsed = 00:00:12 . Memory (MB): peak = 2635.129 ; gain = 128.867
close_design
synth_design -rtl -name rtl_1
Command: synth_design -rtl -name rtl_1
Starting synth_design
Using part: xc7a35tcsg324-1
Top: top_sec_cnt
---------------------------------------------------------------------------------
Starting RTL Elaboration : Time (s): cpu = 00:00:02 ; elapsed = 00:00:03 . Memory (MB): peak = 2746.758 ; gain = 0.000
---------------------------------------------------------------------------------
INFO: [Synth 8-6157] synthesizing module 'top_sec_cnt' [D:/my_homework/my_vivado_practice/project_practice_week9_on_class/FSM/FSM.srcs/sources_1/new/top_sec_cnt.v:23]
INFO: [Synth 8-6157] synthesizing module 'get_key' [D:/my_homework/my_vivado_practice/project_practice_week9_on_class/FSM/FSM.srcs/sources_1/new/get_key.v:23]
INFO: [Synth 8-6157] synthesizing module 'key_debounce' [D:/my_homework/my_vivado_practice/project_practice_week8_on_class/BCD_add_cnt/BCD_add_cnt.srcs/sources_1/new/key_debounce.v:23]
	Parameter DELAY_YIME bound to: 21'b101101110001101100000 
WARNING: [Synth 8-6014] Unused sequential element key_value_reg was removed.  [D:/my_homework/my_vivado_practice/project_practice_week8_on_class/BCD_add_cnt/BCD_add_cnt.srcs/sources_1/new/key_debounce.v:50]
WARNING: [Synth 8-6014] Unused sequential element key_n_flag_reg was removed.  [D:/my_homework/my_vivado_practice/project_practice_week8_on_class/BCD_add_cnt/BCD_add_cnt.srcs/sources_1/new/key_debounce.v:62]
INFO: [Synth 8-6155] done synthesizing module 'key_debounce' (1#1) [D:/my_homework/my_vivado_practice/project_practice_week8_on_class/BCD_add_cnt/BCD_add_cnt.srcs/sources_1/new/key_debounce.v:23]
INFO: [Synth 8-6155] done synthesizing module 'get_key' (2#1) [D:/my_homework/my_vivado_practice/project_practice_week9_on_class/FSM/FSM.srcs/sources_1/new/get_key.v:23]
INFO: [Synth 8-6157] synthesizing module 'FSM' [D:/my_homework/my_vivado_practice/project_practice_week9_on_class/FSM/FSM.srcs/sources_1/new/FSM.v:23]
	Parameter WORK_INIT bound to: 2'b00 
	Parameter COUNT bound to: 2'b01 
	Parameter PAUSE bound to: 2'b11 
INFO: [Synth 8-6155] done synthesizing module 'FSM' (3#1) [D:/my_homework/my_vivado_practice/project_practice_week9_on_class/FSM/FSM.srcs/sources_1/new/FSM.v:23]
INFO: [Synth 8-6157] synthesizing module 'cntdown' [D:/my_homework/my_vivado_practice/project_practice_week9_on_class/FSM/FSM.srcs/sources_1/new/cntdown.v:23]
INFO: [Synth 8-6157] synthesizing module 'sec_pulse' [D:/my_homework/my_vivado_practice/project_practice_week8_on_class/BCD_add_cnt/BCD_add_cnt.srcs/sources_1/new/sec_pule.v:23]
	Parameter period bound to: 100000000 - type: integer 
INFO: [Synth 8-6155] done synthesizing module 'sec_pulse' (4#1) [D:/my_homework/my_vivado_practice/project_practice_week8_on_class/BCD_add_cnt/BCD_add_cnt.srcs/sources_1/new/sec_pule.v:23]
INFO: [Synth 8-6157] synthesizing module 'cnt60' [D:/my_homework/my_vivado_practice/project_practice_week8_on_class/BCD_add_cnt/BCD_add_cnt.srcs/sources_1/new/cnt60.v:23]
INFO: [Synth 8-6155] done synthesizing module 'cnt60' (5#1) [D:/my_homework/my_vivado_practice/project_practice_week8_on_class/BCD_add_cnt/BCD_add_cnt.srcs/sources_1/new/cnt60.v:23]
INFO: [Synth 8-6155] done synthesizing module 'cntdown' (6#1) [D:/my_homework/my_vivado_practice/project_practice_week9_on_class/FSM/FSM.srcs/sources_1/new/cntdown.v:23]
INFO: [Synth 8-6157] synthesizing module 'show' [D:/my_homework/my_vivado_practice/project_practice_week8_on_class/BCD_add_cnt/BCD_add_cnt.srcs/sources_1/new/show.v:23]
INFO: [Synth 8-155] case statement is not full and has no default [D:/my_homework/my_vivado_practice/project_practice_week8_on_class/BCD_add_cnt/BCD_add_cnt.srcs/sources_1/new/show.v:56]
INFO: [Synth 8-226] default block is never used [D:/my_homework/my_vivado_practice/project_practice_week8_on_class/BCD_add_cnt/BCD_add_cnt.srcs/sources_1/new/show.v:67]
INFO: [Synth 8-226] default block is never used [D:/my_homework/my_vivado_practice/project_practice_week8_on_class/BCD_add_cnt/BCD_add_cnt.srcs/sources_1/new/show.v:89]
INFO: [Synth 8-226] default block is never used [D:/my_homework/my_vivado_practice/project_practice_week8_on_class/BCD_add_cnt/BCD_add_cnt.srcs/sources_1/new/show.v:110]
INFO: [Synth 8-6155] done synthesizing module 'show' (7#1) [D:/my_homework/my_vivado_practice/project_practice_week8_on_class/BCD_add_cnt/BCD_add_cnt.srcs/sources_1/new/show.v:23]
INFO: [Synth 8-6155] done synthesizing module 'top_sec_cnt' (8#1) [D:/my_homework/my_vivado_practice/project_practice_week9_on_class/FSM/FSM.srcs/sources_1/new/top_sec_cnt.v:23]
---------------------------------------------------------------------------------
Finished RTL Elaboration : Time (s): cpu = 00:00:03 ; elapsed = 00:00:03 . Memory (MB): peak = 2746.758 ; gain = 0.000
---------------------------------------------------------------------------------

Report Check Netlist: 
+------+------------------+-------+---------+-------+------------------+
|      |Item              |Errors |Warnings |Status |Description       |
+------+------------------+-------+---------+-------+------------------+
|1     |multi_driven_nets |      0|        0|Passed |Multi driven nets |
+------+------------------+-------+---------+-------+------------------+
---------------------------------------------------------------------------------
Start Handling Custom Attributes
---------------------------------------------------------------------------------
---------------------------------------------------------------------------------
Finished Handling Custom Attributes : Time (s): cpu = 00:00:03 ; elapsed = 00:00:03 . Memory (MB): peak = 2746.758 ; gain = 0.000
---------------------------------------------------------------------------------
---------------------------------------------------------------------------------
Finished RTL Optimization Phase 1 : Time (s): cpu = 00:00:03 ; elapsed = 00:00:03 . Memory (MB): peak = 2746.758 ; gain = 0.000
---------------------------------------------------------------------------------
INFO: [Project 1-570] Preparing netlist for logic optimization

Processing XDC Constraints
Initializing timing engine
Parsing XDC File [D:/my_homework/my_vivado_practice/project_practice_week8_on_class/BCD_add_cnt/BCD_add_cnt.srcs/constrs_1/new/BCD_cnt60_digit.xdc]
Finished Parsing XDC File [D:/my_homework/my_vivado_practice/project_practice_week8_on_class/BCD_add_cnt/BCD_add_cnt.srcs/constrs_1/new/BCD_cnt60_digit.xdc]
Completed Processing XDC Constraints

INFO: [Opt 31-138] Pushed 0 inverter(s) to 0 load pin(s).
Netlist sorting complete. Time (s): cpu = 00:00:00 ; elapsed = 00:00:00.001 . Memory (MB): peak = 2746.758 ; gain = 0.000
INFO: [Project 1-111] Unisim Transformation Summary:
No Unisim elements were transformed.

RTL Elaboration Complete:  : Time (s): cpu = 00:00:06 ; elapsed = 00:00:06 . Memory (MB): peak = 2746.758 ; gain = 0.000
23 Infos, 2 Warnings, 0 Critical Warnings and 0 Errors encountered.
synth_design completed successfully
synth_design: Time (s): cpu = 00:00:06 ; elapsed = 00:00:06 . Memory (MB): peak = 2746.758 ; gain = 0.000
reset_run synth_1
launch_runs synth_1 -jobs 4
[Mon Apr 29 11:57:58 2024] Launched synth_1...
Run output will be captured here: D:/my_homework/my_vivado_practice/project_practice_week9_on_class/FSM/FSM.runs/synth_1/runme.log
launch_runs impl_1 -jobs 4
[Mon Apr 29 11:58:40 2024] Launched impl_1...
Run output will be captured here: D:/my_homework/my_vivado_practice/project_practice_week9_on_class/FSM/FSM.runs/impl_1/runme.log
launch_runs impl_1 -to_step write_bitstream -jobs 4
[Mon Apr 29 11:59:55 2024] Launched impl_1...
Run output will be captured here: D:/my_homework/my_vivado_practice/project_practice_week9_on_class/FSM/FSM.runs/impl_1/runme.log
open_hw
connect_hw_server
INFO: [Labtools 27-2285] Connecting to hw_server url TCP:localhost:3121
INFO: [Labtools 27-2222] Launching hw_server...
INFO: [Labtools 27-2221] Launch Output:

****** Xilinx hw_server v2018.3
  **** Build date : Dec  7 2018-00:40:27
    ** Copyright 1986-2018 Xilinx, Inc. All Rights Reserved.


open_hw_target
INFO: [Labtoolstcl 44-466] Opening hw_target localhost:3121/xilinx_tcf/Xilinx/1234-tulA
set_property PROGRAM.FILE {D:/my_homework/my_vivado_practice/project_practice_week9_on_class/FSM/FSM.runs/impl_1/top_sec_cnt.bit} [get_hw_devices xc7a35t_0]
current_hw_device [get_hw_devices xc7a35t_0]
refresh_hw_device -update_hw_probes false [lindex [get_hw_devices xc7a35t_0] 0]
INFO: [Labtools 27-1434] Device xc7a35t (JTAG device index = 0) is programmed with a design that has no supported debug core(s) in it.
set_property PROBES.FILE {} [get_hw_devices xc7a35t_0]
set_property FULL_PROBES.FILE {} [get_hw_devices xc7a35t_0]
set_property PROGRAM.FILE {D:/my_homework/my_vivado_practice/project_practice_week9_on_class/FSM/FSM.runs/impl_1/top_sec_cnt.bit} [get_hw_devices xc7a35t_0]
program_hw_devices [get_hw_devices xc7a35t_0]
INFO: [Labtools 27-3164] End of startup status: HIGH
refresh_hw_device [lindex [get_hw_devices xc7a35t_0] 0]
INFO: [Labtools 27-1434] Device xc7a35t (JTAG device index = 0) is programmed with a design that has no supported debug core(s) in it.
reset_run impl_1
launch_runs impl_1 -jobs 4
[Mon Apr 29 12:06:18 2024] Launched impl_1...
Run output will be captured here: D:/my_homework/my_vivado_practice/project_practice_week9_on_class/FSM/FSM.runs/impl_1/runme.log
open_run impl_1
INFO: [Netlist 29-17] Analyzing 23 Unisim elements for replacement
INFO: [Netlist 29-28] Unisim Transformation completed in 0 CPU seconds
INFO: [Project 1-479] Netlist was created with Vivado 2018.3
INFO: [Project 1-570] Preparing netlist for logic optimization
INFO: [Timing 38-478] Restoring timing data from binary archive.
INFO: [Timing 38-479] Binary timing data restore complete.
INFO: [Project 1-856] Restoring constraints from binary archive.
INFO: [Project 1-853] Binary constraint restore complete.
Reading XDEF placement.
Reading placer database...
Reading XDEF routing.
Read XDEF File: Time (s): cpu = 00:00:00 ; elapsed = 00:00:00.066 . Memory (MB): peak = 3105.523 ; gain = 0.000
Restored from archive | CPU: 0.000000 secs | Memory: 0.000000 MB |
Finished XDEF File Restore: Time (s): cpu = 00:00:00 ; elapsed = 00:00:00.066 . Memory (MB): peak = 3105.523 ; gain = 0.000
Netlist sorting complete. Time (s): cpu = 00:00:00 ; elapsed = 00:00:00 . Memory (MB): peak = 3105.523 ; gain = 0.000
INFO: [Project 1-111] Unisim Transformation Summary:
No Unisim elements were transformed.

open_run: Time (s): cpu = 00:00:14 ; elapsed = 00:00:16 . Memory (MB): peak = 3177.066 ; gain = 430.309
WARNING: [Timing 38-313] There are no user specified timing constraints. Timing constraints are needed for proper timing analysis.
open_run synth_1 -name synth_1
Design is defaulting to impl run constrset: constrs_1
Design is defaulting to synth run part: xc7a35tcsg324-1
INFO: [Netlist 29-17] Analyzing 23 Unisim elements for replacement
INFO: [Netlist 29-28] Unisim Transformation completed in 0 CPU seconds
INFO: [Project 1-479] Netlist was created with Vivado 2018.3
INFO: [Project 1-570] Preparing netlist for logic optimization
Parsing XDC File [D:/my_homework/my_vivado_practice/project_practice_week8_on_class/BCD_add_cnt/BCD_add_cnt.srcs/constrs_1/new/BCD_cnt60_digit.xdc]
Finished Parsing XDC File [D:/my_homework/my_vivado_practice/project_practice_week8_on_class/BCD_add_cnt/BCD_add_cnt.srcs/constrs_1/new/BCD_cnt60_digit.xdc]
INFO: [Opt 31-138] Pushed 0 inverter(s) to 0 load pin(s).
Netlist sorting complete. Time (s): cpu = 00:00:00 ; elapsed = 00:00:00 . Memory (MB): peak = 3242.867 ; gain = 0.000
INFO: [Project 1-111] Unisim Transformation Summary:
No Unisim elements were transformed.

open_run: Time (s): cpu = 00:00:03 ; elapsed = 00:00:07 . Memory (MB): peak = 3483.359 ; gain = 286.570
close_design
reset_run synth_1
launch_runs synth_1 -jobs 4
[Mon Apr 29 12:08:50 2024] Launched synth_1...
Run output will be captured here: D:/my_homework/my_vivado_practice/project_practice_week9_on_class/FSM/FSM.runs/synth_1/runme.log
close_design
close_design: Time (s): cpu = 00:00:04 ; elapsed = 00:00:13 . Memory (MB): peak = 4206.438 ; gain = 0.098
launch_runs impl_1 -jobs 4
[Mon Apr 29 12:09:37 2024] Launched impl_1...
Run output will be captured here: D:/my_homework/my_vivado_practice/project_practice_week9_on_class/FSM/FSM.runs/impl_1/runme.log
ERROR: [Labtoolstcl 44-513] HW Target shutdown. Closing target: localhost:3121/xilinx_tcf/Xilinx/1234-tulA
INFO: [Labtoolstcl 44-466] Opening hw_target localhost:3121/xilinx_tcf/Xilinx/1234-tulA
INFO: [Labtools 27-1434] Device xc7a35t (JTAG device index = 0) is programmed with a design that has no supported debug core(s) in it.
WARNING: [Labtoolstcl 44-129] No matching hw_ila_data was found.
refresh_design
---------------------------------------------------------------------------------
Starting RTL Elaboration : Time (s): cpu = 00:00:03 ; elapsed = 00:00:03 . Memory (MB): peak = 4206.438 ; gain = 0.000
---------------------------------------------------------------------------------
INFO: [Synth 8-6157] synthesizing module 'top_sec_cnt' [D:/my_homework/my_vivado_practice/project_practice_week9_on_class/FSM/FSM.srcs/sources_1/new/top_sec_cnt.v:23]
INFO: [Synth 8-6157] synthesizing module 'get_key' [D:/my_homework/my_vivado_practice/project_practice_week9_on_class/FSM/FSM.srcs/sources_1/new/get_key.v:23]
INFO: [Synth 8-6157] synthesizing module 'key_debounce' [D:/my_homework/my_vivado_practice/project_practice_week8_on_class/BCD_add_cnt/BCD_add_cnt.srcs/sources_1/new/key_debounce.v:23]
	Parameter DELAY_YIME bound to: 21'b101101110001101100000 
WARNING: [Synth 8-6014] Unused sequential element key_value_reg was removed.  [D:/my_homework/my_vivado_practice/project_practice_week8_on_class/BCD_add_cnt/BCD_add_cnt.srcs/sources_1/new/key_debounce.v:50]
WARNING: [Synth 8-6014] Unused sequential element key_n_flag_reg was removed.  [D:/my_homework/my_vivado_practice/project_practice_week8_on_class/BCD_add_cnt/BCD_add_cnt.srcs/sources_1/new/key_debounce.v:62]
INFO: [Synth 8-6155] done synthesizing module 'key_debounce' (1#1) [D:/my_homework/my_vivado_practice/project_practice_week8_on_class/BCD_add_cnt/BCD_add_cnt.srcs/sources_1/new/key_debounce.v:23]
INFO: [Synth 8-6155] done synthesizing module 'get_key' (2#1) [D:/my_homework/my_vivado_practice/project_practice_week9_on_class/FSM/FSM.srcs/sources_1/new/get_key.v:23]
INFO: [Synth 8-6157] synthesizing module 'FSM' [D:/my_homework/my_vivado_practice/project_practice_week9_on_class/FSM/FSM.srcs/sources_1/new/FSM.v:23]
	Parameter WORK_INIT bound to: 2'b00 
	Parameter COUNT bound to: 2'b01 
	Parameter PAUSE bound to: 2'b11 
INFO: [Synth 8-6155] done synthesizing module 'FSM' (3#1) [D:/my_homework/my_vivado_practice/project_practice_week9_on_class/FSM/FSM.srcs/sources_1/new/FSM.v:23]
INFO: [Synth 8-6157] synthesizing module 'cntdown' [D:/my_homework/my_vivado_practice/project_practice_week9_on_class/FSM/FSM.srcs/sources_1/new/cntdown.v:23]
INFO: [Synth 8-6157] synthesizing module 'sec_pulse' [D:/my_homework/my_vivado_practice/project_practice_week8_on_class/BCD_add_cnt/BCD_add_cnt.srcs/sources_1/new/sec_pule.v:23]
	Parameter period bound to: 100000000 - type: integer 
INFO: [Synth 8-6155] done synthesizing module 'sec_pulse' (4#1) [D:/my_homework/my_vivado_practice/project_practice_week8_on_class/BCD_add_cnt/BCD_add_cnt.srcs/sources_1/new/sec_pule.v:23]
INFO: [Synth 8-6157] synthesizing module 'cnt60' [D:/my_homework/my_vivado_practice/project_practice_week8_on_class/BCD_add_cnt/BCD_add_cnt.srcs/sources_1/new/cnt60.v:23]
INFO: [Synth 8-6155] done synthesizing module 'cnt60' (5#1) [D:/my_homework/my_vivado_practice/project_practice_week8_on_class/BCD_add_cnt/BCD_add_cnt.srcs/sources_1/new/cnt60.v:23]
INFO: [Synth 8-6155] done synthesizing module 'cntdown' (6#1) [D:/my_homework/my_vivado_practice/project_practice_week9_on_class/FSM/FSM.srcs/sources_1/new/cntdown.v:23]
INFO: [Synth 8-6157] synthesizing module 'show' [D:/my_homework/my_vivado_practice/project_practice_week8_on_class/BCD_add_cnt/BCD_add_cnt.srcs/sources_1/new/show.v:23]
INFO: [Synth 8-155] case statement is not full and has no default [D:/my_homework/my_vivado_practice/project_practice_week8_on_class/BCD_add_cnt/BCD_add_cnt.srcs/sources_1/new/show.v:56]
INFO: [Synth 8-226] default block is never used [D:/my_homework/my_vivado_practice/project_practice_week8_on_class/BCD_add_cnt/BCD_add_cnt.srcs/sources_1/new/show.v:110]
INFO: [Synth 8-6155] done synthesizing module 'show' (7#1) [D:/my_homework/my_vivado_practice/project_practice_week8_on_class/BCD_add_cnt/BCD_add_cnt.srcs/sources_1/new/show.v:23]
INFO: [Synth 8-6155] done synthesizing module 'top_sec_cnt' (8#1) [D:/my_homework/my_vivado_practice/project_practice_week9_on_class/FSM/FSM.srcs/sources_1/new/top_sec_cnt.v:23]
---------------------------------------------------------------------------------
Finished RTL Elaboration : Time (s): cpu = 00:00:03 ; elapsed = 00:00:04 . Memory (MB): peak = 4206.438 ; gain = 0.000
---------------------------------------------------------------------------------

Report Check Netlist: 
+------+------------------+-------+---------+-------+------------------+
|      |Item              |Errors |Warnings |Status |Description       |
+------+------------------+-------+---------+-------+------------------+
|1     |multi_driven_nets |      0|        0|Passed |Multi driven nets |
+------+------------------+-------+---------+-------+------------------+
---------------------------------------------------------------------------------
Start Handling Custom Attributes
---------------------------------------------------------------------------------
---------------------------------------------------------------------------------
Finished Handling Custom Attributes : Time (s): cpu = 00:00:03 ; elapsed = 00:00:04 . Memory (MB): peak = 4206.438 ; gain = 0.000
---------------------------------------------------------------------------------
---------------------------------------------------------------------------------
Finished RTL Optimization Phase 1 : Time (s): cpu = 00:00:03 ; elapsed = 00:00:04 . Memory (MB): peak = 4206.438 ; gain = 0.000
---------------------------------------------------------------------------------
INFO: [Project 1-570] Preparing netlist for logic optimization

Processing XDC Constraints
Initializing timing engine
Parsing XDC File [D:/my_homework/my_vivado_practice/project_practice_week8_on_class/BCD_add_cnt/BCD_add_cnt.srcs/constrs_1/new/BCD_cnt60_digit.xdc]
Finished Parsing XDC File [D:/my_homework/my_vivado_practice/project_practice_week8_on_class/BCD_add_cnt/BCD_add_cnt.srcs/constrs_1/new/BCD_cnt60_digit.xdc]
Completed Processing XDC Constraints

INFO: [Opt 31-138] Pushed 0 inverter(s) to 0 load pin(s).
refresh_design: Time (s): cpu = 00:00:08 ; elapsed = 00:00:15 . Memory (MB): peak = 4206.438 ; gain = 0.000
reset_run synth_1
launch_runs synth_1 -jobs 4
[Mon Apr 29 15:05:13 2024] Launched synth_1...
Run output will be captured here: D:/my_homework/my_vivado_practice/project_practice_week9_on_class/FSM/FSM.runs/synth_1/runme.log
launch_runs impl_1 -jobs 4
[Mon Apr 29 15:06:01 2024] Launched impl_1...
Run output will be captured here: D:/my_homework/my_vivado_practice/project_practice_week9_on_class/FSM/FSM.runs/impl_1/runme.log
refresh_design
---------------------------------------------------------------------------------
Starting RTL Elaboration : Time (s): cpu = 00:00:02 ; elapsed = 00:00:03 . Memory (MB): peak = 4206.438 ; gain = 0.000
---------------------------------------------------------------------------------
INFO: [Synth 8-6157] synthesizing module 'top_sec_cnt' [D:/my_homework/my_vivado_practice/project_practice_week9_on_class/FSM/FSM.srcs/sources_1/new/top_sec_cnt.v:23]
INFO: [Synth 8-6157] synthesizing module 'get_key' [D:/my_homework/my_vivado_practice/project_practice_week9_on_class/FSM/FSM.srcs/sources_1/new/get_key.v:23]
INFO: [Synth 8-6157] synthesizing module 'key_debounce' [D:/my_homework/my_vivado_practice/project_practice_week8_on_class/BCD_add_cnt/BCD_add_cnt.srcs/sources_1/new/key_debounce.v:23]
	Parameter DELAY_YIME bound to: 21'b101101110001101100000 
WARNING: [Synth 8-6014] Unused sequential element key_value_reg was removed.  [D:/my_homework/my_vivado_practice/project_practice_week8_on_class/BCD_add_cnt/BCD_add_cnt.srcs/sources_1/new/key_debounce.v:50]
WARNING: [Synth 8-6014] Unused sequential element key_n_flag_reg was removed.  [D:/my_homework/my_vivado_practice/project_practice_week8_on_class/BCD_add_cnt/BCD_add_cnt.srcs/sources_1/new/key_debounce.v:62]
INFO: [Synth 8-6155] done synthesizing module 'key_debounce' (1#1) [D:/my_homework/my_vivado_practice/project_practice_week8_on_class/BCD_add_cnt/BCD_add_cnt.srcs/sources_1/new/key_debounce.v:23]
INFO: [Synth 8-6155] done synthesizing module 'get_key' (2#1) [D:/my_homework/my_vivado_practice/project_practice_week9_on_class/FSM/FSM.srcs/sources_1/new/get_key.v:23]
INFO: [Synth 8-6157] synthesizing module 'FSM' [D:/my_homework/my_vivado_practice/project_practice_week9_on_class/FSM/FSM.srcs/sources_1/new/FSM.v:23]
	Parameter WORK_INIT bound to: 2'b00 
	Parameter COUNT bound to: 2'b01 
	Parameter PAUSE bound to: 2'b11 
INFO: [Synth 8-6155] done synthesizing module 'FSM' (3#1) [D:/my_homework/my_vivado_practice/project_practice_week9_on_class/FSM/FSM.srcs/sources_1/new/FSM.v:23]
INFO: [Synth 8-6157] synthesizing module 'cntdown' [D:/my_homework/my_vivado_practice/project_practice_week9_on_class/FSM/FSM.srcs/sources_1/new/cntdown.v:23]
INFO: [Synth 8-6157] synthesizing module 'sec_pulse' [D:/my_homework/my_vivado_practice/project_practice_week8_on_class/BCD_add_cnt/BCD_add_cnt.srcs/sources_1/new/sec_pule.v:23]
	Parameter period bound to: 100000000 - type: integer 
INFO: [Synth 8-6155] done synthesizing module 'sec_pulse' (4#1) [D:/my_homework/my_vivado_practice/project_practice_week8_on_class/BCD_add_cnt/BCD_add_cnt.srcs/sources_1/new/sec_pule.v:23]
INFO: [Synth 8-6157] synthesizing module 'cnt60' [D:/my_homework/my_vivado_practice/project_practice_week8_on_class/BCD_add_cnt/BCD_add_cnt.srcs/sources_1/new/cnt60.v:23]
INFO: [Synth 8-6155] done synthesizing module 'cnt60' (5#1) [D:/my_homework/my_vivado_practice/project_practice_week8_on_class/BCD_add_cnt/BCD_add_cnt.srcs/sources_1/new/cnt60.v:23]
INFO: [Synth 8-6155] done synthesizing module 'cntdown' (6#1) [D:/my_homework/my_vivado_practice/project_practice_week9_on_class/FSM/FSM.srcs/sources_1/new/cntdown.v:23]
INFO: [Synth 8-6157] synthesizing module 'show' [D:/my_homework/my_vivado_practice/project_practice_week8_on_class/BCD_add_cnt/BCD_add_cnt.srcs/sources_1/new/show.v:23]
INFO: [Synth 8-155] case statement is not full and has no default [D:/my_homework/my_vivado_practice/project_practice_week8_on_class/BCD_add_cnt/BCD_add_cnt.srcs/sources_1/new/show.v:56]
INFO: [Synth 8-226] default block is never used [D:/my_homework/my_vivado_practice/project_practice_week8_on_class/BCD_add_cnt/BCD_add_cnt.srcs/sources_1/new/show.v:110]
INFO: [Synth 8-6155] done synthesizing module 'show' (7#1) [D:/my_homework/my_vivado_practice/project_practice_week8_on_class/BCD_add_cnt/BCD_add_cnt.srcs/sources_1/new/show.v:23]
INFO: [Synth 8-6155] done synthesizing module 'top_sec_cnt' (8#1) [D:/my_homework/my_vivado_practice/project_practice_week9_on_class/FSM/FSM.srcs/sources_1/new/top_sec_cnt.v:23]
---------------------------------------------------------------------------------
Finished RTL Elaboration : Time (s): cpu = 00:00:03 ; elapsed = 00:00:03 . Memory (MB): peak = 4206.438 ; gain = 0.000
---------------------------------------------------------------------------------

Report Check Netlist: 
+------+------------------+-------+---------+-------+------------------+
|      |Item              |Errors |Warnings |Status |Description       |
+------+------------------+-------+---------+-------+------------------+
|1     |multi_driven_nets |      0|        0|Passed |Multi driven nets |
+------+------------------+-------+---------+-------+------------------+
---------------------------------------------------------------------------------
Start Handling Custom Attributes
---------------------------------------------------------------------------------
---------------------------------------------------------------------------------
Finished Handling Custom Attributes : Time (s): cpu = 00:00:03 ; elapsed = 00:00:03 . Memory (MB): peak = 4206.438 ; gain = 0.000
---------------------------------------------------------------------------------
---------------------------------------------------------------------------------
Finished RTL Optimization Phase 1 : Time (s): cpu = 00:00:03 ; elapsed = 00:00:03 . Memory (MB): peak = 4206.438 ; gain = 0.000
---------------------------------------------------------------------------------
INFO: [Project 1-570] Preparing netlist for logic optimization

Processing XDC Constraints
Initializing timing engine
Parsing XDC File [D:/my_homework/my_vivado_practice/project_practice_week8_on_class/BCD_add_cnt/BCD_add_cnt.srcs/constrs_1/new/BCD_cnt60_digit.xdc]
Finished Parsing XDC File [D:/my_homework/my_vivado_practice/project_practice_week8_on_class/BCD_add_cnt/BCD_add_cnt.srcs/constrs_1/new/BCD_cnt60_digit.xdc]
Completed Processing XDC Constraints

INFO: [Opt 31-138] Pushed 0 inverter(s) to 0 load pin(s).
refresh_design: Time (s): cpu = 00:00:07 ; elapsed = 00:00:13 . Memory (MB): peak = 4206.438 ; gain = 0.000
reset_run synth_1
launch_runs synth_1 -jobs 4
[Mon Apr 29 15:08:02 2024] Launched synth_1...
Run output will be captured here: D:/my_homework/my_vivado_practice/project_practice_week9_on_class/FSM/FSM.runs/synth_1/runme.log
launch_runs impl_1 -jobs 4
[Mon Apr 29 15:08:44 2024] Launched impl_1...
Run output will be captured here: D:/my_homework/my_vivado_practice/project_practice_week9_on_class/FSM/FSM.runs/impl_1/runme.log
launch_runs impl_1 -to_step write_bitstream -jobs 4
[Mon Apr 29 15:10:07 2024] Launched impl_1...
Run output will be captured here: D:/my_homework/my_vivado_practice/project_practice_week9_on_class/FSM/FSM.runs/impl_1/runme.log
set_property PROBES.FILE {} [get_hw_devices xc7a35t_0]
set_property FULL_PROBES.FILE {} [get_hw_devices xc7a35t_0]
set_property PROGRAM.FILE {D:/my_homework/my_vivado_practice/project_practice_week9_on_class/FSM/FSM.runs/impl_1/top_sec_cnt.bit} [get_hw_devices xc7a35t_0]
program_hw_devices [get_hw_devices xc7a35t_0]
INFO: [Labtools 27-3164] End of startup status: HIGH
refresh_hw_device [lindex [get_hw_devices xc7a35t_0] 0]
INFO: [Labtools 27-1434] Device xc7a35t (JTAG device index = 0) is programmed with a design that has no supported debug core(s) in it.
close_hw
refresh_design
---------------------------------------------------------------------------------
Starting RTL Elaboration : Time (s): cpu = 00:00:02 ; elapsed = 00:00:03 . Memory (MB): peak = 4206.438 ; gain = 0.000
---------------------------------------------------------------------------------
INFO: [Synth 8-6157] synthesizing module 'top_sec_cnt' [D:/my_homework/my_vivado_practice/project_practice_week9_on_class/FSM/FSM.srcs/sources_1/new/top_sec_cnt.v:23]
INFO: [Synth 8-6157] synthesizing module 'get_key' [D:/my_homework/my_vivado_practice/project_practice_week9_on_class/FSM/FSM.srcs/sources_1/new/get_key.v:23]
INFO: [Synth 8-6157] synthesizing module 'key_debounce' [D:/my_homework/my_vivado_practice/project_practice_week8_on_class/BCD_add_cnt/BCD_add_cnt.srcs/sources_1/new/key_debounce.v:23]
	Parameter DELAY_YIME bound to: 21'b101101110001101100000 
WARNING: [Synth 8-6014] Unused sequential element key_value_reg was removed.  [D:/my_homework/my_vivado_practice/project_practice_week8_on_class/BCD_add_cnt/BCD_add_cnt.srcs/sources_1/new/key_debounce.v:50]
WARNING: [Synth 8-6014] Unused sequential element key_n_flag_reg was removed.  [D:/my_homework/my_vivado_practice/project_practice_week8_on_class/BCD_add_cnt/BCD_add_cnt.srcs/sources_1/new/key_debounce.v:62]
INFO: [Synth 8-6155] done synthesizing module 'key_debounce' (1#1) [D:/my_homework/my_vivado_practice/project_practice_week8_on_class/BCD_add_cnt/BCD_add_cnt.srcs/sources_1/new/key_debounce.v:23]
INFO: [Synth 8-6155] done synthesizing module 'get_key' (2#1) [D:/my_homework/my_vivado_practice/project_practice_week9_on_class/FSM/FSM.srcs/sources_1/new/get_key.v:23]
INFO: [Synth 8-6157] synthesizing module 'FSM' [D:/my_homework/my_vivado_practice/project_practice_week9_on_class/FSM/FSM.srcs/sources_1/new/FSM.v:23]
	Parameter WORK_INIT bound to: 2'b00 
	Parameter COUNT bound to: 2'b01 
	Parameter PAUSE bound to: 2'b11 
INFO: [Synth 8-6155] done synthesizing module 'FSM' (3#1) [D:/my_homework/my_vivado_practice/project_practice_week9_on_class/FSM/FSM.srcs/sources_1/new/FSM.v:23]
INFO: [Synth 8-6157] synthesizing module 'cntdown' [D:/my_homework/my_vivado_practice/project_practice_week9_on_class/FSM/FSM.srcs/sources_1/new/cntdown.v:23]
INFO: [Synth 8-6157] synthesizing module 'sec_pulse' [D:/my_homework/my_vivado_practice/project_practice_week8_on_class/BCD_add_cnt/BCD_add_cnt.srcs/sources_1/new/sec_pule.v:23]
	Parameter period bound to: 100000000 - type: integer 
INFO: [Synth 8-6155] done synthesizing module 'sec_pulse' (4#1) [D:/my_homework/my_vivado_practice/project_practice_week8_on_class/BCD_add_cnt/BCD_add_cnt.srcs/sources_1/new/sec_pule.v:23]
INFO: [Synth 8-6157] synthesizing module 'cnt60' [D:/my_homework/my_vivado_practice/project_practice_week8_on_class/BCD_add_cnt/BCD_add_cnt.srcs/sources_1/new/cnt60.v:23]
INFO: [Synth 8-6155] done synthesizing module 'cnt60' (5#1) [D:/my_homework/my_vivado_practice/project_practice_week8_on_class/BCD_add_cnt/BCD_add_cnt.srcs/sources_1/new/cnt60.v:23]
INFO: [Synth 8-6155] done synthesizing module 'cntdown' (6#1) [D:/my_homework/my_vivado_practice/project_practice_week9_on_class/FSM/FSM.srcs/sources_1/new/cntdown.v:23]
INFO: [Synth 8-6157] synthesizing module 'show' [D:/my_homework/my_vivado_practice/project_practice_week8_on_class/BCD_add_cnt/BCD_add_cnt.srcs/sources_1/new/show.v:23]
INFO: [Synth 8-155] case statement is not full and has no default [D:/my_homework/my_vivado_practice/project_practice_week8_on_class/BCD_add_cnt/BCD_add_cnt.srcs/sources_1/new/show.v:56]
INFO: [Synth 8-226] default block is never used [D:/my_homework/my_vivado_practice/project_practice_week8_on_class/BCD_add_cnt/BCD_add_cnt.srcs/sources_1/new/show.v:110]
INFO: [Synth 8-6155] done synthesizing module 'show' (7#1) [D:/my_homework/my_vivado_practice/project_practice_week8_on_class/BCD_add_cnt/BCD_add_cnt.srcs/sources_1/new/show.v:23]
INFO: [Synth 8-6155] done synthesizing module 'top_sec_cnt' (8#1) [D:/my_homework/my_vivado_practice/project_practice_week9_on_class/FSM/FSM.srcs/sources_1/new/top_sec_cnt.v:23]
---------------------------------------------------------------------------------
Finished RTL Elaboration : Time (s): cpu = 00:00:03 ; elapsed = 00:00:03 . Memory (MB): peak = 4206.438 ; gain = 0.000
---------------------------------------------------------------------------------

Report Check Netlist: 
+------+------------------+-------+---------+-------+------------------+
|      |Item              |Errors |Warnings |Status |Description       |
+------+------------------+-------+---------+-------+------------------+
|1     |multi_driven_nets |      0|        0|Passed |Multi driven nets |
+------+------------------+-------+---------+-------+------------------+
---------------------------------------------------------------------------------
Start Handling Custom Attributes
---------------------------------------------------------------------------------
---------------------------------------------------------------------------------
Finished Handling Custom Attributes : Time (s): cpu = 00:00:03 ; elapsed = 00:00:04 . Memory (MB): peak = 4206.438 ; gain = 0.000
---------------------------------------------------------------------------------
---------------------------------------------------------------------------------
Finished RTL Optimization Phase 1 : Time (s): cpu = 00:00:03 ; elapsed = 00:00:04 . Memory (MB): peak = 4206.438 ; gain = 0.000
---------------------------------------------------------------------------------
INFO: [Project 1-570] Preparing netlist for logic optimization

Processing XDC Constraints
Initializing timing engine
Parsing XDC File [D:/my_homework/my_vivado_practice/project_practice_week8_on_class/BCD_add_cnt/BCD_add_cnt.srcs/constrs_1/new/BCD_cnt60_digit.xdc]
Finished Parsing XDC File [D:/my_homework/my_vivado_practice/project_practice_week8_on_class/BCD_add_cnt/BCD_add_cnt.srcs/constrs_1/new/BCD_cnt60_digit.xdc]
Completed Processing XDC Constraints

INFO: [Opt 31-138] Pushed 0 inverter(s) to 0 load pin(s).
refresh_design: Time (s): cpu = 00:00:07 ; elapsed = 00:00:13 . Memory (MB): peak = 4206.438 ; gain = 0.000
reset_run synth_1
launch_runs synth_1 -jobs 4
[Mon Apr 29 15:14:34 2024] Launched synth_1...
Run output will be captured here: D:/my_homework/my_vivado_practice/project_practice_week9_on_class/FSM/FSM.runs/synth_1/runme.log
launch_runs impl_1 -jobs 4
[Mon Apr 29 15:15:14 2024] Launched impl_1...
Run output will be captured here: D:/my_homework/my_vivado_practice/project_practice_week9_on_class/FSM/FSM.runs/impl_1/runme.log
launch_runs impl_1 -to_step write_bitstream -jobs 4
[Mon Apr 29 15:16:26 2024] Launched impl_1...
Run output will be captured here: D:/my_homework/my_vivado_practice/project_practice_week9_on_class/FSM/FSM.runs/impl_1/runme.log
open_hw
connect_hw_server
INFO: [Labtools 27-2285] Connecting to hw_server url TCP:localhost:3121
INFO: [Labtools 27-2222] Launching hw_server...
INFO: [Labtools 27-2221] Launch Output:

****** Xilinx hw_server v2018.3
  **** Build date : Dec  7 2018-00:40:27
    ** Copyright 1986-2018 Xilinx, Inc. All Rights Reserved.


open_hw_target
INFO: [Labtoolstcl 44-466] Opening hw_target localhost:3121/xilinx_tcf/Xilinx/1234-tulA
set_property PROGRAM.FILE {D:/my_homework/my_vivado_practice/project_practice_week9_on_class/FSM/FSM.runs/impl_1/top_sec_cnt.bit} [get_hw_devices xc7a35t_0]
current_hw_device [get_hw_devices xc7a35t_0]
refresh_hw_device -update_hw_probes false [lindex [get_hw_devices xc7a35t_0] 0]
INFO: [Labtools 27-1434] Device xc7a35t (JTAG device index = 0) is programmed with a design that has no supported debug core(s) in it.
set_property PROBES.FILE {} [get_hw_devices xc7a35t_0]
set_property FULL_PROBES.FILE {} [get_hw_devices xc7a35t_0]
set_property PROGRAM.FILE {D:/my_homework/my_vivado_practice/project_practice_week9_on_class/FSM/FSM.runs/impl_1/top_sec_cnt.bit} [get_hw_devices xc7a35t_0]
program_hw_devices [get_hw_devices xc7a35t_0]
INFO: [Labtools 27-3164] End of startup status: HIGH
refresh_hw_device [lindex [get_hw_devices xc7a35t_0] 0]
INFO: [Labtools 27-1434] Device xc7a35t (JTAG device index = 0) is programmed with a design that has no supported debug core(s) in it.
close_hw
refresh_design
---------------------------------------------------------------------------------
Starting RTL Elaboration : Time (s): cpu = 00:00:03 ; elapsed = 00:00:02 . Memory (MB): peak = 4206.438 ; gain = 0.000
---------------------------------------------------------------------------------
INFO: [Synth 8-6157] synthesizing module 'top_sec_cnt' [D:/my_homework/my_vivado_practice/project_practice_week9_on_class/FSM/FSM.srcs/sources_1/new/top_sec_cnt.v:23]
INFO: [Synth 8-6157] synthesizing module 'get_key' [D:/my_homework/my_vivado_practice/project_practice_week9_on_class/FSM/FSM.srcs/sources_1/new/get_key.v:23]
INFO: [Synth 8-6157] synthesizing module 'key_debounce' [D:/my_homework/my_vivado_practice/project_practice_week8_on_class/BCD_add_cnt/BCD_add_cnt.srcs/sources_1/new/key_debounce.v:23]
	Parameter DELAY_YIME bound to: 21'b101101110001101100000 
WARNING: [Synth 8-6014] Unused sequential element key_value_reg was removed.  [D:/my_homework/my_vivado_practice/project_practice_week8_on_class/BCD_add_cnt/BCD_add_cnt.srcs/sources_1/new/key_debounce.v:50]
WARNING: [Synth 8-6014] Unused sequential element key_n_flag_reg was removed.  [D:/my_homework/my_vivado_practice/project_practice_week8_on_class/BCD_add_cnt/BCD_add_cnt.srcs/sources_1/new/key_debounce.v:62]
INFO: [Synth 8-6155] done synthesizing module 'key_debounce' (1#1) [D:/my_homework/my_vivado_practice/project_practice_week8_on_class/BCD_add_cnt/BCD_add_cnt.srcs/sources_1/new/key_debounce.v:23]
INFO: [Synth 8-6155] done synthesizing module 'get_key' (2#1) [D:/my_homework/my_vivado_practice/project_practice_week9_on_class/FSM/FSM.srcs/sources_1/new/get_key.v:23]
INFO: [Synth 8-6157] synthesizing module 'FSM' [D:/my_homework/my_vivado_practice/project_practice_week9_on_class/FSM/FSM.srcs/sources_1/new/FSM.v:23]
	Parameter WORK_INIT bound to: 2'b00 
	Parameter COUNT bound to: 2'b01 
	Parameter PAUSE bound to: 2'b11 
INFO: [Synth 8-6155] done synthesizing module 'FSM' (3#1) [D:/my_homework/my_vivado_practice/project_practice_week9_on_class/FSM/FSM.srcs/sources_1/new/FSM.v:23]
INFO: [Synth 8-6157] synthesizing module 'cntdown' [D:/my_homework/my_vivado_practice/project_practice_week9_on_class/FSM/FSM.srcs/sources_1/new/cntdown.v:23]
INFO: [Synth 8-6157] synthesizing module 'sec_pulse' [D:/my_homework/my_vivado_practice/project_practice_week8_on_class/BCD_add_cnt/BCD_add_cnt.srcs/sources_1/new/sec_pule.v:23]
	Parameter period bound to: 100000000 - type: integer 
INFO: [Synth 8-6155] done synthesizing module 'sec_pulse' (4#1) [D:/my_homework/my_vivado_practice/project_practice_week8_on_class/BCD_add_cnt/BCD_add_cnt.srcs/sources_1/new/sec_pule.v:23]
INFO: [Synth 8-6157] synthesizing module 'cnt60' [D:/my_homework/my_vivado_practice/project_practice_week8_on_class/BCD_add_cnt/BCD_add_cnt.srcs/sources_1/new/cnt60.v:23]
INFO: [Synth 8-6155] done synthesizing module 'cnt60' (5#1) [D:/my_homework/my_vivado_practice/project_practice_week8_on_class/BCD_add_cnt/BCD_add_cnt.srcs/sources_1/new/cnt60.v:23]
INFO: [Synth 8-6155] done synthesizing module 'cntdown' (6#1) [D:/my_homework/my_vivado_practice/project_practice_week9_on_class/FSM/FSM.srcs/sources_1/new/cntdown.v:23]
INFO: [Synth 8-6157] synthesizing module 'show' [D:/my_homework/my_vivado_practice/project_practice_week8_on_class/BCD_add_cnt/BCD_add_cnt.srcs/sources_1/new/show.v:23]
INFO: [Synth 8-226] default block is never used [D:/my_homework/my_vivado_practice/project_practice_week8_on_class/BCD_add_cnt/BCD_add_cnt.srcs/sources_1/new/show.v:111]
INFO: [Synth 8-6155] done synthesizing module 'show' (7#1) [D:/my_homework/my_vivado_practice/project_practice_week8_on_class/BCD_add_cnt/BCD_add_cnt.srcs/sources_1/new/show.v:23]
INFO: [Synth 8-6155] done synthesizing module 'top_sec_cnt' (8#1) [D:/my_homework/my_vivado_practice/project_practice_week9_on_class/FSM/FSM.srcs/sources_1/new/top_sec_cnt.v:23]
---------------------------------------------------------------------------------
Finished RTL Elaboration : Time (s): cpu = 00:00:03 ; elapsed = 00:00:03 . Memory (MB): peak = 4206.438 ; gain = 0.000
---------------------------------------------------------------------------------

Report Check Netlist: 
+------+------------------+-------+---------+-------+------------------+
|      |Item              |Errors |Warnings |Status |Description       |
+------+------------------+-------+---------+-------+------------------+
|1     |multi_driven_nets |      0|        0|Passed |Multi driven nets |
+------+------------------+-------+---------+-------+------------------+
---------------------------------------------------------------------------------
Start Handling Custom Attributes
---------------------------------------------------------------------------------
---------------------------------------------------------------------------------
Finished Handling Custom Attributes : Time (s): cpu = 00:00:03 ; elapsed = 00:00:03 . Memory (MB): peak = 4206.438 ; gain = 0.000
---------------------------------------------------------------------------------
---------------------------------------------------------------------------------
Finished RTL Optimization Phase 1 : Time (s): cpu = 00:00:03 ; elapsed = 00:00:03 . Memory (MB): peak = 4206.438 ; gain = 0.000
---------------------------------------------------------------------------------
INFO: [Project 1-570] Preparing netlist for logic optimization

Processing XDC Constraints
Initializing timing engine
Parsing XDC File [D:/my_homework/my_vivado_practice/project_practice_week8_on_class/BCD_add_cnt/BCD_add_cnt.srcs/constrs_1/new/BCD_cnt60_digit.xdc]
Finished Parsing XDC File [D:/my_homework/my_vivado_practice/project_practice_week8_on_class/BCD_add_cnt/BCD_add_cnt.srcs/constrs_1/new/BCD_cnt60_digit.xdc]
Completed Processing XDC Constraints

INFO: [Opt 31-138] Pushed 0 inverter(s) to 0 load pin(s).
refresh_design: Time (s): cpu = 00:00:08 ; elapsed = 00:00:14 . Memory (MB): peak = 4206.438 ; gain = 0.000
reset_run synth_1
launch_runs synth_1 -jobs 4
[Mon Apr 29 15:23:28 2024] Launched synth_1...
Run output will be captured here: D:/my_homework/my_vivado_practice/project_practice_week9_on_class/FSM/FSM.runs/synth_1/runme.log
launch_runs impl_1 -jobs 4
[Mon Apr 29 15:24:09 2024] Launched impl_1...
Run output will be captured here: D:/my_homework/my_vivado_practice/project_practice_week9_on_class/FSM/FSM.runs/impl_1/runme.log
launch_runs impl_1 -to_step write_bitstream -jobs 4
[Mon Apr 29 15:25:22 2024] Launched impl_1...
Run output will be captured here: D:/my_homework/my_vivado_practice/project_practice_week9_on_class/FSM/FSM.runs/impl_1/runme.log
open_hw
connect_hw_server
INFO: [Labtools 27-2285] Connecting to hw_server url TCP:localhost:3121
INFO: [Labtools 27-2222] Launching hw_server...
INFO: [Labtools 27-2221] Launch Output:

****** Xilinx hw_server v2018.3
  **** Build date : Dec  7 2018-00:40:27
    ** Copyright 1986-2018 Xilinx, Inc. All Rights Reserved.


open_hw_target
INFO: [Labtoolstcl 44-466] Opening hw_target localhost:3121/xilinx_tcf/Xilinx/1234-tulA
set_property PROGRAM.FILE {D:/my_homework/my_vivado_practice/project_practice_week9_on_class/FSM/FSM.runs/impl_1/top_sec_cnt.bit} [get_hw_devices xc7a35t_0]
current_hw_device [get_hw_devices xc7a35t_0]
refresh_hw_device -update_hw_probes false [lindex [get_hw_devices xc7a35t_0] 0]
INFO: [Labtools 27-1434] Device xc7a35t (JTAG device index = 0) is programmed with a design that has no supported debug core(s) in it.
set_property PROBES.FILE {} [get_hw_devices xc7a35t_0]
set_property FULL_PROBES.FILE {} [get_hw_devices xc7a35t_0]
set_property PROGRAM.FILE {D:/my_homework/my_vivado_practice/project_practice_week9_on_class/FSM/FSM.runs/impl_1/top_sec_cnt.bit} [get_hw_devices xc7a35t_0]
program_hw_devices [get_hw_devices xc7a35t_0]
INFO: [Labtools 27-3164] End of startup status: HIGH
refresh_hw_device [lindex [get_hw_devices xc7a35t_0] 0]
INFO: [Labtools 27-1434] Device xc7a35t (JTAG device index = 0) is programmed with a design that has no supported debug core(s) in it.
exit
INFO: [Common 17-206] Exiting Vivado at Mon Apr 29 15:27:51 2024...
