#-----------------------------------------------------------
# Vivado v2018.3 (64-bit)
# SW Build 2405991 on Thu Dec  6 23:38:27 MST 2018
# IP Build 2404404 on Fri Dec  7 01:43:56 MST 2018
# Start of session at: Sun May  5 20:42:24 2024
# Process ID: 21340
# Current directory: D:/my_homework/my_vivado_practice/project_practice_week9_on_class/FSM
# Command line: vivado.exe -gui_launcher_event rodinguilauncherevent25612 D:\my_homework\my_vivado_practice\project_practice_week9_on_class\FSM\FSM.xpr
# Log file: D:/my_homework/my_vivado_practice/project_practice_week9_on_class/FSM/vivado.log
# Journal file: D:/my_homework/my_vivado_practice/project_practice_week9_on_class/FSM\vivado.jou
#-----------------------------------------------------------
start_gui
open_project D:/my_homework/my_vivado_practice/project_practice_week9_on_class/FSM/FSM.xpr
Scanning sources...
Finished scanning sources
INFO: [IP_Flow 19-234] Refreshing IP repositories
INFO: [IP_Flow 19-1704] No user IP repositories specified
INFO: [IP_Flow 19-2313] Loaded Vivado IP repository 'D:/Xilinx/Vivado/2018.3/data/ip'.
open_project: Time (s): cpu = 00:00:12 ; elapsed = 00:00:10 . Memory (MB): peak = 743.570 ; gain = 128.926
update_compile_order -fileset sources_1
exit
INFO: [Common 17-206] Exiting Vivado at Sun May  5 20:44:10 2024...
