#-----------------------------------------------------------
# Vivado v2018.3 (64-bit)
# SW Build 2405991 on Thu Dec  6 23:38:27 MST 2018
# IP Build 2404404 on Fri Dec  7 01:43:56 MST 2018
# Start of session at: Mon Apr  1 10:42:25 2024
# Process ID: 2272
# Current directory: D:/my_homework/my_vivado_practice/project_practice_week6_on_class
# Command line: vivado.exe -gui_launcher_event rodinguilauncherevent19924 D:\my_homework\my_vivado_practice\project_practice_week6_on_class\project_practice_week6_on_class.xpr
# Log file: D:/my_homework/my_vivado_practice/project_practice_week6_on_class/vivado.log
# Journal file: D:/my_homework/my_vivado_practice/project_practice_week6_on_class\vivado.jou
#-----------------------------------------------------------
start_gui
open_project D:/my_homework/my_vivado_practice/project_practice_week6_on_class/project_practice_week6_on_class.xpr
Scanning sources...
Finished scanning sources
INFO: [IP_Flow 19-234] Refreshing IP repositories
INFO: [IP_Flow 19-1704] No user IP repositories specified
INFO: [IP_Flow 19-2313] Loaded Vivado IP repository 'D:/Xilinx/Vivado/2018.3/data/ip'.
open_project: Time (s): cpu = 00:00:07 ; elapsed = 00:00:06 . Memory (MB): peak = 732.246 ; gain = 115.234
update_compile_order -fileset sources_1
synth_design -rtl -name rtl_1
Command: synth_design -rtl -name rtl_1
Starting synth_design
Using part: xc7a35tcsg324-1
Top: and_or_not
---------------------------------------------------------------------------------
Starting RTL Elaboration : Time (s): cpu = 00:00:02 ; elapsed = 00:00:02 . Memory (MB): peak = 839.031 ; gain = 92.723
---------------------------------------------------------------------------------
INFO: [Synth 8-6157] synthesizing module 'and_or_not' [D:/my_homework/my_vivado_practice/project_practice_week6_on_class/project_practice_week6_on_class.srcs/sources_1/new/and_or_not.v:23]
INFO: [Synth 8-6155] done synthesizing module 'and_or_not' (1#1) [D:/my_homework/my_vivado_practice/project_practice_week6_on_class/project_practice_week6_on_class.srcs/sources_1/new/and_or_not.v:23]
---------------------------------------------------------------------------------
Finished RTL Elaboration : Time (s): cpu = 00:00:03 ; elapsed = 00:00:02 . Memory (MB): peak = 891.516 ; gain = 145.207
---------------------------------------------------------------------------------

Report Check Netlist: 
+------+------------------+-------+---------+-------+------------------+
|      |Item              |Errors |Warnings |Status |Description       |
+------+------------------+-------+---------+-------+------------------+
|1     |multi_driven_nets |      0|        0|Passed |Multi driven nets |
+------+------------------+-------+---------+-------+------------------+
---------------------------------------------------------------------------------
Start Handling Custom Attributes
---------------------------------------------------------------------------------
---------------------------------------------------------------------------------
Finished Handling Custom Attributes : Time (s): cpu = 00:00:03 ; elapsed = 00:00:02 . Memory (MB): peak = 891.516 ; gain = 145.207
---------------------------------------------------------------------------------
---------------------------------------------------------------------------------
Finished RTL Optimization Phase 1 : Time (s): cpu = 00:00:03 ; elapsed = 00:00:02 . Memory (MB): peak = 891.516 ; gain = 145.207
---------------------------------------------------------------------------------
INFO: [Device 21-403] Loading part xc7a35tcsg324-1
INFO: [Project 1-570] Preparing netlist for logic optimization

Processing XDC Constraints
Initializing timing engine
Completed Processing XDC Constraints

INFO: [Opt 31-138] Pushed 0 inverter(s) to 0 load pin(s).
Netlist sorting complete. Time (s): cpu = 00:00:00 ; elapsed = 00:00:00 . Memory (MB): peak = 1109.703 ; gain = 0.000
INFO: [Project 1-111] Unisim Transformation Summary:
No Unisim elements were transformed.

RTL Elaboration Complete:  : Time (s): cpu = 00:00:13 ; elapsed = 00:00:12 . Memory (MB): peak = 1256.492 ; gain = 510.184
6 Infos, 0 Warnings, 0 Critical Warnings and 0 Errors encountered.
synth_design completed successfully
synth_design: Time (s): cpu = 00:00:13 ; elapsed = 00:00:12 . Memory (MB): peak = 1256.492 ; gain = 510.184
file mkdir D:/my_homework/my_vivado_practice/project_practice_week6_on_class/project_practice_week6_on_class.srcs/sim_1/new
set_property SOURCE_SET sources_1 [get_filesets sim_1]
close [ open D:/my_homework/my_vivado_practice/project_practice_week6_on_class/project_practice_week6_on_class.srcs/sim_1/new/sim_and_or_not.v w ]
add_files -fileset sim_1 D:/my_homework/my_vivado_practice/project_practice_week6_on_class/project_practice_week6_on_class.srcs/sim_1/new/sim_and_or_not.v
update_compile_order -fileset sim_1
export_ip_user_files -of_objects  [get_files D:/my_homework/my_vivado_practice/project_practice_week6_on_class/project_practice_week6_on_class.srcs/sources_1/new/and_or_not.v] -no_script -reset -force -quiet
remove_files  D:/my_homework/my_vivado_practice/project_practice_week6_on_class/project_practice_week6_on_class.srcs/sources_1/new/and_or_not.v
file delete -force D:/my_homework/my_vivado_practice/project_practice_week6_on_class/project_practice_week6_on_class.srcs/sources_1/new/and_or_not.v
update_compile_order -fileset sim_1
close [ open D:/my_homework/my_vivado_practice/project_practice_week6_on_class/project_practice_week6_on_class.srcs/sources_1/new/and_or_not.v w ]
add_files D:/my_homework/my_vivado_practice/project_practice_week6_on_class/project_practice_week6_on_class.srcs/sources_1/new/and_or_not.v
refresh_design
---------------------------------------------------------------------------------
Starting RTL Elaboration : Time (s): cpu = 00:00:01 ; elapsed = 00:00:02 . Memory (MB): peak = 1279.180 ; gain = 0.000
---------------------------------------------------------------------------------
INFO: [Synth 8-6157] synthesizing module 'and_or_not' [D:/my_homework/my_vivado_practice/project_practice_week6_on_class/project_practice_week6_on_class.srcs/sources_1/new/and_or_not.v:24]
INFO: [Synth 8-6155] done synthesizing module 'and_or_not' (1#1) [D:/my_homework/my_vivado_practice/project_practice_week6_on_class/project_practice_week6_on_class.srcs/sources_1/new/and_or_not.v:24]
---------------------------------------------------------------------------------
Finished RTL Elaboration : Time (s): cpu = 00:00:02 ; elapsed = 00:00:02 . Memory (MB): peak = 1279.180 ; gain = 0.000
---------------------------------------------------------------------------------

Report Check Netlist: 
+------+------------------+-------+---------+-------+------------------+
|      |Item              |Errors |Warnings |Status |Description       |
+------+------------------+-------+---------+-------+------------------+
|1     |multi_driven_nets |      0|        0|Passed |Multi driven nets |
+------+------------------+-------+---------+-------+------------------+
---------------------------------------------------------------------------------
Start Handling Custom Attributes
---------------------------------------------------------------------------------
---------------------------------------------------------------------------------
Finished Handling Custom Attributes : Time (s): cpu = 00:00:02 ; elapsed = 00:00:02 . Memory (MB): peak = 1279.180 ; gain = 0.000
---------------------------------------------------------------------------------
---------------------------------------------------------------------------------
Finished RTL Optimization Phase 1 : Time (s): cpu = 00:00:02 ; elapsed = 00:00:02 . Memory (MB): peak = 1279.180 ; gain = 0.000
---------------------------------------------------------------------------------
INFO: [Project 1-570] Preparing netlist for logic optimization

Processing XDC Constraints
Initializing timing engine
Completed Processing XDC Constraints

INFO: [Opt 31-138] Pushed 0 inverter(s) to 0 load pin(s).
exit
INFO: [Common 17-206] Exiting Vivado at Mon Apr  1 10:53:49 2024...
