#-----------------------------------------------------------
# Vivado v2018.3 (64-bit)
# SW Build 2405991 on Thu Dec  6 23:38:27 MST 2018
# IP Build 2404404 on Fri Dec  7 01:43:56 MST 2018
# Start of session at: Mon Apr  1 10:53:58 2024
# Process ID: 4356
# Current directory: D:/my_homework/my_vivado_practice/project_practice_week6_on_class
# Command line: vivado.exe -gui_launcher_event rodinguilauncherevent16444 D:\my_homework\my_vivado_practice\project_practice_week6_on_class\project_practice_week6_on_class.xpr
# Log file: D:/my_homework/my_vivado_practice/project_practice_week6_on_class/vivado.log
# Journal file: D:/my_homework/my_vivado_practice/project_practice_week6_on_class\vivado.jou
#-----------------------------------------------------------
start_gui
open_project D:/my_homework/my_vivado_practice/project_practice_week6_on_class/project_practice_week6_on_class.xpr
Scanning sources...
Finished scanning sources
INFO: [IP_Flow 19-234] Refreshing IP repositories
INFO: [IP_Flow 19-1704] No user IP repositories specified
INFO: [IP_Flow 19-2313] Loaded Vivado IP repository 'D:/Xilinx/Vivado/2018.3/data/ip'.
open_project: Time (s): cpu = 00:00:06 ; elapsed = 00:00:06 . Memory (MB): peak = 719.504 ; gain = 107.602
update_compile_order -fileset sources_1
synth_design -rtl -name rtl_1
Command: synth_design -rtl -name rtl_1
Starting synth_design
Using part: xc7a35tcsg324-1
Top: and_or_not
---------------------------------------------------------------------------------
Starting RTL Elaboration : Time (s): cpu = 00:00:02 ; elapsed = 00:00:02 . Memory (MB): peak = 802.164 ; gain = 54.375
---------------------------------------------------------------------------------
INFO: [Synth 8-6157] synthesizing module 'and_or_not' [D:/my_homework/my_vivado_practice/project_practice_week6_on_class/project_practice_week6_on_class.srcs/sources_1/new/and_or_not.v:24]
INFO: [Synth 8-6155] done synthesizing module 'and_or_not' (1#1) [D:/my_homework/my_vivado_practice/project_practice_week6_on_class/project_practice_week6_on_class.srcs/sources_1/new/and_or_not.v:24]
---------------------------------------------------------------------------------
Finished RTL Elaboration : Time (s): cpu = 00:00:03 ; elapsed = 00:00:02 . Memory (MB): peak = 855.961 ; gain = 108.172
---------------------------------------------------------------------------------

Report Check Netlist: 
+------+------------------+-------+---------+-------+------------------+
|      |Item              |Errors |Warnings |Status |Description       |
+------+------------------+-------+---------+-------+------------------+
|1     |multi_driven_nets |      0|        0|Passed |Multi driven nets |
+------+------------------+-------+---------+-------+------------------+
---------------------------------------------------------------------------------
Start Handling Custom Attributes
---------------------------------------------------------------------------------
---------------------------------------------------------------------------------
Finished Handling Custom Attributes : Time (s): cpu = 00:00:03 ; elapsed = 00:00:03 . Memory (MB): peak = 855.961 ; gain = 108.172
---------------------------------------------------------------------------------
---------------------------------------------------------------------------------
Finished RTL Optimization Phase 1 : Time (s): cpu = 00:00:03 ; elapsed = 00:00:03 . Memory (MB): peak = 855.961 ; gain = 108.172
---------------------------------------------------------------------------------
INFO: [Device 21-403] Loading part xc7a35tcsg324-1
INFO: [Project 1-570] Preparing netlist for logic optimization

Processing XDC Constraints
Initializing timing engine
Completed Processing XDC Constraints

INFO: [Opt 31-138] Pushed 0 inverter(s) to 0 load pin(s).
Netlist sorting complete. Time (s): cpu = 00:00:00 ; elapsed = 00:00:00 . Memory (MB): peak = 1101.594 ; gain = 0.000
INFO: [Project 1-111] Unisim Transformation Summary:
No Unisim elements were transformed.

RTL Elaboration Complete:  : Time (s): cpu = 00:00:15 ; elapsed = 00:00:12 . Memory (MB): peak = 1215.910 ; gain = 468.121
6 Infos, 0 Warnings, 0 Critical Warnings and 0 Errors encountered.
synth_design completed successfully
synth_design: Time (s): cpu = 00:00:15 ; elapsed = 00:00:12 . Memory (MB): peak = 1215.910 ; gain = 468.121
launch_simulation
INFO: [Vivado 12-5682] Launching behavioral simulation in 'D:/my_homework/my_vivado_practice/project_practice_week6_on_class/project_practice_week6_on_class.sim/sim_1/behav/xsim'
INFO: [SIM-utils-51] Simulation object is 'sim_1'
INFO: [SIM-utils-54] Inspecting design source files for 'sim_and_or_not' in fileset 'sim_1'...
INFO: [USF-XSim-97] Finding global include files...
INFO: [USF-XSim-98] Fetching design files from 'sim_1'...
INFO: [USF-XSim-2] XSim::Compile design
INFO: [USF-XSim-61] Executing 'COMPILE and ANALYZE' step in 'D:/my_homework/my_vivado_practice/project_practice_week6_on_class/project_practice_week6_on_class.sim/sim_1/behav/xsim'
"xvlog --incr --relax -prj sim_and_or_not_vlog.prj"
INFO: [VRFC 10-2263] Analyzing Verilog file "D:/my_homework/my_vivado_practice/project_practice_week6_on_class/project_practice_week6_on_class.srcs/sources_1/new/and_or_not.v" into library xil_defaultlib
INFO: [VRFC 10-311] analyzing module and_or_not
INFO: [VRFC 10-2263] Analyzing Verilog file "D:/my_homework/my_vivado_practice/project_practice_week6_on_class/project_practice_week6_on_class.srcs/sim_1/new/sim_and_or_not.v" into library xil_defaultlib
INFO: [VRFC 10-311] analyzing module sim_and_or_not
INFO: [VRFC 10-2263] Analyzing Verilog file "D:/my_homework/my_vivado_practice/project_practice_week6_on_class/project_practice_week6_on_class.sim/sim_1/behav/xsim/glbl.v" into library xil_defaultlib
INFO: [VRFC 10-311] analyzing module glbl
INFO: [USF-XSim-69] 'compile' step finished in '1' seconds
INFO: [USF-XSim-3] XSim::Elaborate design
INFO: [USF-XSim-61] Executing 'ELABORATE' step in 'D:/my_homework/my_vivado_practice/project_practice_week6_on_class/project_practice_week6_on_class.sim/sim_1/behav/xsim'
Vivado Simulator 2018.3
Copyright 1986-1999, 2001-2018 Xilinx, Inc. All Rights Reserved.
Running: D:/Xilinx/Vivado/2018.3/bin/unwrapped/win64.o/xelab.exe -wto c747a80c09fc4c3c84971ff05846a29c --incr --debug typical --relax --mt 2 -L xil_defaultlib -L unisims_ver -L unimacro_ver -L secureip --snapshot sim_and_or_not_behav xil_defaultlib.sim_and_or_not xil_defaultlib.glbl -log elaborate.log 
Using 2 slave threads.
Starting static elaboration
Completed static elaboration
Starting simulation data flow analysis
Completed simulation data flow analysis
Time Resolution for simulation is 1ps
Compiling module xil_defaultlib.and_or_not
Compiling module xil_defaultlib.sim_and_or_not
Compiling module xil_defaultlib.glbl
Built simulation snapshot sim_and_or_not_behav

****** Webtalk v2018.3 (64-bit)
  **** SW Build 2405991 on Thu Dec  6 23:38:27 MST 2018
  **** IP Build 2404404 on Fri Dec  7 01:43:56 MST 2018
    ** Copyright 1986-2018 Xilinx, Inc. All Rights Reserved.

source D:/my_homework/my_vivado_practice/project_practice_week6_on_class/project_practice_week6_on_class.sim/sim_1/behav/xsim/xsim.dir/sim_and_or_not_behav/webtalk/xsim_webtalk.tcl -notrace
INFO: [Common 17-206] Exiting Webtalk at Mon Apr  1 11:04:39 2024...
INFO: [USF-XSim-69] 'elaborate' step finished in '2' seconds
INFO: [USF-XSim-4] XSim::Simulate design
INFO: [USF-XSim-61] Executing 'SIMULATE' step in 'D:/my_homework/my_vivado_practice/project_practice_week6_on_class/project_practice_week6_on_class.sim/sim_1/behav/xsim'
INFO: [USF-XSim-98] *** Running xsim
   with args "sim_and_or_not_behav -key {Behavioral:sim_1:Functional:sim_and_or_not} -tclbatch {sim_and_or_not.tcl} -log {simulate.log}"
INFO: [USF-XSim-8] Loading simulator feature
Vivado Simulator 2018.3
Time resolution is 1 ps
source sim_and_or_not.tcl
# set curr_wave [current_wave_config]
# if { [string length $curr_wave] == 0 } {
#   if { [llength [get_objects]] > 0} {
#     add_wave /
#     set_property needs_save false [current_wave_config]
#   } else {
#      send_msg_id Add_Wave-1 WARNING "No top level signals found. Simulator will start without a wave window. If you want to open a wave window go to 'File->New Waveform Configuration' or type 'create_wave_config' in the TCL console."
#   }
# }
# run 1000ns
INFO: [USF-XSim-96] XSim completed. Design snapshot 'sim_and_or_not_behav' loaded.
INFO: [USF-XSim-97] XSim simulation ran for 1000ns
launch_simulation: Time (s): cpu = 00:00:02 ; elapsed = 00:00:06 . Memory (MB): peak = 1259.324 ; gain = 0.000
launch_runs synth_1 -jobs 4
[Mon Apr  1 11:05:30 2024] Launched synth_1...
Run output will be captured here: D:/my_homework/my_vivado_practice/project_practice_week6_on_class/project_practice_week6_on_class.runs/synth_1/runme.log
open_run synth_1 -name synth_1
Design is defaulting to impl run constrset: constrs_1
Design is defaulting to synth run part: xc7a35tcsg324-1
INFO: [Project 1-479] Netlist was created with Vivado 2018.3
INFO: [Project 1-570] Preparing netlist for logic optimization
INFO: [Opt 31-138] Pushed 0 inverter(s) to 0 load pin(s).
Netlist sorting complete. Time (s): cpu = 00:00:00 ; elapsed = 00:00:00 . Memory (MB): peak = 1310.535 ; gain = 0.000
INFO: [Project 1-111] Unisim Transformation Summary:
No Unisim elements were transformed.

report_utilization -name utilization_1
file mkdir D:/my_homework/my_vivado_practice/project_practice_week6_on_class/project_practice_week6_on_class.srcs/constrs_1
file mkdir D:/my_homework/my_vivado_practice/project_practice_week6_on_class/project_practice_week6_on_class.srcs/constrs_1/new
close [ open D:/my_homework/my_vivado_practice/project_practice_week6_on_class/project_practice_week6_on_class.srcs/constrs_1/new/and_or_not.xdc w ]
add_files -fileset constrs_1 D:/my_homework/my_vivado_practice/project_practice_week6_on_class/project_practice_week6_on_class.srcs/constrs_1/new/and_or_not.xdc
close_design
close_sim
INFO: [Simtcl 6-16] Simulation closed
exit
INFO: [Common 17-206] Exiting Vivado at Mon Apr  1 11:16:50 2024...
