Copyright 1986-2018 Xilinx, Inc. All Rights Reserved.
----------------------------------------------------------------------------------------
| Tool Version : Vivado v.2018.3 (win64) Build 2405991 Thu Dec  6 23:38:27 MST 2018
| Date         : Mon May 13 11:37:16 2024
| Host         : LAPTOP-CCNJK6NK running 64-bit major release  (build 9200)
| Command      : report_control_sets -verbose -file top_DAC0832_control_sets_placed.rpt
| Design       : top_DAC0832
| Device       : xc7a35t
----------------------------------------------------------------------------------------

Control Set Information

Table of Contents
-----------------
1. Summary
2. Histogram
3. Flip-Flop Distribution
4. Detailed Control Set Information

1. Summary
----------

+----------------------------------------------------------+-------+
|                          Status                          | Count |
+----------------------------------------------------------+-------+
| Number of unique control sets                            |     5 |
| Unused register locations in slices containing registers |     8 |
+----------------------------------------------------------+-------+


2. Histogram
------------

+--------+--------------+
| Fanout | Control Sets |
+--------+--------------+
|      8 |            2 |
|    16+ |            3 |
+--------+--------------+


3. Flip-Flop Distribution
-------------------------

+--------------+-----------------------+------------------------+-----------------+--------------+
| Clock Enable | Synchronous Set/Reset | Asynchronous Set/Reset | Total Registers | Total Slices |
+--------------+-----------------------+------------------------+-----------------+--------------+
| No           | No                    | No                     |              16 |            8 |
| No           | No                    | Yes                    |              55 |           14 |
| No           | Yes                   | No                     |               0 |            0 |
| Yes          | No                    | No                     |               0 |            0 |
| Yes          | No                    | Yes                    |              33 |           13 |
| Yes          | Yes                   | No                     |               0 |            0 |
+--------------+-----------------------+------------------------+-----------------+--------------+


4. Detailed Control Set Information
-----------------------------------

+----------------+------------------------------+----------------------------------+------------------+----------------+
|  Clock Signal  |         Enable Signal        |         Set/Reset Signal         | Slice Load Count | Bel Load Count |
+----------------+------------------------------+----------------------------------+------------------+----------------+
|  clk_IBUF_BUFG | uut_pulse/sam_pulse_reg_0[0] | uut_wave/uut_triangle_wave/rst_n |                2 |              8 |
|  clk_IBUF_BUFG | uut_pulse/E[0]               | uut_wave/uut_triangle_wave/rst_n |                2 |              8 |
|  clk_IBUF_BUFG |                              |                                  |                8 |             16 |
|  clk_IBUF_BUFG | uut_pulse/sam_pulse_reg_1[0] | uut_wave/uut_triangle_wave/rst_n |                9 |             17 |
|  clk_IBUF_BUFG |                              | uut_wave/uut_triangle_wave/rst_n |               14 |             55 |
+----------------+------------------------------+----------------------------------+------------------+----------------+


