#-----------------------------------------------------------
# Vivado v2018.3 (64-bit)
# SW Build 2405991 on Thu Dec  6 23:38:27 MST 2018
# IP Build 2404404 on Fri Dec  7 01:43:56 MST 2018
# Start of session at: Mon May  6 10:40:12 2024
# Process ID: 20232
# Current directory: D:/my_homework/my_vivado_practice/project_practice_week10_on_class/XADC
# Command line: vivado.exe -gui_launcher_event rodinguilauncherevent10728 D:\my_homework\my_vivado_practice\project_practice_week10_on_class\XADC\XADC.xpr
# Log file: D:/my_homework/my_vivado_practice/project_practice_week10_on_class/XADC/vivado.log
# Journal file: D:/my_homework/my_vivado_practice/project_practice_week10_on_class/XADC\vivado.jou
#-----------------------------------------------------------
start_gui
open_project D:/my_homework/my_vivado_practice/project_practice_week10_on_class/XADC/XADC.xpr
Scanning sources...
Finished scanning sources
INFO: [IP_Flow 19-234] Refreshing IP repositories
INFO: [IP_Flow 19-1704] No user IP repositories specified
INFO: [IP_Flow 19-2313] Loaded Vivado IP repository 'D:/Xilinx/Vivado/2018.3/data/ip'.
open_project: Time (s): cpu = 00:00:11 ; elapsed = 00:00:09 . Memory (MB): peak = 710.324 ; gain = 104.121
update_compile_order -fileset sources_1
synth_design -rtl -name rtl_1
Command: synth_design -rtl -name rtl_1
Starting synth_design
Using part: xc7a35tcsg324-1
Top: top_XADC_voltage
---------------------------------------------------------------------------------
Starting RTL Elaboration : Time (s): cpu = 00:00:02 ; elapsed = 00:00:03 . Memory (MB): peak = 843.223 ; gain = 52.516
---------------------------------------------------------------------------------
INFO: [Synth 8-6157] synthesizing module 'top_XADC_voltage' [D:/my_homework/my_vivado_practice/project_practice_week10_on_class/XADC/XADC.srcs/sources_1/new/top_XADC_voltage.v:23]
INFO: [Synth 8-6157] synthesizing module 'XADC_channel_1' [D:/my_homework/my_vivado_practice/project_practice_week10_on_class/XADC/XADC.srcs/sources_1/new/XADC_channel_1.v:23]
INFO: [Synth 8-6157] synthesizing module 'xadc_wiz_0' [D:/my_homework/my_vivado_practice/project_practice_week10_on_class/XADC/.Xil/Vivado-20232-LAPTOP-CCNJK6NK/realtime/xadc_wiz_0_stub.v:5]
INFO: [Synth 8-6155] done synthesizing module 'xadc_wiz_0' (1#1) [D:/my_homework/my_vivado_practice/project_practice_week10_on_class/XADC/.Xil/Vivado-20232-LAPTOP-CCNJK6NK/realtime/xadc_wiz_0_stub.v:5]
INFO: [Synth 8-6155] done synthesizing module 'XADC_channel_1' (2#1) [D:/my_homework/my_vivado_practice/project_practice_week10_on_class/XADC/XADC.srcs/sources_1/new/XADC_channel_1.v:23]
INFO: [Synth 8-6157] synthesizing module 'data_output' [D:/my_homework/my_vivado_practice/project_practice_week10_on_class/XADC/XADC.srcs/sources_1/new/data_output.v:23]
INFO: [Synth 8-6155] done synthesizing module 'data_output' (3#1) [D:/my_homework/my_vivado_practice/project_practice_week10_on_class/XADC/XADC.srcs/sources_1/new/data_output.v:23]
INFO: [Synth 8-6157] synthesizing module 'bin2BCD' [D:/my_homework/my_vivado_practice/project_practice_week10_on_class/XADC/XADC.srcs/sources_1/new/bin2BCD.v:23]
INFO: [Synth 8-6155] done synthesizing module 'bin2BCD' (4#1) [D:/my_homework/my_vivado_practice/project_practice_week10_on_class/XADC/XADC.srcs/sources_1/new/bin2BCD.v:23]
WARNING: [Synth 8-4446] all outputs are unconnected for this instance and logic may be removed [D:/my_homework/my_vivado_practice/project_practice_week10_on_class/XADC/XADC.srcs/sources_1/new/top_XADC_voltage.v:55]
INFO: [Synth 8-6157] synthesizing module 'show_high_low' [D:/my_homework/my_vivado_practice/project_practice_week10_on_class/XADC/XADC.srcs/sources_1/new/show_high_low.v:23]
INFO: [Synth 8-6157] synthesizing module 'show' [D:/my_homework/my_vivado_practice/project_practice_week10_on_class/XADC/XADC.srcs/sources_1/new/show.v:23]
INFO: [Synth 8-226] default block is never used [D:/my_homework/my_vivado_practice/project_practice_week10_on_class/XADC/XADC.srcs/sources_1/new/show.v:111]
INFO: [Synth 8-6155] done synthesizing module 'show' (5#1) [D:/my_homework/my_vivado_practice/project_practice_week10_on_class/XADC/XADC.srcs/sources_1/new/show.v:23]
WARNING: [Synth 8-6104] Input port 'a_to_g2' has an internal driver [D:/my_homework/my_vivado_practice/project_practice_week10_on_class/XADC/XADC.srcs/sources_1/new/show_high_low.v:36]
WARNING: [Synth 8-6104] Input port 'an2' has an internal driver [D:/my_homework/my_vivado_practice/project_practice_week10_on_class/XADC/XADC.srcs/sources_1/new/show_high_low.v:37]
WARNING: [Synth 8-6104] Input port 'a_to_g1' has an internal driver [D:/my_homework/my_vivado_practice/project_practice_week10_on_class/XADC/XADC.srcs/sources_1/new/show_high_low.v:43]
WARNING: [Synth 8-6104] Input port 'an1' has an internal driver [D:/my_homework/my_vivado_practice/project_practice_week10_on_class/XADC/XADC.srcs/sources_1/new/show_high_low.v:44]
INFO: [Synth 8-6155] done synthesizing module 'show_high_low' (6#1) [D:/my_homework/my_vivado_practice/project_practice_week10_on_class/XADC/XADC.srcs/sources_1/new/show_high_low.v:23]
WARNING: [Synth 8-3848] Net an1 in module/entity top_XADC_voltage does not have driver. [D:/my_homework/my_vivado_practice/project_practice_week10_on_class/XADC/XADC.srcs/sources_1/new/top_XADC_voltage.v:29]
WARNING: [Synth 8-3848] Net an2 in module/entity top_XADC_voltage does not have driver. [D:/my_homework/my_vivado_practice/project_practice_week10_on_class/XADC/XADC.srcs/sources_1/new/top_XADC_voltage.v:29]
WARNING: [Synth 8-3848] Net a_to_g1 in module/entity top_XADC_voltage does not have driver. [D:/my_homework/my_vivado_practice/project_practice_week10_on_class/XADC/XADC.srcs/sources_1/new/top_XADC_voltage.v:30]
WARNING: [Synth 8-3848] Net a_to_g2 in module/entity top_XADC_voltage does not have driver. [D:/my_homework/my_vivado_practice/project_practice_week10_on_class/XADC/XADC.srcs/sources_1/new/top_XADC_voltage.v:30]
INFO: [Synth 8-6155] done synthesizing module 'top_XADC_voltage' (7#1) [D:/my_homework/my_vivado_practice/project_practice_week10_on_class/XADC/XADC.srcs/sources_1/new/top_XADC_voltage.v:23]
WARNING: [Synth 8-3331] design data_output has unconnected port do_out[3]
WARNING: [Synth 8-3331] design data_output has unconnected port do_out[2]
WARNING: [Synth 8-3331] design data_output has unconnected port do_out[1]
WARNING: [Synth 8-3331] design data_output has unconnected port do_out[0]
---------------------------------------------------------------------------------
Finished RTL Elaboration : Time (s): cpu = 00:00:03 ; elapsed = 00:00:04 . Memory (MB): peak = 868.086 ; gain = 77.379
---------------------------------------------------------------------------------

Report Check Netlist: 
+------+------------------+-------+---------+-------+------------------+
|      |Item              |Errors |Warnings |Status |Description       |
+------+------------------+-------+---------+-------+------------------+
|1     |multi_driven_nets |      0|        0|Passed |Multi driven nets |
+------+------------------+-------+---------+-------+------------------+
WARNING: [Synth 8-3295] tying undriven pin top_show_high_low:an1[3] to constant 0 [D:/my_homework/my_vivado_practice/project_practice_week10_on_class/XADC/XADC.srcs/sources_1/new/top_XADC_voltage.v:55]
WARNING: [Synth 8-3295] tying undriven pin top_show_high_low:an1[2] to constant 0 [D:/my_homework/my_vivado_practice/project_practice_week10_on_class/XADC/XADC.srcs/sources_1/new/top_XADC_voltage.v:55]
WARNING: [Synth 8-3295] tying undriven pin top_show_high_low:an1[1] to constant 0 [D:/my_homework/my_vivado_practice/project_practice_week10_on_class/XADC/XADC.srcs/sources_1/new/top_XADC_voltage.v:55]
WARNING: [Synth 8-3295] tying undriven pin top_show_high_low:an1[0] to constant 0 [D:/my_homework/my_vivado_practice/project_practice_week10_on_class/XADC/XADC.srcs/sources_1/new/top_XADC_voltage.v:55]
WARNING: [Synth 8-3295] tying undriven pin top_show_high_low:an2[3] to constant 0 [D:/my_homework/my_vivado_practice/project_practice_week10_on_class/XADC/XADC.srcs/sources_1/new/top_XADC_voltage.v:55]
WARNING: [Synth 8-3295] tying undriven pin top_show_high_low:an2[2] to constant 0 [D:/my_homework/my_vivado_practice/project_practice_week10_on_class/XADC/XADC.srcs/sources_1/new/top_XADC_voltage.v:55]
WARNING: [Synth 8-3295] tying undriven pin top_show_high_low:an2[1] to constant 0 [D:/my_homework/my_vivado_practice/project_practice_week10_on_class/XADC/XADC.srcs/sources_1/new/top_XADC_voltage.v:55]
WARNING: [Synth 8-3295] tying undriven pin top_show_high_low:an2[0] to constant 0 [D:/my_homework/my_vivado_practice/project_practice_week10_on_class/XADC/XADC.srcs/sources_1/new/top_XADC_voltage.v:55]
WARNING: [Synth 8-3295] tying undriven pin top_show_high_low:a_to_g1[7] to constant 0 [D:/my_homework/my_vivado_practice/project_practice_week10_on_class/XADC/XADC.srcs/sources_1/new/top_XADC_voltage.v:55]
WARNING: [Synth 8-3295] tying undriven pin top_show_high_low:a_to_g1[6] to constant 0 [D:/my_homework/my_vivado_practice/project_practice_week10_on_class/XADC/XADC.srcs/sources_1/new/top_XADC_voltage.v:55]
WARNING: [Synth 8-3295] tying undriven pin top_show_high_low:a_to_g1[5] to constant 0 [D:/my_homework/my_vivado_practice/project_practice_week10_on_class/XADC/XADC.srcs/sources_1/new/top_XADC_voltage.v:55]
WARNING: [Synth 8-3295] tying undriven pin top_show_high_low:a_to_g1[4] to constant 0 [D:/my_homework/my_vivado_practice/project_practice_week10_on_class/XADC/XADC.srcs/sources_1/new/top_XADC_voltage.v:55]
WARNING: [Synth 8-3295] tying undriven pin top_show_high_low:a_to_g1[3] to constant 0 [D:/my_homework/my_vivado_practice/project_practice_week10_on_class/XADC/XADC.srcs/sources_1/new/top_XADC_voltage.v:55]
WARNING: [Synth 8-3295] tying undriven pin top_show_high_low:a_to_g1[2] to constant 0 [D:/my_homework/my_vivado_practice/project_practice_week10_on_class/XADC/XADC.srcs/sources_1/new/top_XADC_voltage.v:55]
WARNING: [Synth 8-3295] tying undriven pin top_show_high_low:a_to_g1[1] to constant 0 [D:/my_homework/my_vivado_practice/project_practice_week10_on_class/XADC/XADC.srcs/sources_1/new/top_XADC_voltage.v:55]
WARNING: [Synth 8-3295] tying undriven pin top_show_high_low:a_to_g1[0] to constant 0 [D:/my_homework/my_vivado_practice/project_practice_week10_on_class/XADC/XADC.srcs/sources_1/new/top_XADC_voltage.v:55]
WARNING: [Synth 8-3295] tying undriven pin top_show_high_low:a_to_g2[7] to constant 0 [D:/my_homework/my_vivado_practice/project_practice_week10_on_class/XADC/XADC.srcs/sources_1/new/top_XADC_voltage.v:55]
WARNING: [Synth 8-3295] tying undriven pin top_show_high_low:a_to_g2[6] to constant 0 [D:/my_homework/my_vivado_practice/project_practice_week10_on_class/XADC/XADC.srcs/sources_1/new/top_XADC_voltage.v:55]
WARNING: [Synth 8-3295] tying undriven pin top_show_high_low:a_to_g2[5] to constant 0 [D:/my_homework/my_vivado_practice/project_practice_week10_on_class/XADC/XADC.srcs/sources_1/new/top_XADC_voltage.v:55]
WARNING: [Synth 8-3295] tying undriven pin top_show_high_low:a_to_g2[4] to constant 0 [D:/my_homework/my_vivado_practice/project_practice_week10_on_class/XADC/XADC.srcs/sources_1/new/top_XADC_voltage.v:55]
WARNING: [Synth 8-3295] tying undriven pin top_show_high_low:a_to_g2[3] to constant 0 [D:/my_homework/my_vivado_practice/project_practice_week10_on_class/XADC/XADC.srcs/sources_1/new/top_XADC_voltage.v:55]
WARNING: [Synth 8-3295] tying undriven pin top_show_high_low:a_to_g2[2] to constant 0 [D:/my_homework/my_vivado_practice/project_practice_week10_on_class/XADC/XADC.srcs/sources_1/new/top_XADC_voltage.v:55]
WARNING: [Synth 8-3295] tying undriven pin top_show_high_low:a_to_g2[1] to constant 0 [D:/my_homework/my_vivado_practice/project_practice_week10_on_class/XADC/XADC.srcs/sources_1/new/top_XADC_voltage.v:55]
WARNING: [Synth 8-3295] tying undriven pin top_show_high_low:a_to_g2[0] to constant 0 [D:/my_homework/my_vivado_practice/project_practice_week10_on_class/XADC/XADC.srcs/sources_1/new/top_XADC_voltage.v:55]
---------------------------------------------------------------------------------
Start Handling Custom Attributes
---------------------------------------------------------------------------------
---------------------------------------------------------------------------------
Finished Handling Custom Attributes : Time (s): cpu = 00:00:04 ; elapsed = 00:00:04 . Memory (MB): peak = 868.086 ; gain = 77.379
---------------------------------------------------------------------------------
---------------------------------------------------------------------------------
Finished RTL Optimization Phase 1 : Time (s): cpu = 00:00:04 ; elapsed = 00:00:04 . Memory (MB): peak = 868.086 ; gain = 77.379
---------------------------------------------------------------------------------
INFO: [Project 1-454] Reading design checkpoint 'd:/my_homework/my_vivado_practice/project_practice_week10_on_class/XADC/XADC.srcs/sources_1/ip/xadc_wiz_0/xadc_wiz_0.dcp' for cell 'top_xadc/u1'
INFO: [Netlist 29-17] Analyzing 1 Unisim elements for replacement
INFO: [Netlist 29-28] Unisim Transformation completed in 0 CPU seconds
INFO: [Project 1-479] Netlist was created with Vivado 2018.3
INFO: [Device 21-403] Loading part xc7a35tcsg324-1
INFO: [Project 1-570] Preparing netlist for logic optimization
INFO: [Opt 31-140] Inserted 4 IBUFs to IO ports without IO buffers.

Processing XDC Constraints
Initializing timing engine
Parsing XDC File [d:/my_homework/my_vivado_practice/project_practice_week10_on_class/XADC/XADC.srcs/sources_1/ip/xadc_wiz_0/xadc_wiz_0.xdc] for cell 'top_xadc/u1/inst'
Finished Parsing XDC File [d:/my_homework/my_vivado_practice/project_practice_week10_on_class/XADC/XADC.srcs/sources_1/ip/xadc_wiz_0/xadc_wiz_0.xdc] for cell 'top_xadc/u1/inst'
Parsing XDC File [D:/my_homework/my_vivado_practice/project_practice_week10_on_class/XADC/XADC.srcs/constrs_1/new/XADC_voltage.xdc]
Finished Parsing XDC File [D:/my_homework/my_vivado_practice/project_practice_week10_on_class/XADC/XADC.srcs/constrs_1/new/XADC_voltage.xdc]
Completed Processing XDC Constraints

INFO: [Opt 31-138] Pushed 0 inverter(s) to 0 load pin(s).
Netlist sorting complete. Time (s): cpu = 00:00:00 ; elapsed = 00:00:00.001 . Memory (MB): peak = 1201.984 ; gain = 0.000
INFO: [Project 1-111] Unisim Transformation Summary:
No Unisim elements were transformed.

RTL Elaboration Complete:  : Time (s): cpu = 00:00:31 ; elapsed = 00:00:21 . Memory (MB): peak = 1239.848 ; gain = 449.141
24 Infos, 37 Warnings, 0 Critical Warnings and 0 Errors encountered.
synth_design completed successfully
synth_design: Time (s): cpu = 00:00:31 ; elapsed = 00:00:21 . Memory (MB): peak = 1239.848 ; gain = 449.141
reset_run synth_1
launch_runs synth_1 -jobs 4
[Mon May  6 10:42:49 2024] Launched synth_1...
Run output will be captured here: D:/my_homework/my_vivado_practice/project_practice_week10_on_class/XADC/XADC.runs/synth_1/runme.log
launch_runs impl_1 -jobs 4
[Mon May  6 10:43:55 2024] Launched impl_1...
Run output will be captured here: D:/my_homework/my_vivado_practice/project_practice_week10_on_class/XADC/XADC.runs/impl_1/runme.log
launch_runs impl_1 -to_step write_bitstream -jobs 4
[Mon May  6 10:45:17 2024] Launched impl_1...
Run output will be captured here: D:/my_homework/my_vivado_practice/project_practice_week10_on_class/XADC/XADC.runs/impl_1/runme.log
open_hw
connect_hw_server
INFO: [Labtools 27-2285] Connecting to hw_server url TCP:localhost:3121
INFO: [Labtools 27-2222] Launching hw_server...
INFO: [Labtools 27-2221] Launch Output:

****** Xilinx hw_server v2018.3
  **** Build date : Dec  7 2018-00:40:27
    ** Copyright 1986-2018 Xilinx, Inc. All Rights Reserved.


open_hw_target
INFO: [Labtoolstcl 44-466] Opening hw_target localhost:3121/xilinx_tcf/Xilinx/1234-tulA
set_property PROGRAM.FILE {D:/my_homework/my_vivado_practice/project_practice_week10_on_class/XADC/XADC.runs/impl_1/top_XADC_voltage.bit} [get_hw_devices xc7a35t_0]
current_hw_device [get_hw_devices xc7a35t_0]
refresh_hw_device -update_hw_probes false [lindex [get_hw_devices xc7a35t_0] 0]
INFO: [Labtools 27-1434] Device xc7a35t (JTAG device index = 0) is programmed with a design that has no supported debug core(s) in it.
set_property PROBES.FILE {} [get_hw_devices xc7a35t_0]
set_property FULL_PROBES.FILE {} [get_hw_devices xc7a35t_0]
set_property PROGRAM.FILE {D:/my_homework/my_vivado_practice/project_practice_week10_on_class/XADC/XADC.runs/impl_1/top_XADC_voltage.bit} [get_hw_devices xc7a35t_0]
program_hw_devices [get_hw_devices xc7a35t_0]
INFO: [Labtools 27-3164] End of startup status: HIGH
refresh_hw_device [lindex [get_hw_devices xc7a35t_0] 0]
INFO: [Labtools 27-1434] Device xc7a35t (JTAG device index = 0) is programmed with a design that has no supported debug core(s) in it.
close_hw
reset_run synth_1
launch_runs impl_1 -to_step write_bitstream -jobs 4
[Mon May  6 10:48:47 2024] Launched synth_1...
Run output will be captured here: D:/my_homework/my_vivado_practice/project_practice_week10_on_class/XADC/XADC.runs/synth_1/runme.log
[Mon May  6 10:48:47 2024] Launched impl_1...
Run output will be captured here: D:/my_homework/my_vivado_practice/project_practice_week10_on_class/XADC/XADC.runs/impl_1/runme.log
open_hw
connect_hw_server
INFO: [Labtools 27-2285] Connecting to hw_server url TCP:localhost:3121
INFO: [Labtools 27-2222] Launching hw_server...
INFO: [Labtools 27-2221] Launch Output:

****** Xilinx hw_server v2018.3
  **** Build date : Dec  7 2018-00:40:27
    ** Copyright 1986-2018 Xilinx, Inc. All Rights Reserved.


open_hw_target
INFO: [Labtoolstcl 44-466] Opening hw_target localhost:3121/xilinx_tcf/Xilinx/1234-tulA
set_property PROGRAM.FILE {D:/my_homework/my_vivado_practice/project_practice_week10_on_class/XADC/XADC.runs/impl_1/top_XADC_voltage.bit} [get_hw_devices xc7a35t_0]
current_hw_device [get_hw_devices xc7a35t_0]
refresh_hw_device -update_hw_probes false [lindex [get_hw_devices xc7a35t_0] 0]
INFO: [Labtools 27-1434] Device xc7a35t (JTAG device index = 0) is programmed with a design that has no supported debug core(s) in it.
set_property PROBES.FILE {} [get_hw_devices xc7a35t_0]
set_property FULL_PROBES.FILE {} [get_hw_devices xc7a35t_0]
set_property PROGRAM.FILE {D:/my_homework/my_vivado_practice/project_practice_week10_on_class/XADC/XADC.runs/impl_1/top_XADC_voltage.bit} [get_hw_devices xc7a35t_0]
program_hw_devices [get_hw_devices xc7a35t_0]
INFO: [Labtools 27-3164] End of startup status: HIGH
refresh_hw_device [lindex [get_hw_devices xc7a35t_0] 0]
INFO: [Labtools 27-1434] Device xc7a35t (JTAG device index = 0) is programmed with a design that has no supported debug core(s) in it.
reset_run synth_1
launch_runs impl_1 -to_step write_bitstream -jobs 4
[Mon May  6 11:01:31 2024] Launched synth_1...
Run output will be captured here: D:/my_homework/my_vivado_practice/project_practice_week10_on_class/XADC/XADC.runs/synth_1/runme.log
[Mon May  6 11:01:31 2024] Launched impl_1...
Run output will be captured here: D:/my_homework/my_vivado_practice/project_practice_week10_on_class/XADC/XADC.runs/impl_1/runme.log
open_run impl_1
INFO: [Netlist 29-17] Analyzing 191 Unisim elements for replacement
INFO: [Netlist 29-28] Unisim Transformation completed in 0 CPU seconds
INFO: [Project 1-479] Netlist was created with Vivado 2018.3
INFO: [Project 1-570] Preparing netlist for logic optimization
INFO: [Timing 38-478] Restoring timing data from binary archive.
INFO: [Common 17-41] Interrupt caught. Command should exit soon.
INFO: [Timing 38-479] Binary timing data restore complete.
INFO: [Project 1-856] Restoring constraints from binary archive.
INFO: [Project 1-853] Binary constraint restore complete.
Reading XDEF placement.
Reading placer database...
Reading XDEF routing.
Restored from archive | CPU: 0.000000 secs | Memory: 0.000000 MB |
Finished XDEF File Restore: Time (s): cpu = 00:00:00 ; elapsed = 00:00:00.098 . Memory (MB): peak = 2831.395 ; gain = 0.000
open_run: Time (s): cpu = 00:00:13 ; elapsed = 00:00:14 . Memory (MB): peak = 2831.395 ; gain = 589.133
INFO: [Common 17-344] 'open_run' was cancelled
close_design
set_property PROBES.FILE {} [get_hw_devices xc7a35t_0]
set_property FULL_PROBES.FILE {} [get_hw_devices xc7a35t_0]
set_property PROGRAM.FILE {D:/my_homework/my_vivado_practice/project_practice_week10_on_class/XADC/XADC.runs/impl_1/top_XADC_voltage.bit} [get_hw_devices xc7a35t_0]
program_hw_devices [get_hw_devices xc7a35t_0]
INFO: [Labtools 27-3164] End of startup status: HIGH
refresh_hw_device [lindex [get_hw_devices xc7a35t_0] 0]
INFO: [Labtools 27-1434] Device xc7a35t (JTAG device index = 0) is programmed with a design that has no supported debug core(s) in it.
synth_design -rtl -name rtl_1
Command: synth_design -rtl -name rtl_1
Starting synth_design
Using part: xc7a35tcsg324-1
Top: top_XADC_voltage
---------------------------------------------------------------------------------
Starting RTL Elaboration : Time (s): cpu = 00:00:02 ; elapsed = 00:00:03 . Memory (MB): peak = 2831.395 ; gain = 0.000
---------------------------------------------------------------------------------
INFO: [Synth 8-6157] synthesizing module 'top_XADC_voltage' [D:/my_homework/my_vivado_practice/project_practice_week10_on_class/XADC/XADC.srcs/sources_1/new/top_XADC_voltage.v:23]
INFO: [Synth 8-6157] synthesizing module 'XADC_channel_1' [D:/my_homework/my_vivado_practice/project_practice_week10_on_class/XADC/XADC.srcs/sources_1/new/XADC_channel_1.v:23]
INFO: [Synth 8-6157] synthesizing module 'xadc_wiz_0' [D:/my_homework/my_vivado_practice/project_practice_week10_on_class/XADC/.Xil/Vivado-20232-LAPTOP-CCNJK6NK/realtime/xadc_wiz_0_stub.v:5]
INFO: [Synth 8-6155] done synthesizing module 'xadc_wiz_0' (1#1) [D:/my_homework/my_vivado_practice/project_practice_week10_on_class/XADC/.Xil/Vivado-20232-LAPTOP-CCNJK6NK/realtime/xadc_wiz_0_stub.v:5]
INFO: [Synth 8-6155] done synthesizing module 'XADC_channel_1' (2#1) [D:/my_homework/my_vivado_practice/project_practice_week10_on_class/XADC/XADC.srcs/sources_1/new/XADC_channel_1.v:23]
INFO: [Synth 8-6157] synthesizing module 'data_output' [D:/my_homework/my_vivado_practice/project_practice_week10_on_class/XADC/XADC.srcs/sources_1/new/data_output.v:23]
INFO: [Synth 8-6155] done synthesizing module 'data_output' (3#1) [D:/my_homework/my_vivado_practice/project_practice_week10_on_class/XADC/XADC.srcs/sources_1/new/data_output.v:23]
INFO: [Synth 8-6157] synthesizing module 'bin2BCD' [D:/my_homework/my_vivado_practice/project_practice_week10_on_class/XADC/XADC.srcs/sources_1/new/bin2BCD.v:23]
INFO: [Synth 8-6155] done synthesizing module 'bin2BCD' (4#1) [D:/my_homework/my_vivado_practice/project_practice_week10_on_class/XADC/XADC.srcs/sources_1/new/bin2BCD.v:23]
WARNING: [Synth 8-4446] all outputs are unconnected for this instance and logic may be removed [D:/my_homework/my_vivado_practice/project_practice_week10_on_class/XADC/XADC.srcs/sources_1/new/top_XADC_voltage.v:55]
INFO: [Synth 8-6157] synthesizing module 'show_high_low' [D:/my_homework/my_vivado_practice/project_practice_week10_on_class/XADC/XADC.srcs/sources_1/new/show_high_low.v:23]
INFO: [Synth 8-6157] synthesizing module 'show' [D:/my_homework/my_vivado_practice/project_practice_week10_on_class/XADC/XADC.srcs/sources_1/new/show.v:23]
INFO: [Synth 8-226] default block is never used [D:/my_homework/my_vivado_practice/project_practice_week10_on_class/XADC/XADC.srcs/sources_1/new/show.v:129]
INFO: [Synth 8-6155] done synthesizing module 'show' (5#1) [D:/my_homework/my_vivado_practice/project_practice_week10_on_class/XADC/XADC.srcs/sources_1/new/show.v:23]
WARNING: [Synth 8-6104] Input port 'a_to_g2' has an internal driver [D:/my_homework/my_vivado_practice/project_practice_week10_on_class/XADC/XADC.srcs/sources_1/new/show_high_low.v:36]
WARNING: [Synth 8-6104] Input port 'an2' has an internal driver [D:/my_homework/my_vivado_practice/project_practice_week10_on_class/XADC/XADC.srcs/sources_1/new/show_high_low.v:37]
WARNING: [Synth 8-6104] Input port 'a_to_g1' has an internal driver [D:/my_homework/my_vivado_practice/project_practice_week10_on_class/XADC/XADC.srcs/sources_1/new/show_high_low.v:43]
WARNING: [Synth 8-6104] Input port 'an1' has an internal driver [D:/my_homework/my_vivado_practice/project_practice_week10_on_class/XADC/XADC.srcs/sources_1/new/show_high_low.v:44]
INFO: [Synth 8-6155] done synthesizing module 'show_high_low' (6#1) [D:/my_homework/my_vivado_practice/project_practice_week10_on_class/XADC/XADC.srcs/sources_1/new/show_high_low.v:23]
WARNING: [Synth 8-3848] Net an1 in module/entity top_XADC_voltage does not have driver. [D:/my_homework/my_vivado_practice/project_practice_week10_on_class/XADC/XADC.srcs/sources_1/new/top_XADC_voltage.v:29]
WARNING: [Synth 8-3848] Net an2 in module/entity top_XADC_voltage does not have driver. [D:/my_homework/my_vivado_practice/project_practice_week10_on_class/XADC/XADC.srcs/sources_1/new/top_XADC_voltage.v:29]
WARNING: [Synth 8-3848] Net a_to_g1 in module/entity top_XADC_voltage does not have driver. [D:/my_homework/my_vivado_practice/project_practice_week10_on_class/XADC/XADC.srcs/sources_1/new/top_XADC_voltage.v:30]
WARNING: [Synth 8-3848] Net a_to_g2 in module/entity top_XADC_voltage does not have driver. [D:/my_homework/my_vivado_practice/project_practice_week10_on_class/XADC/XADC.srcs/sources_1/new/top_XADC_voltage.v:30]
INFO: [Synth 8-6155] done synthesizing module 'top_XADC_voltage' (7#1) [D:/my_homework/my_vivado_practice/project_practice_week10_on_class/XADC/XADC.srcs/sources_1/new/top_XADC_voltage.v:23]
WARNING: [Synth 8-3331] design data_output has unconnected port do_out[3]
WARNING: [Synth 8-3331] design data_output has unconnected port do_out[2]
WARNING: [Synth 8-3331] design data_output has unconnected port do_out[1]
WARNING: [Synth 8-3331] design data_output has unconnected port do_out[0]
---------------------------------------------------------------------------------
Finished RTL Elaboration : Time (s): cpu = 00:00:03 ; elapsed = 00:00:03 . Memory (MB): peak = 2831.395 ; gain = 0.000
---------------------------------------------------------------------------------

Report Check Netlist: 
+------+------------------+-------+---------+-------+------------------+
|      |Item              |Errors |Warnings |Status |Description       |
+------+------------------+-------+---------+-------+------------------+
|1     |multi_driven_nets |      0|        0|Passed |Multi driven nets |
+------+------------------+-------+---------+-------+------------------+
WARNING: [Synth 8-3295] tying undriven pin top_show_high_low:an1[3] to constant 0 [D:/my_homework/my_vivado_practice/project_practice_week10_on_class/XADC/XADC.srcs/sources_1/new/top_XADC_voltage.v:55]
WARNING: [Synth 8-3295] tying undriven pin top_show_high_low:an1[2] to constant 0 [D:/my_homework/my_vivado_practice/project_practice_week10_on_class/XADC/XADC.srcs/sources_1/new/top_XADC_voltage.v:55]
WARNING: [Synth 8-3295] tying undriven pin top_show_high_low:an1[1] to constant 0 [D:/my_homework/my_vivado_practice/project_practice_week10_on_class/XADC/XADC.srcs/sources_1/new/top_XADC_voltage.v:55]
WARNING: [Synth 8-3295] tying undriven pin top_show_high_low:an1[0] to constant 0 [D:/my_homework/my_vivado_practice/project_practice_week10_on_class/XADC/XADC.srcs/sources_1/new/top_XADC_voltage.v:55]
WARNING: [Synth 8-3295] tying undriven pin top_show_high_low:an2[3] to constant 0 [D:/my_homework/my_vivado_practice/project_practice_week10_on_class/XADC/XADC.srcs/sources_1/new/top_XADC_voltage.v:55]
WARNING: [Synth 8-3295] tying undriven pin top_show_high_low:an2[2] to constant 0 [D:/my_homework/my_vivado_practice/project_practice_week10_on_class/XADC/XADC.srcs/sources_1/new/top_XADC_voltage.v:55]
WARNING: [Synth 8-3295] tying undriven pin top_show_high_low:an2[1] to constant 0 [D:/my_homework/my_vivado_practice/project_practice_week10_on_class/XADC/XADC.srcs/sources_1/new/top_XADC_voltage.v:55]
WARNING: [Synth 8-3295] tying undriven pin top_show_high_low:an2[0] to constant 0 [D:/my_homework/my_vivado_practice/project_practice_week10_on_class/XADC/XADC.srcs/sources_1/new/top_XADC_voltage.v:55]
WARNING: [Synth 8-3295] tying undriven pin top_show_high_low:a_to_g1[7] to constant 0 [D:/my_homework/my_vivado_practice/project_practice_week10_on_class/XADC/XADC.srcs/sources_1/new/top_XADC_voltage.v:55]
WARNING: [Synth 8-3295] tying undriven pin top_show_high_low:a_to_g1[6] to constant 0 [D:/my_homework/my_vivado_practice/project_practice_week10_on_class/XADC/XADC.srcs/sources_1/new/top_XADC_voltage.v:55]
WARNING: [Synth 8-3295] tying undriven pin top_show_high_low:a_to_g1[5] to constant 0 [D:/my_homework/my_vivado_practice/project_practice_week10_on_class/XADC/XADC.srcs/sources_1/new/top_XADC_voltage.v:55]
WARNING: [Synth 8-3295] tying undriven pin top_show_high_low:a_to_g1[4] to constant 0 [D:/my_homework/my_vivado_practice/project_practice_week10_on_class/XADC/XADC.srcs/sources_1/new/top_XADC_voltage.v:55]
WARNING: [Synth 8-3295] tying undriven pin top_show_high_low:a_to_g1[3] to constant 0 [D:/my_homework/my_vivado_practice/project_practice_week10_on_class/XADC/XADC.srcs/sources_1/new/top_XADC_voltage.v:55]
WARNING: [Synth 8-3295] tying undriven pin top_show_high_low:a_to_g1[2] to constant 0 [D:/my_homework/my_vivado_practice/project_practice_week10_on_class/XADC/XADC.srcs/sources_1/new/top_XADC_voltage.v:55]
WARNING: [Synth 8-3295] tying undriven pin top_show_high_low:a_to_g1[1] to constant 0 [D:/my_homework/my_vivado_practice/project_practice_week10_on_class/XADC/XADC.srcs/sources_1/new/top_XADC_voltage.v:55]
WARNING: [Synth 8-3295] tying undriven pin top_show_high_low:a_to_g1[0] to constant 0 [D:/my_homework/my_vivado_practice/project_practice_week10_on_class/XADC/XADC.srcs/sources_1/new/top_XADC_voltage.v:55]
WARNING: [Synth 8-3295] tying undriven pin top_show_high_low:a_to_g2[7] to constant 0 [D:/my_homework/my_vivado_practice/project_practice_week10_on_class/XADC/XADC.srcs/sources_1/new/top_XADC_voltage.v:55]
WARNING: [Synth 8-3295] tying undriven pin top_show_high_low:a_to_g2[6] to constant 0 [D:/my_homework/my_vivado_practice/project_practice_week10_on_class/XADC/XADC.srcs/sources_1/new/top_XADC_voltage.v:55]
WARNING: [Synth 8-3295] tying undriven pin top_show_high_low:a_to_g2[5] to constant 0 [D:/my_homework/my_vivado_practice/project_practice_week10_on_class/XADC/XADC.srcs/sources_1/new/top_XADC_voltage.v:55]
WARNING: [Synth 8-3295] tying undriven pin top_show_high_low:a_to_g2[4] to constant 0 [D:/my_homework/my_vivado_practice/project_practice_week10_on_class/XADC/XADC.srcs/sources_1/new/top_XADC_voltage.v:55]
WARNING: [Synth 8-3295] tying undriven pin top_show_high_low:a_to_g2[3] to constant 0 [D:/my_homework/my_vivado_practice/project_practice_week10_on_class/XADC/XADC.srcs/sources_1/new/top_XADC_voltage.v:55]
WARNING: [Synth 8-3295] tying undriven pin top_show_high_low:a_to_g2[2] to constant 0 [D:/my_homework/my_vivado_practice/project_practice_week10_on_class/XADC/XADC.srcs/sources_1/new/top_XADC_voltage.v:55]
WARNING: [Synth 8-3295] tying undriven pin top_show_high_low:a_to_g2[1] to constant 0 [D:/my_homework/my_vivado_practice/project_practice_week10_on_class/XADC/XADC.srcs/sources_1/new/top_XADC_voltage.v:55]
WARNING: [Synth 8-3295] tying undriven pin top_show_high_low:a_to_g2[0] to constant 0 [D:/my_homework/my_vivado_practice/project_practice_week10_on_class/XADC/XADC.srcs/sources_1/new/top_XADC_voltage.v:55]
---------------------------------------------------------------------------------
Start Handling Custom Attributes
---------------------------------------------------------------------------------
---------------------------------------------------------------------------------
Finished Handling Custom Attributes : Time (s): cpu = 00:00:03 ; elapsed = 00:00:04 . Memory (MB): peak = 2831.395 ; gain = 0.000
---------------------------------------------------------------------------------
---------------------------------------------------------------------------------
Finished RTL Optimization Phase 1 : Time (s): cpu = 00:00:03 ; elapsed = 00:00:04 . Memory (MB): peak = 2831.395 ; gain = 0.000
---------------------------------------------------------------------------------
INFO: [Project 1-454] Reading design checkpoint 'd:/my_homework/my_vivado_practice/project_practice_week10_on_class/XADC/XADC.srcs/sources_1/ip/xadc_wiz_0/xadc_wiz_0.dcp' for cell 'top_xadc/u1'
INFO: [Netlist 29-17] Analyzing 1 Unisim elements for replacement
INFO: [Netlist 29-28] Unisim Transformation completed in 0 CPU seconds
INFO: [Project 1-479] Netlist was created with Vivado 2018.3
INFO: [Project 1-570] Preparing netlist for logic optimization
INFO: [Opt 31-140] Inserted 4 IBUFs to IO ports without IO buffers.

Processing XDC Constraints
Initializing timing engine
Parsing XDC File [d:/my_homework/my_vivado_practice/project_practice_week10_on_class/XADC/XADC.srcs/sources_1/ip/xadc_wiz_0/xadc_wiz_0.xdc] for cell 'top_xadc/u1/inst'
Finished Parsing XDC File [d:/my_homework/my_vivado_practice/project_practice_week10_on_class/XADC/XADC.srcs/sources_1/ip/xadc_wiz_0/xadc_wiz_0.xdc] for cell 'top_xadc/u1/inst'
Parsing XDC File [D:/my_homework/my_vivado_practice/project_practice_week10_on_class/XADC/XADC.srcs/constrs_1/new/XADC_voltage.xdc]
Finished Parsing XDC File [D:/my_homework/my_vivado_practice/project_practice_week10_on_class/XADC/XADC.srcs/constrs_1/new/XADC_voltage.xdc]
Completed Processing XDC Constraints

INFO: [Opt 31-138] Pushed 0 inverter(s) to 0 load pin(s).
Netlist sorting complete. Time (s): cpu = 00:00:00 ; elapsed = 00:00:00 . Memory (MB): peak = 2873.562 ; gain = 0.000
INFO: [Project 1-111] Unisim Transformation Summary:
No Unisim elements were transformed.

RTL Elaboration Complete:  : Time (s): cpu = 00:00:08 ; elapsed = 00:00:07 . Memory (MB): peak = 2873.562 ; gain = 42.168
23 Infos, 37 Warnings, 0 Critical Warnings and 0 Errors encountered.
synth_design completed successfully
synth_design: Time (s): cpu = 00:00:08 ; elapsed = 00:00:07 . Memory (MB): peak = 2873.562 ; gain = 42.168
refresh_design
---------------------------------------------------------------------------------
Starting RTL Elaboration : Time (s): cpu = 00:00:02 ; elapsed = 00:00:03 . Memory (MB): peak = 2873.562 ; gain = 0.000
---------------------------------------------------------------------------------
INFO: [Synth 8-6157] synthesizing module 'top_XADC_voltage' [D:/my_homework/my_vivado_practice/project_practice_week10_on_class/XADC/XADC.srcs/sources_1/new/top_XADC_voltage.v:23]
INFO: [Synth 8-6157] synthesizing module 'XADC_channel_1' [D:/my_homework/my_vivado_practice/project_practice_week10_on_class/XADC/XADC.srcs/sources_1/new/XADC_channel_1.v:23]
INFO: [Synth 8-6157] synthesizing module 'xadc_wiz_0' [D:/my_homework/my_vivado_practice/project_practice_week10_on_class/XADC/.Xil/Vivado-20232-LAPTOP-CCNJK6NK/realtime/xadc_wiz_0_stub.v:5]
INFO: [Synth 8-6155] done synthesizing module 'xadc_wiz_0' (1#1) [D:/my_homework/my_vivado_practice/project_practice_week10_on_class/XADC/.Xil/Vivado-20232-LAPTOP-CCNJK6NK/realtime/xadc_wiz_0_stub.v:5]
INFO: [Synth 8-6155] done synthesizing module 'XADC_channel_1' (2#1) [D:/my_homework/my_vivado_practice/project_practice_week10_on_class/XADC/XADC.srcs/sources_1/new/XADC_channel_1.v:23]
INFO: [Synth 8-6157] synthesizing module 'data_output' [D:/my_homework/my_vivado_practice/project_practice_week10_on_class/XADC/XADC.srcs/sources_1/new/data_output.v:23]
INFO: [Synth 8-6155] done synthesizing module 'data_output' (3#1) [D:/my_homework/my_vivado_practice/project_practice_week10_on_class/XADC/XADC.srcs/sources_1/new/data_output.v:23]
INFO: [Synth 8-6157] synthesizing module 'bin2BCD' [D:/my_homework/my_vivado_practice/project_practice_week10_on_class/XADC/XADC.srcs/sources_1/new/bin2BCD.v:23]
INFO: [Synth 8-6155] done synthesizing module 'bin2BCD' (4#1) [D:/my_homework/my_vivado_practice/project_practice_week10_on_class/XADC/XADC.srcs/sources_1/new/bin2BCD.v:23]
WARNING: [Synth 8-4446] all outputs are unconnected for this instance and logic may be removed [D:/my_homework/my_vivado_practice/project_practice_week10_on_class/XADC/XADC.srcs/sources_1/new/top_XADC_voltage.v:55]
INFO: [Synth 8-6157] synthesizing module 'show_high_low' [D:/my_homework/my_vivado_practice/project_practice_week10_on_class/XADC/XADC.srcs/sources_1/new/show_high_low.v:23]
INFO: [Synth 8-6157] synthesizing module 'show' [D:/my_homework/my_vivado_practice/project_practice_week10_on_class/XADC/XADC.srcs/sources_1/new/show.v:23]
INFO: [Synth 8-226] default block is never used [D:/my_homework/my_vivado_practice/project_practice_week10_on_class/XADC/XADC.srcs/sources_1/new/show.v:129]
INFO: [Synth 8-6155] done synthesizing module 'show' (5#1) [D:/my_homework/my_vivado_practice/project_practice_week10_on_class/XADC/XADC.srcs/sources_1/new/show.v:23]
WARNING: [Synth 8-6104] Input port 'a_to_g2' has an internal driver [D:/my_homework/my_vivado_practice/project_practice_week10_on_class/XADC/XADC.srcs/sources_1/new/show_high_low.v:36]
WARNING: [Synth 8-6104] Input port 'an2' has an internal driver [D:/my_homework/my_vivado_practice/project_practice_week10_on_class/XADC/XADC.srcs/sources_1/new/show_high_low.v:37]
WARNING: [Synth 8-6104] Input port 'a_to_g1' has an internal driver [D:/my_homework/my_vivado_practice/project_practice_week10_on_class/XADC/XADC.srcs/sources_1/new/show_high_low.v:43]
WARNING: [Synth 8-6104] Input port 'an1' has an internal driver [D:/my_homework/my_vivado_practice/project_practice_week10_on_class/XADC/XADC.srcs/sources_1/new/show_high_low.v:44]
INFO: [Synth 8-6155] done synthesizing module 'show_high_low' (6#1) [D:/my_homework/my_vivado_practice/project_practice_week10_on_class/XADC/XADC.srcs/sources_1/new/show_high_low.v:23]
WARNING: [Synth 8-3848] Net an1 in module/entity top_XADC_voltage does not have driver. [D:/my_homework/my_vivado_practice/project_practice_week10_on_class/XADC/XADC.srcs/sources_1/new/top_XADC_voltage.v:29]
WARNING: [Synth 8-3848] Net an2 in module/entity top_XADC_voltage does not have driver. [D:/my_homework/my_vivado_practice/project_practice_week10_on_class/XADC/XADC.srcs/sources_1/new/top_XADC_voltage.v:29]
WARNING: [Synth 8-3848] Net a_to_g1 in module/entity top_XADC_voltage does not have driver. [D:/my_homework/my_vivado_practice/project_practice_week10_on_class/XADC/XADC.srcs/sources_1/new/top_XADC_voltage.v:30]
WARNING: [Synth 8-3848] Net a_to_g2 in module/entity top_XADC_voltage does not have driver. [D:/my_homework/my_vivado_practice/project_practice_week10_on_class/XADC/XADC.srcs/sources_1/new/top_XADC_voltage.v:30]
INFO: [Synth 8-6155] done synthesizing module 'top_XADC_voltage' (7#1) [D:/my_homework/my_vivado_practice/project_practice_week10_on_class/XADC/XADC.srcs/sources_1/new/top_XADC_voltage.v:23]
WARNING: [Synth 8-3331] design data_output has unconnected port do_out[3]
WARNING: [Synth 8-3331] design data_output has unconnected port do_out[2]
WARNING: [Synth 8-3331] design data_output has unconnected port do_out[1]
WARNING: [Synth 8-3331] design data_output has unconnected port do_out[0]
---------------------------------------------------------------------------------
Finished RTL Elaboration : Time (s): cpu = 00:00:03 ; elapsed = 00:00:04 . Memory (MB): peak = 2873.562 ; gain = 0.000
---------------------------------------------------------------------------------

Report Check Netlist: 
+------+------------------+-------+---------+-------+------------------+
|      |Item              |Errors |Warnings |Status |Description       |
+------+------------------+-------+---------+-------+------------------+
|1     |multi_driven_nets |      0|        0|Passed |Multi driven nets |
+------+------------------+-------+---------+-------+------------------+
WARNING: [Synth 8-3295] tying undriven pin top_show_high_low:an1[3] to constant 0 [D:/my_homework/my_vivado_practice/project_practice_week10_on_class/XADC/XADC.srcs/sources_1/new/top_XADC_voltage.v:55]
WARNING: [Synth 8-3295] tying undriven pin top_show_high_low:an1[2] to constant 0 [D:/my_homework/my_vivado_practice/project_practice_week10_on_class/XADC/XADC.srcs/sources_1/new/top_XADC_voltage.v:55]
WARNING: [Synth 8-3295] tying undriven pin top_show_high_low:an1[1] to constant 0 [D:/my_homework/my_vivado_practice/project_practice_week10_on_class/XADC/XADC.srcs/sources_1/new/top_XADC_voltage.v:55]
WARNING: [Synth 8-3295] tying undriven pin top_show_high_low:an1[0] to constant 0 [D:/my_homework/my_vivado_practice/project_practice_week10_on_class/XADC/XADC.srcs/sources_1/new/top_XADC_voltage.v:55]
WARNING: [Synth 8-3295] tying undriven pin top_show_high_low:an2[3] to constant 0 [D:/my_homework/my_vivado_practice/project_practice_week10_on_class/XADC/XADC.srcs/sources_1/new/top_XADC_voltage.v:55]
WARNING: [Synth 8-3295] tying undriven pin top_show_high_low:an2[2] to constant 0 [D:/my_homework/my_vivado_practice/project_practice_week10_on_class/XADC/XADC.srcs/sources_1/new/top_XADC_voltage.v:55]
WARNING: [Synth 8-3295] tying undriven pin top_show_high_low:an2[1] to constant 0 [D:/my_homework/my_vivado_practice/project_practice_week10_on_class/XADC/XADC.srcs/sources_1/new/top_XADC_voltage.v:55]
WARNING: [Synth 8-3295] tying undriven pin top_show_high_low:an2[0] to constant 0 [D:/my_homework/my_vivado_practice/project_practice_week10_on_class/XADC/XADC.srcs/sources_1/new/top_XADC_voltage.v:55]
WARNING: [Synth 8-3295] tying undriven pin top_show_high_low:a_to_g1[7] to constant 0 [D:/my_homework/my_vivado_practice/project_practice_week10_on_class/XADC/XADC.srcs/sources_1/new/top_XADC_voltage.v:55]
WARNING: [Synth 8-3295] tying undriven pin top_show_high_low:a_to_g1[6] to constant 0 [D:/my_homework/my_vivado_practice/project_practice_week10_on_class/XADC/XADC.srcs/sources_1/new/top_XADC_voltage.v:55]
WARNING: [Synth 8-3295] tying undriven pin top_show_high_low:a_to_g1[5] to constant 0 [D:/my_homework/my_vivado_practice/project_practice_week10_on_class/XADC/XADC.srcs/sources_1/new/top_XADC_voltage.v:55]
WARNING: [Synth 8-3295] tying undriven pin top_show_high_low:a_to_g1[4] to constant 0 [D:/my_homework/my_vivado_practice/project_practice_week10_on_class/XADC/XADC.srcs/sources_1/new/top_XADC_voltage.v:55]
WARNING: [Synth 8-3295] tying undriven pin top_show_high_low:a_to_g1[3] to constant 0 [D:/my_homework/my_vivado_practice/project_practice_week10_on_class/XADC/XADC.srcs/sources_1/new/top_XADC_voltage.v:55]
WARNING: [Synth 8-3295] tying undriven pin top_show_high_low:a_to_g1[2] to constant 0 [D:/my_homework/my_vivado_practice/project_practice_week10_on_class/XADC/XADC.srcs/sources_1/new/top_XADC_voltage.v:55]
WARNING: [Synth 8-3295] tying undriven pin top_show_high_low:a_to_g1[1] to constant 0 [D:/my_homework/my_vivado_practice/project_practice_week10_on_class/XADC/XADC.srcs/sources_1/new/top_XADC_voltage.v:55]
WARNING: [Synth 8-3295] tying undriven pin top_show_high_low:a_to_g1[0] to constant 0 [D:/my_homework/my_vivado_practice/project_practice_week10_on_class/XADC/XADC.srcs/sources_1/new/top_XADC_voltage.v:55]
WARNING: [Synth 8-3295] tying undriven pin top_show_high_low:a_to_g2[7] to constant 0 [D:/my_homework/my_vivado_practice/project_practice_week10_on_class/XADC/XADC.srcs/sources_1/new/top_XADC_voltage.v:55]
WARNING: [Synth 8-3295] tying undriven pin top_show_high_low:a_to_g2[6] to constant 0 [D:/my_homework/my_vivado_practice/project_practice_week10_on_class/XADC/XADC.srcs/sources_1/new/top_XADC_voltage.v:55]
WARNING: [Synth 8-3295] tying undriven pin top_show_high_low:a_to_g2[5] to constant 0 [D:/my_homework/my_vivado_practice/project_practice_week10_on_class/XADC/XADC.srcs/sources_1/new/top_XADC_voltage.v:55]
WARNING: [Synth 8-3295] tying undriven pin top_show_high_low:a_to_g2[4] to constant 0 [D:/my_homework/my_vivado_practice/project_practice_week10_on_class/XADC/XADC.srcs/sources_1/new/top_XADC_voltage.v:55]
WARNING: [Synth 8-3295] tying undriven pin top_show_high_low:a_to_g2[3] to constant 0 [D:/my_homework/my_vivado_practice/project_practice_week10_on_class/XADC/XADC.srcs/sources_1/new/top_XADC_voltage.v:55]
WARNING: [Synth 8-3295] tying undriven pin top_show_high_low:a_to_g2[2] to constant 0 [D:/my_homework/my_vivado_practice/project_practice_week10_on_class/XADC/XADC.srcs/sources_1/new/top_XADC_voltage.v:55]
WARNING: [Synth 8-3295] tying undriven pin top_show_high_low:a_to_g2[1] to constant 0 [D:/my_homework/my_vivado_practice/project_practice_week10_on_class/XADC/XADC.srcs/sources_1/new/top_XADC_voltage.v:55]
WARNING: [Synth 8-3295] tying undriven pin top_show_high_low:a_to_g2[0] to constant 0 [D:/my_homework/my_vivado_practice/project_practice_week10_on_class/XADC/XADC.srcs/sources_1/new/top_XADC_voltage.v:55]
---------------------------------------------------------------------------------
Start Handling Custom Attributes
---------------------------------------------------------------------------------
---------------------------------------------------------------------------------
Finished Handling Custom Attributes : Time (s): cpu = 00:00:03 ; elapsed = 00:00:04 . Memory (MB): peak = 2873.562 ; gain = 0.000
---------------------------------------------------------------------------------
---------------------------------------------------------------------------------
Finished RTL Optimization Phase 1 : Time (s): cpu = 00:00:03 ; elapsed = 00:00:04 . Memory (MB): peak = 2873.562 ; gain = 0.000
---------------------------------------------------------------------------------
INFO: [Project 1-454] Reading design checkpoint 'd:/my_homework/my_vivado_practice/project_practice_week10_on_class/XADC/XADC.srcs/sources_1/ip/xadc_wiz_0/xadc_wiz_0.dcp' for cell 'top_xadc/u1'
INFO: [Netlist 29-17] Analyzing 1 Unisim elements for replacement
INFO: [Netlist 29-28] Unisim Transformation completed in 0 CPU seconds
INFO: [Project 1-479] Netlist was created with Vivado 2018.3
INFO: [Project 1-570] Preparing netlist for logic optimization
INFO: [Opt 31-140] Inserted 4 IBUFs to IO ports without IO buffers.

Processing XDC Constraints
Initializing timing engine
Parsing XDC File [d:/my_homework/my_vivado_practice/project_practice_week10_on_class/XADC/XADC.srcs/sources_1/ip/xadc_wiz_0/xadc_wiz_0.xdc] for cell 'top_xadc/u1/inst'
Finished Parsing XDC File [d:/my_homework/my_vivado_practice/project_practice_week10_on_class/XADC/XADC.srcs/sources_1/ip/xadc_wiz_0/xadc_wiz_0.xdc] for cell 'top_xadc/u1/inst'
Parsing XDC File [D:/my_homework/my_vivado_practice/project_practice_week10_on_class/XADC/XADC.srcs/constrs_1/new/XADC_voltage.xdc]
Finished Parsing XDC File [D:/my_homework/my_vivado_practice/project_practice_week10_on_class/XADC/XADC.srcs/constrs_1/new/XADC_voltage.xdc]
Completed Processing XDC Constraints

INFO: [Opt 31-138] Pushed 0 inverter(s) to 0 load pin(s).
refresh_design: Time (s): cpu = 00:00:09 ; elapsed = 00:00:13 . Memory (MB): peak = 2894.406 ; gain = 20.844
reset_run synth_1
launch_runs impl_1 -to_step write_bitstream -jobs 4
[Mon May  6 11:17:11 2024] Launched synth_1...
Run output will be captured here: D:/my_homework/my_vivado_practice/project_practice_week10_on_class/XADC/XADC.runs/synth_1/runme.log
[Mon May  6 11:17:11 2024] Launched impl_1...
Run output will be captured here: D:/my_homework/my_vivado_practice/project_practice_week10_on_class/XADC/XADC.runs/impl_1/runme.log
set_property PROBES.FILE {} [get_hw_devices xc7a35t_0]
set_property FULL_PROBES.FILE {} [get_hw_devices xc7a35t_0]
set_property PROGRAM.FILE {D:/my_homework/my_vivado_practice/project_practice_week10_on_class/XADC/XADC.runs/impl_1/top_XADC_voltage.bit} [get_hw_devices xc7a35t_0]
program_hw_devices [get_hw_devices xc7a35t_0]
INFO: [Labtools 27-3164] End of startup status: HIGH
refresh_hw_device [lindex [get_hw_devices xc7a35t_0] 0]
INFO: [Labtools 27-1434] Device xc7a35t (JTAG device index = 0) is programmed with a design that has no supported debug core(s) in it.
close_hw
reset_run synth_1
launch_runs impl_1 -to_step write_bitstream -jobs 4
[Mon May  6 11:22:46 2024] Launched synth_1...
Run output will be captured here: D:/my_homework/my_vivado_practice/project_practice_week10_on_class/XADC/XADC.runs/synth_1/runme.log
[Mon May  6 11:22:46 2024] Launched impl_1...
Run output will be captured here: D:/my_homework/my_vivado_practice/project_practice_week10_on_class/XADC/XADC.runs/impl_1/runme.log
open_hw
connect_hw_server
INFO: [Labtools 27-2285] Connecting to hw_server url TCP:localhost:3121
INFO: [Labtools 27-2222] Launching hw_server...
INFO: [Labtools 27-2221] Launch Output:

****** Xilinx hw_server v2018.3
  **** Build date : Dec  7 2018-00:40:27
    ** Copyright 1986-2018 Xilinx, Inc. All Rights Reserved.


open_hw_target
INFO: [Labtoolstcl 44-466] Opening hw_target localhost:3121/xilinx_tcf/Xilinx/1234-tulA
set_property PROGRAM.FILE {D:/my_homework/my_vivado_practice/project_practice_week10_on_class/XADC/XADC.runs/impl_1/top_XADC_voltage.bit} [get_hw_devices xc7a35t_0]
current_hw_device [get_hw_devices xc7a35t_0]
refresh_hw_device -update_hw_probes false [lindex [get_hw_devices xc7a35t_0] 0]
INFO: [Labtools 27-1434] Device xc7a35t (JTAG device index = 0) is programmed with a design that has no supported debug core(s) in it.
set_property PROBES.FILE {} [get_hw_devices xc7a35t_0]
set_property FULL_PROBES.FILE {} [get_hw_devices xc7a35t_0]
set_property PROGRAM.FILE {D:/my_homework/my_vivado_practice/project_practice_week10_on_class/XADC/XADC.runs/impl_1/top_XADC_voltage.bit} [get_hw_devices xc7a35t_0]
program_hw_devices [get_hw_devices xc7a35t_0]
INFO: [Labtools 27-3164] End of startup status: HIGH
refresh_hw_device [lindex [get_hw_devices xc7a35t_0] 0]
INFO: [Labtools 27-1434] Device xc7a35t (JTAG device index = 0) is programmed with a design that has no supported debug core(s) in it.
reset_run synth_1
launch_runs impl_1 -to_step write_bitstream -jobs 4
[Mon May  6 11:38:46 2024] Launched synth_1...
Run output will be captured here: D:/my_homework/my_vivado_practice/project_practice_week10_on_class/XADC/XADC.runs/synth_1/runme.log
[Mon May  6 11:38:46 2024] Launched impl_1...
Run output will be captured here: D:/my_homework/my_vivado_practice/project_practice_week10_on_class/XADC/XADC.runs/impl_1/runme.log
set_property PROBES.FILE {} [get_hw_devices xc7a35t_0]
set_property FULL_PROBES.FILE {} [get_hw_devices xc7a35t_0]
set_property PROGRAM.FILE {D:/my_homework/my_vivado_practice/project_practice_week10_on_class/XADC/XADC.runs/impl_1/top_XADC_voltage.bit} [get_hw_devices xc7a35t_0]
program_hw_devices [get_hw_devices xc7a35t_0]
INFO: [Labtools 27-3164] End of startup status: HIGH
refresh_hw_device [lindex [get_hw_devices xc7a35t_0] 0]
INFO: [Labtools 27-1434] Device xc7a35t (JTAG device index = 0) is programmed with a design that has no supported debug core(s) in it.
exit
INFO: [Common 17-206] Exiting Vivado at Mon May  6 11:42:29 2024...
