#-----------------------------------------------------------
# Vivado v2018.3 (64-bit)
# SW Build 2405991 on Thu Dec  6 23:38:27 MST 2018
# IP Build 2404404 on Fri Dec  7 01:43:56 MST 2018
# Start of session at: Wed May  1 20:37:22 2024
# Process ID: 18852
# Current directory: D:/my_homework/my_vivado_practice/digit_breath_light/breathe_light
# Command line: vivado.exe -gui_launcher_event rodinguilauncherevent15668 D:\my_homework\my_vivado_practice\digit_breath_light\breathe_light\breathe_light.xpr
# Log file: D:/my_homework/my_vivado_practice/digit_breath_light/breathe_light/vivado.log
# Journal file: D:/my_homework/my_vivado_practice/digit_breath_light/breathe_light\vivado.jou
#-----------------------------------------------------------
start_gui
open_project D:/my_homework/my_vivado_practice/digit_breath_light/breathe_light/breathe_light.xpr
Scanning sources...
Finished scanning sources
INFO: [IP_Flow 19-234] Refreshing IP repositories
INFO: [IP_Flow 19-1704] No user IP repositories specified
INFO: [IP_Flow 19-2313] Loaded Vivado IP repository 'D:/Xilinx/Vivado/2018.3/data/ip'.
open_project: Time (s): cpu = 00:00:08 ; elapsed = 00:00:09 . Memory (MB): peak = 762.551 ; gain = 167.754
update_compile_order -fileset sources_1
launch_simulation
INFO: [Vivado 12-5682] Launching behavioral simulation in 'D:/my_homework/my_vivado_practice/digit_breath_light/breathe_light/breathe_light.sim/sim_1/behav/xsim'
INFO: [SIM-utils-51] Simulation object is 'sim_1'
INFO: [SIM-utils-54] Inspecting design source files for 'sim_breathe_led' in fileset 'sim_1'...
INFO: [USF-XSim-97] Finding global include files...
INFO: [USF-XSim-98] Fetching design files from 'sim_1'...
INFO: [USF-XSim-2] XSim::Compile design
INFO: [USF-XSim-61] Executing 'COMPILE and ANALYZE' step in 'D:/my_homework/my_vivado_practice/digit_breath_light/breathe_light/breathe_light.sim/sim_1/behav/xsim'
"xvlog --incr --relax -prj sim_breathe_led_vlog.prj"
INFO: [USF-XSim-69] 'compile' step finished in '1' seconds
INFO: [USF-XSim-3] XSim::Elaborate design
INFO: [USF-XSim-61] Executing 'ELABORATE' step in 'D:/my_homework/my_vivado_practice/digit_breath_light/breathe_light/breathe_light.sim/sim_1/behav/xsim'
Vivado Simulator 2018.3
Copyright 1986-1999, 2001-2018 Xilinx, Inc. All Rights Reserved.
Running: D:/Xilinx/Vivado/2018.3/bin/unwrapped/win64.o/xelab.exe -wto 1ebcf7fe82c4434095b3d4abeb4b2512 --incr --debug typical --relax --mt 2 -L xil_defaultlib -L unisims_ver -L unimacro_ver -L secureip --snapshot sim_breathe_led_behav xil_defaultlib.sim_breathe_led xil_defaultlib.glbl -log elaborate.log 
Using 2 slave threads.
Starting static elaboration
Completed static elaboration
INFO: [XSIM 43-4323] No Change in HDL. Linking previously generated obj files to create kernel
INFO: [USF-XSim-69] 'elaborate' step finished in '2' seconds
INFO: [USF-XSim-4] XSim::Simulate design
INFO: [USF-XSim-61] Executing 'SIMULATE' step in 'D:/my_homework/my_vivado_practice/digit_breath_light/breathe_light/breathe_light.sim/sim_1/behav/xsim'
INFO: [USF-XSim-98] *** Running xsim
   with args "sim_breathe_led_behav -key {Behavioral:sim_1:Functional:sim_breathe_led} -tclbatch {sim_breathe_led.tcl} -log {simulate.log}"
INFO: [USF-XSim-8] Loading simulator feature
Vivado Simulator 2018.3
Time resolution is 1 ps
source sim_breathe_led.tcl
# set curr_wave [current_wave_config]
# if { [string length $curr_wave] == 0 } {
#   if { [llength [get_objects]] > 0} {
#     add_wave /
#     set_property needs_save false [current_wave_config]
#   } else {
#      send_msg_id Add_Wave-1 WARNING "No top level signals found. Simulator will start without a wave window. If you want to open a wave window go to 'File->New Waveform Configuration' or type 'create_wave_config' in the TCL console."
#   }
# }
# run 1000ns
xsim: Time (s): cpu = 00:00:04 ; elapsed = 00:00:05 . Memory (MB): peak = 776.785 ; gain = 14.234
INFO: [USF-XSim-96] XSim completed. Design snapshot 'sim_breathe_led_behav' loaded.
INFO: [USF-XSim-97] XSim simulation ran for 1000ns
launch_simulation: Time (s): cpu = 00:00:06 ; elapsed = 00:00:09 . Memory (MB): peak = 776.785 ; gain = 14.234
restart
INFO: [Simtcl 6-17] Simulation restarted
run 20 us
restart
INFO: [Simtcl 6-17] Simulation restarted
run 20 us
close_sim
INFO: [Simtcl 6-16] Simulation closed
exit
INFO: [Common 17-206] Exiting Vivado at Wed May  1 21:03:06 2024...
