#-----------------------------------------------------------
# Vivado v2018.3 (64-bit)
# SW Build 2405991 on Thu Dec  6 23:38:27 MST 2018
# IP Build 2404404 on Fri Dec  7 01:43:56 MST 2018
# Start of session at: Mon Apr 22 10:44:02 2024
# Process ID: 17848
# Current directory: D:/my_homework/my_vivado_practice/digit_breath_light/breathe_light
# Command line: vivado.exe -gui_launcher_event rodinguilauncherevent7108 D:\my_homework\my_vivado_practice\digit_breath_light\breathe_light\breathe_light.xpr
# Log file: D:/my_homework/my_vivado_practice/digit_breath_light/breathe_light/vivado.log
# Journal file: D:/my_homework/my_vivado_practice/digit_breath_light/breathe_light\vivado.jou
#-----------------------------------------------------------
start_gui
open_project D:/my_homework/my_vivado_practice/digit_breath_light/breathe_light/breathe_light.xpr
Scanning sources...
Finished scanning sources
INFO: [IP_Flow 19-234] Refreshing IP repositories
INFO: [IP_Flow 19-1704] No user IP repositories specified
INFO: [IP_Flow 19-2313] Loaded Vivado IP repository 'D:/Xilinx/Vivado/2018.3/data/ip'.
open_project: Time (s): cpu = 00:00:09 ; elapsed = 00:00:07 . Memory (MB): peak = 712.668 ; gain = 102.750
update_compile_order -fileset sources_1
file mkdir D:/my_homework/my_vivado_practice/digit_breath_light/breathe_light/breathe_light.srcs/sim_1/new
set_property SOURCE_SET sources_1 [get_filesets sim_1]
close [ open D:/my_homework/my_vivado_practice/digit_breath_light/breathe_light/breathe_light.srcs/sim_1/new/sim_breathe_led.v w ]
add_files -fileset sim_1 D:/my_homework/my_vivado_practice/digit_breath_light/breathe_light/breathe_light.srcs/sim_1/new/sim_breathe_led.v
update_compile_order -fileset sim_1
update_compile_order -fileset sim_1
synth_design -rtl -name rtl_1
Command: synth_design -rtl -name rtl_1
Starting synth_design
Using part: xc7a35tcsg324-1
Top: pwm_breathe_led
---------------------------------------------------------------------------------
Starting RTL Elaboration : Time (s): cpu = 00:00:03 ; elapsed = 00:00:03 . Memory (MB): peak = 847.133 ; gain = 51.781
---------------------------------------------------------------------------------
INFO: [Synth 8-6157] synthesizing module 'pwm_breathe_led' [D:/my_homework/my_vivado_practice/digit_breath_light/breathe_light/breathe_light.srcs/sources_1/new/pwm_breathe_led.v:23]
	Parameter CNT_1US_MAX bound to: 7'b0001001 
	Parameter CNT_1MS_MAX bound to: 10'b0000001001 
	Parameter CNT_1S_MAX bound to: 10'b0000001001 
INFO: [Synth 8-6155] done synthesizing module 'pwm_breathe_led' (1#1) [D:/my_homework/my_vivado_practice/digit_breath_light/breathe_light/breathe_light.srcs/sources_1/new/pwm_breathe_led.v:23]
---------------------------------------------------------------------------------
Finished RTL Elaboration : Time (s): cpu = 00:00:04 ; elapsed = 00:00:03 . Memory (MB): peak = 901.328 ; gain = 105.977
---------------------------------------------------------------------------------

Report Check Netlist: 
+------+------------------+-------+---------+-------+------------------+
|      |Item              |Errors |Warnings |Status |Description       |
+------+------------------+-------+---------+-------+------------------+
|1     |multi_driven_nets |      0|        0|Passed |Multi driven nets |
+------+------------------+-------+---------+-------+------------------+
---------------------------------------------------------------------------------
Start Handling Custom Attributes
---------------------------------------------------------------------------------
---------------------------------------------------------------------------------
Finished Handling Custom Attributes : Time (s): cpu = 00:00:04 ; elapsed = 00:00:04 . Memory (MB): peak = 901.328 ; gain = 105.977
---------------------------------------------------------------------------------
---------------------------------------------------------------------------------
Finished RTL Optimization Phase 1 : Time (s): cpu = 00:00:04 ; elapsed = 00:00:04 . Memory (MB): peak = 901.328 ; gain = 105.977
---------------------------------------------------------------------------------
INFO: [Device 21-403] Loading part xc7a35tcsg324-1
INFO: [Project 1-570] Preparing netlist for logic optimization

Processing XDC Constraints
Initializing timing engine
Completed Processing XDC Constraints

INFO: [Opt 31-138] Pushed 0 inverter(s) to 0 load pin(s).
Netlist sorting complete. Time (s): cpu = 00:00:00 ; elapsed = 00:00:00 . Memory (MB): peak = 1195.469 ; gain = 0.000
INFO: [Project 1-111] Unisim Transformation Summary:
No Unisim elements were transformed.

RTL Elaboration Complete:  : Time (s): cpu = 00:00:16 ; elapsed = 00:00:14 . Memory (MB): peak = 1253.082 ; gain = 457.730
6 Infos, 0 Warnings, 0 Critical Warnings and 0 Errors encountered.
synth_design completed successfully
synth_design: Time (s): cpu = 00:00:16 ; elapsed = 00:00:14 . Memory (MB): peak = 1253.082 ; gain = 457.730
launch_simulation
INFO: [Vivado 12-5682] Launching behavioral simulation in 'D:/my_homework/my_vivado_practice/digit_breath_light/breathe_light/breathe_light.sim/sim_1/behav/xsim'
INFO: [SIM-utils-51] Simulation object is 'sim_1'
INFO: [SIM-utils-54] Inspecting design source files for 'sim_breathe_led' in fileset 'sim_1'...
INFO: [USF-XSim-97] Finding global include files...
INFO: [USF-XSim-98] Fetching design files from 'sim_1'...
INFO: [USF-XSim-2] XSim::Compile design
INFO: [USF-XSim-61] Executing 'COMPILE and ANALYZE' step in 'D:/my_homework/my_vivado_practice/digit_breath_light/breathe_light/breathe_light.sim/sim_1/behav/xsim'
"xvlog --incr --relax -prj sim_breathe_led_vlog.prj"
INFO: [VRFC 10-2263] Analyzing Verilog file "D:/my_homework/my_vivado_practice/digit_breath_light/breathe_light/breathe_light.srcs/sources_1/new/pwm_breathe_led.v" into library xil_defaultlib
INFO: [VRFC 10-311] analyzing module pwm_breathe_led
INFO: [VRFC 10-2263] Analyzing Verilog file "D:/my_homework/my_vivado_practice/digit_breath_light/breathe_light/breathe_light.srcs/sim_1/new/sim_breathe_led.v" into library xil_defaultlib
INFO: [VRFC 10-311] analyzing module sim_breathe_led
INFO: [VRFC 10-2263] Analyzing Verilog file "D:/my_homework/my_vivado_practice/digit_breath_light/breathe_light/breathe_light.sim/sim_1/behav/xsim/glbl.v" into library xil_defaultlib
INFO: [VRFC 10-311] analyzing module glbl
INFO: [USF-XSim-69] 'compile' step finished in '1' seconds
INFO: [USF-XSim-3] XSim::Elaborate design
INFO: [USF-XSim-61] Executing 'ELABORATE' step in 'D:/my_homework/my_vivado_practice/digit_breath_light/breathe_light/breathe_light.sim/sim_1/behav/xsim'
Vivado Simulator 2018.3
Copyright 1986-1999, 2001-2018 Xilinx, Inc. All Rights Reserved.
Running: D:/Xilinx/Vivado/2018.3/bin/unwrapped/win64.o/xelab.exe -wto 1ebcf7fe82c4434095b3d4abeb4b2512 --incr --debug typical --relax --mt 2 -L xil_defaultlib -L unisims_ver -L unimacro_ver -L secureip --snapshot sim_breathe_led_behav xil_defaultlib.sim_breathe_led xil_defaultlib.glbl -log elaborate.log 
Using 2 slave threads.
Starting static elaboration
Completed static elaboration
Starting simulation data flow analysis
Completed simulation data flow analysis
Time Resolution for simulation is 1ps
Compiling module xil_defaultlib.pwm_breathe_led
Compiling module xil_defaultlib.sim_breathe_led
Compiling module xil_defaultlib.glbl
Built simulation snapshot sim_breathe_led_behav

****** Webtalk v2018.3 (64-bit)
  **** SW Build 2405991 on Thu Dec  6 23:38:27 MST 2018
  **** IP Build 2404404 on Fri Dec  7 01:43:56 MST 2018
    ** Copyright 1986-2018 Xilinx, Inc. All Rights Reserved.

source D:/my_homework/my_vivado_practice/digit_breath_light/breathe_light/breathe_light.sim/sim_1/behav/xsim/xsim.dir/sim_breathe_led_behav/webtalk/xsim_webtalk.tcl -notrace
INFO: [Common 17-206] Exiting Webtalk at Mon Apr 22 11:00:06 2024...
INFO: [USF-XSim-69] 'elaborate' step finished in '5' seconds
INFO: [USF-XSim-4] XSim::Simulate design
INFO: [USF-XSim-61] Executing 'SIMULATE' step in 'D:/my_homework/my_vivado_practice/digit_breath_light/breathe_light/breathe_light.sim/sim_1/behav/xsim'
INFO: [USF-XSim-98] *** Running xsim
   with args "sim_breathe_led_behav -key {Behavioral:sim_1:Functional:sim_breathe_led} -tclbatch {sim_breathe_led.tcl} -log {simulate.log}"
INFO: [USF-XSim-8] Loading simulator feature
Vivado Simulator 2018.3
Time resolution is 1 ps
source sim_breathe_led.tcl
# set curr_wave [current_wave_config]
# if { [string length $curr_wave] == 0 } {
#   if { [llength [get_objects]] > 0} {
#     add_wave /
#     set_property needs_save false [current_wave_config]
#   } else {
#      send_msg_id Add_Wave-1 WARNING "No top level signals found. Simulator will start without a wave window. If you want to open a wave window go to 'File->New Waveform Configuration' or type 'create_wave_config' in the TCL console."
#   }
# }
# run 1000ns
INFO: [USF-XSim-96] XSim completed. Design snapshot 'sim_breathe_led_behav' loaded.
INFO: [USF-XSim-97] XSim simulation ran for 1000ns
launch_simulation: Time (s): cpu = 00:00:05 ; elapsed = 00:00:10 . Memory (MB): peak = 1254.859 ; gain = 0.000
restart
INFO: [Simtcl 6-17] Simulation restarted
run 10 us
restart
INFO: [Simtcl 6-17] Simulation restarted
run 10 us
close_sim
INFO: [Simtcl 6-16] Simulation closed
launch_simulation
INFO: [Vivado 12-5682] Launching behavioral simulation in 'D:/my_homework/my_vivado_practice/digit_breath_light/breathe_light/breathe_light.sim/sim_1/behav/xsim'
INFO: [SIM-utils-51] Simulation object is 'sim_1'
INFO: [SIM-utils-54] Inspecting design source files for 'sim_breathe_led' in fileset 'sim_1'...
INFO: [USF-XSim-97] Finding global include files...
INFO: [USF-XSim-98] Fetching design files from 'sim_1'...
INFO: [USF-XSim-2] XSim::Compile design
INFO: [USF-XSim-61] Executing 'COMPILE and ANALYZE' step in 'D:/my_homework/my_vivado_practice/digit_breath_light/breathe_light/breathe_light.sim/sim_1/behav/xsim'
"xvlog --incr --relax -prj sim_breathe_led_vlog.prj"
INFO: [VRFC 10-2263] Analyzing Verilog file "D:/my_homework/my_vivado_practice/digit_breath_light/breathe_light/breathe_light.srcs/sources_1/new/pwm_breathe_led.v" into library xil_defaultlib
INFO: [VRFC 10-311] analyzing module pwm_breathe_led
INFO: [VRFC 10-2263] Analyzing Verilog file "D:/my_homework/my_vivado_practice/digit_breath_light/breathe_light/breathe_light.srcs/sim_1/new/sim_breathe_led.v" into library xil_defaultlib
INFO: [VRFC 10-311] analyzing module sim_breathe_led
INFO: [USF-XSim-69] 'compile' step finished in '1' seconds
INFO: [USF-XSim-3] XSim::Elaborate design
INFO: [USF-XSim-61] Executing 'ELABORATE' step in 'D:/my_homework/my_vivado_practice/digit_breath_light/breathe_light/breathe_light.sim/sim_1/behav/xsim'
Vivado Simulator 2018.3
Copyright 1986-1999, 2001-2018 Xilinx, Inc. All Rights Reserved.
Running: D:/Xilinx/Vivado/2018.3/bin/unwrapped/win64.o/xelab.exe -wto 1ebcf7fe82c4434095b3d4abeb4b2512 --incr --debug typical --relax --mt 2 -L xil_defaultlib -L unisims_ver -L unimacro_ver -L secureip --snapshot sim_breathe_led_behav xil_defaultlib.sim_breathe_led xil_defaultlib.glbl -log elaborate.log 
Using 2 slave threads.
Starting static elaboration
Completed static elaboration
Starting simulation data flow analysis
Completed simulation data flow analysis
Time Resolution for simulation is 1ps
Compiling module xil_defaultlib.pwm_breathe_led
Compiling module xil_defaultlib.sim_breathe_led
Compiling module xil_defaultlib.glbl
Built simulation snapshot sim_breathe_led_behav
INFO: [USF-XSim-69] 'elaborate' step finished in '1' seconds
INFO: [USF-XSim-4] XSim::Simulate design
INFO: [USF-XSim-61] Executing 'SIMULATE' step in 'D:/my_homework/my_vivado_practice/digit_breath_light/breathe_light/breathe_light.sim/sim_1/behav/xsim'
INFO: [USF-XSim-98] *** Running xsim
   with args "sim_breathe_led_behav -key {Behavioral:sim_1:Functional:sim_breathe_led} -tclbatch {sim_breathe_led.tcl} -log {simulate.log}"
INFO: [USF-XSim-8] Loading simulator feature
Vivado Simulator 2018.3
Time resolution is 1 ps
source sim_breathe_led.tcl
# set curr_wave [current_wave_config]
# if { [string length $curr_wave] == 0 } {
#   if { [llength [get_objects]] > 0} {
#     add_wave /
#     set_property needs_save false [current_wave_config]
#   } else {
#      send_msg_id Add_Wave-1 WARNING "No top level signals found. Simulator will start without a wave window. If you want to open a wave window go to 'File->New Waveform Configuration' or type 'create_wave_config' in the TCL console."
#   }
# }
# run 1000ns
INFO: [USF-XSim-96] XSim completed. Design snapshot 'sim_breathe_led_behav' loaded.
INFO: [USF-XSim-97] XSim simulation ran for 1000ns
launch_simulation: Time (s): cpu = 00:00:02 ; elapsed = 00:00:05 . Memory (MB): peak = 1257.398 ; gain = 0.000
restart
INFO: [Simtcl 6-17] Simulation restarted
run 10 us
restart
INFO: [Simtcl 6-17] Simulation restarted
run 10 us
restart
INFO: [Simtcl 6-17] Simulation restarted
run 20 us
close_sim
INFO: [Simtcl 6-16] Simulation closed
exit
INFO: [Common 17-206] Exiting Vivado at Mon Apr 22 11:12:12 2024...
