Copyright 1986-2018 Xilinx, Inc. All Rights Reserved.
---------------------------------------------------------------------------------------------
| Tool Version : Vivado v.2018.3 (win64) Build 2405991 Thu Dec  6 23:38:27 MST 2018
| Date         : Sat May 25 18:40:57 2024
| Host         : LAPTOP-CCNJK6NK running 64-bit major release  (build 9200)
| Command      : report_control_sets -verbose -file top_XADC_voltage_control_sets_placed.rpt
| Design       : top_XADC_voltage
| Device       : xc7a35t
---------------------------------------------------------------------------------------------

Control Set Information

Table of Contents
-----------------
1. Summary
2. Histogram
3. Flip-Flop Distribution
4. Detailed Control Set Information

1. Summary
----------

+----------------------------------------------------------+-------+
|                          Status                          | Count |
+----------------------------------------------------------+-------+
| Number of unique control sets                            |     3 |
| Unused register locations in slices containing registers |     6 |
+----------------------------------------------------------+-------+


2. Histogram
------------

+--------+--------------+
| Fanout | Control Sets |
+--------+--------------+
|    16+ |            3 |
+--------+--------------+


3. Flip-Flop Distribution
-------------------------

+--------------+-----------------------+------------------------+-----------------+--------------+
| Clock Enable | Synchronous Set/Reset | Asynchronous Set/Reset | Total Registers | Total Slices |
+--------------+-----------------------+------------------------+-----------------+--------------+
| No           | No                    | No                     |               0 |            0 |
| No           | No                    | Yes                    |              37 |           15 |
| No           | Yes                   | No                     |               0 |            0 |
| Yes          | No                    | No                     |               0 |            0 |
| Yes          | No                    | Yes                    |              45 |           16 |
| Yes          | Yes                   | No                     |               0 |            0 |
+--------------+-----------------------+------------------------+-----------------+--------------+


4. Detailed Control Set Information
-----------------------------------

+--------------------+---------------------+------------------+------------------+----------------+
|    Clock Signal    |    Enable Signal    | Set/Reset Signal | Slice Load Count | Bel Load Count |
+--------------------+---------------------+------------------+------------------+----------------+
|  dclk_in_IBUF_BUFG | top_xadc/E[0]       | a_to_g2_OBUF[0]  |                6 |             21 |
|  dclk_in_IBUF_BUFG | top_data_output/led | a_to_g2_OBUF[0]  |               10 |             24 |
|  dclk_in_IBUF_BUFG |                     | a_to_g2_OBUF[0]  |               15 |             37 |
+--------------------+---------------------+------------------+------------------+----------------+


