#-----------------------------------------------------------
# Vivado v2018.3 (64-bit)
# SW Build 2405991 on Thu Dec  6 23:38:27 MST 2018
# IP Build 2404404 on Fri Dec  7 01:43:56 MST 2018
# Start of session at: Sat Apr 20 21:20:46 2024
# Process ID: 17656
# Current directory: D:/my_homework/my_vivado_practice/project_practice_week8_on_class/BCD_add_cnt
# Command line: vivado.exe -gui_launcher_event rodinguilauncherevent17516 D:\my_homework\my_vivado_practice\project_practice_week8_on_class\BCD_add_cnt\BCD_add_cnt.xpr
# Log file: D:/my_homework/my_vivado_practice/project_practice_week8_on_class/BCD_add_cnt/vivado.log
# Journal file: D:/my_homework/my_vivado_practice/project_practice_week8_on_class/BCD_add_cnt\vivado.jou
#-----------------------------------------------------------
start_gui
open_project D:/my_homework/my_vivado_practice/project_practice_week8_on_class/BCD_add_cnt/BCD_add_cnt.xpr
Scanning sources...
Finished scanning sources
INFO: [IP_Flow 19-234] Refreshing IP repositories
INFO: [IP_Flow 19-1704] No user IP repositories specified
INFO: [IP_Flow 19-2313] Loaded Vivado IP repository 'D:/Xilinx/Vivado/2018.3/data/ip'.
open_project: Time (s): cpu = 00:00:09 ; elapsed = 00:00:10 . Memory (MB): peak = 709.930 ; gain = 100.273
update_compile_order -fileset sources_1
launch_simulation
INFO: [Vivado 12-5682] Launching behavioral simulation in 'D:/my_homework/my_vivado_practice/project_practice_week8_on_class/BCD_add_cnt/BCD_add_cnt.sim/sim_1/behav/xsim'
INFO: [SIM-utils-51] Simulation object is 'sim_1'
INFO: [SIM-utils-54] Inspecting design source files for 'sim_bcd_cnt60' in fileset 'sim_1'...
INFO: [USF-XSim-97] Finding global include files...
INFO: [USF-XSim-98] Fetching design files from 'sim_1'...
INFO: [USF-XSim-2] XSim::Compile design
INFO: [USF-XSim-61] Executing 'COMPILE and ANALYZE' step in 'D:/my_homework/my_vivado_practice/project_practice_week8_on_class/BCD_add_cnt/BCD_add_cnt.sim/sim_1/behav/xsim'
"xvlog --incr --relax -prj sim_bcd_cnt60_vlog.prj"
INFO: [USF-XSim-69] 'compile' step finished in '2' seconds
INFO: [USF-XSim-3] XSim::Elaborate design
INFO: [USF-XSim-61] Executing 'ELABORATE' step in 'D:/my_homework/my_vivado_practice/project_practice_week8_on_class/BCD_add_cnt/BCD_add_cnt.sim/sim_1/behav/xsim'
Vivado Simulator 2018.3
Copyright 1986-1999, 2001-2018 Xilinx, Inc. All Rights Reserved.
Running: D:/Xilinx/Vivado/2018.3/bin/unwrapped/win64.o/xelab.exe -wto 99bc413d016449cfacbefd6f15b4db13 --incr --debug typical --relax --mt 2 -L xil_defaultlib -L unisims_ver -L unimacro_ver -L secureip --snapshot sim_bcd_cnt60_behav xil_defaultlib.sim_bcd_cnt60 xil_defaultlib.glbl -log elaborate.log 
Using 2 slave threads.
Starting static elaboration
Completed static elaboration
Starting simulation data flow analysis
Completed simulation data flow analysis
Time Resolution for simulation is 1ps
Compiling module xil_defaultlib.sim_bcd_cnt60
Compiling module xil_defaultlib.glbl
Built simulation snapshot sim_bcd_cnt60_behav
INFO: [USF-XSim-69] 'elaborate' step finished in '3' seconds
INFO: [USF-XSim-4] XSim::Simulate design
INFO: [USF-XSim-61] Executing 'SIMULATE' step in 'D:/my_homework/my_vivado_practice/project_practice_week8_on_class/BCD_add_cnt/BCD_add_cnt.sim/sim_1/behav/xsim'
INFO: [USF-XSim-98] *** Running xsim
   with args "sim_bcd_cnt60_behav -key {Behavioral:sim_1:Functional:sim_bcd_cnt60} -tclbatch {sim_bcd_cnt60.tcl} -log {simulate.log}"
INFO: [USF-XSim-8] Loading simulator feature
Vivado Simulator 2018.3
Time resolution is 1 ps
source sim_bcd_cnt60.tcl
# set curr_wave [current_wave_config]
# if { [string length $curr_wave] == 0 } {
#   if { [llength [get_objects]] > 0} {
#     add_wave /
#     set_property needs_save false [current_wave_config]
#   } else {
#      send_msg_id Add_Wave-1 WARNING "No top level signals found. Simulator will start without a wave window. If you want to open a wave window go to 'File->New Waveform Configuration' or type 'create_wave_config' in the TCL console."
#   }
# }
# run 1000ns
INFO: [USF-XSim-96] XSim completed. Design snapshot 'sim_bcd_cnt60_behav' loaded.
INFO: [USF-XSim-97] XSim simulation ran for 1000ns
launch_simulation: Time (s): cpu = 00:00:03 ; elapsed = 00:00:08 . Memory (MB): peak = 794.180 ; gain = 0.000
close_sim
INFO: [Simtcl 6-16] Simulation closed
launch_simulation
INFO: [Vivado 12-5682] Launching behavioral simulation in 'D:/my_homework/my_vivado_practice/project_practice_week8_on_class/BCD_add_cnt/BCD_add_cnt.sim/sim_1/behav/xsim'
INFO: [SIM-utils-51] Simulation object is 'sim_1'
INFO: [SIM-utils-54] Inspecting design source files for 'sim_bcd_cnt60' in fileset 'sim_1'...
INFO: [USF-XSim-97] Finding global include files...
INFO: [USF-XSim-98] Fetching design files from 'sim_1'...
INFO: [USF-XSim-2] XSim::Compile design
INFO: [USF-XSim-61] Executing 'COMPILE and ANALYZE' step in 'D:/my_homework/my_vivado_practice/project_practice_week8_on_class/BCD_add_cnt/BCD_add_cnt.sim/sim_1/behav/xsim'
"xvlog --incr --relax -prj sim_bcd_cnt60_vlog.prj"
INFO: [VRFC 10-2263] Analyzing Verilog file "D:/my_homework/my_vivado_practice/project_practice_week8_on_class/BCD_add_cnt/BCD_add_cnt.srcs/sources_1/new/BCD_cnt_digit.v" into library xil_defaultlib
INFO: [VRFC 10-311] analyzing module BCD_cnt_digit
INFO: [VRFC 10-2263] Analyzing Verilog file "D:/my_homework/my_vivado_practice/project_practice_week8_on_class/BCD_add_cnt/BCD_add_cnt.srcs/sources_1/new/cnt60.v" into library xil_defaultlib
INFO: [VRFC 10-311] analyzing module cnt60
INFO: [VRFC 10-2263] Analyzing Verilog file "D:/my_homework/my_vivado_practice/project_practice_week8_on_class/BCD_add_cnt/BCD_add_cnt.srcs/sources_1/new/sec_pule.v" into library xil_defaultlib
INFO: [VRFC 10-311] analyzing module sec_pulse
INFO: [VRFC 10-2263] Analyzing Verilog file "D:/my_homework/my_vivado_practice/project_practice_week8_on_class/BCD_add_cnt/BCD_add_cnt.srcs/sources_1/new/show.v" into library xil_defaultlib
INFO: [VRFC 10-311] analyzing module show
INFO: [VRFC 10-2263] Analyzing Verilog file "D:/my_homework/my_vivado_practice/project_practice_week8_on_class/BCD_add_cnt/BCD_add_cnt.srcs/sim_1/new/sim_bcd_cnt60.v" into library xil_defaultlib
INFO: [VRFC 10-311] analyzing module sim_bcd_cnt60
INFO: [USF-XSim-69] 'compile' step finished in '1' seconds
INFO: [USF-XSim-3] XSim::Elaborate design
INFO: [USF-XSim-61] Executing 'ELABORATE' step in 'D:/my_homework/my_vivado_practice/project_practice_week8_on_class/BCD_add_cnt/BCD_add_cnt.sim/sim_1/behav/xsim'
Vivado Simulator 2018.3
Copyright 1986-1999, 2001-2018 Xilinx, Inc. All Rights Reserved.
Running: D:/Xilinx/Vivado/2018.3/bin/unwrapped/win64.o/xelab.exe -wto 99bc413d016449cfacbefd6f15b4db13 --incr --debug typical --relax --mt 2 -L xil_defaultlib -L unisims_ver -L unimacro_ver -L secureip --snapshot sim_bcd_cnt60_behav xil_defaultlib.sim_bcd_cnt60 xil_defaultlib.glbl -log elaborate.log 
Using 2 slave threads.
Starting static elaboration
Completed static elaboration
Starting simulation data flow analysis
Completed simulation data flow analysis
Time Resolution for simulation is 1ps
Compiling module xil_defaultlib.sec_pulse
Compiling module xil_defaultlib.cnt60
Compiling module xil_defaultlib.show
Compiling module xil_defaultlib.BCD_cnt_digit
Compiling module xil_defaultlib.sim_bcd_cnt60
Compiling module xil_defaultlib.glbl
Built simulation snapshot sim_bcd_cnt60_behav
INFO: [USF-XSim-69] 'elaborate' step finished in '1' seconds
INFO: [USF-XSim-4] XSim::Simulate design
INFO: [USF-XSim-61] Executing 'SIMULATE' step in 'D:/my_homework/my_vivado_practice/project_practice_week8_on_class/BCD_add_cnt/BCD_add_cnt.sim/sim_1/behav/xsim'
INFO: [USF-XSim-98] *** Running xsim
   with args "sim_bcd_cnt60_behav -key {Behavioral:sim_1:Functional:sim_bcd_cnt60} -tclbatch {sim_bcd_cnt60.tcl} -log {simulate.log}"
INFO: [USF-XSim-8] Loading simulator feature
Vivado Simulator 2018.3
Time resolution is 1 ps
source sim_bcd_cnt60.tcl
# set curr_wave [current_wave_config]
# if { [string length $curr_wave] == 0 } {
#   if { [llength [get_objects]] > 0} {
#     add_wave /
#     set_property needs_save false [current_wave_config]
#   } else {
#      send_msg_id Add_Wave-1 WARNING "No top level signals found. Simulator will start without a wave window. If you want to open a wave window go to 'File->New Waveform Configuration' or type 'create_wave_config' in the TCL console."
#   }
# }
# run 1000ns
INFO: [USF-XSim-96] XSim completed. Design snapshot 'sim_bcd_cnt60_behav' loaded.
INFO: [USF-XSim-97] XSim simulation ran for 1000ns
synth_design -rtl -name rtl_1
Command: synth_design -rtl -name rtl_1
Starting synth_design
Using part: xc7a35tcsg324-1
Top: BCD_cnt_digit
---------------------------------------------------------------------------------
Starting RTL Elaboration : Time (s): cpu = 00:00:05 ; elapsed = 00:00:06 . Memory (MB): peak = 865.164 ; gain = 54.844
---------------------------------------------------------------------------------
INFO: [Synth 8-6157] synthesizing module 'BCD_cnt_digit' [D:/my_homework/my_vivado_practice/project_practice_week8_on_class/BCD_add_cnt/BCD_add_cnt.srcs/sources_1/new/BCD_cnt_digit.v:23]
INFO: [Synth 8-6157] synthesizing module 'sec_pulse' [D:/my_homework/my_vivado_practice/project_practice_week8_on_class/BCD_add_cnt/BCD_add_cnt.srcs/sources_1/new/sec_pule.v:23]
	Parameter period bound to: 10 - type: integer 
INFO: [Synth 8-6155] done synthesizing module 'sec_pulse' (1#1) [D:/my_homework/my_vivado_practice/project_practice_week8_on_class/BCD_add_cnt/BCD_add_cnt.srcs/sources_1/new/sec_pule.v:23]
INFO: [Synth 8-6157] synthesizing module 'cnt60' [D:/my_homework/my_vivado_practice/project_practice_week8_on_class/BCD_add_cnt/BCD_add_cnt.srcs/sources_1/new/cnt60.v:23]
INFO: [Synth 8-6155] done synthesizing module 'cnt60' (2#1) [D:/my_homework/my_vivado_practice/project_practice_week8_on_class/BCD_add_cnt/BCD_add_cnt.srcs/sources_1/new/cnt60.v:23]
INFO: [Synth 8-6157] synthesizing module 'show' [D:/my_homework/my_vivado_practice/project_practice_week8_on_class/BCD_add_cnt/BCD_add_cnt.srcs/sources_1/new/show.v:23]
INFO: [Synth 8-226] default block is never used [D:/my_homework/my_vivado_practice/project_practice_week8_on_class/BCD_add_cnt/BCD_add_cnt.srcs/sources_1/new/show.v:62]
INFO: [Synth 8-226] default block is never used [D:/my_homework/my_vivado_practice/project_practice_week8_on_class/BCD_add_cnt/BCD_add_cnt.srcs/sources_1/new/show.v:84]
INFO: [Synth 8-6155] done synthesizing module 'show' (3#1) [D:/my_homework/my_vivado_practice/project_practice_week8_on_class/BCD_add_cnt/BCD_add_cnt.srcs/sources_1/new/show.v:23]
INFO: [Synth 8-6155] done synthesizing module 'BCD_cnt_digit' (4#1) [D:/my_homework/my_vivado_practice/project_practice_week8_on_class/BCD_add_cnt/BCD_add_cnt.srcs/sources_1/new/BCD_cnt_digit.v:23]
---------------------------------------------------------------------------------
Finished RTL Elaboration : Time (s): cpu = 00:00:06 ; elapsed = 00:00:07 . Memory (MB): peak = 907.410 ; gain = 97.090
---------------------------------------------------------------------------------

Report Check Netlist: 
+------+------------------+-------+---------+-------+------------------+
|      |Item              |Errors |Warnings |Status |Description       |
+------+------------------+-------+---------+-------+------------------+
|1     |multi_driven_nets |      0|        0|Passed |Multi driven nets |
+------+------------------+-------+---------+-------+------------------+
---------------------------------------------------------------------------------
Start Handling Custom Attributes
---------------------------------------------------------------------------------
---------------------------------------------------------------------------------
Finished Handling Custom Attributes : Time (s): cpu = 00:00:06 ; elapsed = 00:00:07 . Memory (MB): peak = 907.410 ; gain = 97.090
---------------------------------------------------------------------------------
---------------------------------------------------------------------------------
Finished RTL Optimization Phase 1 : Time (s): cpu = 00:00:06 ; elapsed = 00:00:07 . Memory (MB): peak = 907.410 ; gain = 97.090
---------------------------------------------------------------------------------
INFO: [Device 21-403] Loading part xc7a35tcsg324-1
INFO: [Project 1-570] Preparing netlist for logic optimization

Processing XDC Constraints
Initializing timing engine
Parsing XDC File [D:/my_homework/my_vivado_practice/project_practice_week8_on_class/BCD_add_cnt/BCD_add_cnt.srcs/constrs_1/new/BCD_cnt60_digit.xdc]
Finished Parsing XDC File [D:/my_homework/my_vivado_practice/project_practice_week8_on_class/BCD_add_cnt/BCD_add_cnt.srcs/constrs_1/new/BCD_cnt60_digit.xdc]
Completed Processing XDC Constraints

INFO: [Opt 31-138] Pushed 0 inverter(s) to 0 load pin(s).
Netlist sorting complete. Time (s): cpu = 00:00:00 ; elapsed = 00:00:00 . Memory (MB): peak = 1228.340 ; gain = 0.000
INFO: [Project 1-111] Unisim Transformation Summary:
No Unisim elements were transformed.

RTL Elaboration Complete:  : Time (s): cpu = 00:00:17 ; elapsed = 00:00:17 . Memory (MB): peak = 1271.109 ; gain = 460.789
14 Infos, 0 Warnings, 0 Critical Warnings and 0 Errors encountered.
synth_design completed successfully
synth_design: Time (s): cpu = 00:00:17 ; elapsed = 00:00:17 . Memory (MB): peak = 1271.109 ; gain = 460.789
restart
INFO: [Simtcl 6-17] Simulation restarted
run 10 us
restart
INFO: [Simtcl 6-17] Simulation restarted
run 10 us
restart
INFO: [Simtcl 6-17] Simulation restarted
run 10 us
restart
INFO: [Simtcl 6-17] Simulation restarted
run 10 us
close_sim
INFO: [Simtcl 6-16] Simulation closed
launch_simulation
INFO: [Vivado 12-5682] Launching behavioral simulation in 'D:/my_homework/my_vivado_practice/project_practice_week8_on_class/BCD_add_cnt/BCD_add_cnt.sim/sim_1/behav/xsim'
INFO: [SIM-utils-51] Simulation object is 'sim_1'
INFO: [SIM-utils-54] Inspecting design source files for 'sim_bcd_cnt60' in fileset 'sim_1'...
INFO: [USF-XSim-97] Finding global include files...
INFO: [USF-XSim-98] Fetching design files from 'sim_1'...
INFO: [USF-XSim-2] XSim::Compile design
INFO: [USF-XSim-61] Executing 'COMPILE and ANALYZE' step in 'D:/my_homework/my_vivado_practice/project_practice_week8_on_class/BCD_add_cnt/BCD_add_cnt.sim/sim_1/behav/xsim'
"xvlog --incr --relax -prj sim_bcd_cnt60_vlog.prj"
INFO: [VRFC 10-2263] Analyzing Verilog file "D:/my_homework/my_vivado_practice/project_practice_week8_on_class/BCD_add_cnt/BCD_add_cnt.srcs/sources_1/new/BCD_cnt_digit.v" into library xil_defaultlib
INFO: [VRFC 10-311] analyzing module BCD_cnt_digit
INFO: [VRFC 10-2263] Analyzing Verilog file "D:/my_homework/my_vivado_practice/project_practice_week8_on_class/BCD_add_cnt/BCD_add_cnt.srcs/sources_1/new/cnt60.v" into library xil_defaultlib
INFO: [VRFC 10-311] analyzing module cnt60
INFO: [VRFC 10-2263] Analyzing Verilog file "D:/my_homework/my_vivado_practice/project_practice_week8_on_class/BCD_add_cnt/BCD_add_cnt.srcs/sources_1/new/sec_pule.v" into library xil_defaultlib
INFO: [VRFC 10-311] analyzing module sec_pulse
INFO: [VRFC 10-2263] Analyzing Verilog file "D:/my_homework/my_vivado_practice/project_practice_week8_on_class/BCD_add_cnt/BCD_add_cnt.srcs/sources_1/new/show.v" into library xil_defaultlib
INFO: [VRFC 10-311] analyzing module show
INFO: [VRFC 10-2263] Analyzing Verilog file "D:/my_homework/my_vivado_practice/project_practice_week8_on_class/BCD_add_cnt/BCD_add_cnt.srcs/sim_1/new/sim_bcd_cnt60.v" into library xil_defaultlib
INFO: [VRFC 10-311] analyzing module sim_bcd_cnt60
INFO: [USF-XSim-69] 'compile' step finished in '1' seconds
INFO: [USF-XSim-3] XSim::Elaborate design
INFO: [USF-XSim-61] Executing 'ELABORATE' step in 'D:/my_homework/my_vivado_practice/project_practice_week8_on_class/BCD_add_cnt/BCD_add_cnt.sim/sim_1/behav/xsim'
Vivado Simulator 2018.3
Copyright 1986-1999, 2001-2018 Xilinx, Inc. All Rights Reserved.
Running: D:/Xilinx/Vivado/2018.3/bin/unwrapped/win64.o/xelab.exe -wto 99bc413d016449cfacbefd6f15b4db13 --incr --debug typical --relax --mt 2 -L xil_defaultlib -L unisims_ver -L unimacro_ver -L secureip --snapshot sim_bcd_cnt60_behav xil_defaultlib.sim_bcd_cnt60 xil_defaultlib.glbl -log elaborate.log 
Using 2 slave threads.
Starting static elaboration
Completed static elaboration
Starting simulation data flow analysis
Completed simulation data flow analysis
Time Resolution for simulation is 1ps
Compiling module xil_defaultlib.sec_pulse
Compiling module xil_defaultlib.cnt60
Compiling module xil_defaultlib.show
Compiling module xil_defaultlib.BCD_cnt_digit
Compiling module xil_defaultlib.sim_bcd_cnt60
Compiling module xil_defaultlib.glbl
Built simulation snapshot sim_bcd_cnt60_behav
INFO: [USF-XSim-69] 'elaborate' step finished in '2' seconds
INFO: [USF-XSim-4] XSim::Simulate design
INFO: [USF-XSim-61] Executing 'SIMULATE' step in 'D:/my_homework/my_vivado_practice/project_practice_week8_on_class/BCD_add_cnt/BCD_add_cnt.sim/sim_1/behav/xsim'
INFO: [USF-XSim-98] *** Running xsim
   with args "sim_bcd_cnt60_behav -key {Behavioral:sim_1:Functional:sim_bcd_cnt60} -tclbatch {sim_bcd_cnt60.tcl} -log {simulate.log}"
INFO: [USF-XSim-8] Loading simulator feature
Vivado Simulator 2018.3
Time resolution is 1 ps
source sim_bcd_cnt60.tcl
# set curr_wave [current_wave_config]
# if { [string length $curr_wave] == 0 } {
#   if { [llength [get_objects]] > 0} {
#     add_wave /
#     set_property needs_save false [current_wave_config]
#   } else {
#      send_msg_id Add_Wave-1 WARNING "No top level signals found. Simulator will start without a wave window. If you want to open a wave window go to 'File->New Waveform Configuration' or type 'create_wave_config' in the TCL console."
#   }
# }
# run 1000ns
INFO: [USF-XSim-96] XSim completed. Design snapshot 'sim_bcd_cnt60_behav' loaded.
INFO: [USF-XSim-97] XSim simulation ran for 1000ns
restart
INFO: [Simtcl 6-17] Simulation restarted
run 10 us
restart
INFO: [Simtcl 6-17] Simulation restarted
run 10 us
close_sim
INFO: [Simtcl 6-16] Simulation closed
launch_simulation
INFO: [Vivado 12-5682] Launching behavioral simulation in 'D:/my_homework/my_vivado_practice/project_practice_week8_on_class/BCD_add_cnt/BCD_add_cnt.sim/sim_1/behav/xsim'
INFO: [SIM-utils-51] Simulation object is 'sim_1'
INFO: [SIM-utils-54] Inspecting design source files for 'sim_bcd_cnt60' in fileset 'sim_1'...
INFO: [USF-XSim-97] Finding global include files...
INFO: [USF-XSim-98] Fetching design files from 'sim_1'...
INFO: [USF-XSim-2] XSim::Compile design
INFO: [USF-XSim-61] Executing 'COMPILE and ANALYZE' step in 'D:/my_homework/my_vivado_practice/project_practice_week8_on_class/BCD_add_cnt/BCD_add_cnt.sim/sim_1/behav/xsim'
"xvlog --incr --relax -prj sim_bcd_cnt60_vlog.prj"
INFO: [VRFC 10-2263] Analyzing Verilog file "D:/my_homework/my_vivado_practice/project_practice_week8_on_class/BCD_add_cnt/BCD_add_cnt.srcs/sources_1/new/BCD_cnt_digit.v" into library xil_defaultlib
INFO: [VRFC 10-311] analyzing module BCD_cnt_digit
INFO: [VRFC 10-2263] Analyzing Verilog file "D:/my_homework/my_vivado_practice/project_practice_week8_on_class/BCD_add_cnt/BCD_add_cnt.srcs/sources_1/new/cnt60.v" into library xil_defaultlib
INFO: [VRFC 10-311] analyzing module cnt60
INFO: [VRFC 10-2263] Analyzing Verilog file "D:/my_homework/my_vivado_practice/project_practice_week8_on_class/BCD_add_cnt/BCD_add_cnt.srcs/sources_1/new/sec_pule.v" into library xil_defaultlib
INFO: [VRFC 10-311] analyzing module sec_pulse
INFO: [VRFC 10-2263] Analyzing Verilog file "D:/my_homework/my_vivado_practice/project_practice_week8_on_class/BCD_add_cnt/BCD_add_cnt.srcs/sources_1/new/show.v" into library xil_defaultlib
INFO: [VRFC 10-311] analyzing module show
INFO: [VRFC 10-2263] Analyzing Verilog file "D:/my_homework/my_vivado_practice/project_practice_week8_on_class/BCD_add_cnt/BCD_add_cnt.srcs/sim_1/new/sim_bcd_cnt60.v" into library xil_defaultlib
INFO: [VRFC 10-311] analyzing module sim_bcd_cnt60
INFO: [USF-XSim-69] 'compile' step finished in '2' seconds
INFO: [USF-XSim-3] XSim::Elaborate design
INFO: [USF-XSim-61] Executing 'ELABORATE' step in 'D:/my_homework/my_vivado_practice/project_practice_week8_on_class/BCD_add_cnt/BCD_add_cnt.sim/sim_1/behav/xsim'
Vivado Simulator 2018.3
Copyright 1986-1999, 2001-2018 Xilinx, Inc. All Rights Reserved.
Running: D:/Xilinx/Vivado/2018.3/bin/unwrapped/win64.o/xelab.exe -wto 99bc413d016449cfacbefd6f15b4db13 --incr --debug typical --relax --mt 2 -L xil_defaultlib -L unisims_ver -L unimacro_ver -L secureip --snapshot sim_bcd_cnt60_behav xil_defaultlib.sim_bcd_cnt60 xil_defaultlib.glbl -log elaborate.log 
Using 2 slave threads.
Starting static elaboration
Completed static elaboration
Starting simulation data flow analysis
Completed simulation data flow analysis
Time Resolution for simulation is 1ps
Compiling module xil_defaultlib.sec_pulse
Compiling module xil_defaultlib.cnt60
Compiling module xil_defaultlib.show
Compiling module xil_defaultlib.BCD_cnt_digit
Compiling module xil_defaultlib.sim_bcd_cnt60
Compiling module xil_defaultlib.glbl
Built simulation snapshot sim_bcd_cnt60_behav
INFO: [USF-XSim-69] 'elaborate' step finished in '1' seconds
INFO: [USF-XSim-4] XSim::Simulate design
INFO: [USF-XSim-61] Executing 'SIMULATE' step in 'D:/my_homework/my_vivado_practice/project_practice_week8_on_class/BCD_add_cnt/BCD_add_cnt.sim/sim_1/behav/xsim'
INFO: [USF-XSim-98] *** Running xsim
   with args "sim_bcd_cnt60_behav -key {Behavioral:sim_1:Functional:sim_bcd_cnt60} -tclbatch {sim_bcd_cnt60.tcl} -log {simulate.log}"
INFO: [USF-XSim-8] Loading simulator feature
Vivado Simulator 2018.3
Time resolution is 1 ps
source sim_bcd_cnt60.tcl
# set curr_wave [current_wave_config]
# if { [string length $curr_wave] == 0 } {
#   if { [llength [get_objects]] > 0} {
#     add_wave /
#     set_property needs_save false [current_wave_config]
#   } else {
#      send_msg_id Add_Wave-1 WARNING "No top level signals found. Simulator will start without a wave window. If you want to open a wave window go to 'File->New Waveform Configuration' or type 'create_wave_config' in the TCL console."
#   }
# }
# run 1000ns
INFO: [USF-XSim-96] XSim completed. Design snapshot 'sim_bcd_cnt60_behav' loaded.
INFO: [USF-XSim-97] XSim simulation ran for 1000ns
restart
INFO: [Simtcl 6-17] Simulation restarted
run 10 us
restart
INFO: [Simtcl 6-17] Simulation restarted
run 10 us
close_sim
INFO: [Simtcl 6-16] Simulation closed
launch_simulation
INFO: [Vivado 12-5682] Launching behavioral simulation in 'D:/my_homework/my_vivado_practice/project_practice_week8_on_class/BCD_add_cnt/BCD_add_cnt.sim/sim_1/behav/xsim'
INFO: [SIM-utils-51] Simulation object is 'sim_1'
INFO: [SIM-utils-54] Inspecting design source files for 'sim_bcd_cnt60' in fileset 'sim_1'...
INFO: [USF-XSim-97] Finding global include files...
INFO: [USF-XSim-98] Fetching design files from 'sim_1'...
INFO: [USF-XSim-2] XSim::Compile design
INFO: [USF-XSim-61] Executing 'COMPILE and ANALYZE' step in 'D:/my_homework/my_vivado_practice/project_practice_week8_on_class/BCD_add_cnt/BCD_add_cnt.sim/sim_1/behav/xsim'
"xvlog --incr --relax -prj sim_bcd_cnt60_vlog.prj"
INFO: [VRFC 10-2263] Analyzing Verilog file "D:/my_homework/my_vivado_practice/project_practice_week8_on_class/BCD_add_cnt/BCD_add_cnt.srcs/sources_1/new/BCD_cnt_digit.v" into library xil_defaultlib
INFO: [VRFC 10-311] analyzing module BCD_cnt_digit
INFO: [VRFC 10-2263] Analyzing Verilog file "D:/my_homework/my_vivado_practice/project_practice_week8_on_class/BCD_add_cnt/BCD_add_cnt.srcs/sources_1/new/cnt60.v" into library xil_defaultlib
INFO: [VRFC 10-311] analyzing module cnt60
INFO: [VRFC 10-2263] Analyzing Verilog file "D:/my_homework/my_vivado_practice/project_practice_week8_on_class/BCD_add_cnt/BCD_add_cnt.srcs/sources_1/new/sec_pule.v" into library xil_defaultlib
INFO: [VRFC 10-311] analyzing module sec_pulse
INFO: [VRFC 10-2263] Analyzing Verilog file "D:/my_homework/my_vivado_practice/project_practice_week8_on_class/BCD_add_cnt/BCD_add_cnt.srcs/sources_1/new/show.v" into library xil_defaultlib
INFO: [VRFC 10-311] analyzing module show
INFO: [VRFC 10-2263] Analyzing Verilog file "D:/my_homework/my_vivado_practice/project_practice_week8_on_class/BCD_add_cnt/BCD_add_cnt.srcs/sim_1/new/sim_bcd_cnt60.v" into library xil_defaultlib
INFO: [VRFC 10-311] analyzing module sim_bcd_cnt60
INFO: [USF-XSim-69] 'compile' step finished in '1' seconds
INFO: [USF-XSim-3] XSim::Elaborate design
INFO: [USF-XSim-61] Executing 'ELABORATE' step in 'D:/my_homework/my_vivado_practice/project_practice_week8_on_class/BCD_add_cnt/BCD_add_cnt.sim/sim_1/behav/xsim'
Vivado Simulator 2018.3
Copyright 1986-1999, 2001-2018 Xilinx, Inc. All Rights Reserved.
Running: D:/Xilinx/Vivado/2018.3/bin/unwrapped/win64.o/xelab.exe -wto 99bc413d016449cfacbefd6f15b4db13 --incr --debug typical --relax --mt 2 -L xil_defaultlib -L unisims_ver -L unimacro_ver -L secureip --snapshot sim_bcd_cnt60_behav xil_defaultlib.sim_bcd_cnt60 xil_defaultlib.glbl -log elaborate.log 
Using 2 slave threads.
Starting static elaboration
Completed static elaboration
Starting simulation data flow analysis
Completed simulation data flow analysis
Time Resolution for simulation is 1ps
Compiling module xil_defaultlib.sec_pulse
Compiling module xil_defaultlib.cnt60
Compiling module xil_defaultlib.show
Compiling module xil_defaultlib.BCD_cnt_digit
Compiling module xil_defaultlib.sim_bcd_cnt60
Compiling module xil_defaultlib.glbl
Built simulation snapshot sim_bcd_cnt60_behav
INFO: [USF-XSim-69] 'elaborate' step finished in '1' seconds
INFO: [USF-XSim-4] XSim::Simulate design
INFO: [USF-XSim-61] Executing 'SIMULATE' step in 'D:/my_homework/my_vivado_practice/project_practice_week8_on_class/BCD_add_cnt/BCD_add_cnt.sim/sim_1/behav/xsim'
INFO: [USF-XSim-98] *** Running xsim
   with args "sim_bcd_cnt60_behav -key {Behavioral:sim_1:Functional:sim_bcd_cnt60} -tclbatch {sim_bcd_cnt60.tcl} -log {simulate.log}"
INFO: [USF-XSim-8] Loading simulator feature
Vivado Simulator 2018.3
Time resolution is 1 ps
source sim_bcd_cnt60.tcl
# set curr_wave [current_wave_config]
# if { [string length $curr_wave] == 0 } {
#   if { [llength [get_objects]] > 0} {
#     add_wave /
#     set_property needs_save false [current_wave_config]
#   } else {
#      send_msg_id Add_Wave-1 WARNING "No top level signals found. Simulator will start without a wave window. If you want to open a wave window go to 'File->New Waveform Configuration' or type 'create_wave_config' in the TCL console."
#   }
# }
# run 1000ns
INFO: [USF-XSim-96] XSim completed. Design snapshot 'sim_bcd_cnt60_behav' loaded.
INFO: [USF-XSim-97] XSim simulation ran for 1000ns
restart
INFO: [Simtcl 6-17] Simulation restarted
run 10 us
restart
INFO: [Simtcl 6-17] Simulation restarted
run 10 us
close_sim
INFO: [Simtcl 6-16] Simulation closed
launch_simulation
INFO: [Vivado 12-5682] Launching behavioral simulation in 'D:/my_homework/my_vivado_practice/project_practice_week8_on_class/BCD_add_cnt/BCD_add_cnt.sim/sim_1/behav/xsim'
INFO: [SIM-utils-51] Simulation object is 'sim_1'
INFO: [SIM-utils-54] Inspecting design source files for 'sim_bcd_cnt60' in fileset 'sim_1'...
INFO: [USF-XSim-97] Finding global include files...
INFO: [USF-XSim-98] Fetching design files from 'sim_1'...
INFO: [USF-XSim-2] XSim::Compile design
INFO: [USF-XSim-61] Executing 'COMPILE and ANALYZE' step in 'D:/my_homework/my_vivado_practice/project_practice_week8_on_class/BCD_add_cnt/BCD_add_cnt.sim/sim_1/behav/xsim'
"xvlog --incr --relax -prj sim_bcd_cnt60_vlog.prj"
INFO: [VRFC 10-2263] Analyzing Verilog file "D:/my_homework/my_vivado_practice/project_practice_week8_on_class/BCD_add_cnt/BCD_add_cnt.srcs/sources_1/new/BCD_cnt_digit.v" into library xil_defaultlib
INFO: [VRFC 10-311] analyzing module BCD_cnt_digit
INFO: [VRFC 10-2263] Analyzing Verilog file "D:/my_homework/my_vivado_practice/project_practice_week8_on_class/BCD_add_cnt/BCD_add_cnt.srcs/sources_1/new/cnt60.v" into library xil_defaultlib
INFO: [VRFC 10-311] analyzing module cnt60
INFO: [VRFC 10-2263] Analyzing Verilog file "D:/my_homework/my_vivado_practice/project_practice_week8_on_class/BCD_add_cnt/BCD_add_cnt.srcs/sources_1/new/sec_pule.v" into library xil_defaultlib
INFO: [VRFC 10-311] analyzing module sec_pulse
INFO: [VRFC 10-2263] Analyzing Verilog file "D:/my_homework/my_vivado_practice/project_practice_week8_on_class/BCD_add_cnt/BCD_add_cnt.srcs/sources_1/new/show.v" into library xil_defaultlib
INFO: [VRFC 10-311] analyzing module show
INFO: [VRFC 10-2263] Analyzing Verilog file "D:/my_homework/my_vivado_practice/project_practice_week8_on_class/BCD_add_cnt/BCD_add_cnt.srcs/sim_1/new/sim_bcd_cnt60.v" into library xil_defaultlib
INFO: [VRFC 10-311] analyzing module sim_bcd_cnt60
INFO: [USF-XSim-69] 'compile' step finished in '1' seconds
INFO: [USF-XSim-3] XSim::Elaborate design
INFO: [USF-XSim-61] Executing 'ELABORATE' step in 'D:/my_homework/my_vivado_practice/project_practice_week8_on_class/BCD_add_cnt/BCD_add_cnt.sim/sim_1/behav/xsim'
Vivado Simulator 2018.3
Copyright 1986-1999, 2001-2018 Xilinx, Inc. All Rights Reserved.
Running: D:/Xilinx/Vivado/2018.3/bin/unwrapped/win64.o/xelab.exe -wto 99bc413d016449cfacbefd6f15b4db13 --incr --debug typical --relax --mt 2 -L xil_defaultlib -L unisims_ver -L unimacro_ver -L secureip --snapshot sim_bcd_cnt60_behav xil_defaultlib.sim_bcd_cnt60 xil_defaultlib.glbl -log elaborate.log 
Using 2 slave threads.
Starting static elaboration
Completed static elaboration
Starting simulation data flow analysis
Completed simulation data flow analysis
Time Resolution for simulation is 1ps
Compiling module xil_defaultlib.sec_pulse
Compiling module xil_defaultlib.cnt60
Compiling module xil_defaultlib.show
Compiling module xil_defaultlib.BCD_cnt_digit
Compiling module xil_defaultlib.sim_bcd_cnt60
Compiling module xil_defaultlib.glbl
Built simulation snapshot sim_bcd_cnt60_behav
INFO: [USF-XSim-69] 'elaborate' step finished in '1' seconds
INFO: [USF-XSim-4] XSim::Simulate design
INFO: [USF-XSim-61] Executing 'SIMULATE' step in 'D:/my_homework/my_vivado_practice/project_practice_week8_on_class/BCD_add_cnt/BCD_add_cnt.sim/sim_1/behav/xsim'
INFO: [USF-XSim-98] *** Running xsim
   with args "sim_bcd_cnt60_behav -key {Behavioral:sim_1:Functional:sim_bcd_cnt60} -tclbatch {sim_bcd_cnt60.tcl} -log {simulate.log}"
INFO: [USF-XSim-8] Loading simulator feature
Vivado Simulator 2018.3
Time resolution is 1 ps
source sim_bcd_cnt60.tcl
# set curr_wave [current_wave_config]
# if { [string length $curr_wave] == 0 } {
#   if { [llength [get_objects]] > 0} {
#     add_wave /
#     set_property needs_save false [current_wave_config]
#   } else {
#      send_msg_id Add_Wave-1 WARNING "No top level signals found. Simulator will start without a wave window. If you want to open a wave window go to 'File->New Waveform Configuration' or type 'create_wave_config' in the TCL console."
#   }
# }
# run 1000ns
INFO: [USF-XSim-96] XSim completed. Design snapshot 'sim_bcd_cnt60_behav' loaded.
INFO: [USF-XSim-97] XSim simulation ran for 1000ns
restart
INFO: [Simtcl 6-17] Simulation restarted
run 10 us
restart
INFO: [Simtcl 6-17] Simulation restarted
run 10 us
reset_run synth_1
WARNING: [Vivado 12-1017] Problems encountered:
1. Failed to delete one or more files in run directory D:/my_homework/my_vivado_practice/project_practice_week8_on_class/BCD_add_cnt/BCD_add_cnt.runs/synth_1

launch_runs synth_1 -jobs 4
[Sun Apr 21 08:40:58 2024] Launched synth_1...
Run output will be captured here: D:/my_homework/my_vivado_practice/project_practice_week8_on_class/BCD_add_cnt/BCD_add_cnt.runs/synth_1/runme.log
reset_run synth_1
WARNING: [Vivado 12-1017] Problems encountered:
1. PID not specified

launch_runs synth_1 -jobs 4
[Sun Apr 21 08:41:46 2024] Launched synth_1...
Run output will be captured here: D:/my_homework/my_vivado_practice/project_practice_week8_on_class/BCD_add_cnt/BCD_add_cnt.runs/synth_1/runme.log
launch_runs impl_1 -jobs 4
[Sun Apr 21 08:42:29 2024] Launched impl_1...
Run output will be captured here: D:/my_homework/my_vivado_practice/project_practice_week8_on_class/BCD_add_cnt/BCD_add_cnt.runs/impl_1/runme.log
launch_runs impl_1 -to_step write_bitstream -jobs 4
[Sun Apr 21 08:43:41 2024] Launched impl_1...
Run output will be captured here: D:/my_homework/my_vivado_practice/project_practice_week8_on_class/BCD_add_cnt/BCD_add_cnt.runs/impl_1/runme.log
open_hw
connect_hw_server
INFO: [Labtools 27-2285] Connecting to hw_server url TCP:localhost:3121
INFO: [Labtools 27-2222] Launching hw_server...
INFO: [Labtools 27-2221] Launch Output:

****** Xilinx hw_server v2018.3
  **** Build date : Dec  7 2018-00:40:27
    ** Copyright 1986-2018 Xilinx, Inc. All Rights Reserved.


open_hw_target
INFO: [Labtoolstcl 44-466] Opening hw_target localhost:3121/xilinx_tcf/Xilinx/1234-tulA
set_property PROGRAM.FILE {D:/my_homework/my_vivado_practice/project_practice_week8_on_class/BCD_add_cnt/BCD_add_cnt.runs/impl_1/BCD_cnt_digit.bit} [get_hw_devices xc7a35t_0]
current_hw_device [get_hw_devices xc7a35t_0]
refresh_hw_device -update_hw_probes false [lindex [get_hw_devices xc7a35t_0] 0]
INFO: [Labtools 27-1434] Device xc7a35t (JTAG device index = 0) is programmed with a design that has no supported debug core(s) in it.
set_property PROBES.FILE {} [get_hw_devices xc7a35t_0]
set_property FULL_PROBES.FILE {} [get_hw_devices xc7a35t_0]
set_property PROGRAM.FILE {D:/my_homework/my_vivado_practice/project_practice_week8_on_class/BCD_add_cnt/BCD_add_cnt.runs/impl_1/BCD_cnt_digit.bit} [get_hw_devices xc7a35t_0]
program_hw_devices [get_hw_devices xc7a35t_0]
INFO: [Labtools 27-3164] End of startup status: HIGH
refresh_hw_device [lindex [get_hw_devices xc7a35t_0] 0]
INFO: [Labtools 27-1434] Device xc7a35t (JTAG device index = 0) is programmed with a design that has no supported debug core(s) in it.
close_sim
INFO: [Simtcl 6-16] Simulation closed
launch_simulation
INFO: [Vivado 12-5682] Launching behavioral simulation in 'D:/my_homework/my_vivado_practice/project_practice_week8_on_class/BCD_add_cnt/BCD_add_cnt.sim/sim_1/behav/xsim'
INFO: [SIM-utils-51] Simulation object is 'sim_1'
INFO: [SIM-utils-54] Inspecting design source files for 'sim_bcd_cnt60' in fileset 'sim_1'...
INFO: [USF-XSim-97] Finding global include files...
INFO: [USF-XSim-98] Fetching design files from 'sim_1'...
INFO: [USF-XSim-2] XSim::Compile design
INFO: [USF-XSim-61] Executing 'COMPILE and ANALYZE' step in 'D:/my_homework/my_vivado_practice/project_practice_week8_on_class/BCD_add_cnt/BCD_add_cnt.sim/sim_1/behav/xsim'
"xvlog --incr --relax -prj sim_bcd_cnt60_vlog.prj"
INFO: [VRFC 10-2263] Analyzing Verilog file "D:/my_homework/my_vivado_practice/project_practice_week8_on_class/BCD_add_cnt/BCD_add_cnt.srcs/sources_1/new/BCD_cnt_digit.v" into library xil_defaultlib
INFO: [VRFC 10-311] analyzing module BCD_cnt_digit
INFO: [VRFC 10-2263] Analyzing Verilog file "D:/my_homework/my_vivado_practice/project_practice_week8_on_class/BCD_add_cnt/BCD_add_cnt.srcs/sources_1/new/cnt60.v" into library xil_defaultlib
INFO: [VRFC 10-311] analyzing module cnt60
INFO: [VRFC 10-2263] Analyzing Verilog file "D:/my_homework/my_vivado_practice/project_practice_week8_on_class/BCD_add_cnt/BCD_add_cnt.srcs/sources_1/new/sec_pule.v" into library xil_defaultlib
INFO: [VRFC 10-311] analyzing module sec_pulse
INFO: [VRFC 10-2263] Analyzing Verilog file "D:/my_homework/my_vivado_practice/project_practice_week8_on_class/BCD_add_cnt/BCD_add_cnt.srcs/sources_1/new/show.v" into library xil_defaultlib
INFO: [VRFC 10-311] analyzing module show
INFO: [VRFC 10-2263] Analyzing Verilog file "D:/my_homework/my_vivado_practice/project_practice_week8_on_class/BCD_add_cnt/BCD_add_cnt.srcs/sim_1/new/sim_bcd_cnt60.v" into library xil_defaultlib
INFO: [VRFC 10-311] analyzing module sim_bcd_cnt60
INFO: [USF-XSim-69] 'compile' step finished in '2' seconds
INFO: [USF-XSim-3] XSim::Elaborate design
INFO: [USF-XSim-61] Executing 'ELABORATE' step in 'D:/my_homework/my_vivado_practice/project_practice_week8_on_class/BCD_add_cnt/BCD_add_cnt.sim/sim_1/behav/xsim'
Vivado Simulator 2018.3
Copyright 1986-1999, 2001-2018 Xilinx, Inc. All Rights Reserved.
Running: D:/Xilinx/Vivado/2018.3/bin/unwrapped/win64.o/xelab.exe -wto 99bc413d016449cfacbefd6f15b4db13 --incr --debug typical --relax --mt 2 -L xil_defaultlib -L unisims_ver -L unimacro_ver -L secureip --snapshot sim_bcd_cnt60_behav xil_defaultlib.sim_bcd_cnt60 xil_defaultlib.glbl -log elaborate.log 
Using 2 slave threads.
Starting static elaboration
Completed static elaboration
Starting simulation data flow analysis
Completed simulation data flow analysis
Time Resolution for simulation is 1ps
Compiling module xil_defaultlib.sec_pulse
Compiling module xil_defaultlib.cnt60
Compiling module xil_defaultlib.show
Compiling module xil_defaultlib.BCD_cnt_digit
Compiling module xil_defaultlib.sim_bcd_cnt60
Compiling module xil_defaultlib.glbl
Built simulation snapshot sim_bcd_cnt60_behav
INFO: [USF-XSim-69] 'elaborate' step finished in '1' seconds
INFO: [USF-XSim-4] XSim::Simulate design
INFO: [USF-XSim-61] Executing 'SIMULATE' step in 'D:/my_homework/my_vivado_practice/project_practice_week8_on_class/BCD_add_cnt/BCD_add_cnt.sim/sim_1/behav/xsim'
INFO: [USF-XSim-98] *** Running xsim
   with args "sim_bcd_cnt60_behav -key {Behavioral:sim_1:Functional:sim_bcd_cnt60} -tclbatch {sim_bcd_cnt60.tcl} -log {simulate.log}"
INFO: [USF-XSim-8] Loading simulator feature
Vivado Simulator 2018.3
Time resolution is 1 ps
source sim_bcd_cnt60.tcl
# set curr_wave [current_wave_config]
# if { [string length $curr_wave] == 0 } {
#   if { [llength [get_objects]] > 0} {
#     add_wave /
#     set_property needs_save false [current_wave_config]
#   } else {
#      send_msg_id Add_Wave-1 WARNING "No top level signals found. Simulator will start without a wave window. If you want to open a wave window go to 'File->New Waveform Configuration' or type 'create_wave_config' in the TCL console."
#   }
# }
# run 1000ns
INFO: [USF-XSim-96] XSim completed. Design snapshot 'sim_bcd_cnt60_behav' loaded.
INFO: [USF-XSim-97] XSim simulation ran for 1000ns
launch_simulation: Time (s): cpu = 00:00:01 ; elapsed = 00:00:06 . Memory (MB): peak = 2849.316 ; gain = 0.000
restart
INFO: [Simtcl 6-17] Simulation restarted
run 10 us
restart
INFO: [Simtcl 6-17] Simulation restarted
run 10 us
close_sim
INFO: [Simtcl 6-16] Simulation closed
launch_simulation
INFO: [Vivado 12-5682] Launching behavioral simulation in 'D:/my_homework/my_vivado_practice/project_practice_week8_on_class/BCD_add_cnt/BCD_add_cnt.sim/sim_1/behav/xsim'
INFO: [SIM-utils-51] Simulation object is 'sim_1'
INFO: [SIM-utils-54] Inspecting design source files for 'sim_bcd_cnt60' in fileset 'sim_1'...
INFO: [USF-XSim-97] Finding global include files...
INFO: [USF-XSim-98] Fetching design files from 'sim_1'...
INFO: [USF-XSim-2] XSim::Compile design
INFO: [USF-XSim-61] Executing 'COMPILE and ANALYZE' step in 'D:/my_homework/my_vivado_practice/project_practice_week8_on_class/BCD_add_cnt/BCD_add_cnt.sim/sim_1/behav/xsim'
"xvlog --incr --relax -prj sim_bcd_cnt60_vlog.prj"
INFO: [VRFC 10-2263] Analyzing Verilog file "D:/my_homework/my_vivado_practice/project_practice_week8_on_class/BCD_add_cnt/BCD_add_cnt.srcs/sources_1/new/BCD_cnt_digit.v" into library xil_defaultlib
INFO: [VRFC 10-311] analyzing module BCD_cnt_digit
INFO: [VRFC 10-2263] Analyzing Verilog file "D:/my_homework/my_vivado_practice/project_practice_week8_on_class/BCD_add_cnt/BCD_add_cnt.srcs/sources_1/new/cnt60.v" into library xil_defaultlib
INFO: [VRFC 10-311] analyzing module cnt60
INFO: [VRFC 10-2263] Analyzing Verilog file "D:/my_homework/my_vivado_practice/project_practice_week8_on_class/BCD_add_cnt/BCD_add_cnt.srcs/sources_1/new/sec_pule.v" into library xil_defaultlib
INFO: [VRFC 10-311] analyzing module sec_pulse
INFO: [VRFC 10-2263] Analyzing Verilog file "D:/my_homework/my_vivado_practice/project_practice_week8_on_class/BCD_add_cnt/BCD_add_cnt.srcs/sources_1/new/show.v" into library xil_defaultlib
INFO: [VRFC 10-311] analyzing module show
INFO: [VRFC 10-2263] Analyzing Verilog file "D:/my_homework/my_vivado_practice/project_practice_week8_on_class/BCD_add_cnt/BCD_add_cnt.srcs/sim_1/new/sim_bcd_cnt60.v" into library xil_defaultlib
INFO: [VRFC 10-311] analyzing module sim_bcd_cnt60
INFO: [USF-XSim-69] 'compile' step finished in '1' seconds
INFO: [USF-XSim-3] XSim::Elaborate design
INFO: [USF-XSim-61] Executing 'ELABORATE' step in 'D:/my_homework/my_vivado_practice/project_practice_week8_on_class/BCD_add_cnt/BCD_add_cnt.sim/sim_1/behav/xsim'
Vivado Simulator 2018.3
Copyright 1986-1999, 2001-2018 Xilinx, Inc. All Rights Reserved.
Running: D:/Xilinx/Vivado/2018.3/bin/unwrapped/win64.o/xelab.exe -wto 99bc413d016449cfacbefd6f15b4db13 --incr --debug typical --relax --mt 2 -L xil_defaultlib -L unisims_ver -L unimacro_ver -L secureip --snapshot sim_bcd_cnt60_behav xil_defaultlib.sim_bcd_cnt60 xil_defaultlib.glbl -log elaborate.log 
Using 2 slave threads.
Starting static elaboration
Completed static elaboration
Starting simulation data flow analysis
Completed simulation data flow analysis
Time Resolution for simulation is 1ps
Compiling module xil_defaultlib.sec_pulse
Compiling module xil_defaultlib.cnt60
Compiling module xil_defaultlib.show
Compiling module xil_defaultlib.BCD_cnt_digit
Compiling module xil_defaultlib.sim_bcd_cnt60
Compiling module xil_defaultlib.glbl
Built simulation snapshot sim_bcd_cnt60_behav
INFO: [USF-XSim-69] 'elaborate' step finished in '1' seconds
INFO: [USF-XSim-4] XSim::Simulate design
INFO: [USF-XSim-61] Executing 'SIMULATE' step in 'D:/my_homework/my_vivado_practice/project_practice_week8_on_class/BCD_add_cnt/BCD_add_cnt.sim/sim_1/behav/xsim'
INFO: [USF-XSim-98] *** Running xsim
   with args "sim_bcd_cnt60_behav -key {Behavioral:sim_1:Functional:sim_bcd_cnt60} -tclbatch {sim_bcd_cnt60.tcl} -log {simulate.log}"
INFO: [USF-XSim-8] Loading simulator feature
Vivado Simulator 2018.3
Time resolution is 1 ps
source sim_bcd_cnt60.tcl
# set curr_wave [current_wave_config]
# if { [string length $curr_wave] == 0 } {
#   if { [llength [get_objects]] > 0} {
#     add_wave /
#     set_property needs_save false [current_wave_config]
#   } else {
#      send_msg_id Add_Wave-1 WARNING "No top level signals found. Simulator will start without a wave window. If you want to open a wave window go to 'File->New Waveform Configuration' or type 'create_wave_config' in the TCL console."
#   }
# }
# run 1000ns
INFO: [USF-XSim-96] XSim completed. Design snapshot 'sim_bcd_cnt60_behav' loaded.
INFO: [USF-XSim-97] XSim simulation ran for 1000ns
launch_simulation: Time (s): cpu = 00:00:01 ; elapsed = 00:00:05 . Memory (MB): peak = 2849.316 ; gain = 0.000
restart
INFO: [Simtcl 6-17] Simulation restarted
run 10 us
restart
INFO: [Simtcl 6-17] Simulation restarted
run 10 us
reset_run synth_1
WARNING: [Vivado 12-1017] Problems encountered:
1. Failed to delete one or more files in run directory D:/my_homework/my_vivado_practice/project_practice_week8_on_class/BCD_add_cnt/BCD_add_cnt.runs/synth_1

launch_runs synth_1 -jobs 4
[Sun Apr 21 09:10:28 2024] Launched synth_1...
Run output will be captured here: D:/my_homework/my_vivado_practice/project_practice_week8_on_class/BCD_add_cnt/BCD_add_cnt.runs/synth_1/runme.log
open_run synth_1 -name synth_1
Design is defaulting to impl run constrset: constrs_1
Design is defaulting to synth run part: xc7a35tcsg324-1
INFO: [Netlist 29-17] Analyzing 13 Unisim elements for replacement
INFO: [Netlist 29-28] Unisim Transformation completed in 0 CPU seconds
INFO: [Project 1-479] Netlist was created with Vivado 2018.3
INFO: [Project 1-570] Preparing netlist for logic optimization
Parsing XDC File [D:/my_homework/my_vivado_practice/project_practice_week8_on_class/BCD_add_cnt/BCD_add_cnt.srcs/constrs_1/new/BCD_cnt60_digit.xdc]
Finished Parsing XDC File [D:/my_homework/my_vivado_practice/project_practice_week8_on_class/BCD_add_cnt/BCD_add_cnt.srcs/constrs_1/new/BCD_cnt60_digit.xdc]
INFO: [Opt 31-138] Pushed 0 inverter(s) to 0 load pin(s).
Netlist sorting complete. Time (s): cpu = 00:00:00 ; elapsed = 00:00:00 . Memory (MB): peak = 2849.316 ; gain = 0.000
INFO: [Project 1-111] Unisim Transformation Summary:
No Unisim elements were transformed.

launch_runs impl_1 -jobs 4
Netlist sorting complete. Time (s): cpu = 00:00:00 ; elapsed = 00:00:00 . Memory (MB): peak = 2849.316 ; gain = 0.000
INFO: [Timing 38-480] Writing timing data to binary archive.
Writing placer database...
Writing XDEF routing.
Writing XDEF routing logical nets.
Writing XDEF routing special nets.
Write XDEF Complete: Time (s): cpu = 00:00:00 ; elapsed = 00:00:00.072 . Memory (MB): peak = 2849.316 ; gain = 0.000
Netlist sorting complete. Time (s): cpu = 00:00:00 ; elapsed = 00:00:00 . Memory (MB): peak = 2849.316 ; gain = 0.000
[Sun Apr 21 09:11:23 2024] Launched impl_1...
Run output will be captured here: D:/my_homework/my_vivado_practice/project_practice_week8_on_class/BCD_add_cnt/BCD_add_cnt.runs/impl_1/runme.log
launch_runs impl_1 -to_step write_bitstream -jobs 4
[Sun Apr 21 09:12:37 2024] Launched impl_1...
Run output will be captured here: D:/my_homework/my_vivado_practice/project_practice_week8_on_class/BCD_add_cnt/BCD_add_cnt.runs/impl_1/runme.log
set_property PROBES.FILE {} [get_hw_devices xc7a35t_0]
set_property FULL_PROBES.FILE {} [get_hw_devices xc7a35t_0]
set_property PROGRAM.FILE {D:/my_homework/my_vivado_practice/project_practice_week8_on_class/BCD_add_cnt/BCD_add_cnt.runs/impl_1/BCD_cnt_digit.bit} [get_hw_devices xc7a35t_0]
program_hw_devices [get_hw_devices xc7a35t_0]
INFO: [Labtools 27-3164] End of startup status: HIGH
refresh_hw_device [lindex [get_hw_devices xc7a35t_0] 0]
INFO: [Labtools 27-1434] Device xc7a35t (JTAG device index = 0) is programmed with a design that has no supported debug core(s) in it.
reset_run impl_1
launch_runs impl_1 -jobs 4
Netlist sorting complete. Time (s): cpu = 00:00:00 ; elapsed = 00:00:00.001 . Memory (MB): peak = 3099.410 ; gain = 0.000
INFO: [Timing 38-480] Writing timing data to binary archive.
Writing placer database...
Writing XDEF routing.
Writing XDEF routing logical nets.
Writing XDEF routing special nets.
Write XDEF Complete: Time (s): cpu = 00:00:00 ; elapsed = 00:00:00.043 . Memory (MB): peak = 3099.410 ; gain = 0.000
Netlist sorting complete. Time (s): cpu = 00:00:00 ; elapsed = 00:00:00 . Memory (MB): peak = 3103.191 ; gain = 0.000
[Sun Apr 21 09:15:17 2024] Launched impl_1...
Run output will be captured here: D:/my_homework/my_vivado_practice/project_practice_week8_on_class/BCD_add_cnt/BCD_add_cnt.runs/impl_1/runme.log
launch_runs impl_1 -to_step write_bitstream -jobs 4
[Sun Apr 21 09:17:02 2024] Launched impl_1...
Run output will be captured here: D:/my_homework/my_vivado_practice/project_practice_week8_on_class/BCD_add_cnt/BCD_add_cnt.runs/impl_1/runme.log
open_run impl_1
INFO: [Netlist 29-17] Analyzing 13 Unisim elements for replacement
INFO: [Netlist 29-28] Unisim Transformation completed in 0 CPU seconds
INFO: [Project 1-479] Netlist was created with Vivado 2018.3
INFO: [Project 1-570] Preparing netlist for logic optimization
INFO: [Timing 38-478] Restoring timing data from binary archive.
INFO: [Timing 38-479] Binary timing data restore complete.
INFO: [Project 1-856] Restoring constraints from binary archive.
INFO: [Project 1-853] Binary constraint restore complete.
Reading XDEF placement.
Reading placer database...
Reading XDEF routing.
Read XDEF File: Time (s): cpu = 00:00:00 ; elapsed = 00:00:00.044 . Memory (MB): peak = 3272.812 ; gain = 0.000
Restored from archive | CPU: 0.000000 secs | Memory: 0.000000 MB |
Finished XDEF File Restore: Time (s): cpu = 00:00:00 ; elapsed = 00:00:00.044 . Memory (MB): peak = 3272.812 ; gain = 0.000
Netlist sorting complete. Time (s): cpu = 00:00:00 ; elapsed = 00:00:00 . Memory (MB): peak = 3272.812 ; gain = 0.000
INFO: [Project 1-111] Unisim Transformation Summary:
No Unisim elements were transformed.

WARNING: [Timing 38-313] There are no user specified timing constraints. Timing constraints are needed for proper timing analysis.
set_property PROBES.FILE {} [get_hw_devices xc7a35t_0]
set_property FULL_PROBES.FILE {} [get_hw_devices xc7a35t_0]
set_property PROGRAM.FILE {D:/my_homework/my_vivado_practice/project_practice_week8_on_class/BCD_add_cnt/BCD_add_cnt.runs/impl_1/BCD_cnt_digit.bit} [get_hw_devices xc7a35t_0]
program_hw_devices [get_hw_devices xc7a35t_0]
INFO: [Labtools 27-3164] End of startup status: HIGH
refresh_hw_device [lindex [get_hw_devices xc7a35t_0] 0]
INFO: [Labtools 27-1434] Device xc7a35t (JTAG device index = 0) is programmed with a design that has no supported debug core(s) in it.
close_sim
INFO: [Simtcl 6-16] Simulation closed
close_sim: Time (s): cpu = 00:00:01 ; elapsed = 00:00:05 . Memory (MB): peak = 3872.031 ; gain = 0.000
exit
INFO: [Common 17-206] Exiting Vivado at Sun Apr 21 09:19:46 2024...
