#-----------------------------------------------------------
# Vivado v2018.3 (64-bit)
# SW Build 2405991 on Thu Dec  6 23:38:27 MST 2018
# IP Build 2404404 on Fri Dec  7 01:43:56 MST 2018
# Start of session at: Mon Apr 22 11:48:57 2024
# Process ID: 3576
# Current directory: D:/my_homework/my_vivado_practice/BCD_add_cnt
# Command line: vivado.exe -gui_launcher_event rodinguilauncherevent12524 D:\my_homework\my_vivado_practice\BCD_add_cnt\BCD_add_cnt.xpr
# Log file: D:/my_homework/my_vivado_practice/BCD_add_cnt/vivado.log
# Journal file: D:/my_homework/my_vivado_practice/BCD_add_cnt\vivado.jou
#-----------------------------------------------------------
start_gui
open_project D:/my_homework/my_vivado_practice/BCD_add_cnt/BCD_add_cnt.xpr
INFO: [Project 1-313] Project file moved from 'D:/my_homework/my_vivado_practice/project_practice_week8_on_class/BCD_add_cnt' since last save.
Scanning sources...
Finished scanning sources
INFO: [IP_Flow 19-234] Refreshing IP repositories
INFO: [IP_Flow 19-1704] No user IP repositories specified
INFO: [IP_Flow 19-2313] Loaded Vivado IP repository 'D:/Xilinx/Vivado/2018.3/data/ip'.
open_project: Time (s): cpu = 00:00:12 ; elapsed = 00:00:08 . Memory (MB): peak = 742.961 ; gain = 131.836
update_compile_order -fileset sources_1
update_compile_order -fileset sources_1
launch_simulation
INFO: [Vivado 12-5682] Launching behavioral simulation in 'D:/my_homework/my_vivado_practice/BCD_add_cnt/BCD_add_cnt.sim/sim_1/behav/xsim'
INFO: [SIM-utils-51] Simulation object is 'sim_1'
INFO: [SIM-utils-54] Inspecting design source files for 'sim_bcd_cnt60' in fileset 'sim_1'...
INFO: [USF-XSim-97] Finding global include files...
INFO: [USF-XSim-98] Fetching design files from 'sim_1'...
INFO: [USF-XSim-2] XSim::Compile design
INFO: [USF-XSim-61] Executing 'COMPILE and ANALYZE' step in 'D:/my_homework/my_vivado_practice/BCD_add_cnt/BCD_add_cnt.sim/sim_1/behav/xsim'
"xvlog --incr --relax -prj sim_bcd_cnt60_vlog.prj"
INFO: [VRFC 10-2263] Analyzing Verilog file "D:/my_homework/my_vivado_practice/BCD_add_cnt/BCD_add_cnt.srcs/sources_1/new/BCD_cnt_digit.v" into library xil_defaultlib
INFO: [VRFC 10-311] analyzing module BCD_cnt_digit
INFO: [VRFC 10-2263] Analyzing Verilog file "D:/my_homework/my_vivado_practice/BCD_add_cnt/BCD_add_cnt.srcs/sources_1/new/key_debounce.v" into library xil_defaultlib
INFO: [VRFC 10-311] analyzing module key_debounce
INFO: [VRFC 10-2263] Analyzing Verilog file "D:/my_homework/my_vivado_practice/BCD_add_cnt/BCD_add_cnt.srcs/sources_1/new/sec_pule.v" into library xil_defaultlib
INFO: [VRFC 10-311] analyzing module sec_pulse
INFO: [VRFC 10-2263] Analyzing Verilog file "D:/my_homework/my_vivado_practice/BCD_add_cnt/BCD_add_cnt.srcs/sources_1/new/show.v" into library xil_defaultlib
INFO: [VRFC 10-311] analyzing module show
INFO: [VRFC 10-2263] Analyzing Verilog file "D:/my_homework/my_vivado_practice/BCD_add_cnt/BCD_add_cnt.srcs/sim_1/new/sim_bcd_cnt60.v" into library xil_defaultlib
INFO: [VRFC 10-311] analyzing module sim_bcd_cnt60
INFO: [VRFC 10-2263] Analyzing Verilog file "D:/my_homework/my_vivado_practice/BCD_add_cnt/BCD_add_cnt.sim/sim_1/behav/xsim/glbl.v" into library xil_defaultlib
INFO: [VRFC 10-311] analyzing module glbl
INFO: [USF-XSim-69] 'compile' step finished in '1' seconds
INFO: [USF-XSim-3] XSim::Elaborate design
INFO: [USF-XSim-61] Executing 'ELABORATE' step in 'D:/my_homework/my_vivado_practice/BCD_add_cnt/BCD_add_cnt.sim/sim_1/behav/xsim'
Vivado Simulator 2018.3
Copyright 1986-1999, 2001-2018 Xilinx, Inc. All Rights Reserved.
Running: D:/Xilinx/Vivado/2018.3/bin/unwrapped/win64.o/xelab.exe -wto 99bc413d016449cfacbefd6f15b4db13 --incr --debug typical --relax --mt 2 -L xil_defaultlib -L unisims_ver -L unimacro_ver -L secureip --snapshot sim_bcd_cnt60_behav xil_defaultlib.sim_bcd_cnt60 xil_defaultlib.glbl -log elaborate.log 
Using 2 slave threads.
Starting static elaboration
ERROR: [VRFC 10-3180] cannot find port 'x' on this module [D:/my_homework/my_vivado_practice/BCD_add_cnt/BCD_add_cnt.srcs/sim_1/new/sim_bcd_cnt60.v:37]
ERROR: [VRFC 10-3180] cannot find port 'flag' on this module [D:/my_homework/my_vivado_practice/BCD_add_cnt/BCD_add_cnt.srcs/sources_1/new/BCD_cnt_digit.v:50]
ERROR: [VRFC 10-3180] cannot find port 'key_p_flag' on this module [D:/my_homework/my_vivado_practice/BCD_add_cnt/BCD_add_cnt.srcs/sources_1/new/BCD_cnt_digit.v:49]
ERROR: [VRFC 10-3180] cannot find port 'key_p_flag_r' on this module [D:/my_homework/my_vivado_practice/BCD_add_cnt/BCD_add_cnt.srcs/sources_1/new/BCD_cnt_digit.v:48]
ERROR: [VRFC 10-3180] cannot find port 'flag' on this module [D:/my_homework/my_vivado_practice/BCD_add_cnt/BCD_add_cnt.srcs/sources_1/new/BCD_cnt_digit.v:59]
ERROR: [VRFC 10-3180] cannot find port 'key_p_flag' on this module [D:/my_homework/my_vivado_practice/BCD_add_cnt/BCD_add_cnt.srcs/sources_1/new/BCD_cnt_digit.v:58]
ERROR: [VRFC 10-3180] cannot find port 'key_p_flag_r' on this module [D:/my_homework/my_vivado_practice/BCD_add_cnt/BCD_add_cnt.srcs/sources_1/new/BCD_cnt_digit.v:57]
ERROR: [XSIM 43-3322] Static elaboration of top level Verilog design unit(s) in library work failed.
INFO: [USF-XSim-69] 'elaborate' step finished in '2' seconds
INFO: [USF-XSim-99] Step results log file:'D:/my_homework/my_vivado_practice/BCD_add_cnt/BCD_add_cnt.sim/sim_1/behav/xsim/elaborate.log'
ERROR: [USF-XSim-62] 'elaborate' step failed with error(s). Please check the Tcl console output or 'D:/my_homework/my_vivado_practice/BCD_add_cnt/BCD_add_cnt.sim/sim_1/behav/xsim/elaborate.log' file for more information.
ERROR: [Vivado 12-4473] Detected error while running simulation. Please correct the issue and retry this operation.
launch_simulation: Time (s): cpu = 00:00:01 ; elapsed = 00:00:05 . Memory (MB): peak = 765.137 ; gain = 0.000
ERROR: [Common 17-39] 'launch_simulation' failed due to earlier errors.
launch_simulation
INFO: [Vivado 12-5682] Launching behavioral simulation in 'D:/my_homework/my_vivado_practice/BCD_add_cnt/BCD_add_cnt.sim/sim_1/behav/xsim'
INFO: [SIM-utils-51] Simulation object is 'sim_1'
INFO: [SIM-utils-54] Inspecting design source files for 'sim_bcd_cnt60' in fileset 'sim_1'...
INFO: [USF-XSim-97] Finding global include files...
INFO: [USF-XSim-98] Fetching design files from 'sim_1'...
INFO: [USF-XSim-2] XSim::Compile design
INFO: [USF-XSim-61] Executing 'COMPILE and ANALYZE' step in 'D:/my_homework/my_vivado_practice/BCD_add_cnt/BCD_add_cnt.sim/sim_1/behav/xsim'
"xvlog --incr --relax -prj sim_bcd_cnt60_vlog.prj"
INFO: [USF-XSim-69] 'compile' step finished in '1' seconds
INFO: [USF-XSim-3] XSim::Elaborate design
INFO: [USF-XSim-61] Executing 'ELABORATE' step in 'D:/my_homework/my_vivado_practice/BCD_add_cnt/BCD_add_cnt.sim/sim_1/behav/xsim'
Vivado Simulator 2018.3
Copyright 1986-1999, 2001-2018 Xilinx, Inc. All Rights Reserved.
Running: D:/Xilinx/Vivado/2018.3/bin/unwrapped/win64.o/xelab.exe -wto 99bc413d016449cfacbefd6f15b4db13 --incr --debug typical --relax --mt 2 -L xil_defaultlib -L unisims_ver -L unimacro_ver -L secureip --snapshot sim_bcd_cnt60_behav xil_defaultlib.sim_bcd_cnt60 xil_defaultlib.glbl -log elaborate.log 
Using 2 slave threads.
Starting static elaboration
ERROR: [VRFC 10-3180] cannot find port 'x' on this module [D:/my_homework/my_vivado_practice/BCD_add_cnt/BCD_add_cnt.srcs/sim_1/new/sim_bcd_cnt60.v:37]
ERROR: [VRFC 10-3180] cannot find port 'flag' on this module [D:/my_homework/my_vivado_practice/BCD_add_cnt/BCD_add_cnt.srcs/sources_1/new/BCD_cnt_digit.v:50]
ERROR: [VRFC 10-3180] cannot find port 'key_p_flag' on this module [D:/my_homework/my_vivado_practice/BCD_add_cnt/BCD_add_cnt.srcs/sources_1/new/BCD_cnt_digit.v:49]
ERROR: [VRFC 10-3180] cannot find port 'key_p_flag_r' on this module [D:/my_homework/my_vivado_practice/BCD_add_cnt/BCD_add_cnt.srcs/sources_1/new/BCD_cnt_digit.v:48]
ERROR: [VRFC 10-3180] cannot find port 'flag' on this module [D:/my_homework/my_vivado_practice/BCD_add_cnt/BCD_add_cnt.srcs/sources_1/new/BCD_cnt_digit.v:59]
ERROR: [VRFC 10-3180] cannot find port 'key_p_flag' on this module [D:/my_homework/my_vivado_practice/BCD_add_cnt/BCD_add_cnt.srcs/sources_1/new/BCD_cnt_digit.v:58]
ERROR: [VRFC 10-3180] cannot find port 'key_p_flag_r' on this module [D:/my_homework/my_vivado_practice/BCD_add_cnt/BCD_add_cnt.srcs/sources_1/new/BCD_cnt_digit.v:57]
ERROR: [XSIM 43-3322] Static elaboration of top level Verilog design unit(s) in library work failed.
INFO: [USF-XSim-69] 'elaborate' step finished in '1' seconds
INFO: [USF-XSim-99] Step results log file:'D:/my_homework/my_vivado_practice/BCD_add_cnt/BCD_add_cnt.sim/sim_1/behav/xsim/elaborate.log'
ERROR: [USF-XSim-62] 'elaborate' step failed with error(s). Please check the Tcl console output or 'D:/my_homework/my_vivado_practice/BCD_add_cnt/BCD_add_cnt.sim/sim_1/behav/xsim/elaborate.log' file for more information.
ERROR: [Vivado 12-4473] Detected error while running simulation. Please correct the issue and retry this operation.
ERROR: [Common 17-39] 'launch_simulation' failed due to earlier errors.
launch_simulation
INFO: [Vivado 12-5682] Launching behavioral simulation in 'D:/my_homework/my_vivado_practice/BCD_add_cnt/BCD_add_cnt.sim/sim_1/behav/xsim'
INFO: [SIM-utils-51] Simulation object is 'sim_1'
INFO: [SIM-utils-54] Inspecting design source files for 'sim_bcd_cnt60' in fileset 'sim_1'...
INFO: [USF-XSim-97] Finding global include files...
INFO: [USF-XSim-98] Fetching design files from 'sim_1'...
INFO: [USF-XSim-2] XSim::Compile design
INFO: [USF-XSim-61] Executing 'COMPILE and ANALYZE' step in 'D:/my_homework/my_vivado_practice/BCD_add_cnt/BCD_add_cnt.sim/sim_1/behav/xsim'
"xvlog --incr --relax -prj sim_bcd_cnt60_vlog.prj"
INFO: [VRFC 10-2263] Analyzing Verilog file "D:/my_homework/my_vivado_practice/BCD_add_cnt/BCD_add_cnt.srcs/sources_1/new/BCD_cnt_digit.v" into library xil_defaultlib
INFO: [VRFC 10-311] analyzing module BCD_cnt_digit
INFO: [VRFC 10-2263] Analyzing Verilog file "D:/my_homework/my_vivado_practice/BCD_add_cnt/BCD_add_cnt.srcs/sources_1/new/key_debounce.v" into library xil_defaultlib
INFO: [VRFC 10-311] analyzing module key_debounce
INFO: [VRFC 10-2263] Analyzing Verilog file "D:/my_homework/my_vivado_practice/BCD_add_cnt/BCD_add_cnt.srcs/sources_1/new/sec_pule.v" into library xil_defaultlib
INFO: [VRFC 10-311] analyzing module sec_pulse
INFO: [VRFC 10-2263] Analyzing Verilog file "D:/my_homework/my_vivado_practice/BCD_add_cnt/BCD_add_cnt.srcs/sources_1/new/show.v" into library xil_defaultlib
INFO: [VRFC 10-311] analyzing module show
INFO: [VRFC 10-2263] Analyzing Verilog file "D:/my_homework/my_vivado_practice/BCD_add_cnt/BCD_add_cnt.srcs/sim_1/new/sim_bcd_cnt60.v" into library xil_defaultlib
INFO: [VRFC 10-311] analyzing module sim_bcd_cnt60
INFO: [USF-XSim-69] 'compile' step finished in '1' seconds
INFO: [USF-XSim-3] XSim::Elaborate design
INFO: [USF-XSim-61] Executing 'ELABORATE' step in 'D:/my_homework/my_vivado_practice/BCD_add_cnt/BCD_add_cnt.sim/sim_1/behav/xsim'
Vivado Simulator 2018.3
Copyright 1986-1999, 2001-2018 Xilinx, Inc. All Rights Reserved.
Running: D:/Xilinx/Vivado/2018.3/bin/unwrapped/win64.o/xelab.exe -wto 99bc413d016449cfacbefd6f15b4db13 --incr --debug typical --relax --mt 2 -L xil_defaultlib -L unisims_ver -L unimacro_ver -L secureip --snapshot sim_bcd_cnt60_behav xil_defaultlib.sim_bcd_cnt60 xil_defaultlib.glbl -log elaborate.log 
Using 2 slave threads.
Starting static elaboration
ERROR: [VRFC 10-3180] cannot find port 'x' on this module [D:/my_homework/my_vivado_practice/BCD_add_cnt/BCD_add_cnt.srcs/sim_1/new/sim_bcd_cnt60.v:39]
ERROR: [VRFC 10-3180] cannot find port 'flag' on this module [D:/my_homework/my_vivado_practice/BCD_add_cnt/BCD_add_cnt.srcs/sources_1/new/BCD_cnt_digit.v:50]
ERROR: [VRFC 10-3180] cannot find port 'key_p_flag' on this module [D:/my_homework/my_vivado_practice/BCD_add_cnt/BCD_add_cnt.srcs/sources_1/new/BCD_cnt_digit.v:49]
ERROR: [VRFC 10-3180] cannot find port 'key_p_flag_r' on this module [D:/my_homework/my_vivado_practice/BCD_add_cnt/BCD_add_cnt.srcs/sources_1/new/BCD_cnt_digit.v:48]
ERROR: [VRFC 10-3180] cannot find port 'flag' on this module [D:/my_homework/my_vivado_practice/BCD_add_cnt/BCD_add_cnt.srcs/sources_1/new/BCD_cnt_digit.v:59]
ERROR: [VRFC 10-3180] cannot find port 'key_p_flag' on this module [D:/my_homework/my_vivado_practice/BCD_add_cnt/BCD_add_cnt.srcs/sources_1/new/BCD_cnt_digit.v:58]
ERROR: [VRFC 10-3180] cannot find port 'key_p_flag_r' on this module [D:/my_homework/my_vivado_practice/BCD_add_cnt/BCD_add_cnt.srcs/sources_1/new/BCD_cnt_digit.v:57]
ERROR: [XSIM 43-3322] Static elaboration of top level Verilog design unit(s) in library work failed.
INFO: [USF-XSim-69] 'elaborate' step finished in '1' seconds
INFO: [USF-XSim-99] Step results log file:'D:/my_homework/my_vivado_practice/BCD_add_cnt/BCD_add_cnt.sim/sim_1/behav/xsim/elaborate.log'
ERROR: [USF-XSim-62] 'elaborate' step failed with error(s). Please check the Tcl console output or 'D:/my_homework/my_vivado_practice/BCD_add_cnt/BCD_add_cnt.sim/sim_1/behav/xsim/elaborate.log' file for more information.
ERROR: [Vivado 12-4473] Detected error while running simulation. Please correct the issue and retry this operation.
ERROR: [Common 17-39] 'launch_simulation' failed due to earlier errors.
launch_simulation
INFO: [Vivado 12-5682] Launching behavioral simulation in 'D:/my_homework/my_vivado_practice/BCD_add_cnt/BCD_add_cnt.sim/sim_1/behav/xsim'
INFO: [SIM-utils-51] Simulation object is 'sim_1'
INFO: [SIM-utils-54] Inspecting design source files for 'sim_bcd_cnt60' in fileset 'sim_1'...
INFO: [USF-XSim-97] Finding global include files...
INFO: [USF-XSim-98] Fetching design files from 'sim_1'...
INFO: [USF-XSim-2] XSim::Compile design
INFO: [USF-XSim-61] Executing 'COMPILE and ANALYZE' step in 'D:/my_homework/my_vivado_practice/BCD_add_cnt/BCD_add_cnt.sim/sim_1/behav/xsim'
"xvlog --incr --relax -prj sim_bcd_cnt60_vlog.prj"
INFO: [VRFC 10-2263] Analyzing Verilog file "D:/my_homework/my_vivado_practice/BCD_add_cnt/BCD_add_cnt.srcs/sim_1/new/sim_bcd_cnt60.v" into library xil_defaultlib
INFO: [VRFC 10-311] analyzing module sim_bcd_cnt60
INFO: [USF-XSim-69] 'compile' step finished in '1' seconds
INFO: [USF-XSim-3] XSim::Elaborate design
INFO: [USF-XSim-61] Executing 'ELABORATE' step in 'D:/my_homework/my_vivado_practice/BCD_add_cnt/BCD_add_cnt.sim/sim_1/behav/xsim'
Vivado Simulator 2018.3
Copyright 1986-1999, 2001-2018 Xilinx, Inc. All Rights Reserved.
Running: D:/Xilinx/Vivado/2018.3/bin/unwrapped/win64.o/xelab.exe -wto 99bc413d016449cfacbefd6f15b4db13 --incr --debug typical --relax --mt 2 -L xil_defaultlib -L unisims_ver -L unimacro_ver -L secureip --snapshot sim_bcd_cnt60_behav xil_defaultlib.sim_bcd_cnt60 xil_defaultlib.glbl -log elaborate.log 
Using 2 slave threads.
Starting static elaboration
Completed static elaboration
Starting simulation data flow analysis
Completed simulation data flow analysis
Time Resolution for simulation is 1ps
Compiling module xil_defaultlib.sim_bcd_cnt60
Compiling module xil_defaultlib.glbl
Built simulation snapshot sim_bcd_cnt60_behav

****** Webtalk v2018.3 (64-bit)
  **** SW Build 2405991 on Thu Dec  6 23:38:27 MST 2018
  **** IP Build 2404404 on Fri Dec  7 01:43:56 MST 2018
    ** Copyright 1986-2018 Xilinx, Inc. All Rights Reserved.

source D:/my_homework/my_vivado_practice/BCD_add_cnt/BCD_add_cnt.sim/sim_1/behav/xsim/xsim.dir/sim_bcd_cnt60_behav/webtalk/xsim_webtalk.tcl -notrace
INFO: [Common 17-206] Exiting Webtalk at Mon Apr 22 11:56:34 2024...
INFO: [USF-XSim-69] 'elaborate' step finished in '4' seconds
INFO: [USF-XSim-4] XSim::Simulate design
INFO: [USF-XSim-61] Executing 'SIMULATE' step in 'D:/my_homework/my_vivado_practice/BCD_add_cnt/BCD_add_cnt.sim/sim_1/behav/xsim'
INFO: [USF-XSim-98] *** Running xsim
   with args "sim_bcd_cnt60_behav -key {Behavioral:sim_1:Functional:sim_bcd_cnt60} -tclbatch {sim_bcd_cnt60.tcl} -log {simulate.log}"
INFO: [USF-XSim-8] Loading simulator feature
Vivado Simulator 2018.3
Time resolution is 1 ps
source sim_bcd_cnt60.tcl
# set curr_wave [current_wave_config]
# if { [string length $curr_wave] == 0 } {
#   if { [llength [get_objects]] > 0} {
#     add_wave /
#     set_property needs_save false [current_wave_config]
#   } else {
#      send_msg_id Add_Wave-1 WARNING "No top level signals found. Simulator will start without a wave window. If you want to open a wave window go to 'File->New Waveform Configuration' or type 'create_wave_config' in the TCL console."
#   }
# }
# run 1000ns
INFO: [USF-XSim-96] XSim completed. Design snapshot 'sim_bcd_cnt60_behav' loaded.
INFO: [USF-XSim-97] XSim simulation ran for 1000ns
launch_simulation: Time (s): cpu = 00:00:03 ; elapsed = 00:00:10 . Memory (MB): peak = 803.695 ; gain = 29.758
close_sim
INFO: [Simtcl 6-16] Simulation closed
launch_simulation
INFO: [Vivado 12-5682] Launching behavioral simulation in 'D:/my_homework/my_vivado_practice/BCD_add_cnt/BCD_add_cnt.sim/sim_1/behav/xsim'
INFO: [SIM-utils-51] Simulation object is 'sim_1'
INFO: [SIM-utils-54] Inspecting design source files for 'sim_bcd_cnt60' in fileset 'sim_1'...
INFO: [USF-XSim-97] Finding global include files...
INFO: [USF-XSim-98] Fetching design files from 'sim_1'...
INFO: [USF-XSim-2] XSim::Compile design
INFO: [USF-XSim-61] Executing 'COMPILE and ANALYZE' step in 'D:/my_homework/my_vivado_practice/BCD_add_cnt/BCD_add_cnt.sim/sim_1/behav/xsim'
"xvlog --incr --relax -prj sim_bcd_cnt60_vlog.prj"
INFO: [VRFC 10-2263] Analyzing Verilog file "D:/my_homework/my_vivado_practice/BCD_add_cnt/BCD_add_cnt.srcs/sources_1/new/BCD_cnt_digit.v" into library xil_defaultlib
INFO: [VRFC 10-311] analyzing module BCD_cnt_digit
INFO: [VRFC 10-2263] Analyzing Verilog file "D:/my_homework/my_vivado_practice/BCD_add_cnt/BCD_add_cnt.srcs/sources_1/new/key_debounce.v" into library xil_defaultlib
INFO: [VRFC 10-311] analyzing module key_debounce
INFO: [VRFC 10-2263] Analyzing Verilog file "D:/my_homework/my_vivado_practice/BCD_add_cnt/BCD_add_cnt.srcs/sources_1/new/sec_pule.v" into library xil_defaultlib
INFO: [VRFC 10-311] analyzing module sec_pulse
INFO: [VRFC 10-2263] Analyzing Verilog file "D:/my_homework/my_vivado_practice/BCD_add_cnt/BCD_add_cnt.srcs/sources_1/new/show.v" into library xil_defaultlib
INFO: [VRFC 10-311] analyzing module show
INFO: [VRFC 10-2263] Analyzing Verilog file "D:/my_homework/my_vivado_practice/BCD_add_cnt/BCD_add_cnt.srcs/sim_1/new/sim_bcd_cnt60.v" into library xil_defaultlib
INFO: [VRFC 10-311] analyzing module sim_bcd_cnt60
INFO: [USF-XSim-69] 'compile' step finished in '1' seconds
INFO: [USF-XSim-3] XSim::Elaborate design
INFO: [USF-XSim-61] Executing 'ELABORATE' step in 'D:/my_homework/my_vivado_practice/BCD_add_cnt/BCD_add_cnt.sim/sim_1/behav/xsim'
Vivado Simulator 2018.3
Copyright 1986-1999, 2001-2018 Xilinx, Inc. All Rights Reserved.
Running: D:/Xilinx/Vivado/2018.3/bin/unwrapped/win64.o/xelab.exe -wto 99bc413d016449cfacbefd6f15b4db13 --incr --debug typical --relax --mt 2 -L xil_defaultlib -L unisims_ver -L unimacro_ver -L secureip --snapshot sim_bcd_cnt60_behav xil_defaultlib.sim_bcd_cnt60 xil_defaultlib.glbl -log elaborate.log 
Using 2 slave threads.
Starting static elaboration
ERROR: [VRFC 10-3180] cannot find port 'flag' on this module [D:/my_homework/my_vivado_practice/BCD_add_cnt/BCD_add_cnt.srcs/sources_1/new/BCD_cnt_digit.v:50]
ERROR: [VRFC 10-3180] cannot find port 'key_p_flag' on this module [D:/my_homework/my_vivado_practice/BCD_add_cnt/BCD_add_cnt.srcs/sources_1/new/BCD_cnt_digit.v:49]
ERROR: [VRFC 10-3180] cannot find port 'key_p_flag_r' on this module [D:/my_homework/my_vivado_practice/BCD_add_cnt/BCD_add_cnt.srcs/sources_1/new/BCD_cnt_digit.v:48]
ERROR: [VRFC 10-3180] cannot find port 'flag' on this module [D:/my_homework/my_vivado_practice/BCD_add_cnt/BCD_add_cnt.srcs/sources_1/new/BCD_cnt_digit.v:59]
ERROR: [VRFC 10-3180] cannot find port 'key_p_flag' on this module [D:/my_homework/my_vivado_practice/BCD_add_cnt/BCD_add_cnt.srcs/sources_1/new/BCD_cnt_digit.v:58]
ERROR: [VRFC 10-3180] cannot find port 'key_p_flag_r' on this module [D:/my_homework/my_vivado_practice/BCD_add_cnt/BCD_add_cnt.srcs/sources_1/new/BCD_cnt_digit.v:57]
ERROR: [XSIM 43-3322] Static elaboration of top level Verilog design unit(s) in library work failed.
INFO: [USF-XSim-69] 'elaborate' step finished in '1' seconds
INFO: [USF-XSim-99] Step results log file:'D:/my_homework/my_vivado_practice/BCD_add_cnt/BCD_add_cnt.sim/sim_1/behav/xsim/elaborate.log'
ERROR: [USF-XSim-62] 'elaborate' step failed with error(s). Please check the Tcl console output or 'D:/my_homework/my_vivado_practice/BCD_add_cnt/BCD_add_cnt.sim/sim_1/behav/xsim/elaborate.log' file for more information.
ERROR: [Vivado 12-4473] Detected error while running simulation. Please correct the issue and retry this operation.
ERROR: [Common 17-39] 'launch_simulation' failed due to earlier errors.
launch_simulation
INFO: [Vivado 12-5682] Launching behavioral simulation in 'D:/my_homework/my_vivado_practice/BCD_add_cnt/BCD_add_cnt.sim/sim_1/behav/xsim'
INFO: [SIM-utils-51] Simulation object is 'sim_1'
INFO: [SIM-utils-54] Inspecting design source files for 'sim_bcd_cnt60' in fileset 'sim_1'...
INFO: [USF-XSim-97] Finding global include files...
INFO: [USF-XSim-98] Fetching design files from 'sim_1'...
INFO: [USF-XSim-2] XSim::Compile design
INFO: [USF-XSim-61] Executing 'COMPILE and ANALYZE' step in 'D:/my_homework/my_vivado_practice/BCD_add_cnt/BCD_add_cnt.sim/sim_1/behav/xsim'
"xvlog --incr --relax -prj sim_bcd_cnt60_vlog.prj"
INFO: [USF-XSim-69] 'compile' step finished in '1' seconds
INFO: [USF-XSim-3] XSim::Elaborate design
INFO: [USF-XSim-61] Executing 'ELABORATE' step in 'D:/my_homework/my_vivado_practice/BCD_add_cnt/BCD_add_cnt.sim/sim_1/behav/xsim'
Vivado Simulator 2018.3
Copyright 1986-1999, 2001-2018 Xilinx, Inc. All Rights Reserved.
Running: D:/Xilinx/Vivado/2018.3/bin/unwrapped/win64.o/xelab.exe -wto 99bc413d016449cfacbefd6f15b4db13 --incr --debug typical --relax --mt 2 -L xil_defaultlib -L unisims_ver -L unimacro_ver -L secureip --snapshot sim_bcd_cnt60_behav xil_defaultlib.sim_bcd_cnt60 xil_defaultlib.glbl -log elaborate.log 
Using 2 slave threads.
Starting static elaboration
ERROR: [VRFC 10-3180] cannot find port 'flag' on this module [D:/my_homework/my_vivado_practice/BCD_add_cnt/BCD_add_cnt.srcs/sources_1/new/BCD_cnt_digit.v:50]
ERROR: [VRFC 10-3180] cannot find port 'key_p_flag' on this module [D:/my_homework/my_vivado_practice/BCD_add_cnt/BCD_add_cnt.srcs/sources_1/new/BCD_cnt_digit.v:49]
ERROR: [VRFC 10-3180] cannot find port 'key_p_flag_r' on this module [D:/my_homework/my_vivado_practice/BCD_add_cnt/BCD_add_cnt.srcs/sources_1/new/BCD_cnt_digit.v:48]
ERROR: [VRFC 10-3180] cannot find port 'flag' on this module [D:/my_homework/my_vivado_practice/BCD_add_cnt/BCD_add_cnt.srcs/sources_1/new/BCD_cnt_digit.v:59]
ERROR: [VRFC 10-3180] cannot find port 'key_p_flag' on this module [D:/my_homework/my_vivado_practice/BCD_add_cnt/BCD_add_cnt.srcs/sources_1/new/BCD_cnt_digit.v:58]
ERROR: [VRFC 10-3180] cannot find port 'key_p_flag_r' on this module [D:/my_homework/my_vivado_practice/BCD_add_cnt/BCD_add_cnt.srcs/sources_1/new/BCD_cnt_digit.v:57]
ERROR: [XSIM 43-3322] Static elaboration of top level Verilog design unit(s) in library work failed.
INFO: [USF-XSim-69] 'elaborate' step finished in '1' seconds
INFO: [USF-XSim-99] Step results log file:'D:/my_homework/my_vivado_practice/BCD_add_cnt/BCD_add_cnt.sim/sim_1/behav/xsim/elaborate.log'
ERROR: [USF-XSim-62] 'elaborate' step failed with error(s). Please check the Tcl console output or 'D:/my_homework/my_vivado_practice/BCD_add_cnt/BCD_add_cnt.sim/sim_1/behav/xsim/elaborate.log' file for more information.
ERROR: [Vivado 12-4473] Detected error while running simulation. Please correct the issue and retry this operation.
ERROR: [Common 17-39] 'launch_simulation' failed due to earlier errors.
update_compile_order -fileset sources_1
launch_simulation
INFO: [Vivado 12-5682] Launching behavioral simulation in 'D:/my_homework/my_vivado_practice/BCD_add_cnt/BCD_add_cnt.sim/sim_1/behav/xsim'
INFO: [SIM-utils-51] Simulation object is 'sim_1'
INFO: [SIM-utils-54] Inspecting design source files for 'sim_bcd_cnt60' in fileset 'sim_1'...
INFO: [USF-XSim-97] Finding global include files...
INFO: [USF-XSim-98] Fetching design files from 'sim_1'...
INFO: [USF-XSim-2] XSim::Compile design
INFO: [USF-XSim-61] Executing 'COMPILE and ANALYZE' step in 'D:/my_homework/my_vivado_practice/BCD_add_cnt/BCD_add_cnt.sim/sim_1/behav/xsim'
"xvlog --incr --relax -prj sim_bcd_cnt60_vlog.prj"
INFO: [VRFC 10-2263] Analyzing Verilog file "D:/my_homework/my_vivado_practice/BCD_add_cnt/BCD_add_cnt.srcs/sources_1/new/cnt60.v" into library xil_defaultlib
INFO: [VRFC 10-311] analyzing module cnt60
INFO: [USF-XSim-69] 'compile' step finished in '1' seconds
INFO: [USF-XSim-3] XSim::Elaborate design
INFO: [USF-XSim-61] Executing 'ELABORATE' step in 'D:/my_homework/my_vivado_practice/BCD_add_cnt/BCD_add_cnt.sim/sim_1/behav/xsim'
Vivado Simulator 2018.3
Copyright 1986-1999, 2001-2018 Xilinx, Inc. All Rights Reserved.
Running: D:/Xilinx/Vivado/2018.3/bin/unwrapped/win64.o/xelab.exe -wto 99bc413d016449cfacbefd6f15b4db13 --incr --debug typical --relax --mt 2 -L xil_defaultlib -L unisims_ver -L unimacro_ver -L secureip --snapshot sim_bcd_cnt60_behav xil_defaultlib.sim_bcd_cnt60 xil_defaultlib.glbl -log elaborate.log 
Using 2 slave threads.
Starting static elaboration
Completed static elaboration
Starting simulation data flow analysis
Completed simulation data flow analysis
Time Resolution for simulation is 1ps
Compiling module xil_defaultlib.sec_pulse
Compiling module xil_defaultlib.cnt60
Compiling module xil_defaultlib.show
Compiling module xil_defaultlib.key_debounce
Compiling module xil_defaultlib.BCD_cnt_digit
Compiling module xil_defaultlib.sim_bcd_cnt60
Compiling module xil_defaultlib.glbl
Built simulation snapshot sim_bcd_cnt60_behav
INFO: [USF-XSim-69] 'elaborate' step finished in '1' seconds
INFO: [USF-XSim-4] XSim::Simulate design
INFO: [USF-XSim-61] Executing 'SIMULATE' step in 'D:/my_homework/my_vivado_practice/BCD_add_cnt/BCD_add_cnt.sim/sim_1/behav/xsim'
INFO: [USF-XSim-98] *** Running xsim
   with args "sim_bcd_cnt60_behav -key {Behavioral:sim_1:Functional:sim_bcd_cnt60} -tclbatch {sim_bcd_cnt60.tcl} -log {simulate.log}"
INFO: [USF-XSim-8] Loading simulator feature
Vivado Simulator 2018.3
Time resolution is 1 ps
source sim_bcd_cnt60.tcl
# set curr_wave [current_wave_config]
# if { [string length $curr_wave] == 0 } {
#   if { [llength [get_objects]] > 0} {
#     add_wave /
#     set_property needs_save false [current_wave_config]
#   } else {
#      send_msg_id Add_Wave-1 WARNING "No top level signals found. Simulator will start without a wave window. If you want to open a wave window go to 'File->New Waveform Configuration' or type 'create_wave_config' in the TCL console."
#   }
# }
# run 1000ns
INFO: [USF-XSim-96] XSim completed. Design snapshot 'sim_bcd_cnt60_behav' loaded.
INFO: [USF-XSim-97] XSim simulation ran for 1000ns
launch_simulation: Time (s): cpu = 00:00:03 ; elapsed = 00:00:07 . Memory (MB): peak = 803.695 ; gain = 0.000
restart
INFO: [Simtcl 6-17] Simulation restarted
restart
INFO: [Simtcl 6-17] Simulation restarted
run 20 us
restart
INFO: [Simtcl 6-17] Simulation restarted
run 10 us
restart
INFO: [Simtcl 6-17] Simulation restarted
run 10 us
close_sim
INFO: [Simtcl 6-16] Simulation closed
launch_simulation
INFO: [Vivado 12-5682] Launching behavioral simulation in 'D:/my_homework/my_vivado_practice/BCD_add_cnt/BCD_add_cnt.sim/sim_1/behav/xsim'
INFO: [SIM-utils-51] Simulation object is 'sim_1'
INFO: [SIM-utils-54] Inspecting design source files for 'sim_bcd_cnt60' in fileset 'sim_1'...
INFO: [USF-XSim-97] Finding global include files...
INFO: [USF-XSim-98] Fetching design files from 'sim_1'...
INFO: [USF-XSim-2] XSim::Compile design
INFO: [USF-XSim-61] Executing 'COMPILE and ANALYZE' step in 'D:/my_homework/my_vivado_practice/BCD_add_cnt/BCD_add_cnt.sim/sim_1/behav/xsim'
"xvlog --incr --relax -prj sim_bcd_cnt60_vlog.prj"
INFO: [VRFC 10-2263] Analyzing Verilog file "D:/my_homework/my_vivado_practice/BCD_add_cnt/BCD_add_cnt.srcs/sources_1/new/BCD_cnt_digit.v" into library xil_defaultlib
INFO: [VRFC 10-311] analyzing module BCD_cnt_digit
INFO: [VRFC 10-2263] Analyzing Verilog file "D:/my_homework/my_vivado_practice/BCD_add_cnt/BCD_add_cnt.srcs/sources_1/new/cnt60.v" into library xil_defaultlib
INFO: [VRFC 10-311] analyzing module cnt60
INFO: [VRFC 10-2263] Analyzing Verilog file "D:/my_homework/my_vivado_practice/BCD_add_cnt/BCD_add_cnt.srcs/sources_1/new/key_debounce.v" into library xil_defaultlib
INFO: [VRFC 10-311] analyzing module key_debounce
INFO: [VRFC 10-2263] Analyzing Verilog file "D:/my_homework/my_vivado_practice/BCD_add_cnt/BCD_add_cnt.srcs/sources_1/new/sec_pule.v" into library xil_defaultlib
INFO: [VRFC 10-311] analyzing module sec_pulse
INFO: [VRFC 10-2263] Analyzing Verilog file "D:/my_homework/my_vivado_practice/BCD_add_cnt/BCD_add_cnt.srcs/sources_1/new/show.v" into library xil_defaultlib
INFO: [VRFC 10-311] analyzing module show
INFO: [VRFC 10-2263] Analyzing Verilog file "D:/my_homework/my_vivado_practice/BCD_add_cnt/BCD_add_cnt.srcs/sim_1/new/sim_bcd_cnt60.v" into library xil_defaultlib
INFO: [VRFC 10-311] analyzing module sim_bcd_cnt60
INFO: [USF-XSim-69] 'compile' step finished in '1' seconds
INFO: [USF-XSim-3] XSim::Elaborate design
INFO: [USF-XSim-61] Executing 'ELABORATE' step in 'D:/my_homework/my_vivado_practice/BCD_add_cnt/BCD_add_cnt.sim/sim_1/behav/xsim'
Vivado Simulator 2018.3
Copyright 1986-1999, 2001-2018 Xilinx, Inc. All Rights Reserved.
Running: D:/Xilinx/Vivado/2018.3/bin/unwrapped/win64.o/xelab.exe -wto 99bc413d016449cfacbefd6f15b4db13 --incr --debug typical --relax --mt 2 -L xil_defaultlib -L unisims_ver -L unimacro_ver -L secureip --snapshot sim_bcd_cnt60_behav xil_defaultlib.sim_bcd_cnt60 xil_defaultlib.glbl -log elaborate.log 
Using 2 slave threads.
Starting static elaboration
Completed static elaboration
Starting simulation data flow analysis
Completed simulation data flow analysis
Time Resolution for simulation is 1ps
Compiling module xil_defaultlib.sec_pulse
Compiling module xil_defaultlib.cnt60
Compiling module xil_defaultlib.show
Compiling module xil_defaultlib.key_debounce
Compiling module xil_defaultlib.BCD_cnt_digit
Compiling module xil_defaultlib.sim_bcd_cnt60
Compiling module xil_defaultlib.glbl
Built simulation snapshot sim_bcd_cnt60_behav
INFO: [USF-XSim-69] 'elaborate' step finished in '1' seconds
INFO: [USF-XSim-4] XSim::Simulate design
INFO: [USF-XSim-61] Executing 'SIMULATE' step in 'D:/my_homework/my_vivado_practice/BCD_add_cnt/BCD_add_cnt.sim/sim_1/behav/xsim'
INFO: [USF-XSim-98] *** Running xsim
   with args "sim_bcd_cnt60_behav -key {Behavioral:sim_1:Functional:sim_bcd_cnt60} -tclbatch {sim_bcd_cnt60.tcl} -log {simulate.log}"
INFO: [USF-XSim-8] Loading simulator feature
Vivado Simulator 2018.3
Time resolution is 1 ps
source sim_bcd_cnt60.tcl
# set curr_wave [current_wave_config]
# if { [string length $curr_wave] == 0 } {
#   if { [llength [get_objects]] > 0} {
#     add_wave /
#     set_property needs_save false [current_wave_config]
#   } else {
#      send_msg_id Add_Wave-1 WARNING "No top level signals found. Simulator will start without a wave window. If you want to open a wave window go to 'File->New Waveform Configuration' or type 'create_wave_config' in the TCL console."
#   }
# }
# run 1000ns
INFO: [USF-XSim-96] XSim completed. Design snapshot 'sim_bcd_cnt60_behav' loaded.
INFO: [USF-XSim-97] XSim simulation ran for 1000ns
launch_simulation: Time (s): cpu = 00:00:01 ; elapsed = 00:00:05 . Memory (MB): peak = 810.293 ; gain = 0.000
restart
INFO: [Simtcl 6-17] Simulation restarted
run 10 us
restart
INFO: [Simtcl 6-17] Simulation restarted
run 10 us
restart
INFO: [Simtcl 6-17] Simulation restarted
run 10 us
restart
INFO: [Simtcl 6-17] Simulation restarted
run 10 us
synth_design -rtl -name rtl_1
Command: synth_design -rtl -name rtl_1
Starting synth_design
Using part: xc7a35tcsg324-1
Top: BCD_cnt_digit
---------------------------------------------------------------------------------
Starting RTL Elaboration : Time (s): cpu = 00:00:03 ; elapsed = 00:00:03 . Memory (MB): peak = 888.523 ; gain = 78.230
---------------------------------------------------------------------------------
INFO: [Synth 8-6157] synthesizing module 'BCD_cnt_digit' [D:/my_homework/my_vivado_practice/BCD_add_cnt/BCD_add_cnt.srcs/sources_1/new/BCD_cnt_digit.v:23]
INFO: [Synth 8-6157] synthesizing module 'sec_pulse' [D:/my_homework/my_vivado_practice/BCD_add_cnt/BCD_add_cnt.srcs/sources_1/new/sec_pule.v:23]
	Parameter period bound to: 10 - type: integer 
INFO: [Synth 8-6155] done synthesizing module 'sec_pulse' (1#1) [D:/my_homework/my_vivado_practice/BCD_add_cnt/BCD_add_cnt.srcs/sources_1/new/sec_pule.v:23]
INFO: [Synth 8-6157] synthesizing module 'cnt60' [D:/my_homework/my_vivado_practice/BCD_add_cnt/BCD_add_cnt.srcs/sources_1/new/cnt60.v:23]
INFO: [Synth 8-6155] done synthesizing module 'cnt60' (2#1) [D:/my_homework/my_vivado_practice/BCD_add_cnt/BCD_add_cnt.srcs/sources_1/new/cnt60.v:23]
INFO: [Synth 8-6157] synthesizing module 'show' [D:/my_homework/my_vivado_practice/BCD_add_cnt/BCD_add_cnt.srcs/sources_1/new/show.v:23]
INFO: [Synth 8-226] default block is never used [D:/my_homework/my_vivado_practice/BCD_add_cnt/BCD_add_cnt.srcs/sources_1/new/show.v:62]
INFO: [Synth 8-226] default block is never used [D:/my_homework/my_vivado_practice/BCD_add_cnt/BCD_add_cnt.srcs/sources_1/new/show.v:84]
INFO: [Synth 8-226] default block is never used [D:/my_homework/my_vivado_practice/BCD_add_cnt/BCD_add_cnt.srcs/sources_1/new/show.v:105]
INFO: [Synth 8-6155] done synthesizing module 'show' (3#1) [D:/my_homework/my_vivado_practice/BCD_add_cnt/BCD_add_cnt.srcs/sources_1/new/show.v:23]
INFO: [Synth 8-6157] synthesizing module 'key_debounce' [D:/my_homework/my_vivado_practice/BCD_add_cnt/BCD_add_cnt.srcs/sources_1/new/key_debounce.v:23]
	Parameter DELAY_YIME bound to: 21'b101101110001101100000 
WARNING: [Synth 8-6014] Unused sequential element key_value_reg was removed.  [D:/my_homework/my_vivado_practice/BCD_add_cnt/BCD_add_cnt.srcs/sources_1/new/key_debounce.v:50]
WARNING: [Synth 8-6014] Unused sequential element key_n_flag_reg was removed.  [D:/my_homework/my_vivado_practice/BCD_add_cnt/BCD_add_cnt.srcs/sources_1/new/key_debounce.v:62]
INFO: [Synth 8-6155] done synthesizing module 'key_debounce' (4#1) [D:/my_homework/my_vivado_practice/BCD_add_cnt/BCD_add_cnt.srcs/sources_1/new/key_debounce.v:23]
INFO: [Synth 8-6155] done synthesizing module 'BCD_cnt_digit' (5#1) [D:/my_homework/my_vivado_practice/BCD_add_cnt/BCD_add_cnt.srcs/sources_1/new/BCD_cnt_digit.v:23]
---------------------------------------------------------------------------------
Finished RTL Elaboration : Time (s): cpu = 00:00:04 ; elapsed = 00:00:03 . Memory (MB): peak = 928.914 ; gain = 118.621
---------------------------------------------------------------------------------

Report Check Netlist: 
+------+------------------+-------+---------+-------+------------------+
|      |Item              |Errors |Warnings |Status |Description       |
+------+------------------+-------+---------+-------+------------------+
|1     |multi_driven_nets |      0|        0|Passed |Multi driven nets |
+------+------------------+-------+---------+-------+------------------+
---------------------------------------------------------------------------------
Start Handling Custom Attributes
---------------------------------------------------------------------------------
---------------------------------------------------------------------------------
Finished Handling Custom Attributes : Time (s): cpu = 00:00:04 ; elapsed = 00:00:04 . Memory (MB): peak = 928.914 ; gain = 118.621
---------------------------------------------------------------------------------
---------------------------------------------------------------------------------
Finished RTL Optimization Phase 1 : Time (s): cpu = 00:00:04 ; elapsed = 00:00:04 . Memory (MB): peak = 928.914 ; gain = 118.621
---------------------------------------------------------------------------------
INFO: [Device 21-403] Loading part xc7a35tcsg324-1
INFO: [Project 1-570] Preparing netlist for logic optimization

Processing XDC Constraints
Initializing timing engine
Parsing XDC File [D:/my_homework/my_vivado_practice/BCD_add_cnt/BCD_add_cnt.srcs/constrs_1/new/BCD_cnt60_digit.xdc]
Finished Parsing XDC File [D:/my_homework/my_vivado_practice/BCD_add_cnt/BCD_add_cnt.srcs/constrs_1/new/BCD_cnt60_digit.xdc]
Completed Processing XDC Constraints

INFO: [Opt 31-138] Pushed 0 inverter(s) to 0 load pin(s).
Netlist sorting complete. Time (s): cpu = 00:00:00 ; elapsed = 00:00:00 . Memory (MB): peak = 1246.520 ; gain = 0.000
INFO: [Project 1-111] Unisim Transformation Summary:
No Unisim elements were transformed.

RTL Elaboration Complete:  : Time (s): cpu = 00:00:18 ; elapsed = 00:00:15 . Memory (MB): peak = 1305.840 ; gain = 495.547
17 Infos, 2 Warnings, 0 Critical Warnings and 0 Errors encountered.
synth_design completed successfully
synth_design: Time (s): cpu = 00:00:18 ; elapsed = 00:00:15 . Memory (MB): peak = 1305.840 ; gain = 495.547
reset_run synth_1
WARNING: [Vivado 12-1017] Problems encountered:
1. Failed to delete one or more files in run directory D:/my_homework/my_vivado_practice/BCD_add_cnt/BCD_add_cnt.runs/synth_1

launch_runs synth_1 -jobs 4
[Mon Apr 22 12:07:31 2024] Launched synth_1...
Run output will be captured here: D:/my_homework/my_vivado_practice/BCD_add_cnt/BCD_add_cnt.runs/synth_1/runme.log
launch_runs impl_1 -jobs 4
[Mon Apr 22 12:08:14 2024] Launched impl_1...
Run output will be captured here: D:/my_homework/my_vivado_practice/BCD_add_cnt/BCD_add_cnt.runs/impl_1/runme.log
launch_runs impl_1 -to_step write_bitstream -jobs 4
[Mon Apr 22 12:09:30 2024] Launched impl_1...
Run output will be captured here: D:/my_homework/my_vivado_practice/BCD_add_cnt/BCD_add_cnt.runs/impl_1/runme.log
open_hw
connect_hw_server
INFO: [Labtools 27-2285] Connecting to hw_server url TCP:localhost:3121
INFO: [Labtools 27-2222] Launching hw_server...
INFO: [Labtools 27-2221] Launch Output:

****** Xilinx hw_server v2018.3
  **** Build date : Dec  7 2018-00:40:27
    ** Copyright 1986-2018 Xilinx, Inc. All Rights Reserved.


open_hw_target
INFO: [Labtoolstcl 44-466] Opening hw_target localhost:3121/xilinx_tcf/Xilinx/1234-tulA
set_property PROGRAM.FILE {D:/my_homework/my_vivado_practice/BCD_add_cnt/BCD_add_cnt.runs/impl_1/BCD_cnt_digit.bit} [get_hw_devices xc7a35t_0]
current_hw_device [get_hw_devices xc7a35t_0]
refresh_hw_device -update_hw_probes false [lindex [get_hw_devices xc7a35t_0] 0]
INFO: [Labtools 27-1434] Device xc7a35t (JTAG device index = 0) is programmed with a design that has no supported debug core(s) in it.
set_property PROBES.FILE {} [get_hw_devices xc7a35t_0]
set_property FULL_PROBES.FILE {} [get_hw_devices xc7a35t_0]
set_property PROGRAM.FILE {D:/my_homework/my_vivado_practice/BCD_add_cnt/BCD_add_cnt.runs/impl_1/BCD_cnt_digit.bit} [get_hw_devices xc7a35t_0]
program_hw_devices [get_hw_devices xc7a35t_0]
INFO: [Labtools 27-3164] End of startup status: HIGH
refresh_hw_device [lindex [get_hw_devices xc7a35t_0] 0]
INFO: [Labtools 27-1434] Device xc7a35t (JTAG device index = 0) is programmed with a design that has no supported debug core(s) in it.
ERROR: [Labtoolstcl 44-513] HW Target shutdown. Closing target: localhost:3121/xilinx_tcf/Xilinx/1234-tulA
close_sim
INFO: [Simtcl 6-16] Simulation closed
exit
INFO: [Common 17-206] Exiting Vivado at Mon Apr 22 12:15:59 2024...
