#-----------------------------------------------------------
# Vivado v2018.3 (64-bit)
# SW Build 2405991 on Thu Dec  6 23:38:27 MST 2018
# IP Build 2404404 on Fri Dec  7 01:43:56 MST 2018
# Start of session at: Mon Apr  8 11:00:50 2024
# Process ID: 4844
# Current directory: D:/my_homework/my_vivado_practice/project_practice_week7_on_class/vote_agree_mux
# Command line: vivado.exe -gui_launcher_event rodinguilauncherevent10256 D:\my_homework\my_vivado_practice\project_practice_week7_on_class\vote_agree_mux\vote_agree_mux.xpr
# Log file: D:/my_homework/my_vivado_practice/project_practice_week7_on_class/vote_agree_mux/vivado.log
# Journal file: D:/my_homework/my_vivado_practice/project_practice_week7_on_class/vote_agree_mux\vivado.jou
#-----------------------------------------------------------
start_gui
open_project D:/my_homework/my_vivado_practice/project_practice_week7_on_class/vote_agree_mux/vote_agree_mux.xpr
Scanning sources...
Finished scanning sources
INFO: [IP_Flow 19-234] Refreshing IP repositories
INFO: [IP_Flow 19-1704] No user IP repositories specified
INFO: [IP_Flow 19-2313] Loaded Vivado IP repository 'D:/Xilinx/Vivado/2018.3/data/ip'.
open_project: Time (s): cpu = 00:00:07 ; elapsed = 00:00:06 . Memory (MB): peak = 691.074 ; gain = 84.180
update_compile_order -fileset sources_1
synth_design -rtl -name rtl_1
Command: synth_design -rtl -name rtl_1
Starting synth_design
Using part: xc7a35tcsg324-1
Top: vo_ag_mu_top
---------------------------------------------------------------------------------
Starting RTL Elaboration : Time (s): cpu = 00:00:02 ; elapsed = 00:00:02 . Memory (MB): peak = 789.891 ; gain = 56.504
---------------------------------------------------------------------------------
INFO: [Synth 8-6157] synthesizing module 'vo_ag_mu_top' [D:/my_homework/my_vivado_practice/project_practice_week7_on_class/vote_agree_mux/vote_agree_mux.srcs/sources_1/new/vo_ag_mu_top.v:23]
INFO: [Synth 8-6157] synthesizing module 'volting3_ins' [D:/my_homework/my_vivado_practice/project_practice_week7_on_class/vote_agree_mux/vote_agree_mux.srcs/sources_1/new/volting3_ins.v:23]
INFO: [Synth 8-6155] done synthesizing module 'volting3_ins' (1#1) [D:/my_homework/my_vivado_practice/project_practice_week7_on_class/vote_agree_mux/vote_agree_mux.srcs/sources_1/new/volting3_ins.v:23]
INFO: [Synth 8-6157] synthesizing module 'agree3_ins' [D:/my_homework/my_vivado_practice/project_practice_week7_on_class/vote_agree_mux/vote_agree_mux.srcs/sources_1/new/agree3_ins.v:23]
INFO: [Synth 8-6155] done synthesizing module 'agree3_ins' (2#1) [D:/my_homework/my_vivado_practice/project_practice_week7_on_class/vote_agree_mux/vote_agree_mux.srcs/sources_1/new/agree3_ins.v:23]
INFO: [Synth 8-6157] synthesizing module 'mux2_1_ins' [D:/my_homework/my_vivado_practice/project_practice_week7_on_class/vote_agree_mux/vote_agree_mux.srcs/sources_1/new/mux2_1_ins.v:23]
INFO: [Synth 8-6155] done synthesizing module 'mux2_1_ins' (3#1) [D:/my_homework/my_vivado_practice/project_practice_week7_on_class/vote_agree_mux/vote_agree_mux.srcs/sources_1/new/mux2_1_ins.v:23]
INFO: [Synth 8-6155] done synthesizing module 'vo_ag_mu_top' (4#1) [D:/my_homework/my_vivado_practice/project_practice_week7_on_class/vote_agree_mux/vote_agree_mux.srcs/sources_1/new/vo_ag_mu_top.v:23]
---------------------------------------------------------------------------------
Finished RTL Elaboration : Time (s): cpu = 00:00:03 ; elapsed = 00:00:03 . Memory (MB): peak = 838.625 ; gain = 105.238
---------------------------------------------------------------------------------

Report Check Netlist: 
+------+------------------+-------+---------+-------+------------------+
|      |Item              |Errors |Warnings |Status |Description       |
+------+------------------+-------+---------+-------+------------------+
|1     |multi_driven_nets |      0|        0|Passed |Multi driven nets |
+------+------------------+-------+---------+-------+------------------+
---------------------------------------------------------------------------------
Start Handling Custom Attributes
---------------------------------------------------------------------------------
---------------------------------------------------------------------------------
Finished Handling Custom Attributes : Time (s): cpu = 00:00:03 ; elapsed = 00:00:03 . Memory (MB): peak = 838.625 ; gain = 105.238
---------------------------------------------------------------------------------
---------------------------------------------------------------------------------
Finished RTL Optimization Phase 1 : Time (s): cpu = 00:00:03 ; elapsed = 00:00:03 . Memory (MB): peak = 838.625 ; gain = 105.238
---------------------------------------------------------------------------------
INFO: [Device 21-403] Loading part xc7a35tcsg324-1
INFO: [Project 1-570] Preparing netlist for logic optimization

Processing XDC Constraints
Initializing timing engine
Completed Processing XDC Constraints

INFO: [Opt 31-138] Pushed 0 inverter(s) to 0 load pin(s).
Netlist sorting complete. Time (s): cpu = 00:00:00 ; elapsed = 00:00:00 . Memory (MB): peak = 1114.754 ; gain = 0.000
INFO: [Project 1-111] Unisim Transformation Summary:
No Unisim elements were transformed.

RTL Elaboration Complete:  : Time (s): cpu = 00:00:14 ; elapsed = 00:00:13 . Memory (MB): peak = 1219.988 ; gain = 486.602
12 Infos, 0 Warnings, 0 Critical Warnings and 0 Errors encountered.
synth_design completed successfully
synth_design: Time (s): cpu = 00:00:14 ; elapsed = 00:00:13 . Memory (MB): peak = 1219.988 ; gain = 486.602
launch_runs synth_1 -jobs 4
[Mon Apr  8 11:02:54 2024] Launched synth_1...
Run output will be captured here: D:/my_homework/my_vivado_practice/project_practice_week7_on_class/vote_agree_mux/vote_agree_mux.runs/synth_1/runme.log
open_run synth_1 -name synth_1
Design is defaulting to impl run constrset: constrs_1
Design is defaulting to synth run part: xc7a35tcsg324-1
INFO: [Project 1-479] Netlist was created with Vivado 2018.3
INFO: [Project 1-570] Preparing netlist for logic optimization
INFO: [Opt 31-138] Pushed 0 inverter(s) to 0 load pin(s).
Netlist sorting complete. Time (s): cpu = 00:00:00 ; elapsed = 00:00:00 . Memory (MB): peak = 1249.398 ; gain = 0.000
INFO: [Project 1-111] Unisim Transformation Summary:
No Unisim elements were transformed.

report_utilization -name utilization_1
file mkdir D:/my_homework/my_vivado_practice/project_practice_week7_on_class/vote_agree_mux/vote_agree_mux.srcs/constrs_1
file mkdir D:/my_homework/my_vivado_practice/project_practice_week7_on_class/vote_agree_mux/vote_agree_mux.srcs/constrs_1/new
close [ open D:/my_homework/my_vivado_practice/project_practice_week7_on_class/vote_agree_mux/vote_agree_mux.srcs/constrs_1/new/vo_ag_mu.xdc w ]
add_files -fileset constrs_1 D:/my_homework/my_vivado_practice/project_practice_week7_on_class/vote_agree_mux/vote_agree_mux.srcs/constrs_1/new/vo_ag_mu.xdc
close_design
refresh_design
INFO: [Project 1-570] Preparing netlist for logic optimization

Processing XDC Constraints
Initializing timing engine
Parsing XDC File [D:/my_homework/my_vivado_practice/project_practice_week7_on_class/vote_agree_mux/vote_agree_mux.srcs/constrs_1/new/vo_ag_mu.xdc]
Finished Parsing XDC File [D:/my_homework/my_vivado_practice/project_practice_week7_on_class/vote_agree_mux/vote_agree_mux.srcs/constrs_1/new/vo_ag_mu.xdc]
Completed Processing XDC Constraints

INFO: [Opt 31-138] Pushed 0 inverter(s) to 0 load pin(s).
refresh_design
INFO: [Project 1-570] Preparing netlist for logic optimization

Processing XDC Constraints
Initializing timing engine
Parsing XDC File [D:/my_homework/my_vivado_practice/project_practice_week7_on_class/vote_agree_mux/vote_agree_mux.srcs/constrs_1/new/vo_ag_mu.xdc]
Finished Parsing XDC File [D:/my_homework/my_vivado_practice/project_practice_week7_on_class/vote_agree_mux/vote_agree_mux.srcs/constrs_1/new/vo_ag_mu.xdc]
Completed Processing XDC Constraints

INFO: [Opt 31-138] Pushed 0 inverter(s) to 0 load pin(s).
reset_run synth_1
launch_runs impl_1 -jobs 4
[Mon Apr  8 11:14:28 2024] Launched synth_1...
Run output will be captured here: D:/my_homework/my_vivado_practice/project_practice_week7_on_class/vote_agree_mux/vote_agree_mux.runs/synth_1/runme.log
[Mon Apr  8 11:14:28 2024] Launched impl_1...
Run output will be captured here: D:/my_homework/my_vivado_practice/project_practice_week7_on_class/vote_agree_mux/vote_agree_mux.runs/impl_1/runme.log
close_design
open_run impl_1
INFO: [Project 1-479] Netlist was created with Vivado 2018.3
INFO: [Project 1-570] Preparing netlist for logic optimization
INFO: [Timing 38-478] Restoring timing data from binary archive.
INFO: [Timing 38-479] Binary timing data restore complete.
INFO: [Project 1-856] Restoring constraints from binary archive.
INFO: [Project 1-853] Binary constraint restore complete.
Reading XDEF placement.
Reading placer database...
Reading XDEF routing.
Read XDEF File: Time (s): cpu = 00:00:00 ; elapsed = 00:00:00.029 . Memory (MB): peak = 2131.762 ; gain = 0.000
Restored from archive | CPU: 0.000000 secs | Memory: 0.000000 MB |
Finished XDEF File Restore: Time (s): cpu = 00:00:00 ; elapsed = 00:00:00.030 . Memory (MB): peak = 2131.762 ; gain = 0.000
Netlist sorting complete. Time (s): cpu = 00:00:00 ; elapsed = 00:00:00 . Memory (MB): peak = 2131.762 ; gain = 0.000
INFO: [Project 1-111] Unisim Transformation Summary:
No Unisim elements were transformed.

WARNING: [Timing 38-313] There are no user specified timing constraints. Timing constraints are needed for proper timing analysis.
launch_runs impl_1 -to_step write_bitstream -jobs 4
[Mon Apr  8 11:16:49 2024] Launched impl_1...
Run output will be captured here: D:/my_homework/my_vivado_practice/project_practice_week7_on_class/vote_agree_mux/vote_agree_mux.runs/impl_1/runme.log
open_hw
connect_hw_server
INFO: [Labtools 27-2285] Connecting to hw_server url TCP:localhost:3121
INFO: [Labtools 27-2222] Launching hw_server...
INFO: [Labtools 27-2221] Launch Output:

****** Xilinx hw_server v2018.3
  **** Build date : Dec  7 2018-00:40:27
    ** Copyright 1986-2018 Xilinx, Inc. All Rights Reserved.


open_hw_target
INFO: [Labtoolstcl 44-466] Opening hw_target localhost:3121/xilinx_tcf/Xilinx/1234-tulA
set_property PROGRAM.FILE {D:/my_homework/my_vivado_practice/project_practice_week7_on_class/vote_agree_mux/vote_agree_mux.runs/impl_1/vo_ag_mu_top.bit} [get_hw_devices xc7a35t_0]
current_hw_device [get_hw_devices xc7a35t_0]
refresh_hw_device -update_hw_probes false [lindex [get_hw_devices xc7a35t_0] 0]
INFO: [Labtools 27-1434] Device xc7a35t (JTAG device index = 0) is programmed with a design that has no supported debug core(s) in it.
set_property PROBES.FILE {} [get_hw_devices xc7a35t_0]
set_property FULL_PROBES.FILE {} [get_hw_devices xc7a35t_0]
set_property PROGRAM.FILE {D:/my_homework/my_vivado_practice/project_practice_week7_on_class/vote_agree_mux/vote_agree_mux.runs/impl_1/vo_ag_mu_top.bit} [get_hw_devices xc7a35t_0]
program_hw_devices [get_hw_devices xc7a35t_0]
INFO: [Labtools 27-3164] End of startup status: HIGH
refresh_hw_device [lindex [get_hw_devices xc7a35t_0] 0]
INFO: [Labtools 27-1434] Device xc7a35t (JTAG device index = 0) is programmed with a design that has no supported debug core(s) in it.
synth_design -rtl -name rtl_1
Command: synth_design -rtl -name rtl_1
Starting synth_design
Using part: xc7a35tcsg324-1
Top: vo_ag_mu_top
---------------------------------------------------------------------------------
Starting RTL Elaboration : Time (s): cpu = 00:00:02 ; elapsed = 00:00:02 . Memory (MB): peak = 2992.230 ; gain = 24.414
---------------------------------------------------------------------------------
INFO: [Synth 8-6157] synthesizing module 'vo_ag_mu_top' [D:/my_homework/my_vivado_practice/project_practice_week7_on_class/vote_agree_mux/vote_agree_mux.srcs/sources_1/new/vo_ag_mu_top.v:23]
INFO: [Synth 8-6157] synthesizing module 'volting3_ins' [D:/my_homework/my_vivado_practice/project_practice_week7_on_class/vote_agree_mux/vote_agree_mux.srcs/sources_1/new/volting3_ins.v:23]
INFO: [Synth 8-6155] done synthesizing module 'volting3_ins' (1#1) [D:/my_homework/my_vivado_practice/project_practice_week7_on_class/vote_agree_mux/vote_agree_mux.srcs/sources_1/new/volting3_ins.v:23]
INFO: [Synth 8-6157] synthesizing module 'agree3_ins' [D:/my_homework/my_vivado_practice/project_practice_week7_on_class/vote_agree_mux/vote_agree_mux.srcs/sources_1/new/agree3_ins.v:23]
INFO: [Synth 8-6155] done synthesizing module 'agree3_ins' (2#1) [D:/my_homework/my_vivado_practice/project_practice_week7_on_class/vote_agree_mux/vote_agree_mux.srcs/sources_1/new/agree3_ins.v:23]
INFO: [Synth 8-6157] synthesizing module 'mux2_1_ins' [D:/my_homework/my_vivado_practice/project_practice_week7_on_class/vote_agree_mux/vote_agree_mux.srcs/sources_1/new/mux2_1_ins.v:23]
INFO: [Synth 8-6155] done synthesizing module 'mux2_1_ins' (3#1) [D:/my_homework/my_vivado_practice/project_practice_week7_on_class/vote_agree_mux/vote_agree_mux.srcs/sources_1/new/mux2_1_ins.v:23]
INFO: [Synth 8-6155] done synthesizing module 'vo_ag_mu_top' (4#1) [D:/my_homework/my_vivado_practice/project_practice_week7_on_class/vote_agree_mux/vote_agree_mux.srcs/sources_1/new/vo_ag_mu_top.v:23]
---------------------------------------------------------------------------------
Finished RTL Elaboration : Time (s): cpu = 00:00:02 ; elapsed = 00:00:02 . Memory (MB): peak = 3021.543 ; gain = 53.727
---------------------------------------------------------------------------------

Report Check Netlist: 
+------+------------------+-------+---------+-------+------------------+
|      |Item              |Errors |Warnings |Status |Description       |
+------+------------------+-------+---------+-------+------------------+
|1     |multi_driven_nets |      0|        0|Passed |Multi driven nets |
+------+------------------+-------+---------+-------+------------------+
---------------------------------------------------------------------------------
Start Handling Custom Attributes
---------------------------------------------------------------------------------
---------------------------------------------------------------------------------
Finished Handling Custom Attributes : Time (s): cpu = 00:00:02 ; elapsed = 00:00:02 . Memory (MB): peak = 3021.543 ; gain = 53.727
---------------------------------------------------------------------------------
---------------------------------------------------------------------------------
Finished RTL Optimization Phase 1 : Time (s): cpu = 00:00:02 ; elapsed = 00:00:02 . Memory (MB): peak = 3021.543 ; gain = 53.727
---------------------------------------------------------------------------------
INFO: [Project 1-570] Preparing netlist for logic optimization

Processing XDC Constraints
Initializing timing engine
Parsing XDC File [D:/my_homework/my_vivado_practice/project_practice_week7_on_class/vote_agree_mux/vote_agree_mux.srcs/constrs_1/new/vo_ag_mu.xdc]
Finished Parsing XDC File [D:/my_homework/my_vivado_practice/project_practice_week7_on_class/vote_agree_mux/vote_agree_mux.srcs/constrs_1/new/vo_ag_mu.xdc]
Completed Processing XDC Constraints

INFO: [Opt 31-138] Pushed 0 inverter(s) to 0 load pin(s).
Netlist sorting complete. Time (s): cpu = 00:00:00 ; elapsed = 00:00:00 . Memory (MB): peak = 3132.180 ; gain = 0.000
INFO: [Project 1-111] Unisim Transformation Summary:
No Unisim elements were transformed.

RTL Elaboration Complete:  : Time (s): cpu = 00:00:04 ; elapsed = 00:00:04 . Memory (MB): peak = 3132.180 ; gain = 164.363
11 Infos, 0 Warnings, 0 Critical Warnings and 0 Errors encountered.
synth_design completed successfully
ERROR: [Labtoolstcl 44-513] HW Target shutdown. Closing target: localhost:3121/xilinx_tcf/Xilinx/1234-tulA
exit
INFO: [Common 17-206] Exiting Vivado at Mon Apr  8 11:30:45 2024...
