
*** Running vivado
    with args -log top_DAC0832.vds -m64 -product Vivado -mode batch -messageDb vivado.pb -notrace -source top_DAC0832.tcl


****** Vivado v2018.3 (64-bit)
  **** SW Build 2405991 on Thu Dec  6 23:38:27 MST 2018
  **** IP Build 2404404 on Fri Dec  7 01:43:56 MST 2018
    ** Copyright 1986-2018 Xilinx, Inc. All Rights Reserved.

source top_DAC0832.tcl -notrace
Command: synth_design -top top_DAC0832 -part xc7a35tcsg324-1
Starting synth_design
Attempting to get a license for feature 'Synthesis' and/or device 'xc7a35t'
INFO: [Common 17-349] Got license for feature 'Synthesis' and/or device 'xc7a35t'
INFO: Launching helper process for spawning children vivado processes
INFO: Helper process launched with PID 13732 
---------------------------------------------------------------------------------
Starting RTL Elaboration : Time (s): cpu = 00:00:02 ; elapsed = 00:00:03 . Memory (MB): peak = 392.762 ; gain = 100.129
---------------------------------------------------------------------------------
INFO: [Synth 8-6157] synthesizing module 'top_DAC0832' [D:/my_homework/my_vivado_practice/DAC0832/DAC0832/DAC0832.srcs/sources_1/new/top_DAC0832.v:23]
WARNING: [Synth 8-6104] Input port 'ILE' has an internal driver [D:/my_homework/my_vivado_practice/DAC0832/DAC0832/DAC0832.srcs/sources_1/new/top_DAC0832.v:34]
WARNING: [Synth 8-6104] Input port 'CS_n' has an internal driver [D:/my_homework/my_vivado_practice/DAC0832/DAC0832/DAC0832.srcs/sources_1/new/top_DAC0832.v:35]
WARNING: [Synth 8-6104] Input port 'WR1_n' has an internal driver [D:/my_homework/my_vivado_practice/DAC0832/DAC0832/DAC0832.srcs/sources_1/new/top_DAC0832.v:36]
WARNING: [Synth 8-6104] Input port 'WR2_n' has an internal driver [D:/my_homework/my_vivado_practice/DAC0832/DAC0832/DAC0832.srcs/sources_1/new/top_DAC0832.v:37]
WARNING: [Synth 8-6104] Input port 'XFER_n' has an internal driver [D:/my_homework/my_vivado_practice/DAC0832/DAC0832/DAC0832.srcs/sources_1/new/top_DAC0832.v:38]
INFO: [Synth 8-6157] synthesizing module 'key_debounce' [D:/my_homework/my_vivado_practice/DAC0832/DAC0832/DAC0832.srcs/sources_1/new/key_debounce.v:23]
	Parameter DELAY_YIME bound to: 21'b101101110001101100000 
WARNING: [Synth 8-6014] Unused sequential element key_value_reg was removed.  [D:/my_homework/my_vivado_practice/DAC0832/DAC0832/DAC0832.srcs/sources_1/new/key_debounce.v:50]
WARNING: [Synth 8-6014] Unused sequential element key_n_flag_reg was removed.  [D:/my_homework/my_vivado_practice/DAC0832/DAC0832/DAC0832.srcs/sources_1/new/key_debounce.v:62]
INFO: [Synth 8-6155] done synthesizing module 'key_debounce' (1#1) [D:/my_homework/my_vivado_practice/DAC0832/DAC0832/DAC0832.srcs/sources_1/new/key_debounce.v:23]
INFO: [Synth 8-6157] synthesizing module 'FSM' [D:/my_homework/my_vivado_practice/DAC0832/DAC0832/DAC0832.srcs/sources_1/new/FSM.v:23]
	Parameter SQU bound to: 2'b00 
	Parameter SIN bound to: 2'b01 
	Parameter TRI bound to: 2'b11 
INFO: [Synth 8-6155] done synthesizing module 'FSM' (2#1) [D:/my_homework/my_vivado_practice/DAC0832/DAC0832/DAC0832.srcs/sources_1/new/FSM.v:23]
INFO: [Synth 8-6157] synthesizing module 'pulse' [D:/my_homework/my_vivado_practice/DAC0832/DAC0832/DAC0832.srcs/sources_1/new/pulse.v:23]
	Parameter total bound to: 100000000 - type: integer 
	Parameter frequence bound to: 1000 - type: integer 
	Parameter sam_freq bound to: 256 - type: integer 
	Parameter period bound to: 390 - type: integer 
INFO: [Synth 8-6155] done synthesizing module 'pulse' (3#1) [D:/my_homework/my_vivado_practice/DAC0832/DAC0832/DAC0832.srcs/sources_1/new/pulse.v:23]
INFO: [Synth 8-6157] synthesizing module 'wave' [D:/my_homework/my_vivado_practice/DAC0832/DAC0832/DAC0832.srcs/sources_1/new/wave.v:23]
INFO: [Synth 8-6157] synthesizing module 'square_wave' [D:/my_homework/my_vivado_practice/DAC0832/DAC0832/DAC0832.srcs/sources_1/new/square_wave.v:23]
INFO: [Synth 8-6155] done synthesizing module 'square_wave' (4#1) [D:/my_homework/my_vivado_practice/DAC0832/DAC0832/DAC0832.srcs/sources_1/new/square_wave.v:23]
INFO: [Synth 8-6157] synthesizing module 'sine_wave' [D:/my_homework/my_vivado_practice/DAC0832/DAC0832/DAC0832.srcs/sources_1/new/sin_wave.v:23]
INFO: [Synth 8-6157] synthesizing module 'dist_mem_gen_0' [D:/my_homework/my_vivado_practice/DAC0832/DAC0832/DAC0832.runs/synth_1/.Xil/Vivado-7924-LAPTOP-CCNJK6NK/realtime/dist_mem_gen_0_stub.v:6]
INFO: [Synth 8-6155] done synthesizing module 'dist_mem_gen_0' (5#1) [D:/my_homework/my_vivado_practice/DAC0832/DAC0832/DAC0832.runs/synth_1/.Xil/Vivado-7924-LAPTOP-CCNJK6NK/realtime/dist_mem_gen_0_stub.v:6]
INFO: [Synth 8-6155] done synthesizing module 'sine_wave' (6#1) [D:/my_homework/my_vivado_practice/DAC0832/DAC0832/DAC0832.srcs/sources_1/new/sin_wave.v:23]
INFO: [Synth 8-6157] synthesizing module 'triangle_wave' [D:/my_homework/my_vivado_practice/DAC0832/DAC0832/DAC0832.srcs/sources_1/new/triangle_wave.v:23]
INFO: [Synth 8-6155] done synthesizing module 'triangle_wave' (7#1) [D:/my_homework/my_vivado_practice/DAC0832/DAC0832/DAC0832.srcs/sources_1/new/triangle_wave.v:23]
INFO: [Synth 8-6157] synthesizing module 'select_wave' [D:/my_homework/my_vivado_practice/DAC0832/DAC0832/DAC0832.srcs/sources_1/new/select_wave.v:23]
INFO: [Synth 8-6155] done synthesizing module 'select_wave' (8#1) [D:/my_homework/my_vivado_practice/DAC0832/DAC0832/DAC0832.srcs/sources_1/new/select_wave.v:23]
INFO: [Synth 8-6155] done synthesizing module 'wave' (9#1) [D:/my_homework/my_vivado_practice/DAC0832/DAC0832/DAC0832.srcs/sources_1/new/wave.v:23]
INFO: [Synth 8-6155] done synthesizing module 'top_DAC0832' (10#1) [D:/my_homework/my_vivado_practice/DAC0832/DAC0832/DAC0832.srcs/sources_1/new/top_DAC0832.v:23]
WARNING: [Synth 8-3331] design top_DAC0832 has unconnected port ILE
WARNING: [Synth 8-3331] design top_DAC0832 has unconnected port CS_n
WARNING: [Synth 8-3331] design top_DAC0832 has unconnected port WR1_n
WARNING: [Synth 8-3331] design top_DAC0832 has unconnected port WR2_n
WARNING: [Synth 8-3331] design top_DAC0832 has unconnected port XFER_n
---------------------------------------------------------------------------------
Finished RTL Elaboration : Time (s): cpu = 00:00:03 ; elapsed = 00:00:04 . Memory (MB): peak = 447.961 ; gain = 155.328
---------------------------------------------------------------------------------

Report Check Netlist: 
+------+------------------+-------+---------+-------+------------------+
|      |Item              |Errors |Warnings |Status |Description       |
+------+------------------+-------+---------+-------+------------------+
|1     |multi_driven_nets |      0|        0|Passed |Multi driven nets |
+------+------------------+-------+---------+-------+------------------+
---------------------------------------------------------------------------------
Start Handling Custom Attributes
---------------------------------------------------------------------------------
---------------------------------------------------------------------------------
Finished Handling Custom Attributes : Time (s): cpu = 00:00:03 ; elapsed = 00:00:05 . Memory (MB): peak = 447.961 ; gain = 155.328
---------------------------------------------------------------------------------
---------------------------------------------------------------------------------
Finished RTL Optimization Phase 1 : Time (s): cpu = 00:00:03 ; elapsed = 00:00:05 . Memory (MB): peak = 447.961 ; gain = 155.328
---------------------------------------------------------------------------------
INFO: [Device 21-403] Loading part xc7a35tcsg324-1
INFO: [Project 1-570] Preparing netlist for logic optimization

Processing XDC Constraints
Initializing timing engine
Parsing XDC File [d:/my_homework/my_vivado_practice/DAC0832/DAC0832/DAC0832.srcs/sources_1/ip/dist_mem_gen_0/dist_mem_gen_0/dist_mem_gen_0_in_context.xdc] for cell 'uut_wave/uut_sine_wave/u_sin_wave'
Finished Parsing XDC File [d:/my_homework/my_vivado_practice/DAC0832/DAC0832/DAC0832.srcs/sources_1/ip/dist_mem_gen_0/dist_mem_gen_0/dist_mem_gen_0_in_context.xdc] for cell 'uut_wave/uut_sine_wave/u_sin_wave'
Parsing XDC File [D:/my_homework/my_vivado_practice/DAC0832/DAC0832/DAC0832.srcs/constrs_1/new/DAC0832.xdc]
Finished Parsing XDC File [D:/my_homework/my_vivado_practice/DAC0832/DAC0832/DAC0832.srcs/constrs_1/new/DAC0832.xdc]
INFO: [Project 1-236] Implementation specific constraints were found while reading constraint file [D:/my_homework/my_vivado_practice/DAC0832/DAC0832/DAC0832.srcs/constrs_1/new/DAC0832.xdc]. These constraints will be ignored for synthesis but will be used in implementation. Impacted constraints are listed in the file [.Xil/top_DAC0832_propImpl.xdc].
Resolution: To avoid this warning, move constraints listed in [.Xil/top_DAC0832_propImpl.xdc] to another XDC file and exclude this new file from synthesis with the used_in_synthesis property (File Properties dialog in GUI) and re-run elaboration/synthesis.
Netlist sorting complete. Time (s): cpu = 00:00:00 ; elapsed = 00:00:00.001 . Memory (MB): peak = 773.070 ; gain = 0.000
Completed Processing XDC Constraints

Netlist sorting complete. Time (s): cpu = 00:00:00 ; elapsed = 00:00:00 . Memory (MB): peak = 773.070 ; gain = 0.000
INFO: [Project 1-111] Unisim Transformation Summary:
No Unisim elements were transformed.

Netlist sorting complete. Time (s): cpu = 00:00:00 ; elapsed = 00:00:00 . Memory (MB): peak = 773.070 ; gain = 0.000
Constraint Validation Runtime : Time (s): cpu = 00:00:00 ; elapsed = 00:00:00.002 . Memory (MB): peak = 773.070 ; gain = 0.000
---------------------------------------------------------------------------------
Finished Constraint Validation : Time (s): cpu = 00:00:09 ; elapsed = 00:00:14 . Memory (MB): peak = 773.070 ; gain = 480.438
---------------------------------------------------------------------------------
---------------------------------------------------------------------------------
Start Loading Part and Timing Information
---------------------------------------------------------------------------------
Loading part: xc7a35tcsg324-1
---------------------------------------------------------------------------------
Finished Loading Part and Timing Information : Time (s): cpu = 00:00:09 ; elapsed = 00:00:14 . Memory (MB): peak = 773.070 ; gain = 480.438
---------------------------------------------------------------------------------
---------------------------------------------------------------------------------
Start Applying 'set_property' XDC Constraints
---------------------------------------------------------------------------------
Applied set_property DONT_TOUCH = true for uut_wave/uut_sine_wave/u_sin_wave. (constraint file  auto generated constraint, line ).
---------------------------------------------------------------------------------
Finished applying 'set_property' XDC Constraints : Time (s): cpu = 00:00:09 ; elapsed = 00:00:14 . Memory (MB): peak = 773.070 ; gain = 480.438
---------------------------------------------------------------------------------
INFO: [Synth 8-5546] ROM "sam_pulse" won't be mapped to RAM because it is too sparse
---------------------------------------------------------------------------------
Finished RTL Optimization Phase 2 : Time (s): cpu = 00:00:09 ; elapsed = 00:00:15 . Memory (MB): peak = 773.070 ; gain = 480.438
---------------------------------------------------------------------------------

Report RTL Partitions: 
+-+--------------+------------+----------+
| |RTL Partition |Replication |Instances |
+-+--------------+------------+----------+
+-+--------------+------------+----------+
---------------------------------------------------------------------------------
Start RTL Component Statistics 
---------------------------------------------------------------------------------
Detailed RTL Component Info : 
+---Adders : 
	   2 Input     24 Bit       Adders := 1     
	   2 Input     21 Bit       Adders := 1     
	   2 Input      8 Bit       Adders := 3     
+---Registers : 
	               24 Bit    Registers := 1     
	               21 Bit    Registers := 1     
	                8 Bit    Registers := 5     
	                2 Bit    Registers := 1     
	                1 Bit    Registers := 8     
+---Muxes : 
	   2 Input     24 Bit        Muxes := 1     
	   2 Input     21 Bit        Muxes := 2     
	   2 Input      8 Bit        Muxes := 6     
	   2 Input      2 Bit        Muxes := 1     
	   5 Input      2 Bit        Muxes := 1     
	   4 Input      1 Bit        Muxes := 3     
	   2 Input      1 Bit        Muxes := 8     
---------------------------------------------------------------------------------
Finished RTL Component Statistics 
---------------------------------------------------------------------------------
---------------------------------------------------------------------------------
Start RTL Hierarchical Component Statistics 
---------------------------------------------------------------------------------
Hierarchical RTL Component report 
Module key_debounce 
Detailed RTL Component Info : 
+---Adders : 
	   2 Input     21 Bit       Adders := 1     
+---Registers : 
	               21 Bit    Registers := 1     
	                1 Bit    Registers := 2     
+---Muxes : 
	   2 Input     21 Bit        Muxes := 2     
Module FSM 
Detailed RTL Component Info : 
+---Registers : 
	                2 Bit    Registers := 1     
	                1 Bit    Registers := 3     
+---Muxes : 
	   2 Input      2 Bit        Muxes := 1     
	   5 Input      2 Bit        Muxes := 1     
	   4 Input      1 Bit        Muxes := 3     
Module pulse 
Detailed RTL Component Info : 
+---Adders : 
	   2 Input     24 Bit       Adders := 1     
+---Registers : 
	               24 Bit    Registers := 1     
	                1 Bit    Registers := 1     
+---Muxes : 
	   2 Input     24 Bit        Muxes := 1     
	   2 Input      1 Bit        Muxes := 1     
Module square_wave 
Detailed RTL Component Info : 
+---Adders : 
	   2 Input      8 Bit       Adders := 1     
+---Registers : 
	                8 Bit    Registers := 2     
	                1 Bit    Registers := 1     
+---Muxes : 
	   2 Input      8 Bit        Muxes := 1     
	   2 Input      1 Bit        Muxes := 3     
Module sine_wave 
Detailed RTL Component Info : 
+---Adders : 
	   2 Input      8 Bit       Adders := 1     
+---Registers : 
	                8 Bit    Registers := 1     
Module triangle_wave 
Detailed RTL Component Info : 
+---Adders : 
	   2 Input      8 Bit       Adders := 1     
+---Registers : 
	                8 Bit    Registers := 2     
	                1 Bit    Registers := 1     
+---Muxes : 
	   2 Input      8 Bit        Muxes := 2     
	   2 Input      1 Bit        Muxes := 4     
Module select_wave 
Detailed RTL Component Info : 
+---Muxes : 
	   2 Input      8 Bit        Muxes := 3     
---------------------------------------------------------------------------------
Finished RTL Hierarchical Component Statistics
---------------------------------------------------------------------------------
---------------------------------------------------------------------------------
Start Part Resource Summary
---------------------------------------------------------------------------------
Part Resources:
DSPs: 90 (col length:60)
BRAMs: 100 (col length: RAMB18 60 RAMB36 30)
---------------------------------------------------------------------------------
Finished Part Resource Summary
---------------------------------------------------------------------------------
---------------------------------------------------------------------------------
Start Cross Boundary and Area Optimization
---------------------------------------------------------------------------------
Warning: Parallel synthesis criteria is not met 
INFO: [Synth 8-5546] ROM "uut_pulse/sam_pulse" won't be mapped to RAM because it is too sparse
WARNING: [Synth 8-3331] design top_DAC0832 has unconnected port ILE
WARNING: [Synth 8-3331] design top_DAC0832 has unconnected port CS_n
WARNING: [Synth 8-3331] design top_DAC0832 has unconnected port WR1_n
WARNING: [Synth 8-3331] design top_DAC0832 has unconnected port WR2_n
WARNING: [Synth 8-3331] design top_DAC0832 has unconnected port XFER_n
INFO: [Synth 8-3886] merging instance 'uut_wave/uut_square_wave/data_reg[0]' (FDCE) to 'uut_wave/uut_square_wave/data_reg[6]'
INFO: [Synth 8-3886] merging instance 'uut_wave/uut_square_wave/data_reg[1]' (FDCE) to 'uut_wave/uut_square_wave/data_reg[7]'
INFO: [Synth 8-3886] merging instance 'uut_wave/uut_square_wave/data_reg[2]' (FDCE) to 'uut_wave/uut_square_wave/data_reg[6]'
INFO: [Synth 8-3886] merging instance 'uut_wave/uut_square_wave/data_reg[3]' (FDCE) to 'uut_wave/uut_square_wave/data_reg[7]'
INFO: [Synth 8-3886] merging instance 'uut_wave/uut_square_wave/data_reg[4]' (FDCE) to 'uut_wave/uut_square_wave/data_reg[6]'
INFO: [Synth 8-3886] merging instance 'uut_wave/uut_square_wave/data_reg[5]' (FDCE) to 'uut_wave/uut_square_wave/data_reg[6]'
INFO: [Synth 8-3333] propagating constant 0 across sequential element (\uut_wave/uut_square_wave/data_reg[6] )
---------------------------------------------------------------------------------
Finished Cross Boundary and Area Optimization : Time (s): cpu = 00:00:11 ; elapsed = 00:00:17 . Memory (MB): peak = 773.070 ; gain = 480.438
---------------------------------------------------------------------------------

Report RTL Partitions: 
+-+--------------+------------+----------+
| |RTL Partition |Replication |Instances |
+-+--------------+------------+----------+
+-+--------------+------------+----------+
---------------------------------------------------------------------------------
Start Applying XDC Timing Constraints
---------------------------------------------------------------------------------
---------------------------------------------------------------------------------
Finished Applying XDC Timing Constraints : Time (s): cpu = 00:00:18 ; elapsed = 00:00:26 . Memory (MB): peak = 773.070 ; gain = 480.438
---------------------------------------------------------------------------------
---------------------------------------------------------------------------------
Start Timing Optimization
---------------------------------------------------------------------------------
---------------------------------------------------------------------------------
Finished Timing Optimization : Time (s): cpu = 00:00:18 ; elapsed = 00:00:26 . Memory (MB): peak = 773.070 ; gain = 480.438
---------------------------------------------------------------------------------

Report RTL Partitions: 
+-+--------------+------------+----------+
| |RTL Partition |Replication |Instances |
+-+--------------+------------+----------+
+-+--------------+------------+----------+
---------------------------------------------------------------------------------
Start Technology Mapping
---------------------------------------------------------------------------------
---------------------------------------------------------------------------------
Finished Technology Mapping : Time (s): cpu = 00:00:18 ; elapsed = 00:00:26 . Memory (MB): peak = 792.133 ; gain = 499.500
---------------------------------------------------------------------------------

Report RTL Partitions: 
+-+--------------+------------+----------+
| |RTL Partition |Replication |Instances |
+-+--------------+------------+----------+
+-+--------------+------------+----------+
---------------------------------------------------------------------------------
Start IO Insertion
---------------------------------------------------------------------------------
---------------------------------------------------------------------------------
Start Flattening Before IO Insertion
---------------------------------------------------------------------------------
---------------------------------------------------------------------------------
Finished Flattening Before IO Insertion
---------------------------------------------------------------------------------
---------------------------------------------------------------------------------
Start Final Netlist Cleanup
---------------------------------------------------------------------------------
---------------------------------------------------------------------------------
Finished Final Netlist Cleanup
---------------------------------------------------------------------------------
---------------------------------------------------------------------------------
Finished IO Insertion : Time (s): cpu = 00:00:19 ; elapsed = 00:00:27 . Memory (MB): peak = 792.133 ; gain = 499.500
---------------------------------------------------------------------------------

Report Check Netlist: 
+------+------------------+-------+---------+-------+------------------+
|      |Item              |Errors |Warnings |Status |Description       |
+------+------------------+-------+---------+-------+------------------+
|1     |multi_driven_nets |      0|        0|Passed |Multi driven nets |
+------+------------------+-------+---------+-------+------------------+
---------------------------------------------------------------------------------
Start Renaming Generated Instances
---------------------------------------------------------------------------------
---------------------------------------------------------------------------------
Finished Renaming Generated Instances : Time (s): cpu = 00:00:19 ; elapsed = 00:00:27 . Memory (MB): peak = 792.133 ; gain = 499.500
---------------------------------------------------------------------------------

Report RTL Partitions: 
+-+--------------+------------+----------+
| |RTL Partition |Replication |Instances |
+-+--------------+------------+----------+
+-+--------------+------------+----------+
---------------------------------------------------------------------------------
Start Rebuilding User Hierarchy
---------------------------------------------------------------------------------
---------------------------------------------------------------------------------
Finished Rebuilding User Hierarchy : Time (s): cpu = 00:00:19 ; elapsed = 00:00:27 . Memory (MB): peak = 792.133 ; gain = 499.500
---------------------------------------------------------------------------------
---------------------------------------------------------------------------------
Start Renaming Generated Ports
---------------------------------------------------------------------------------
---------------------------------------------------------------------------------
Finished Renaming Generated Ports : Time (s): cpu = 00:00:19 ; elapsed = 00:00:27 . Memory (MB): peak = 792.133 ; gain = 499.500
---------------------------------------------------------------------------------
---------------------------------------------------------------------------------
Start Handling Custom Attributes
---------------------------------------------------------------------------------
---------------------------------------------------------------------------------
Finished Handling Custom Attributes : Time (s): cpu = 00:00:19 ; elapsed = 00:00:27 . Memory (MB): peak = 792.133 ; gain = 499.500
---------------------------------------------------------------------------------
---------------------------------------------------------------------------------
Start Renaming Generated Nets
---------------------------------------------------------------------------------
---------------------------------------------------------------------------------
Finished Renaming Generated Nets : Time (s): cpu = 00:00:19 ; elapsed = 00:00:27 . Memory (MB): peak = 792.133 ; gain = 499.500
---------------------------------------------------------------------------------
---------------------------------------------------------------------------------
Start Writing Synthesis Report
---------------------------------------------------------------------------------

Report BlackBoxes: 
+------+---------------+----------+
|      |BlackBox name  |Instances |
+------+---------------+----------+
|1     |dist_mem_gen_0 |         1|
+------+---------------+----------+

Report Cell Usage: 
+------+---------------+------+
|      |Cell           |Count |
+------+---------------+------+
|1     |dist_mem_gen_0 |     1|
|2     |BUFG           |     1|
|3     |CARRY4         |    67|
|4     |LUT1           |    57|
|5     |LUT2           |   108|
|6     |LUT3           |    56|
|7     |LUT4           |    78|
|8     |LUT5           |    42|
|9     |LUT6           |    53|
|10    |MUXF7          |     6|
|11    |FDCE           |    87|
|12    |FDPE           |     1|
|13    |IBUF           |     3|
|14    |OBUF           |     8|
+------+---------------+------+

Report Instance Areas: 
+------+----------------------+--------------+------+
|      |Instance              |Module        |Cells |
+------+----------------------+--------------+------+
|1     |top                   |              |   575|
|2     |  uut_FSM             |FSM           |    14|
|3     |  uut_key_debounce    |key_debounce  |    79|
|4     |  uut_pulse           |pulse         |    65|
|5     |  uut_wave            |wave          |   405|
|6     |    uut_sine_wave     |sine_wave     |    28|
|7     |    uut_square_wave   |square_wave   |    21|
|8     |    uut_triangle_wave |triangle_wave |   356|
+------+----------------------+--------------+------+
---------------------------------------------------------------------------------
Finished Writing Synthesis Report : Time (s): cpu = 00:00:19 ; elapsed = 00:00:27 . Memory (MB): peak = 792.133 ; gain = 499.500
---------------------------------------------------------------------------------
Synthesis finished with 0 errors, 0 critical warnings and 5 warnings.
Synthesis Optimization Runtime : Time (s): cpu = 00:00:12 ; elapsed = 00:00:20 . Memory (MB): peak = 792.133 ; gain = 174.391
Synthesis Optimization Complete : Time (s): cpu = 00:00:19 ; elapsed = 00:00:27 . Memory (MB): peak = 792.133 ; gain = 499.500
INFO: [Project 1-571] Translating synthesized netlist
INFO: [Netlist 29-17] Analyzing 73 Unisim elements for replacement
INFO: [Netlist 29-28] Unisim Transformation completed in 0 CPU seconds
INFO: [Project 1-570] Preparing netlist for logic optimization
INFO: [Opt 31-138] Pushed 0 inverter(s) to 0 load pin(s).
Netlist sorting complete. Time (s): cpu = 00:00:00 ; elapsed = 00:00:00.001 . Memory (MB): peak = 792.133 ; gain = 0.000
INFO: [Project 1-111] Unisim Transformation Summary:
No Unisim elements were transformed.

INFO: [Common 17-83] Releasing license: Synthesis
41 Infos, 17 Warnings, 0 Critical Warnings and 0 Errors encountered.
synth_design completed successfully
synth_design: Time (s): cpu = 00:00:20 ; elapsed = 00:00:30 . Memory (MB): peak = 792.133 ; gain = 510.977
Netlist sorting complete. Time (s): cpu = 00:00:00 ; elapsed = 00:00:00 . Memory (MB): peak = 792.133 ; gain = 0.000
WARNING: [Constraints 18-5210] No constraints selected for write.
Resolution: This message can indicate that there are no constraints for the design, or it can indicate that the used_in flags are set such that the constraints are ignored. This later case is used when running synth_design to not write synthesis constraints to the resulting checkpoint. Instead, project constraints are read when the synthesized design is opened.
INFO: [Common 17-1381] The checkpoint 'D:/my_homework/my_vivado_practice/DAC0832/DAC0832/DAC0832.runs/synth_1/top_DAC0832.dcp' has been generated.
INFO: [runtcl-4] Executing : report_utilization -file top_DAC0832_utilization_synth.rpt -pb top_DAC0832_utilization_synth.pb
INFO: [Common 17-206] Exiting Vivado at Mon May 13 11:33:58 2024...
